I/ActivityManager(  683): START u0 {act=android.intent.action.MAIN cat=[android.intent.category.LAUNCHER] flg=0x10200000 cmp=com.android.gallery3d/com.android.camera.CameraLauncher bnds=[240,438][357,556] (has extras)} from uid 10015 on display 0
D/ActivityManager(  683): [BMW] insertTaskAtTop fromHome = true lastStack = ActivityStack{297523ce stackId=0, 2 tasks} this = ActivityStack{36ae0c9 stackId=1, 50 tasks} topTask() = TaskRecord{31b987f3 #1337 A=com.android.camera U=0 sz=0}
V/WindowManager(  683): addAppToken: AppWindowToken{7dab04f token=Token{30aebaae ActivityRecord{13115a62 u0 com.android.gallery3d/com.android.camera.CameraLauncher t1337}}} to stack=1 task=1337 at 0
V/ActivityThread( 9674): Handling launch of ActivityRecord{2e7472c token=android.os.BinderProxy@2c30e5f5 {com.android.gallery3d/com.android.camera.CameraLauncher}}
V/ActivityThread( 9674): ActivityRecord{2e7472c token=android.os.BinderProxy@2c30e5f5 {com.android.gallery3d/com.android.camera.CameraLauncher}}: app=com.android.gallery3d.app.GalleryAppImpl@3d8b320e, appName=com.android.gallery3d, pkg=com.android.gallery3d, comp={com.android.gallery3d/com.android.camera.CameraLauncher}, dir=/system/app/Gallery2/Gallery2.apk
V/ActivityThread( 9674): Performing resume of ActivityRecord{2e7472c token=android.os.BinderProxy@2c30e5f5 {com.android.gallery3d/com.android.camera.CameraLauncher}}
D/ActivityThread( 9674): ACT-AM_ON_RESUME_CALLED ActivityRecord{2e7472c token=android.os.BinderProxy@2c30e5f5 {com.android.gallery3d/com.android.camera.CameraLauncher}}
V/ActivityThread( 9674): Resume ActivityRecord{2e7472c token=android.os.BinderProxy@2c30e5f5 {com.android.gallery3d/com.android.camera.CameraLauncher}} started activity: false, hideForNow: false, finished: false
V/WindowManager(  683): Adding window Window{10678334 u0 com.android.gallery3d/com.android.camera.CameraLauncher} at 16 of 20 (before Window{28065c5b u0 Starting com.android.gallery3d})
V/ActivityThread( 9674): Resuming ActivityRecord{2e7472c token=android.os.BinderProxy@2c30e5f5 {com.android.gallery3d/com.android.camera.CameraLauncher}} with isForward=true
V/ActivityThread( 9674): Scheduling idle handler for ActivityRecord{2e7472c token=android.os.BinderProxy@2c30e5f5 {com.android.gallery3d/com.android.camera.CameraLauncher}}
D/ActivityThread( 9674): ACT-LAUNCH_ACTIVITY handled : 0 / ActivityRecord{2e7472c token=android.os.BinderProxy@2c30e5f5 {com.android.gallery3d/com.android.camera.CameraLauncher}}
D/ActivityThread( 9674): SVC-Creating service: CreateServiceData{token=android.os.BinderProxy@19c3e93b className=com.android.camera.FileSaverService packageName=com.android.gallery3d intent=null}
D/ActivityThread( 9674): SVC-CREATE_SERVICE handled : 0 / CreateServiceData{token=android.os.BinderProxy@19c3e93b className=com.android.camera.FileSaverService packageName=com.android.gallery3d intent=null}
D/ActivityThread( 9674): SVC-BIND_SERVICE handled : 0 / BindServiceData{token=android.os.BinderProxy@19c3e93b intent=Intent { cmp=com.android.gallery3d/com.android.camera.FileSaverService }}
V/WindowManager(  683): Changing focus from null to Window{10678334 u0 com.android.gallery3d/com.android.camera.CameraLauncher} Callers=com.android.server.wm.WindowManagerService.relayoutWindow:3687 com.android.server.wm.Session.relayout:203 android.view.IWindowSession$Stub.onTransact:273 com.android.server.wm.Session.onTransact:136 
I/WindowManager(  683): Gaining focus: Window{10678334 u0 com.android.gallery3d/com.android.camera.CameraLauncher}
V/WindowManager(  683): Adding window Window{f1d5c1b u0 SurfaceView} at 16 of 21 (before Window{10678334 u0 com.android.gallery3d/com.android.camera.CameraLauncher})
V/WindowManager(  683): Adding window Window{756abc9 u0 SurfaceView} at 17 of 22 (before Window{10678334 u0 com.android.gallery3d/com.android.camera.CameraLauncher})
V/WindowManager(  683): Changing focus from Window{10678334 u0 com.android.gallery3d/com.android.camera.CameraLauncher} to null Callers=com.android.server.wm.WindowManagerService.setFocusedApp:4577 com.android.server.am.ActivityManagerService.setFocusedActivityLocked:2555 com.android.server.am.ActivityStack.adjustFocusedActivityLocked:2904 com.android.server.am.ActivityStack.finishActivityLocked:3161 
I/WindowManager(  683): Losing focus: Window{10678334 u0 com.android.gallery3d/com.android.camera.CameraLauncher}
V/ActivityManager(  683): Broadcast: Intent { act=com.android.camera.NEW_PICTURE dat=content://media/external/images/media/764 flg=0x10 } ordered=false userid=0 callerApp=ProcessRecord{28eddc96 9674:com.android.gallery3d/u0a50}
D/ActivityThread(28171): BDC-Calling onReceive: intent=Intent { act=com.android.camera.NEW_PICTURE dat=content://media/external/images/media/764 flg=0x10 cmp=com.google.android.apps.photos/com.google.android.libraries.social.mediamonitor.MediaMonitor }, receiver=com.google.android.libraries.social.mediamonitor.MediaMonitor@2621802
D/ActivityThread(28171): BDC-RECEIVER handled : 0 / ReceiverData{intent=Intent { act=com.android.camera.NEW_PICTURE dat=content://media/external/images/media/764 flg=0x10 cmp=com.google.android.apps.photos/com.google.android.libraries.social.mediamonitor.MediaMonitor } packageName=com.google.android.apps.photos resultCode=-1 resultData=null resultExtras=null}
D/ActivityThread(20098): BDC-Calling onReceive: intent=Intent { act=com.android.camera.NEW_PICTURE dat=content://media/external/images/media/764 flg=0x10 cmp=com.google.android.apps.plus/com.google.android.libraries.social.mediamonitor.MediaMonitor }, receiver=com.google.android.libraries.social.mediamonitor.MediaMonitor@3c4b82d4
D/ActivityThread(20098): BDC-RECEIVER handled : 0 / ReceiverData{intent=Intent { act=com.android.camera.NEW_PICTURE dat=content://media/external/images/media/764 flg=0x10 cmp=com.google.android.apps.plus/com.google.android.libraries.social.mediamonitor.MediaMonitor } packageName=com.google.android.apps.plus resultCode=0 resultData=null resultExtras=null}
D/ActivityThread( 1599): BDC-Calling onReceive: intent=Intent { act=com.android.camera.NEW_PICTURE dat=content://media/external/images/media/764 flg=0x10 cmp=com.google.android.gms/com.google.android.libraries.social.mediamonitor.MediaMonitor }, receiver=com.google.android.libraries.social.mediamonitor.MediaMonitor@456d501
D/ActivityThread( 1599): BDC-RECEIVER handled : 0 / ReceiverData{intent=Intent { act=com.android.camera.NEW_PICTURE dat=content://media/external/images/media/764 flg=0x10 cmp=com.google.android.gms/com.google.android.libraries.social.mediamonitor.MediaMonitor } packageName=com.google.android.gms resultCode=0 resultData=null resultExtras=null}
D/ActivityThread( 9674): ACT-AM_ON_PAUSE_CALLED ActivityRecord{2e7472c token=android.os.BinderProxy@2c30e5f5 {com.android.gallery3d/com.android.camera.CameraLauncher}}
D/ActivityThread( 9674): SVC-UNBIND_SERVICE handled : 0 / BindServiceData{token=android.os.BinderProxy@19c3e93b intent=Intent { cmp=com.android.gallery3d/com.android.camera.FileSaverService }}
D/ActivityThread( 9674): SVC-Destroying service: com.android.camera.FileSaverService@1b9bbe8d
I/ActivityManager(  683): START u0 {act=android.intent.action.MAIN cat=[android.intent.category.LAUNCHER] flg=0x10200000 cmp=com.android.gallery3d/com.android.camera.CameraLauncher bnds=[240,438][357,556] (has extras)} from uid 10015 on display 0
D/ActivityManager(  683): [BMW] insertTaskAtTop fromHome = true lastStack = ActivityStack{297523ce stackId=0, 2 tasks} this = ActivityStack{36ae0c9 stackId=1, 51 tasks} topTask() = TaskRecord{1fc8e313 #1338 A=com.android.camera U=0 sz=0}
V/WindowManager(  683): addAppToken: AppWindowToken{17d49d6f token=Token{715a84e ActivityRecord{31e6ae02 u0 com.android.gallery3d/com.android.camera.CameraLauncher t1338}}} to stack=1 task=1338 at 0
V/ActivityThread( 9674): Handling launch of ActivityRecord{3c165ea8 token=android.os.BinderProxy@44dadc1 {com.android.gallery3d/com.android.camera.CameraLauncher}}
V/ActivityThread( 9674): ActivityRecord{3c165ea8 token=android.os.BinderProxy@44dadc1 {com.android.gallery3d/com.android.camera.CameraLauncher}}: app=com.android.gallery3d.app.GalleryAppImpl@3d8b320e, appName=com.android.gallery3d, pkg=com.android.gallery3d, comp={com.android.gallery3d/com.android.camera.CameraLauncher}, dir=/system/app/Gallery2/Gallery2.apk
V/ActivityThread( 9674): Performing resume of ActivityRecord{3c165ea8 token=android.os.BinderProxy@44dadc1 {com.android.gallery3d/com.android.camera.CameraLauncher}}
D/ActivityThread( 9674): ACT-AM_ON_RESUME_CALLED ActivityRecord{3c165ea8 token=android.os.BinderProxy@44dadc1 {com.android.gallery3d/com.android.camera.CameraLauncher}}
V/ActivityThread( 9674): Resume ActivityRecord{3c165ea8 token=android.os.BinderProxy@44dadc1 {com.android.gallery3d/com.android.camera.CameraLauncher}} started activity: false, hideForNow: false, finished: false
V/WindowManager(  683): Adding window Window{33790dd4 u0 com.android.gallery3d/com.android.camera.CameraLauncher} at 16 of 20 (before Window{338037b u0 Starting com.android.gallery3d})
V/ActivityThread( 9674): Resuming ActivityRecord{3c165ea8 token=android.os.BinderProxy@44dadc1 {com.android.gallery3d/com.android.camera.CameraLauncher}} with isForward=true
V/ActivityThread( 9674): Scheduling idle handler for ActivityRecord{3c165ea8 token=android.os.BinderProxy@44dadc1 {com.android.gallery3d/com.android.camera.CameraLauncher}}
D/ActivityThread( 9674): ACT-LAUNCH_ACTIVITY handled : 0 / ActivityRecord{3c165ea8 token=android.os.BinderProxy@44dadc1 {com.android.gallery3d/com.android.camera.CameraLauncher}}
D/ActivityThread( 9674): SVC-Creating service: CreateServiceData{token=android.os.BinderProxy@311b83cd className=com.android.camera.FileSaverService packageName=com.android.gallery3d intent=null}
D/ActivityThread( 9674): SVC-CREATE_SERVICE handled : 0 / CreateServiceData{token=android.os.BinderProxy@311b83cd className=com.android.camera.FileSaverService packageName=com.android.gallery3d intent=null}
D/ActivityThread( 9674): SVC-BIND_SERVICE handled : 0 / BindServiceData{token=android.os.BinderProxy@311b83cd intent=Intent { cmp=com.android.gallery3d/com.android.camera.FileSaverService }}
V/WindowManager(  683): Changing focus from null to Window{33790dd4 u0 com.android.gallery3d/com.android.camera.CameraLauncher} Callers=com.android.server.wm.WindowManagerService.relayoutWindow:3687 com.android.server.wm.Session.relayout:203 android.view.IWindowSession$Stub.onTransact:273 com.android.server.wm.Session.onTransact:136 
I/WindowManager(  683): Gaining focus: Window{33790dd4 u0 com.android.gallery3d/com.android.camera.CameraLauncher}
V/WindowManager(  683): Adding window Window{7db233b u0 SurfaceView} at 16 of 21 (before Window{33790dd4 u0 com.android.gallery3d/com.android.camera.CameraLauncher})
V/WindowManager(  683): Adding window Window{3b83fbe9 u0 SurfaceView} at 17 of 22 (before Window{33790dd4 u0 com.android.gallery3d/com.android.camera.CameraLauncher})
V/WindowManager(  683): Changing focus from Window{33790dd4 u0 com.android.gallery3d/com.android.camera.CameraLauncher} to null Callers=com.android.server.wm.WindowManagerService.setFocusedApp:4577 com.android.server.am.ActivityManagerService.setFocusedActivityLocked:2555 com.android.server.am.ActivityStack.adjustFocusedActivityLocked:2904 com.android.server.am.ActivityStack.finishActivityLocked:3161 
I/WindowManager(  683): Losing focus: Window{33790dd4 u0 com.android.gallery3d/com.android.camera.CameraLauncher}
V/ActivityManager(  683): Broadcast: Intent { act=com.android.camera.NEW_PICTURE dat=content://media/external/images/media/765 flg=0x10 } ordered=false userid=0 callerApp=ProcessRecord{28eddc96 9674:com.android.gallery3d/u0a50}
D/ActivityThread(28171): BDC-Calling onReceive: intent=Intent { act=com.android.camera.NEW_PICTURE dat=content://media/external/images/media/765 flg=0x10 cmp=com.google.android.apps.photos/com.google.android.libraries.social.mediamonitor.MediaMonitor }, receiver=com.google.android.libraries.social.mediamonitor.MediaMonitor@1b59bd26
D/ActivityThread(28171): BDC-RECEIVER handled : 0 / ReceiverData{intent=Intent { act=com.android.camera.NEW_PICTURE dat=content://media/external/images/media/765 flg=0x10 cmp=com.google.android.apps.photos/com.google.android.libraries.social.mediamonitor.MediaMonitor } packageName=com.google.android.apps.photos resultCode=-1 resultData=null resultExtras=null}
D/ActivityThread(20098): BDC-Calling onReceive: intent=Intent { act=com.android.camera.NEW_PICTURE dat=content://media/external/images/media/765 flg=0x10 cmp=com.google.android.apps.plus/com.google.android.libraries.social.mediamonitor.MediaMonitor }, receiver=com.google.android.libraries.social.mediamonitor.MediaMonitor@1a7d52ca
D/ActivityThread(20098): BDC-RECEIVER handled : 0 / ReceiverData{intent=Intent { act=com.android.camera.NEW_PICTURE dat=content://media/external/images/media/765 flg=0x10 cmp=com.google.android.apps.plus/com.google.android.libraries.social.mediamonitor.MediaMonitor } packageName=com.google.android.apps.plus resultCode=0 resultData=null resultExtras=null}
D/ActivityThread( 1599): BDC-Calling onReceive: intent=Intent { act=com.android.camera.NEW_PICTURE dat=content://media/external/images/media/765 flg=0x10 cmp=com.google.android.gms/com.google.android.libraries.social.mediamonitor.MediaMonitor }, receiver=com.google.android.libraries.social.mediamonitor.MediaMonitor@243e0de7
D/ActivityThread( 1599): BDC-RECEIVER handled : 0 / ReceiverData{intent=Intent { act=com.android.camera.NEW_PICTURE dat=content://media/external/images/media/765 flg=0x10 cmp=com.google.android.gms/com.google.android.libraries.social.mediamonitor.MediaMonitor } packageName=com.google.android.gms resultCode=0 resultData=null resultExtras=null}
W/CAM_ext/CameraDeviceManagerImpl( 9674): [getCameraDevice]return null,cameraId = 0,mICurCameraDevice.getCameraId() = -1,mITopCameraDevice.getCameraId() = -1
I/CAM_ext/RemoteCameraAddition( 9674): [clearPreviewCallback], cameraDevice is null
D/ActivityThread( 9674): ACT-AM_ON_PAUSE_CALLED ActivityRecord{3c165ea8 token=android.os.BinderProxy@44dadc1 {com.android.gallery3d/com.android.camera.CameraLauncher}}
W/System.err( 9674): 	at com.android.camera.Util.closeSilently(Util.java:431)
W/System.err( 9674): 	at com.android.camera.Thumbnail.saveLastThumbnailToFile(Thumbnail.java:136)
W/System.err( 9674): 	at com.android.camera.manager.ThumbnailViewManager$SaveThumbnailTask.doInBackground(ThumbnailViewManager.java:405)
W/System.err( 9674): 	at com.android.camera.manager.ThumbnailViewManager$SaveThumbnailTask.doInBackground(ThumbnailViewManager.java:398)
I/SurfaceView( 9674): updateWindow -- setFrame, this = com.android.camera.ui.PreviewSurfaceView{11b73f5e V.E..... ......ID 719,1065-719,1066 #7f0e0049 app:id/camera_preview}
I/SurfaceView( 9674): Changes: creating=false format=false size=true visible=false left=true top=true mUpdateWindowNeeded=false mReportDrawNeeded=false redrawNeeded=false forceSizeChanged=true mVisible=true mRequestedVisible=true, this = com.android.camera.ui.PreviewSurfaceView{11b73f5e V.E..... ......ID 719,1065-719,1066 #7f0e0049 app:id/camera_preview}
I/SurfaceView( 9674): Cur surface: Surface(name=null)/@0x2f5be3d0, this = com.android.camera.ui.PreviewSurfaceView{11b73f5e V.E..... ......ID 719,1065-719,1066 #7f0e0049 app:id/camera_preview}
V/SurfaceView( 9674): this = com.android.camera.ui.PreviewSurfaceView{11b73f5e V.E..... ......ID 719,1065-719,1066 #7f0e0049 app:id/camera_preview} got resized: w=0 h=1, cur w=-1 h=-1
I/SurfaceView( 9674): New surface: Surface(name=null)/@0x2c698fc9, vis=true, frame=Rect(719, 1065 - 719, 1066), this = com.android.camera.ui.PreviewSurfaceView{11b73f5e V.E..... ......ID 719,1065-719,1066 #7f0e0049 app:id/camera_preview}
I/SurfaceView( 9674): surfaceChanged -- format=4 w=0 h=1, this = com.android.camera.ui.PreviewSurfaceView{11b73f5e V.E..... ......ID 719,1065-719,1066 #7f0e0049 app:id/camera_preview}
I/SurfaceView( 9674): surfaceChanged callback +, this = com.android.camera.ui.PreviewSurfaceView{11b73f5e V.E..... ......ID 719,1065-719,1066 #7f0e0049 app:id/camera_preview}
I/SurfaceView( 9674): surfaceChanged callback -, this = com.android.camera.ui.PreviewSurfaceView{11b73f5e V.E..... ......ID 719,1065-719,1066 #7f0e0049 app:id/camera_preview}
V/SurfaceView( 9674): Layout: x=719 y=1065 w=0 h=1, frame=Rect(0, 0 - 0, 1), this = com.android.camera.ui.PreviewSurfaceView{11b73f5e V.E..... ......ID 719,1065-719,1066 #7f0e0049 app:id/camera_preview}
I/SurfaceView( 9674): updateWindow -- OnPreDrawListener, mHaveFrame = false, this = com.android.camera.ui.PreviewSurfaceView{11b73f5e V.E..... ......ID 719,1065-719,1066 #7f0e0049 app:id/camera_preview}
I/CAM_ori/ThumbnailViewManager( 9674): [CMCC Performance test][Camera][Camera] camera capture end [1495610055957]
I/SurfaceView( 9674): updateWindow -- OnPreDrawListener, mHaveFrame = false, this = com.android.camera.ui.PreviewSurfaceView{11b73f5e V.E..... ......ID 719,1065-719,1066 #7f0e0049 app:id/camera_preview}
I/SurfaceView( 9674): updateWindow -- OnPreDrawListener, mHaveFrame = false, this = com.android.camera.ui.PreviewSurfaceView{11b73f5e V.E..... ......ID 719,1065-719,1066 #7f0e0049 app:id/camera_preview}
I/SurfaceView( 9674): updateWindow -- OnPreDrawListener, mHaveFrame = false, this = com.android.camera.ui.PreviewSurfaceView{11b73f5e V.E..... ......ID 719,1065-719,1066 #7f0e0049 app:id/camera_preview}
I/SurfaceView( 9674): updateWindow -- OnPreDrawListener, mHaveFrame = false, this = com.android.camera.ui.PreviewSurfaceView{11b73f5e V.E..... ......ID 719,1065-719,1066 #7f0e0049 app:id/camera_preview}
I/SurfaceView( 9674): updateWindow -- OnPreDrawListener, mHaveFrame = false, this = com.android.camera.ui.PreviewSurfaceView{11b73f5e V.E..... ......ID 719,1065-719,1066 #7f0e0049 app:id/camera_preview}
I/SurfaceView( 9674): updateWindow -- onWindowVisibilityChanged, visibility = 8, this = com.android.camera.ui.PreviewSurfaceView{11b73f5e V.E..... ......ID 719,1065-719,1066 #7f0e0049 app:id/camera_preview}
I/BufferQueueProducer(  219): [com.android.gallery3d/com.android.camera.CameraLauncher](this:0xb5c5a400,id:463,api:1,p:-1,c:219) disconnect(P): api 1
I/BufferQueueConsumer(  219): [com.android.gallery3d/com.android.camera.CameraLauncher](this:0xb5c5a400,id:463,api:1,p:-1,c:219) getReleasedBuffers: returning mask 0xffffffffffffffff
I/SurfaceView( 9674): updateWindow -- OnPreDrawListener, mHaveFrame = false, this = com.android.camera.ui.PreviewSurfaceView{11b73f5e V.E..... ......ID 719,1065-719,1066 #7f0e0049 app:id/camera_preview}
I/SurfaceView( 9674): updateWindow -- OnPreDrawListener, mHaveFrame = false, this = com.android.camera.ui.PreviewSurfaceView{11b73f5e V.E..... ......ID 719,1065-719,1066 #7f0e0049 app:id/camera_preview}
I/SurfaceView( 9674): updateWindow -- OnPreDrawListener, mHaveFrame = false, this = com.android.camera.ui.PreviewSurfaceView{11b73f5e V.E..... ......ID 719,1065-719,1066 #7f0e0049 app:id/camera_preview}
I/SurfaceView( 9674): updateWindow -- OnPreDrawListener, mHaveFrame = false, this = com.android.camera.ui.PreviewSurfaceView{11b73f5e V.E..... ......ID 719,1065-719,1066 #7f0e0049 app:id/camera_preview}
I/CAM_ori/ThumbnailViewManager( 9674): [updateThumbnailView]this = com.android.camera.manager.ThumbnailViewManager@4c53fd3
I/SurfaceView( 9674): updateWindow -- OnPreDrawListener, mHaveFrame = false, this = com.android.camera.ui.PreviewSurfaceView{11b73f5e V.E..... ......ID 719,1065-719,1066 #7f0e0049 app:id/camera_preview}
I/MtkGallery2/MediaFilterSetting( 9674): <removeFilter> activity = com.android.camera.CameraActivity@294664fd
I/SurfaceView( 9674): updateWindow -- setVisibility, visibility = 8, this = com.android.camera.ui.PreviewSurfaceView{11b73f5e G.E..... ......ID 719,1065-719,1066 #7f0e0049 app:id/camera_preview}
D/CAM_ext/SettingCtrl( 9674): resetSettings() remove key[pref_camera_exposure_key]
D/CAM_ext/SettingCtrl( 9674): resetSettings() remove key[pref_camera_exposuremeter_key]
D/CAM_ext/SettingCtrl( 9674): resetSettings() remove key[pref_camera_focusmode_key]
D/CAM_ext/SettingCtrl( 9674): resetSettings() remove key[pref_camera_scenemode_key]
D/CAM_ext/SettingCtrl( 9674): resetSettings() remove key[pref_camera_whitebalance_key]
D/CAM_ext/SettingCtrl( 9674): resetSettings() remove key[pref_camera_coloreffect_key]
D/CAM_ext/SettingCtrl( 9674): resetSettings() remove key[pref_camera_self_timer_key]
D/CAM_ext/SettingCtrl( 9674): resetSettings() remove key[pref_camera_edge_key]
D/CAM_ext/SettingCtrl( 9674): resetSettings() remove key[pref_camera_hue_key]
D/CAM_ext/SettingCtrl( 9674): resetSettings() remove key[pref_camera_saturation_key]
D/CAM_ext/SettingCtrl( 9674): resetSettings() remove key[pref_camera_brightness_key]
D/CAM_ext/SettingCtrl( 9674): resetSettings() remove key[pref_camera_contrast_key]
D/CAM_ext/SettingCtrl( 9674): resetSettings() remove key[pref_camera_iso_key]
D/CAM_ext/SettingCtrl( 9674): resetSettings() remove key[pref_camera_video_hd_recording_key]
I/SurfaceView( 9674): updateWindow -- onDetachedFromWindow, this = com.android.camera.ui.PreviewSurfaceView{11b73f5e G.E..... ......ID 719,1065-719,1066 #7f0e0049 app:id/camera_preview}
D/ActivityThread( 9674): SVC-UNBIND_SERVICE handled : 0 / BindServiceData{token=android.os.BinderProxy@311b83cd intent=Intent { cmp=com.android.gallery3d/com.android.camera.FileSaverService }}
D/ActivityThread( 9674): SVC-Destroying service: com.android.camera.FileSaverService@10ad821c
D/CAM_ori/ViewManager( 9674): hide() com.android.camera.manager.InfoManager@34d59945
D/CAM_ori/ViewManager( 9674): hide() com.android.camera.manager.RemainingManager@3798ad89
D/CAM_ori/ViewManager( 9674): show() com.android.camera.manager.IndicatorManager@209daef6
D/CAM_ori/IndicatorManager( 9674): onRefresh() i=0, key[pref_camera_whitebalance_key]=auto, view=com.android.camera.ui.RotateImageView{1a1ea408 G.ED.... ......I. 0,0-0,0 #7f0e01a4 app:id/onscreen_white_balance_indicator}, default=auto, override=null, showcount=0
D/CAM_ori/IndicatorManager( 9674): onRefresh() i=1, key[pref_camera_scenemode_key]=auto, view=com.android.camera.ui.RotateImageView{24e9b5ab G.ED.... ......I. 0,0-0,0 #7f0e01a3 app:id/onscreen_scene_indicator}, default=auto, override=null, showcount=0
D/CAM_ori/IndicatorManager( 9674): onRefresh() i=2, key[pref_camera_exposure_key]=0, view=com.android.camera.ui.RotateImageView{1b3677a1 G.ED.... ......I. 0,0-0,0 #7f0e01a5 app:id/onscreen_exposure_indicator}, default=0, override=null, showcount=0
D/CAM_ori/IndicatorManager( 9674): onRefresh() i=3, key[pref_video_time_lapse_frame_interval_key]=0, view=com.android.camera.ui.RotateImageView{162a2dc6 G.ED.... ......I. 0,0-0,0 #7f0e01a6 app:id/onscreen_timelapse_indicator}, default=0, override=null, showcount=0
D/CAM_ori/IndicatorManager( 9674): onRefresh() i=4, key[pref_camera_self_timer_key]=0, view=com.android.camera.ui.RotateImageView{370c0187 G.ED.... ......I. 0,0-0,0 #7f0e01a7 app:id/onscreen_selftimer_indicator}, default=0, override=null, showcount=0
D/CAM_ori/IndicatorManager( 9674): onRefresh() i=5, key[pref_voice_key]=off, view=com.android.camera.ui.RotateAnimationImageView{2621ecdd G.ED.... ......I. 0,0-0,0 #7f0e01a9 app:id/onscreen_voice_indicator}, default=off, override=null, showcount=0
I/BufferQueueConsumer(  219): [com.android.gallery3d/com.android.camera.CameraLauncher](this:0xb5c5a400,id:463,api:1,p:-1,c:-1) disconnect(C)
I/BufferQueue(  219): [com.android.gallery3d/com.android.camera.CameraLauncher](this:0xb5c5a400,id:463,api:1,p:-1,c:-1) ~BufferQueueCore
I/ActivityManager(  683): START u0 {act=android.intent.action.MAIN cat=[android.intent.category.LAUNCHER] flg=0x10200000 cmp=com.android.gallery3d/com.android.camera.CameraLauncher bnds=[240,438][357,556] (has extras)} from uid 10015 on display 0
D/ActivityManager(  683): [BMW] insertTaskAtTop fromHome = true lastStack = ActivityStack{297523ce stackId=0, 2 tasks} this = ActivityStack{36ae0c9 stackId=1, 52 tasks} topTask() = TaskRecord{2228c7b4 #1339 A=com.android.camera U=0 sz=0}
V/WindowManager(  683): addAppToken: AppWindowToken{1c64ab20 token=Token{3658a23 ActivityRecord{ef4ac87 u0 com.android.gallery3d/com.android.camera.CameraLauncher t1339}}} to stack=1 task=1339 at 0
V/ActivityThread( 9674): Handling launch of ActivityRecord{3e1d2f23 token=android.os.BinderProxy@2edbec20 {com.android.gallery3d/com.android.camera.CameraLauncher}}
V/ActivityThread( 9674): ActivityRecord{3e1d2f23 token=android.os.BinderProxy@2edbec20 {com.android.gallery3d/com.android.camera.CameraLauncher}}: app=com.android.gallery3d.app.GalleryAppImpl@3d8b320e, appName=com.android.gallery3d, pkg=com.android.gallery3d, comp={com.android.gallery3d/com.android.camera.CameraLauncher}, dir=/system/app/Gallery2/Gallery2.apk
I/MtkGallery2/MediaFilterSetting( 9674): <setCurrentFilter> activity = com.android.camera.CameraActivity@15e3aa4c
I/MtkGallery2/MediaFilterSetting( 9674): <logAllFilter> 1. [com.android.camera.CameraActivity@15e3aa4c], [INCLUDE_DRM_FL, INCLUDE_DRM_CD, INCLUDE_DRM_SD, INCLUDE_DRM_FLDCF, INCLUDE_CONSHOT_GROUP, ], >>> This is current !!
D/CAM_ori/CameraDeviceCtrl( 9674): [cameraStartUpThreadDone]
I/CAM_ext/ContinuousShot( 9674): [setListener]listener = com.mediatek.camera.mode.PhotoMode@2125a77
W/CAM_ext/CameraDeviceManagerImpl( 9674): [getCameraDevice]return null,cameraId = 0,mICurCameraDevice.getCameraId() = -1,mITopCameraDevice.getCameraId() = -1
I/CAM_ori/CameraActivity( 9674): [getSelfTimeManager] mISelfTimeManager = com.android.camera.bridge.SelfTimerManager@286af6e4
D/CAM_ori/CameraDeviceCtrl( 9674): [openCamera] cameraState:STATE_CAMERA_CLOSED
D/CAM_ori/CameraDeviceCtrl( 9674): [setCameraState] cameraState:STATE_OPENING_CAMERA
V/CameraApp/ExtensionHelper( 9674): getCameraFeatureExtension() sCameraFeatureExtension=com.mediatek.camera.ext.DefaultCameraFeatureExt@3edd76e9
I/CAM_ori/Util( 9674): [retryOpen] cameraId = 0
I/CAM_ext/CameraHolder( 9674): CameraHolder open cameraId = 0
I/CAM_ext/CameraHolder( 9674): open camera 0
D/CameraService(  242): [CameraService::newMediaPlayer] + (/system/media/audio/ui/camera_click.ogg)
I/MediaPlayerService(  242): [setDataSource] setDataSource(/system/media/audio/ui/camera_click.ogg)
D/DrmMtkUtil/DrmUtil(  242): checkDcf ----> path [/system/media/audio/ui/camera_click.ogg]
V/DrmMtkUtil/DrmUtil(  242): checkExistence ----> [/system/media/audio/ui/camera_click.ogg]
I/NuPlayer(  242): local stream:/system/media/audio/ui/camera_click.ogg
I/MediaPlayerService(  242): [setDataSource] setDataSource(/system/media/audio/ui/camera_click.ogg) done
D/CAM_ori/PreviewFrameLayout( 9674): setAspectRatio(1.3333333333333333) mAspectRatio=0.0, com.android.camera.ui.PreviewFrameLayout{31d8fb03 V.E..... ......I. 0,0-0,0 #7f0e01fb app:id/frame}
I/MtkGallery2/PhotoPlayFacade( 9674): <registerMedias> Context = com.android.camera.CameraActivity@15e3aa4c, GLIdleExecuter = com.mediatek.galleryframework.gl.GLIdleExecuter@3c40aadc
V/ActivityThread( 9674): Performing resume of ActivityRecord{3e1d2f23 token=android.os.BinderProxy@2edbec20 {com.android.gallery3d/com.android.camera.CameraLauncher}}
I/CameraClient(  242): Opening camera 0
I/CAM_ext/CameraHolder( 9674): open camera 0 end mCameraProxy = com.android.camera.CameraManager$CameraProxy@3acc11ed
I/SurfaceView( 9674): updateWindow -- setVisibility, visibility = 0, this = com.android.camera.ui.PreviewSurfaceView{3f91152b V.E..... ......I. 0,0-0,0 #7f0e0049 app:id/camera_preview}
D/ActivityThread( 9674): ACT-AM_ON_RESUME_CALLED ActivityRecord{3e1d2f23 token=android.os.BinderProxy@2edbec20 {com.android.gallery3d/com.android.camera.CameraLauncher}}
V/ActivityThread( 9674): Resume ActivityRecord{3e1d2f23 token=android.os.BinderProxy@2edbec20 {com.android.gallery3d/com.android.camera.CameraLauncher}} started activity: false, hideForNow: false, finished: false
D/CAM_ori/ViewManager( 9674): show() com.android.camera.manager.ThumbnailViewManager@30e81bcc
I/CAM_ori/ThumbnailViewManager( 9674): [updateThumbnailView]this = com.android.camera.manager.ThumbnailViewManager@30e81bcc
I/CAM_ori/CameraActivity( 9674): [onCreate] end, mISelfTimeManager = com.android.camera.bridge.SelfTimerManager@286af6e4
I/MtkGallery2/MediaFilterSetting( 9674): <restoreFilter> activity = com.android.camera.CameraActivity@15e3aa4c
I/MtkGallery2/MediaFilterSetting( 9674): <logAllFilter> 1. [com.android.camera.CameraActivity@15e3aa4c], [INCLUDE_DRM_FL, INCLUDE_DRM_CD, INCLUDE_DRM_SD, INCLUDE_DRM_FLDCF, INCLUDE_CONSHOT_GROUP, ], >>> This is current !!
I/MtkGallery2/PhotoPlayFacade( 9674): <registerMedias> Context = com.android.camera.CameraActivity@15e3aa4c, GLIdleExecuter = com.mediatek.galleryframework.gl.GLIdleExecuter@3c40aadc
V/WindowManager(  683): Adding window Window{3a68e3d1 u0 com.android.gallery3d/com.android.camera.CameraLauncher} at 16 of 20 (before Window{9ebad7c u0 Starting com.android.gallery3d})
I/CAM_ext/SettingGenerator( 9674): [createPreferences], cameraId:0, group:com.mediatek.camera.setting.preference.PreferenceGroup@335c86c9
V/ActivityThread( 9674): Resuming ActivityRecord{3e1d2f23 token=android.os.BinderProxy@2edbec20 {com.android.gallery3d/com.android.camera.CameraLauncher}} with isForward=true
V/ActivityThread( 9674): Scheduling idle handler for ActivityRecord{3e1d2f23 token=android.os.BinderProxy@2edbec20 {com.android.gallery3d/com.android.camera.CameraLauncher}}
D/ActivityThread( 9674): ACT-LAUNCH_ACTIVITY handled : 0 / ActivityRecord{3e1d2f23 token=android.os.BinderProxy@2edbec20 {com.android.gallery3d/com.android.camera.CameraLauncher}}
D/ActivityThread( 9674): SVC-Creating service: CreateServiceData{token=android.os.BinderProxy@c5ddfde className=com.android.camera.FileSaverService packageName=com.android.gallery3d intent=null}
D/ActivityThread( 9674): SVC-CREATE_SERVICE handled : 0 / CreateServiceData{token=android.os.BinderProxy@c5ddfde className=com.android.camera.FileSaverService packageName=com.android.gallery3d intent=null}
D/ActivityThread( 9674): SVC-BIND_SERVICE handled : 0 / BindServiceData{token=android.os.BinderProxy@c5ddfde intent=Intent { cmp=com.android.gallery3d/com.android.camera.FileSaverService }}
V/CameraApp/ExtensionHelper( 9674): getCameraFeatureExtension() sCameraFeatureExtension=com.mediatek.camera.ext.DefaultCameraFeatureExt@3edd76e9
D/CAM_ext/ListPreference( 9674): [getValue]reload defaultValue=auto, real=auto,mkey = pref_camera_scenemode_key
I/CAM_ext/SettingGenerator( 9674): [filterPreference], key:pref_camera_scenemode_key, removePreference:false
D/CAM_ext/ListPreference( 9674): [getValue]reload defaultValue=auto, real=auto,mkey = pref_camera_scenemode_key
I/CAM_ext/SettingGenerator( 9674): [updateSettingItem] key:pref_camera_scenemode_key, defaultValue:auto, value:auto
V/CameraApp/ExtensionHelper( 9674): getCameraFeatureExtension() sCameraFeatureExtension=com.mediatek.camera.ext.DefaultCameraFeatureExt@3edd76e9
D/CAM_ext/ListPreference( 9674): [getValue]reload defaultValue=auto, real=auto,mkey = pref_camera_whitebalance_key
I/CAM_ext/SettingGenerator( 9674): [filterPreference], key:pref_camera_whitebalance_key, removePreference:false
D/CAM_ext/ListPreference( 9674): [getValue]reload defaultValue=auto, real=auto,mkey = pref_camera_whitebalance_key
I/CAM_ext/SettingGenerator( 9674): [updateSettingItem] key:pref_camera_whitebalance_key, defaultValue:auto, value:auto
D/CAM_ext/ListPreference( 9674): [getValue]reload defaultValue=none, real=none,mkey = pref_camera_coloreffect_key
I/CAM_ext/SettingGenerator( 9674): [filterPreference], key:pref_camera_coloreffect_key, removePreference:false
D/CAM_ext/ListPreference( 9674): [getValue]reload defaultValue=none, real=none,mkey = pref_camera_coloreffect_key
I/CAM_ext/SettingGenerator( 9674): [updateSettingItem] key:pref_camera_coloreffect_key, defaultValue:none, value:none
I/CAM_ext/SettingGenerator( 9674): [filterPreference], key:pref_camera_self_timer_key, removePreference:false
D/CAM_ext/ListPreference( 9674): [getValue]reload defaultValue=0, real=0,mkey = pref_camera_self_timer_key
I/CAM_ext/SettingGenerator( 9674): [updateSettingItem] key:pref_camera_self_timer_key, defaultValue:0, value:0
I/CAM_ext/SettingGenerator( 9674): [filterPreference], key:pref_camera_shot_number, removePreference:false
D/CAM_ext/ListPreference( 9674): [getValue]reload defaultValue=40, real=40,mkey = pref_camera_shot_number
I/CAM_ext/SettingGenerator( 9674): [updateSettingItem] key:pref_camera_shot_number, defaultValue:40, value:40
I/CAM_ext/SettingGenerator( 9674): [filterPreference], key:pref_camera_recordlocation_key, removePreference:false
I/CAM_ext/SettingGenerator( 9674): [updateSettingItem] key:pref_camera_recordlocation_key, defaultValue:none, value:off
D/CAM_ext/ListPreference( 9674): [getValue]reload defaultValue=auto, real=auto,mkey = pref_camera_iso_key
I/CAM_ext/SettingGenerator( 9674): [filterPreference], key:pref_camera_iso_key, removePreference:false
D/CAM_ext/ListPreference( 9674): [getValue]reload defaultValue=auto, real=auto,mkey = pref_camera_iso_key
I/CAM_ext/SettingGenerator( 9674): [updateSettingItem] key:pref_camera_iso_key, defaultValue:auto, value:auto
D/CAM_ext/ListPreference( 9674): [getValue]reload defaultValue=auto, real=auto,mkey = pref_camera_antibanding_key
I/CAM_ext/SettingGenerator( 9674): [filterPreference], key:pref_camera_antibanding_key, removePreference:false
D/CAM_ext/ListPreference( 9674): [getValue]reload defaultValue=auto, real=auto,mkey = pref_camera_antibanding_key
I/CAM_ext/SettingGenerator( 9674): [updateSettingItem] key:pref_camera_antibanding_key, defaultValue:auto, value:auto
I/CAM_ext/SettingGenerator( 9674): [filterPreference], key:pref_camera_recordaudio_key, removePreference:false
D/CAM_ext/ListPreference( 9674): [getValue]reload defaultValue=on, real=on,mkey = pref_camera_recordaudio_key
I/CAM_ext/SettingGenerator( 9674): [updateSettingItem] key:pref_camera_recordaudio_key, defaultValue:on, value:on
I/CAM_ext/SettingGenerator( 9674): [filterPreference], key:pref_camera_video_hd_recording_key, removePreference:false
D/CAM_ext/ListPreference( 9674): [getValue]reload defaultValue=normal, real=normal,mkey = pref_camera_video_hd_recording_key
I/CAM_ext/SettingGenerator( 9674): [updateSettingItem] key:pref_camera_video_hd_recording_key, defaultValue:normal, value:normal
I/CAM_ext/SettingUtils( 9674): findFullscreenRatio(com.android.camera.bridge.ParametersExt@17ecd1ce) return 1.7778
D/CAM_ext/SettingUtils( 9674): buildPreviewRatios(com.android.camera.bridge.ParametersExt@17ecd1ce) add supportedRatio 1.7778
D/CAM_ext/ListPreference( 9674): [getValue]reload defaultValue=null, real=1.3333,mkey = pref_camera_picturesize_ratio_key
I/CAM_ext/SettingGenerator( 9674): [filterPreference], key:pref_camera_picturesize_ratio_key, removePreference:false
D/CAM_ext/ListPreference( 9674): [getValue]reload defaultValue=null, real=1.3333,mkey = pref_camera_picturesize_ratio_key
I/CAM_ext/SettingGenerator( 9674): [updateSettingItem] key:pref_camera_picturesize_ratio_key, defaultValue:1.3333, value:1.3333
D/CAM_ext/ListPreference( 9674): [getValue]reload defaultValue=null, real=2560x1920,mkey = pref_camera_picturesize_key
D/CAM_ext/SettingUtils( 9674): buildSupportedPictureSize(com.android.camera.bridge.ParametersExt@17ecd1ce, 1.3333)7
I/CAM_ext/SettingGenerator( 9674): [filterPreference], key:pref_camera_picturesize_key, removePreference:false
D/CAM_ext/ListPreference( 9674): [getValue]reload defaultValue=null, real=2560x1920,mkey = pref_camera_picturesize_key
I/CAM_ext/SettingGenerator( 9674): [updateSettingItem] key:pref_camera_picturesize_key, defaultValue:2560x1920, value:2560x1920
D/CAM_ext/ListPreference( 9674): [getValue]reload defaultValue=off, real=off,mkey = pref_camera_zsd_key
I/CAM_ext/SettingGenerator( 9674): [filterPreference], key:pref_camera_zsd_key, removePreference:false
D/CAM_ext/ListPreference( 9674): [getValue]reload defaultValue=off, real=off,mkey = pref_camera_zsd_key
I/CAM_ext/SettingGenerator( 9674): [updateSettingItem] key:pref_camera_zsd_key, defaultValue:off, value:off
I/CAM_ext/SettingGenerator( 9674): [filterPreference], key:perf_camera_ais_key, removePreference:true
I/CAM_ext/SettingGenerator( 9674): [updateSettingItem] preference is null, key:perf_camera_ais_key
D/CAM_ext/ListPreference( 9674): [getValue]reload defaultValue=middle, real=middle,mkey = pref_camera_edge_key
I/CAM_ext/SettingGenerator( 9674): [filterPreference], key:pref_camera_edge_key, removePreference:false
D/CAM_ext/ListPreference( 9674): [getValue]reload defaultValue=middle, real=middle,mkey = pref_camera_edge_key
I/CAM_ext/SettingGenerator( 9674): [updateSettingItem] key:pref_camera_edge_key, defaultValue:middle, value:middle
D/CAM_ext/ListPreference( 9674): [getValue]reload defaultValue=middle, real=middle,mkey = pref_camera_hue_key
I/CAM_ext/SettingGenerator( 9674): [filterPreference], key:pref_camera_hue_key, removePreference:false
D/CAM_ext/ListPreference( 9674): [getValue]reload defaultValue=middle, real=middle,mkey = pref_camera_hue_key
I/CAM_ext/SettingGenerator( 9674): [updateSettingItem] key:pref_camera_hue_key, defaultValue:middle, value:middle
D/CAM_ext/ListPreference( 9674): [getValue]reload defaultValue=middle, real=middle,mkey = pref_camera_saturation_key
I/CAM_ext/SettingGenerator( 9674): [filterPreference], key:pref_camera_saturation_key, removePreference:false
D/CAM_ext/ListPreference( 9674): [getValue]reload defaultValue=middle, real=middle,mkey = pref_camera_saturation_key
I/CAM_ext/SettingGenerator( 9674): [updateSettingItem] key:pref_camera_saturation_key, defaultValue:middle, value:middle
D/CAM_ext/ListPreference( 9674): [getValue]reload defaultValue=middle, real=middle,mkey = pref_camera_brightness_key
I/CAM_ext/SettingGenerator( 9674): [filterPreference], key:pref_camera_brightness_key, removePreference:false
D/CAM_ext/ListPreference( 9674): [getValue]reload defaultValue=middle, real=middle,mkey = pref_camera_brightness_key
I/CAM_ext/SettingGenerator( 9674): [updateSettingItem] key:pref_camera_brightness_key, defaultValue:middle, value:middle
D/CAM_ext/ListPreference( 9674): [getValue]reload defaultValue=middle, real=middle,mkey = pref_camera_contrast_key
I/CAM_ext/SettingGenerator( 9674): [filterPreference], key:pref_camera_contrast_key, removePreference:false
D/CAM_ext/ListPreference( 9674): [getValue]reload defaultValue=middle, real=middle,mkey = pref_camera_contrast_key
I/CAM_ext/SettingGenerator( 9674): [updateSettingItem] key:pref_camera_contrast_key, defaultValue:middle, value:middle
D/CAM_ext/ListPreference( 9674): [getValue]reload defaultValue=null, real=middle,mkey = pref_camera_image_properties_key
I/CAM_ext/SettingGenerator( 9674): [filterPreference], key:pref_camera_image_properties_key, removePreference:false
D/CAM_ext/ListPreference( 9674): [getValue]reload defaultValue=null, real=middle,mkey = pref_camera_image_properties_key
I/CAM_ext/SettingGenerator( 9674): [updateSettingItem] key:pref_camera_image_properties_key, defaultValue:Default, value:middle
D/CAM_ext/ListPreference( 9674): [getValue]reload defaultValue=auto, real=auto,mkey = pref_camera_flashmode_key
I/CAM_ext/SettingGenerator( 9674): [filterPreference], key:pref_camera_flashmode_key, removePreference:false
D/CAM_ext/ListPreference( 9674): [getValue]reload defaultValue=auto, real=auto,mkey = pref_camera_flashmode_key
I/CAM_ext/SettingGenerator( 9674): [updateSettingItem] key:pref_camera_flashmode_key, defaultValue:auto, value:auto
D/CAM_ext/ListPreference( 9674): [getValue]reload defaultValue=null, real=-3,mkey = pref_camera_facebeauty_properties_key
I/CAM_ext/SettingGenerator( 9674): [filterPreference], key:pref_camera_facebeauty_properties_key, removePreference:false
D/CAM_ext/ListPreference( 9674): [getValue]reload defaultValue=null, real=-3,mkey = pref_camera_facebeauty_properties_key
I/CAM_ext/SettingGenerator( 9674): [updateSettingItem] key:pref_camera_facebeauty_properties_key, defaultValue:Default, value:-3
I/CAM_ext/SettingGenerator( 9674): [filterPreference], key:pref_dual_camera_key, removePreference:true
I/CAM_ext/SettingGenerator( 9674): [filterPreference], key:pref_camera_exposuremeter_key, removePreference:true
I/CAM_ext/SettingGenerator( 9674): [updateSettingItem] preference is null, key:pref_camera_exposuremeter_key
I/CAM_ext/SettingGenerator( 9674): [filterPreference], key:pref_camera_focusmode_key, removePreference:true
I/CAM_ext/SettingGenerator( 9674): [updateSettingItem] preference is null, key:pref_camera_focusmode_key
I/CAM_ext/SettingGenerator( 9674): [filterPreference], key:pref_camera_storage_location_key, removePreference:true
I/CAM_ext/SettingGenerator( 9674): [updateSettingItem] preference is null, key:pref_camera_storage_location_key
I/CAM_ext/SettingGenerator( 9674): [updateSettingItem] key:pref_camera_exposure_key, defaultValue:0, value:0
D/CAM_ext/ListPreference( 9674): [getValue]reload defaultValue=none, real=none,mkey = pref_camera_coloreffect_key
I/CAM_ext/SettingGenerator( 9674): [updateSettingItem] key:pref_camera_coloreffect_key, defaultValue:none, value:none
D/CAM_ext/ListPreference( 9674): [getValue]reload defaultValue=auto, real=auto,mkey = pref_camera_iso_key
I/CAM_ext/SettingGenerator( 9674): [updateSettingItem] key:pref_camera_iso_key, defaultValue:auto, value:auto
I/CAM_ext/SettingGenerator( 9674): [updateSettingItem] key:pref_camera_video_hd_recording_key, defaultValue:normal, value:normal
D/CAM_ext/ListPreference( 9674): [getValue]reload defaultValue=null, real=1.3333,mkey = pref_camera_picturesize_ratio_key
I/CAM_ext/SettingGenerator( 9674): [updateSettingItem] key:pref_camera_picturesize_ratio_key, defaultValue:1.3333, value:1.3333
D/CAM_ext/ListPreference( 9674): [getValue]reload defaultValue=null, real=2560x1920,mkey = pref_camera_picturesize_key
I/CAM_ext/SettingGenerator( 9674): [updateSettingItem] key:pref_camera_picturesize_key, defaultValue:2560x1920, value:2560x1920
D/CAM_ext/ListPreference( 9674): [getValue]reload defaultValue=off, real=off,mkey = pref_camera_zsd_key
I/CAM_ext/SettingGenerator( 9674): [updateSettingItem] key:pref_camera_zsd_key, defaultValue:off, value:off
I/CAM_ext/SettingGenerator( 9674): [updateSettingItem] preference is null, key:perf_camera_ais_key
D/CAM_ext/ListPreference( 9674): [getValue]reload defaultValue=middle, real=middle,mkey = pref_camera_edge_key
I/CAM_ext/SettingGenerator( 9674): [updateSettingItem] key:pref_camera_edge_key, defaultValue:middle, value:middle
D/CAM_ext/ListPreference( 9674): [getValue]reload defaultValue=middle, real=middle,mkey = pref_camera_hue_key
I/CAM_ext/SettingGenerator( 9674): [updateSettingItem] key:pref_camera_hue_key, defaultValue:middle, value:middle
D/CAM_ext/ListPreference( 9674): [getValue]reload defaultValue=middle, real=middle,mkey = pref_camera_saturation_key
I/CAM_ext/SettingGenerator( 9674): [updateSettingItem] key:pref_camera_saturation_key, defaultValue:middle, value:middle
D/CAM_ext/ListPreference( 9674): [getValue]reload defaultValue=middle, real=middle,mkey = pref_camera_brightness_key
I/CAM_ext/SettingGenerator( 9674): [updateSettingItem] key:pref_camera_brightness_key, defaultValue:middle, value:middle
D/CAM_ext/ListPreference( 9674): [getValue]reload defaultValue=middle, real=middle,mkey = pref_camera_contrast_key
I/CAM_ext/SettingGenerator( 9674): [updateSettingItem] key:pref_camera_contrast_key, defaultValue:middle, value:middle
D/CAM_ext/ListPreference( 9674): [getValue]reload defaultValue=null, real=middle,mkey = pref_camera_image_properties_key
I/CAM_ext/SettingGenerator( 9674): [updateSettingItem] key:pref_camera_image_properties_key, defaultValue:Default, value:middle
D/CAM_ext/ListPreference( 9674): [getValue]reload defaultValue=auto, real=auto,mkey = pref_camera_flashmode_key
I/CAM_ext/SettingGenerator( 9674): [updateSettingItem] key:pref_camera_flashmode_key, defaultValue:auto, value:auto
D/CAM_ext/ListPreference( 9674): [getValue]reload defaultValue=null, real=-3,mkey = pref_camera_facebeauty_properties_key
I/CAM_ext/SettingGenerator( 9674): [updateSettingItem] key:pref_camera_facebeauty_properties_key, defaultValue:Default, value:-3
I/CAM_ext/SettingGenerator( 9674): [updateSettingItem] preference is null, key:pref_camera_exposuremeter_key
I/CAM_ext/SettingGenerator( 9674): [updateSettingItem] preference is null, key:pref_camera_focusmode_key
I/CAM_ext/SettingGenerator( 9674): [updateSettingItem] preference is null, key:pref_camera_storage_location_key
D/CAM_ext/SettingCtrl( 9674): [queryResultSettings], conditionKey:panorama_key, resultKeys:pref_smile_shot_key, pref_gesture_shot_key, pref_hdr_key, pref_asd_key, pref_camera_id_key, pref_camera_scenemode_key, pref_camera_coloreffect_key, pref_camera_self_timer_key, pref_camera_shot_number, pref_camera_picturesize_ratio_key, pref_camera_picturesize_key, pref_camera_zsd_key, pref_voice_key, perf_camera_ais_key, camera_mode_key, capture_mode_key, recoding_hint_key, pref_camera_flashmode_key, pref_camera_jpegquality_key, pref_facebeauty_smooth_key, pref_facebeauty_skin_color_key, pref_facebeauty_sharp_key, pref_face_detect_key, mute_recoding_sound_key, pref_facebeauty_slim_key, pref_facebeauty_big_eyes_key, pref_camera_exposuremeter_key, 
I/CAM_ext/CommonRule( 9674): [execute], conditionSetting:panorama_key, conditionValue:off, resultSetting:pref_camera_id_key, resultSettingValue:0, index = -1
I/CAM_ext/CommonRule( 9674): [execute], conditionSetting:panorama_key, conditionValue:off, resultSetting:pref_camera_scenemode_key, resultSettingValue:auto, index = -1
I/CAM_ext/CommonRule( 9674): [execute], conditionSetting:panorama_key, conditionValue:off, resultSetting:pref_camera_coloreffect_key, resultSettingValue:none, index = -1
I/CAM_ext/CommonRule( 9674): [execute], conditionSetting:panorama_key, conditionValue:off, resultSetting:pref_camera_self_timer_key, resultSettingValue:0, index = -1
I/CAM_ext/CommonRule( 9674): [execute], conditionSetting:panorama_key, conditionValue:off, resultSetting:pref_camera_shot_number, resultSettingValue:40, index = -1
I/CAM_ext/CommonRule( 9674): [execute], conditionSetting:panorama_key, conditionValue:off, resultSetting:pref_camera_picturesize_ratio_key, resultSettingValue:1.3333, index = -1
I/CAM_ext/CommonRule( 9674): [execute], conditionSetting:panorama_key, conditionValue:off, resultSetting:pref_camera_picturesize_key, resultSettingValue:2560x1920, index = -1
I/CAM_ext/CommonRule( 9674): [execute], conditionSetting:panorama_key, conditionValue:off, resultSetting:pref_camera_zsd_key, resultSettingValue:off, index = -1
I/CAM_ext/CommonRule( 9674): [execute], conditionSetting:panorama_key, conditionValue:off, resultSetting:perf_camera_ais_key, resultSettingValue:off, index = -1
I/CAM_ext/CommonRule( 9674): [execute], conditionSetting:panorama_key, conditionValue:off, resultSetting:camera_mode_key, resultSettingValue:1, index = -1
I/CAM_ext/CommonRule( 9674): [execute], conditionSetting:panorama_key, conditionValue:off, resultSetting:pref_camera_flashmode_key, resultSettingValue:auto, index = -1
I/CAM_ext/CommonRule( 9674): [execute], conditionSetting:panorama_key, conditionValue:off, resultSetting:pref_camera_jpegquality_key, resultSettingValue:2, index = -1
I/CAM_ext/CommonRule( 9674): [execute], conditionSetting:panorama_key, conditionValue:off, resultSetting:pref_camera_exposuremeter_key, resultSettingValue:null, index = -1
D/CAM_ext/SettingCtrl( 9674): [queryResultSettings], conditionKey:pref_smile_shot_key, resultKeys:pref_gesture_shot_key, pref_hdr_key, pref_asd_key, pref_camera_scenemode_key, pref_camera_self_timer_key, pref_camera_shot_number, pref_camera_zsd_key, perf_camera_ais_key, camera_mode_key, pref_face_detect_key, 
I/CAM_ext/CommonRule( 9674): [execute], conditionSetting:pref_smile_shot_key, conditionValue:off, resultSetting:pref_camera_scenemode_key, resultSettingValue:auto, index = -1
I/CAM_ext/CommonRule( 9674): [execute], conditionSetting:pref_smile_shot_key, conditionValue:off, resultSetting:pref_camera_self_timer_key, resultSettingValue:0, index = -1
I/CAM_ext/CommonRule( 9674): [execute], conditionSetting:pref_smile_shot_key, conditionValue:off, resultSetting:pref_camera_shot_number, resultSettingValue:40, index = -1
I/CAM_ext/CommonRule( 9674): [execute], conditionSetting:pref_smile_shot_key, conditionValue:off, resultSetting:pref_camera_zsd_key, resultSettingValue:off, index = -1
I/CAM_ext/CommonRule( 9674): [execute], conditionSetting:pref_smile_shot_key, conditionValue:off, resultSetting:perf_camera_ais_key, resultSettingValue:off, index = -1
I/CAM_ext/CommonRule( 9674): [execute], conditionSetting:pref_smile_shot_key, conditionValue:off, resultSetting:camera_mode_key, resultSettingValue:1, index = -1
D/CAM_ext/SettingCtrl( 9674): [queryResultSettings], conditionKey:pref_hdr_key, resultKeys:pref_slow_motion_key, pref_smile_shot_key, pref_gesture_shot_key, pref_asd_key, pref_camera_id_key, pref_camera_exposure_key, pref_camera_scenemode_key, pref_camera_whitebalance_key, pref_camera_coloreffect_key, pref_camera_shot_number, pref_camera_iso_key, pref_camera_zsd_key, perf_camera_ais_key, pref_camera_edge_key, pref_camera_hue_key, pref_camera_saturation_key, pref_camera_brightness_key, pref_camera_contrast_key, camera_mode_key, capture_mode_key, pref_camera_flashmode_key, pref_camera_jpegquality_key, pref_facebeauty_smooth_key, pref_facebeauty_skin_color_key, pref_facebeauty_sharp_key, mute_recoding_sound_key, pref_facebeauty_slim_key, pref_facebeauty_big_eyes_key, pref_fast_af_key, pref_distance_key, pref_camera_exposuremeter_key, pref_camera_focusmode_key, pref_camera_storage_location_key, 
I/CAM_ext/CommonRule( 9674): [execute], conditionSetting:pref_hdr_key, conditionValue:off, resultSetting:pref_camera_id_key, resultSettingValue:0, index = -1
I/CAM_ext/CommonRule( 9674): [execute], conditionSetting:pref_hdr_key, conditionValue:off, resultSetting:pref_camera_exposure_key, resultSettingValue:0, index = -1
I/CAM_ext/CommonRule( 9674): [execute], conditionSetting:pref_hdr_key, conditionValue:off, resultSetting:pref_camera_scenemode_key, resultSettingValue:auto, index = -1
