I/CAM_ori/PhotoActor( 9674): [isCameraReady] cameraState = 1, isSelfTimerEnalbe = false,isCameraReady = true
I/SurfaceView( 9674): updateWindow -- OnPreDrawListener, mHaveFrame = true, this = com.android.camera.ui.PreviewSurfaceView{3f91152b V.E..... ........ 0,107-480,747 #7f0e0049 app:id/camera_preview}
D/aaa_state_camera_preview(  242): [StateCameraPreview::sendIntent]<eIntent_VsyncUpdate>
D/aaa_state_camera_preview(  242): lv 13, cct 4161, rgain 588, bgain 512, ggain 977, fluo idx 100, day flou idx 100
I/CAM_ext/CameraAppUiImpl( 9674): [photo.onShutterButtonClick](com.android.camera.ui.ShutterButton{2b60fea3 VFED..CL ...P.... 94,0-184,102 #7f0e004e app:id/shutter_button_photo})isFullScreen()=true
I/CAM_ori/PhotoActor( 9674): [onShutterButtonClick] cameraState = 1
I/CAM_ext/PhotoMode( 9674): [CMCC Performance test][Camera][Camera] camera capture start [1495610104390]
I/CAM_ori/CameraDeviceExt( 9674): lockRun(com.android.camera.bridge.CameraDeviceExt$4@13d6bffe) mCameraDevice=com.android.camera.CameraManager$CameraProxy@3acc11ed
I/CAM_ori/CameraDeviceExt( 9674): lockRun(com.android.camera.bridge.CameraDeviceExt$2@1d63535f) mCameraDevice=com.android.camera.CameraManager$CameraProxy@3acc11ed
D/aaa_state_camera_preview(  242): [StateCameraPreview::sendIntent]<eIntent_AFUpdate>
D/aaa_state_camera_preview(  242): [StateCameraPreview::sendIntent]<eIntent_VsyncUpdate>
D/aaa_state_camera_preview(  242): lv 13, cct 4152, rgain 589, bgain 512, ggain 982, fluo idx 100, day flou idx 100
D/aaa_state_camera_preview(  242): [StateCameraPreview::sendIntent]<eIntent_PrecaptureStart>
I/CdpDrv  (  242): [Init] open camera-sysram kernel driver
D/CAM_ori/ViewManager( 9674): hide() com.android.camera.manager.IndicatorManager@2f078663
D/CAM_ori/ViewManager( 9674): hide() com.android.camera.manager.InfoManager@124c5f76
I/SurfaceView( 9674): updateWindow -- OnPreDrawListener, mHaveFrame = true, this = com.android.camera.ui.PreviewSurfaceView{3f91152b V.E..... ........ 0,107-480,747 #7f0e0049 app:id/camera_preview}
I/BufferQueueProducer(  219): [com.android.gallery3d/com.android.camera.CameraLauncher](this:0xb5c5bc00,id:468,api:1,p:9674,c:219) queueBuffer: fps=15.60 dur=1538.04 max=1122.34 min=11.96
D/MEXIF   (  242): (29484)[ExifUtils] - this:0xb1c2aba0, debug.camera.exif.loglevel=1
I/CAM_ori/FocusManager( 9674): updateFocusUI, faceExists = false, mState = 0 mFocusArea = null focusIndicator = com.android.camera.ui.FocusIndicatorRotateLayout{12da3eac V.E..... ........ 180,260-300,380 #7f0e011c app:id/focus_indicator_rotate_layout}
V/CameraApp/ExtensionHelper( 9674): getCameraFeatureExtension() sCameraFeatureExtension=com.mediatek.camera.ext.DefaultCameraFeatureExt@3edd76e9
I/CAM_ori/CameraManager/BackCam( 9674): stopPreview camera device = com.android.camera.AndroidCamera@db44804
I/CAM_ori/FocusManager( 9674): updateFocusUI, faceExists = false, mState = 0 mFocusArea = null focusIndicator = com.android.camera.ui.FocusIndicatorRotateLayout{12da3eac V.E..... ........ 180,260-300,380 #7f0e011c app:id/focus_indicator_rotate_layout}
I/CAM_ori/CameraDeviceExt( 9674): lockRun(com.android.camera.bridge.CameraDeviceExt$2@212ba1ac) mCameraDevice=com.android.camera.CameraManager$CameraProxy@3acc11ed
D/MtkCam/DisplayClient(  242): [DisplayClient] - debug.camera.display.loglevel=1
I/CdpDrv  (  242): [Init] open camera-sysram kernel driver
D/ae_mgr  (  242): ae_mgr [cameraPreviewReinit] Original m_eAECamMode:0 Real ISO:0 Exp mode: 0, Shutter:120000 Sensor gain:10240 Isp gain:1032 frame rate:83 flare:512 0 ISO:1007
D/ae_mgr  (  242): ae_mgr [cameraPreviewReinit] init m_eAECamMode:0 Real ISO:0 Exp mode: 0, Shutter:-1225995887 Sensor gain:1 Isp gain:-1259421865 frame rate:61576 flare:-2592 -19218 ISO:0
D/ae_mgr  (  242): ae_mgr [cameraPreviewReinit] Lock Real ISO:0 Exp mode: 0, Shutter:120000 Sensor gain:10240 Isp gain:1032 frame rate:83 flare:512 0 ISO:1007
D/ae_mgr  (  242): ae_mgr [cameraPreviewReinit] Exp mode: 0, Shutter:120000 Sensor gain:10240 Isp gain:1032 frame rate:83 flare:512 0 ISO:1007
D/aaa_state_camera_preview(  242): [StateCameraPreview::sendIntent]<eIntent_VsyncUpdate>
D/aaa_state_camera_preview(  242): [StateCameraPreview::sendIntent]<eIntent_AFUpdate>
D/aaa_state_camera_preview(  242): [StateCameraPreview::sendIntent]<eIntent_VsyncUpdate>
D/aaa_state_camera_preview(  242): [StateCameraPreview::sendIntent]<eIntent_AFUpdate>
D/aaa_state_camera_preview(  242): [StateCameraPreview::sendIntent]<eIntent_VsyncUpdate>
D/aaa_state_camera_preview(  242): updateSensorbyI2C start
D/aaa_state_camera_preview(  242): updateSensorbyI2C end
D/aaa_state_camera_preview(  242): lv 15, cct 4131, rgain 611, bgain 512, ggain 1020, fluo idx 8, day flou idx 100
D/aaa_state_camera_preview(  242): [StateCameraPreview::sendIntent]<eIntent_AFUpdate>
I/CAM_ori/CameraManager/BackCam( 9674):  startPreview camera device = com.android.camera.AndroidCamera@db44804
I/CAM_ext/ObjectTracking( 9674): [isSupportOtCase] mISettingCtrlcom.mediatek.camera.setting.SettingCtrl@1ec364c7
D/CAM_ori/ViewManager( 9674): show() com.android.camera.manager.ModePicker@12570525
D/CAM_ori/ViewManager( 9674): show() com.android.camera.manager.ThumbnailViewManager@30e81bcc
I/CAM_ori/ThumbnailViewManager( 9674): [updateThumbnailView]this = com.android.camera.manager.ThumbnailViewManager@30e81bcc
D/CAM_ori/ViewManager( 9674): show() com.android.camera.manager.ShutterManager@3a22b346
D/CAM_ori/ViewManager( 9674): show() com.android.camera.manager.SettingManager@20f89559
D/CAM_ori/ViewManager( 9674): show() com.android.camera.manager.PickerManager@1adec977
I/SurfaceView( 9674): updateWindow -- OnPreDrawListener, mHaveFrame = true, this = com.android.camera.ui.PreviewSurfaceView{3f91152b V.E..... ........ 0,107-480,747 #7f0e0049 app:id/camera_preview}
V/MediaProvider( 1045): insertInternal>>>: uri=content://media/external/images/media, match=1, initValues=group_id=0 height=2560 focus_value_low=0 datetaken=1495610104390 mime_type=image/jpeg title=IMG_20170524_124504 _data=/storage/emulated/0/DCIM/Camera/IMG_20170524_124504.jpg _size=393945 group_index=0 camera_refocus=0 width=1920 focus_value_high=0 _display_name=IMG_20170524_124504.jpg orientation=0
V/MediaProvider( 1045): insertFile>>>: uri=content://media/external/images/media, mediaType=1, values=group_id=0 height=2560 focus_value_low=0 datetaken=1495610104390 mime_type=image/jpeg title=IMG_20170524_124504 _data=/storage/emulated/0/DCIM/Camera/IMG_20170524_124504.jpg _size=393945 group_index=0 camera_refocus=0 width=1920 focus_value_high=0 _display_name=IMG_20170524_124504.jpg orientation=0
V/MediaProvider( 1045): insertFile<<<: values=bucket_id=-1739773001 group_id=0 file_type=1 height=2560 date_modified=1495610106 focus_value_low=0 bucket_display_name=Camera datetaken=1495610104390 parent=76 format=14337 storage_id=65537 media_type=1 mime_type=image/jpeg title=IMG_20170524_124504 _data=/storage/emulated/0/DCIM/Camera/IMG_20170524_124504.jpg _size=393945 group_index=0 camera_refocus=0 date_added=1495610106 width=1920 file_name=IMG_20170524_124504.jpg focus_value_high=0 _display_name=IMG_20170524_124504.jpg orientation=0, rowId=766
V/ActivityManager(  683): Broadcast: Intent { act=com.android.camera.NEW_PICTURE dat=content://media/external/images/media/766 flg=0x10 } ordered=false userid=0 callerApp=ProcessRecord{28eddc96 9674:com.android.gallery3d/u0a50}
I/CAM_ori/ActivityBase( 9674): onFullScreenChanged(true, 1) mShowCameraAppView=true, mPaused=false, isFinishing()=false, scaleAnimation=false needUpdateSurfaceView = false getPreviewSurfaceView = com.android.camera.ui.PreviewSurfaceView{3f91152b V.E..... ........ 0,107-480,747 #7f0e0049 app:id/camera_preview}
I/SurfaceView( 9674): updateWindow -- OnPreDrawListener, mHaveFrame = true, this = com.android.camera.ui.PreviewSurfaceView{3f91152b V.E..... ........ 0,107-480,747 #7f0e0049 app:id/camera_preview}
D/ActivityThread(28171): BDC-Calling onReceive: intent=Intent { act=com.android.camera.NEW_PICTURE dat=content://media/external/images/media/766 flg=0x10 cmp=com.google.android.apps.photos/com.google.android.libraries.social.mediamonitor.MediaMonitor }, receiver=com.google.android.libraries.social.mediamonitor.MediaMonitor@17e3190a
D/aaa_state_camera_preview(  242): [StateCameraPreview::sendIntent]<eIntent_VsyncUpdate>
D/aaa_state_camera_preview(  242): lv 15, cct 4111, rgain 602, bgain 512, ggain 1014, fluo idx 40, day flou idx 100
D/ActivityThread(28171): BDC-RECEIVER handled : 0 / ReceiverData{intent=Intent { act=com.android.camera.NEW_PICTURE dat=content://media/external/images/media/766 flg=0x10 cmp=com.google.android.apps.photos/com.google.android.libraries.social.mediamonitor.MediaMonitor } packageName=com.google.android.apps.photos resultCode=-1 resultData=null resultExtras=null}
D/ActivityThread(20098): BDC-Calling onReceive: intent=Intent { act=com.android.camera.NEW_PICTURE dat=content://media/external/images/media/766 flg=0x10 cmp=com.google.android.apps.plus/com.google.android.libraries.social.mediamonitor.MediaMonitor }, receiver=com.google.android.libraries.social.mediamonitor.MediaMonitor@85a99b8
D/ActivityThread(20098): BDC-RECEIVER handled : 0 / ReceiverData{intent=Intent { act=com.android.camera.NEW_PICTURE dat=content://media/external/images/media/766 flg=0x10 cmp=com.google.android.apps.plus/com.google.android.libraries.social.mediamonitor.MediaMonitor } packageName=com.google.android.apps.plus resultCode=0 resultData=null resultExtras=null}
D/ActivityThread( 1599): BDC-Calling onReceive: intent=Intent { act=com.android.camera.NEW_PICTURE dat=content://media/external/images/media/766 flg=0x10 cmp=com.google.android.gms/com.google.android.libraries.social.mediamonitor.MediaMonitor }, receiver=com.google.android.libraries.social.mediamonitor.MediaMonitor@1fdac03d
I/CAM_ori/ThumbnailViewManager( 9674): [CMCC Performance test][Camera][Camera] camera capture end [1495610106324]
D/ActivityThread( 1599): BDC-RECEIVER handled : 0 / ReceiverData{intent=Intent { act=com.android.camera.NEW_PICTURE dat=content://media/external/images/media/766 flg=0x10 cmp=com.google.android.gms/com.google.android.libraries.social.mediamonitor.MediaMonitor } packageName=com.google.android.gms resultCode=0 resultData=null resultExtras=null}
D/aaa_state_camera_preview(  242): [StateCameraPreview::sendIntent]<eIntent_AFUpdate>
I/SurfaceView( 9674): updateWindow -- OnPreDrawListener, mHaveFrame = true, this = com.android.camera.ui.PreviewSurfaceView{3f91152b V.E..... ........ 0,107-480,747 #7f0e0049 app:id/camera_preview}
I/SurfaceView( 9674): updateWindow -- OnPreDrawListener, mHaveFrame = true, this = com.android.camera.ui.PreviewSurfaceView{3f91152b V.E..... ........ 0,107-480,747 #7f0e0049 app:id/camera_preview}
I/SurfaceView( 9674): updateWindow -- OnPreDrawListener, mHaveFrame = true, this = com.android.camera.ui.PreviewSurfaceView{3f91152b V.E..... ........ 0,107-480,747 #7f0e0049 app:id/camera_preview}
I/SurfaceView( 9674): updateWindow -- OnPreDrawListener, mHaveFrame = true, this = com.android.camera.ui.PreviewSurfaceView{3f91152b V.E..... ........ 0,107-480,747 #7f0e0049 app:id/camera_preview}
I/SurfaceView( 9674): updateWindow -- OnPreDrawListener, mHaveFrame = true, this = com.android.camera.ui.PreviewSurfaceView{3f91152b V.E..... ........ 0,107-480,747 #7f0e0049 app:id/camera_preview}
I/SurfaceView( 9674): updateWindow -- OnPreDrawListener, mHaveFrame = true, this = com.android.camera.ui.PreviewSurfaceView{3f91152b V.E..... ........ 0,107-480,747 #7f0e0049 app:id/camera_preview}
D/aaa_state_camera_preview(  242): [StateCameraPreview::sendIntent]<eIntent_VsyncUpdate>
D/aaa_state_camera_preview(  242): lv 15, cct 4105, rgain 594, bgain 512, ggain 1002, fluo idx 76, day flou idx 100
I/SurfaceView( 9674): updateWindow -- OnPreDrawListener, mHaveFrame = true, this = com.android.camera.ui.PreviewSurfaceView{3f91152b V.E..... ........ 0,107-480,747 #7f0e0049 app:id/camera_preview}
I/SurfaceView( 9674): updateWindow -- OnPreDrawListener, mHaveFrame = true, this = com.android.camera.ui.PreviewSurfaceView{3f91152b V.E..... ........ 0,107-480,747 #7f0e0049 app:id/camera_preview}
I/BufferQueueProducer(  219): [com.android.gallery3d/com.android.camera.CameraLauncher](this:0xb5c5bc00,id:468,api:1,p:9674,c:219) queueBuffer: fps=8.99 dur=1001.02 max=787.09 min=9.36
D/aaa_state_camera_preview(  242): [StateCameraPreview::sendIntent]<eIntent_AFUpdate>
I/SurfaceView( 9674): updateWindow -- OnPreDrawListener, mHaveFrame = true, this = com.android.camera.ui.PreviewSurfaceView{3f91152b V.E..... ........ 0,107-480,747 #7f0e0049 app:id/camera_preview}
I/SurfaceView( 9674): updateWindow -- OnPreDrawListener, mHaveFrame = true, this = com.android.camera.ui.PreviewSurfaceView{3f91152b V.E..... ........ 0,107-480,747 #7f0e0049 app:id/camera_preview}
I/SurfaceView( 9674): updateWindow -- OnPreDrawListener, mHaveFrame = true, this = com.android.camera.ui.PreviewSurfaceView{3f91152b V.E..... ........ 0,107-480,747 #7f0e0049 app:id/camera_preview}
I/SurfaceView( 9674): updateWindow -- OnPreDrawListener, mHaveFrame = true, this = com.android.camera.ui.PreviewSurfaceView{3f91152b V.E..... ........ 0,107-480,747 #7f0e0049 app:id/camera_preview}
I/CAM_ori/ThumbnailViewManager( 9674): [updateThumbnailView]this = com.android.camera.manager.ThumbnailViewManager@30e81bcc
I/SurfaceView( 9674): updateWindow -- OnPreDrawListener, mHaveFrame = true, this = com.android.camera.ui.PreviewSurfaceView{3f91152b V.E..... ........ 0,107-480,747 #7f0e0049 app:id/camera_preview}
D/aaa_state_camera_preview(  242): [StateCameraPreview::sendIntent]<eIntent_VsyncUpdate>
D/aaa_state_camera_preview(  242): updateSensorbyI2C start
D/aaa_state_camera_preview(  242): updateSensorbyI2C end
D/aaa_state_camera_preview(  242): lv 14, cct 4105, rgain 594, bgain 512, ggain 1002, fluo idx 76, day flou idx 100
D/aaa_state_camera_preview(  242): [StateCameraPreview::sendIntent]<eIntent_AFUpdate>
D/aaa_state_camera_preview(  242): [StateCameraPreview::sendIntent]<eIntent_VsyncUpdate>
D/aaa_state_camera_preview(  242): lv 14, cct 4110, rgain 595, bgain 512, ggain 1002, fluo idx 72, day flou idx 100
D/aaa_state_camera_preview(  242): [StateCameraPreview::sendIntent]<eIntent_AFUpdate>
D/aaa_state_camera_preview(  242): [StateCameraPreview::sendIntent]<eIntent_VsyncUpdate>
D/aaa_state_camera_preview(  242): lv 14, cct 4108, rgain 597, bgain 512, ggain 1005, fluo idx 64, day flou idx 100
D/aaa_state_camera_preview(  242): [StateCameraPreview::sendIntent]<eIntent_AFUpdate>
I/SurfaceView( 9674): updateWindow -- OnPreDrawListener, mHaveFrame = true, this = com.android.camera.ui.PreviewSurfaceView{3f91152b V.E..... ........ 0,107-480,747 #7f0e0049 app:id/camera_preview}
D/aaa_state_camera_preview(  242): [StateCameraPreview::sendIntent]<eIntent_VsyncUpdate>
D/aaa_state_camera_preview(  242): lv 14, cct 4116, rgain 599, bgain 512, ggain 1007, fluo idx 56, day flou idx 100
D/aaa_state_camera_preview(  242): [StateCameraPreview::sendIntent]<eIntent_AFUpdate>
V/WindowManager(  683): Changing focus from Window{3a68e3d1 u0 com.android.gallery3d/com.android.camera.CameraLauncher} to null Callers=com.android.server.wm.WindowManagerService.setFocusedApp:4577 com.android.server.am.ActivityManagerService.setFocusedActivityLocked:2555 com.android.server.am.ActivityStack.adjustFocusedActivityLocked:2904 com.android.server.am.ActivityStack.finishActivityLocked:3161 
I/WindowManager(  683): Losing focus: Window{3a68e3d1 u0 com.android.gallery3d/com.android.camera.CameraLauncher}
I/SurfaceView( 9674): updateWindow -- OnPreDrawListener, mHaveFrame = true, this = com.android.camera.ui.PreviewSurfaceView{3f91152b V.E..... ........ 0,107-480,747 #7f0e0049 app:id/camera_preview}
I/CAM_ori/CameraDeviceCtrl( 9674): [closeCamera] cameraState:STATE_CAMERA_OPENED
D/CAM_ori/ViewManager( 9674): hide() com.android.camera.manager.IndicatorManager@2f078663
D/aaa_state_camera_preview(  242): [StateCameraPreview::sendIntent]<eIntent_VsyncUpdate>
D/aaa_state_camera_preview(  242): lv 14, cct 4090, rgain 594, bgain 512, ggain 1005, fluo idx 72, day flou idx 100
D/aaa_state_camera_preview(  242): [StateCameraPreview::sendIntent]<eIntent_AFUpdate>
D/aaa_state_camera_preview(  242): [StateCameraPreview::sendIntent]<eIntent_VsyncUpdate>
D/aaa_state_camera_preview(  242): lv 14, cct 4105, rgain 595, bgain 512, ggain 1004, fluo idx 72, day flou idx 100
D/aaa_state_camera_preview(  242): [StateCameraPreview::sendIntent]<eIntent_AFUpdate>
D/aaa_state_camera_preview(  242): [StateCameraPreview::sendIntent]<eIntent_CameraPreviewEnd>
I/CAM_ori/CameraManager/BackCam( 9674): stopPreview camera device = com.android.camera.AndroidCamera@db44804
I/CAM_ori/FocusManager( 9674): updateFocusUI, faceExists = false, mState = 0 mFocusArea = null focusIndicator = com.android.camera.ui.FocusIndicatorRotateLayout{12da3eac V.E..... ........ 180,260-300,380 #7f0e011c app:id/focus_indicator_rotate_layout}
I/CAM_ext/CameraHolder( 9674): CameraHolder release back camera
D/Camera-JNI( 9674): (tid:10181)[native_release] + context=0x9c3a4460 camera=0xa01c60b0 
D/Camera-JNI( 9674): [native_release] context->getStrongCount(2) camera->getStrongCount(2) 
I/CameraClient(  242): Destroying camera 0
D/CameraService(  242): removeClient: clear camera 0
D/Camera-JNI( 9674): (tid:10181)[native_release] - context=0x9c3a4460 camera=0x0 
D/Camera-JNI( 9674): (tid:10181)[release camera] - X context=0x9c3a4460 
I/CAM_ori/CameraManager/BackCam( 9674): release camera device = com.android.camera.AndroidCamera@db44804
D/CameraClient(  242): camera is unlocked (mClientPid = 0), don't tear down hardware
I/CAM_ori/FocusManager( 9674): updateFocusUI, faceExists = false, mState = 0 mFocusArea = null focusIndicator = com.android.camera.ui.FocusIndicatorRotateLayout{12da3eac V.E..... ........ 180,260-300,380 #7f0e011c app:id/focus_indicator_rotate_layout}
D/CAM_ori/CameraDeviceCtrl( 9674): [setCameraState] cameraState:STATE_CAMERA_CLOSED
D/ActivityThread( 9674): ACT-AM_ON_PAUSE_CALLED ActivityRecord{3e1d2f23 token=android.os.BinderProxy@2edbec20 {com.android.gallery3d/com.android.camera.CameraLauncher}}
W/CAM_ext/CameraDeviceManagerImpl( 9674): [getCameraDevice]return null,cameraId = 0,mICurCameraDevice.getCameraId() = -1,mITopCameraDevice.getCameraId() = -1
I/CAM_ext/RemoteCameraAddition( 9674): [clearPreviewCallback], cameraDevice is null
W/System.err( 9674): 	at com.android.camera.Util.closeSilently(Util.java:431)
W/System.err( 9674): 	at com.android.camera.Thumbnail.saveLastThumbnailToFile(Thumbnail.java:136)
W/System.err( 9674): 	at com.android.camera.manager.ThumbnailViewManager$SaveThumbnailTask.doInBackground(ThumbnailViewManager.java:405)
W/System.err( 9674): 	at com.android.camera.manager.ThumbnailViewManager$SaveThumbnailTask.doInBackground(ThumbnailViewManager.java:398)
I/SurfaceView( 9674): updateWindow -- setFrame, this = com.android.camera.ui.PreviewSurfaceView{3f91152b V.E..... ......ID 719,1065-719,1066 #7f0e0049 app:id/camera_preview}
I/SurfaceView( 9674): Changes: creating=false format=false size=true visible=false left=true top=true mUpdateWindowNeeded=false mReportDrawNeeded=false redrawNeeded=false forceSizeChanged=true mVisible=true mRequestedVisible=true, this = com.android.camera.ui.PreviewSurfaceView{3f91152b V.E..... ......ID 719,1065-719,1066 #7f0e0049 app:id/camera_preview}
I/SurfaceView( 9674): Cur surface: Surface(name=null)/@0x253077d5, this = com.android.camera.ui.PreviewSurfaceView{3f91152b V.E..... ......ID 719,1065-719,1066 #7f0e0049 app:id/camera_preview}
V/SurfaceView( 9674): this = com.android.camera.ui.PreviewSurfaceView{3f91152b V.E..... ......ID 719,1065-719,1066 #7f0e0049 app:id/camera_preview} got resized: w=0 h=1, cur w=-1 h=-1
I/SurfaceView( 9674): New surface: Surface(name=null)/@0x1de41bea, vis=true, frame=Rect(719, 1065 - 719, 1066), this = com.android.camera.ui.PreviewSurfaceView{3f91152b V.E..... ......ID 719,1065-719,1066 #7f0e0049 app:id/camera_preview}
I/SurfaceView( 9674): surfaceChanged -- format=4 w=0 h=1, this = com.android.camera.ui.PreviewSurfaceView{3f91152b V.E..... ......ID 719,1065-719,1066 #7f0e0049 app:id/camera_preview}
I/SurfaceView( 9674): surfaceChanged callback +, this = com.android.camera.ui.PreviewSurfaceView{3f91152b V.E..... ......ID 719,1065-719,1066 #7f0e0049 app:id/camera_preview}
I/SurfaceView( 9674): surfaceChanged callback -, this = com.android.camera.ui.PreviewSurfaceView{3f91152b V.E..... ......ID 719,1065-719,1066 #7f0e0049 app:id/camera_preview}
V/SurfaceView( 9674): Layout: x=719 y=1065 w=0 h=1, frame=Rect(0, 0 - 0, 1), this = com.android.camera.ui.PreviewSurfaceView{3f91152b V.E..... ......ID 719,1065-719,1066 #7f0e0049 app:id/camera_preview}
I/SurfaceView( 9674): updateWindow -- OnPreDrawListener, mHaveFrame = false, this = com.android.camera.ui.PreviewSurfaceView{3f91152b V.E..... ......ID 719,1065-719,1066 #7f0e0049 app:id/camera_preview}
I/SurfaceView( 9674): updateWindow -- OnPreDrawListener, mHaveFrame = false, this = com.android.camera.ui.PreviewSurfaceView{3f91152b V.E..... ......ID 719,1065-719,1066 #7f0e0049 app:id/camera_preview}
I/BufferQueueProducer(  219): [com.android.gallery3d/com.android.camera.CameraLauncher](this:0xb5c5bc00,id:468,api:1,p:9674,c:219) queueBuffer: fps=7.84 dur=1020.36 max=469.02 min=16.63
I/SurfaceView( 9674): updateWindow -- onWindowVisibilityChanged, visibility = 8, this = com.android.camera.ui.PreviewSurfaceView{3f91152b V.E..... ......ID 719,1065-719,1066 #7f0e0049 app:id/camera_preview}
I/BufferQueueProducer(  219): [com.android.gallery3d/com.android.camera.CameraLauncher](this:0xb5c5bc00,id:468,api:1,p:-1,c:219) disconnect(P): api 1
I/BufferQueueConsumer(  219): [com.android.gallery3d/com.android.camera.CameraLauncher](this:0xb5c5bc00,id:468,api:1,p:-1,c:219) getReleasedBuffers: returning mask 0xffffffffffffffff
I/SurfaceView( 9674): updateWindow -- OnPreDrawListener, mHaveFrame = false, this = com.android.camera.ui.PreviewSurfaceView{3f91152b V.E..... ......ID 719,1065-719,1066 #7f0e0049 app:id/camera_preview}
I/MtkGallery2/MediaFilterSetting( 9674): <removeFilter> activity = com.android.camera.CameraActivity@15e3aa4c
I/SurfaceView( 9674): updateWindow -- setVisibility, visibility = 8, this = com.android.camera.ui.PreviewSurfaceView{3f91152b G.E..... ......ID 719,1065-719,1066 #7f0e0049 app:id/camera_preview}
D/CAM_ext/SettingCtrl( 9674): resetSettings() remove key[pref_camera_exposure_key]
D/CAM_ext/SettingCtrl( 9674): resetSettings() remove key[pref_camera_exposuremeter_key]
D/CAM_ext/SettingCtrl( 9674): resetSettings() remove key[pref_camera_focusmode_key]
D/CAM_ext/SettingCtrl( 9674): resetSettings() remove key[pref_camera_scenemode_key]
D/CAM_ext/SettingCtrl( 9674): resetSettings() remove key[pref_camera_whitebalance_key]
D/CAM_ext/SettingCtrl( 9674): resetSettings() remove key[pref_camera_coloreffect_key]
D/CAM_ext/SettingCtrl( 9674): resetSettings() remove key[pref_camera_self_timer_key]
D/CAM_ext/SettingCtrl( 9674): resetSettings() remove key[pref_camera_edge_key]
D/CAM_ext/SettingCtrl( 9674): resetSettings() remove key[pref_camera_hue_key]
D/CAM_ext/SettingCtrl( 9674): resetSettings() remove key[pref_camera_saturation_key]
D/CAM_ext/SettingCtrl( 9674): resetSettings() remove key[pref_camera_brightness_key]
D/CAM_ext/SettingCtrl( 9674): resetSettings() remove key[pref_camera_contrast_key]
D/CAM_ext/SettingCtrl( 9674): resetSettings() remove key[pref_camera_iso_key]
D/CAM_ext/SettingCtrl( 9674): resetSettings() remove key[pref_camera_video_hd_recording_key]
I/SurfaceView( 9674): updateWindow -- onDetachedFromWindow, this = com.android.camera.ui.PreviewSurfaceView{3f91152b G.E..... ......ID 719,1065-719,1066 #7f0e0049 app:id/camera_preview}
D/ActivityThread( 9674): SVC-UNBIND_SERVICE handled : 0 / BindServiceData{token=android.os.BinderProxy@c5ddfde intent=Intent { cmp=com.android.gallery3d/com.android.camera.FileSaverService }}
D/ActivityThread( 9674): SVC-Destroying service: com.android.camera.FileSaverService@3b0e7a44
D/CAM_ori/ViewManager( 9674): hide() com.android.camera.manager.InfoManager@124c5f76
D/CAM_ori/ViewManager( 9674): hide() com.android.camera.manager.RemainingManager@228cc2aa
D/CAM_ori/ViewManager( 9674): show() com.android.camera.manager.IndicatorManager@2f078663
D/CAM_ori/IndicatorManager( 9674): onRefresh() i=0, key[pref_camera_whitebalance_key]=auto, view=com.android.camera.ui.RotateImageView{69af6b0 G.ED.... ......I. 0,0-0,0 #7f0e01a4 app:id/onscreen_white_balance_indicator}, default=auto, override=null, showcount=0
D/CAM_ori/IndicatorManager( 9674): onRefresh() i=1, key[pref_camera_scenemode_key]=auto, view=com.android.camera.ui.RotateImageView{3d3e89f3 G.ED.... ......I. 0,0-0,0 #7f0e01a3 app:id/onscreen_scene_indicator}, default=auto, override=null, showcount=0
D/CAM_ori/IndicatorManager( 9674): onRefresh() i=2, key[pref_camera_exposure_key]=0, view=com.android.camera.ui.RotateImageView{344d929 G.ED.... ......I. 0,0-0,0 #7f0e01a5 app:id/onscreen_exposure_indicator}, default=0, override=null, showcount=0
D/CAM_ori/IndicatorManager( 9674): onRefresh() i=3, key[pref_video_time_lapse_frame_interval_key]=0, view=com.android.camera.ui.RotateImageView{3d3124ae G.ED.... ......I. 0,0-0,0 #7f0e01a6 app:id/onscreen_timelapse_indicator}, default=0, override=null, showcount=0
D/CAM_ori/IndicatorManager( 9674): onRefresh() i=4, key[pref_camera_self_timer_key]=0, view=com.android.camera.ui.RotateImageView{13add24f G.ED.... ......I. 0,0-0,0 #7f0e01a7 app:id/onscreen_selftimer_indicator}, default=0, override=null, showcount=0
D/CAM_ori/IndicatorManager( 9674): onRefresh() i=5, key[pref_voice_key]=off, view=com.android.camera.ui.RotateAnimationImageView{2aa8dee5 G.ED.... ......I. 0,0-0,0 #7f0e01a9 app:id/onscreen_voice_indicator}, default=off, override=null, showcount=0
I/BufferQueueConsumer(  219): [com.android.gallery3d/com.android.camera.CameraLauncher](this:0xb5c5bc00,id:468,api:1,p:-1,c:-1) disconnect(C)
I/BufferQueue(  219): [com.android.gallery3d/com.android.camera.CameraLauncher](this:0xb5c5bc00,id:468,api:1,p:-1,c:-1) ~BufferQueueCore
I/ActivityManager(  683): START u0 {act=android.intent.action.MAIN cat=[android.intent.category.LAUNCHER] flg=0x10200000 cmp=com.android.gallery3d/com.android.camera.CameraLauncher bnds=[240,438][357,556] (has extras)} from uid 10015 on display 0
D/ActivityManager(  683): [BMW] insertTaskAtTop fromHome = true lastStack = ActivityStack{297523ce stackId=0, 2 tasks} this = ActivityStack{36ae0c9 stackId=1, 52 tasks} topTask() = TaskRecord{3f1e542 #1340 A=com.android.camera U=0 sz=0}
V/WindowManager(  683): addAppToken: AppWindowToken{15bd138e token=Token{6a1b789 ActivityRecord{210caf8d u0 com.android.gallery3d/com.android.camera.CameraLauncher t1340}}} to stack=1 task=1340 at 0
V/ActivityThread( 9674): Handling launch of ActivityRecord{1f446b token=android.os.BinderProxy@29eaebc8 {com.android.gallery3d/com.android.camera.CameraLauncher}}
V/ActivityThread( 9674): ActivityRecord{1f446b token=android.os.BinderProxy@29eaebc8 {com.android.gallery3d/com.android.camera.CameraLauncher}}: app=com.android.gallery3d.app.GalleryAppImpl@3d8b320e, appName=com.android.gallery3d, pkg=com.android.gallery3d, comp={com.android.gallery3d/com.android.camera.CameraLauncher}, dir=/system/app/Gallery2/Gallery2.apk
I/MtkGallery2/MediaFilterSetting( 9674): <setCurrentFilter> activity = com.android.camera.CameraActivity@20a6fc74
I/MtkGallery2/MediaFilterSetting( 9674): <logAllFilter> 1. [com.android.camera.CameraActivity@20a6fc74], [INCLUDE_DRM_FL, INCLUDE_DRM_CD, INCLUDE_DRM_SD, INCLUDE_DRM_FLDCF, INCLUDE_CONSHOT_GROUP, ], >>> This is current !!
D/CAM_ori/CameraDeviceCtrl( 9674): [cameraStartUpThreadDone]
I/CAM_ext/ContinuousShot( 9674): [setListener]listener = com.mediatek.camera.mode.PhotoMode@5cded3f
W/CAM_ext/CameraDeviceManagerImpl( 9674): [getCameraDevice]return null,cameraId = 0,mICurCameraDevice.getCameraId() = -1,mITopCameraDevice.getCameraId() = -1
I/CAM_ori/CameraActivity( 9674): [getSelfTimeManager] mISelfTimeManager = com.android.camera.bridge.SelfTimerManager@34b1660c
D/CAM_ori/CameraDeviceCtrl( 9674): [openCamera] cameraState:STATE_CAMERA_CLOSED
D/CAM_ori/CameraDeviceCtrl( 9674): [setCameraState] cameraState:STATE_OPENING_CAMERA
V/CameraApp/ExtensionHelper( 9674): getCameraFeatureExtension() sCameraFeatureExtension=com.mediatek.camera.ext.DefaultCameraFeatureExt@3edd76e9
I/CAM_ori/Util( 9674): [retryOpen] cameraId = 0
I/CAM_ext/CameraHolder( 9674): CameraHolder open cameraId = 0
I/CAM_ext/CameraHolder( 9674): open camera 0
D/CameraService(  242): [CameraService::newMediaPlayer] + (/system/media/audio/ui/camera_click.ogg)
I/MediaPlayerService(  242): [setDataSource] setDataSource(/system/media/audio/ui/camera_click.ogg)
D/DrmMtkUtil/DrmUtil(  242): checkDcf ----> path [/system/media/audio/ui/camera_click.ogg]
V/DrmMtkUtil/DrmUtil(  242): checkExistence ----> [/system/media/audio/ui/camera_click.ogg]
I/NuPlayer(  242): local stream:/system/media/audio/ui/camera_click.ogg
I/MediaPlayerService(  242): [setDataSource] setDataSource(/system/media/audio/ui/camera_click.ogg) done
D/CAM_ori/PreviewFrameLayout( 9674): setAspectRatio(1.3333333333333333) mAspectRatio=0.0, com.android.camera.ui.PreviewFrameLayout{97f544b V.E..... ......I. 0,0-0,0 #7f0e01fb app:id/frame}
I/MtkGallery2/PhotoPlayFacade( 9674): <registerMedias> Context = com.android.camera.CameraActivity@20a6fc74, GLIdleExecuter = com.mediatek.galleryframework.gl.GLIdleExecuter@1c6a0b04
V/ActivityThread( 9674): Performing resume of ActivityRecord{1f446b token=android.os.BinderProxy@29eaebc8 {com.android.gallery3d/com.android.camera.CameraLauncher}}
I/CameraClient(  242): Opening camera 0
I/CAM_ext/CameraHolder( 9674): open camera 0 end mCameraProxy = com.android.camera.CameraManager$CameraProxy@3dcc02e8
D/ActivityThread( 9674): ACT-AM_ON_RESUME_CALLED ActivityRecord{1f446b token=android.os.BinderProxy@29eaebc8 {com.android.gallery3d/com.android.camera.CameraLauncher}}
V/ActivityThread( 9674): Resume ActivityRecord{1f446b token=android.os.BinderProxy@29eaebc8 {com.android.gallery3d/com.android.camera.CameraLauncher}} started activity: false, hideForNow: false, finished: false
V/WindowManager(  683): Adding window Window{361ea481 u0 com.android.gallery3d/com.android.camera.CameraLauncher} at 16 of 20 (before Window{395b57ec u0 Starting com.android.gallery3d})
D/CAM_ori/ShutterManager( 9674): applyListener() mPhotoShutter=(com.android.camera.ui.ShutterButton{3794871 VFED..CL ......ID 0,0-0,0 #7f0e004e app:id/shutter_button_photo}, null), mVideoShutter=(com.android.camera.ui.ShutterButton{d5c5fb VFED..CL ......ID 0,0-0,0 #7f0e004c app:id/shutter_button_video}, null), mOkButton=(null, null), mCancelButton=(null, null)
V/ActivityThread( 9674): Resuming ActivityRecord{1f446b token=android.os.BinderProxy@29eaebc8 {com.android.gallery3d/com.android.camera.CameraLauncher}} with isForward=true
V/ActivityThread( 9674): Scheduling idle handler for ActivityRecord{1f446b token=android.os.BinderProxy@29eaebc8 {com.android.gallery3d/com.android.camera.CameraLauncher}}
D/ActivityThread( 9674): ACT-LAUNCH_ACTIVITY handled : 0 / ActivityRecord{1f446b token=android.os.BinderProxy@29eaebc8 {com.android.gallery3d/com.android.camera.CameraLauncher}}
D/ActivityThread( 9674): SVC-Creating service: CreateServiceData{token=android.os.BinderProxy@30f9c6d className=com.android.camera.FileSaverService packageName=com.android.gallery3d intent=null}
D/ActivityThread( 9674): SVC-CREATE_SERVICE handled : 0 / CreateServiceData{token=android.os.BinderProxy@30f9c6d className=com.android.camera.FileSaverService packageName=com.android.gallery3d intent=null}
D/ActivityThread( 9674): SVC-BIND_SERVICE handled : 0 / BindServiceData{token=android.os.BinderProxy@30f9c6d intent=Intent { cmp=com.android.gallery3d/com.android.camera.FileSaverService }}
I/CAM_ori/ThumbnailViewManager( 9674): [updateThumbnailView]this = com.android.camera.manager.ThumbnailViewManager@3d08faad
I/CAM_ori/CameraActivity( 9674): [onCreate] end, mISelfTimeManager = com.android.camera.bridge.SelfTimerManager@34b1660c
I/MtkGallery2/MediaFilterSetting( 9674): <restoreFilter> activity = com.android.camera.CameraActivity@20a6fc74
I/MtkGallery2/MediaFilterSetting( 9674): <logAllFilter> 1. [com.android.camera.CameraActivity@20a6fc74], [INCLUDE_DRM_FL, INCLUDE_DRM_CD, INCLUDE_DRM_SD, INCLUDE_DRM_FLDCF, INCLUDE_CONSHOT_GROUP, ], >>> This is current !!
I/MtkGallery2/PhotoPlayFacade( 9674): <registerMedias> Context = com.android.camera.CameraActivity@20a6fc74, GLIdleExecuter = com.mediatek.galleryframework.gl.GLIdleExecuter@1c6a0b04
I/CAM_ext/SettingGenerator( 9674): [createPreferences], cameraId:0, group:com.mediatek.camera.setting.preference.PreferenceGroup@1b83df4
I/CAM_ext/SettingGenerator( 9674): [filterPreference], key:pref_camera_id_key, removePreference:false
D/CAM_ext/ListPreference( 9674): [getValue]reload defaultValue=0, real=0,mkey = pref_camera_id_key
I/CAM_ext/SettingGenerator( 9674): [updateSettingItem] key:pref_camera_id_key, defaultValue:0, value:0
I/CAM_ext/SettingGenerator( 9674): [filterPreference], key:pref_camera_exposure_key, removePreference:false
D/CAM_ext/ListPreference( 9674): [getValue]reload defaultValue=0, real=0,mkey = pref_camera_exposure_key
I/CAM_ext/SettingGenerator( 9674): [updateSettingItem] key:pref_camera_exposure_key, defaultValue:0, value:0
V/CameraApp/ExtensionHelper( 9674): getCameraFeatureExtension() sCameraFeatureExtension=com.mediatek.camera.ext.DefaultCameraFeatureExt@3edd76e9
D/CAM_ext/ListPreference( 9674): [getValue]reload defaultValue=auto, real=auto,mkey = pref_camera_scenemode_key
I/CAM_ext/SettingGenerator( 9674): [filterPreference], key:pref_camera_scenemode_key, removePreference:false
D/CAM_ext/ListPreference( 9674): [getValue]reload defaultValue=auto, real=auto,mkey = pref_camera_scenemode_key
I/CAM_ext/SettingGenerator( 9674): [updateSettingItem] key:pref_camera_scenemode_key, defaultValue:auto, value:auto
V/CameraApp/ExtensionHelper( 9674): getCameraFeatureExtension() sCameraFeatureExtension=com.mediatek.camera.ext.DefaultCameraFeatureExt@3edd76e9
D/CAM_ext/ListPreference( 9674): [getValue]reload defaultValue=auto, real=auto,mkey = pref_camera_whitebalance_key
I/CAM_ext/SettingGenerator( 9674): [filterPreference], key:pref_camera_whitebalance_key, removePreference:false
D/CAM_ext/ListPreference( 9674): [getValue]reload defaultValue=auto, real=auto,mkey = pref_camera_whitebalance_key
I/CAM_ext/SettingGenerator( 9674): [updateSettingItem] key:pref_camera_whitebalance_key, defaultValue:auto, value:auto
D/CAM_ext/ListPreference( 9674): [getValue]reload defaultValue=none, real=none,mkey = pref_camera_coloreffect_key
I/CAM_ext/SettingGenerator( 9674): [filterPreference], key:pref_camera_coloreffect_key, removePreference:false
D/CAM_ext/ListPreference( 9674): [getValue]reload defaultValue=none, real=none,mkey = pref_camera_coloreffect_key
I/CAM_ext/SettingGenerator( 9674): [updateSettingItem] key:pref_camera_coloreffect_key, defaultValue:none, value:none
I/CAM_ext/SettingGenerator( 9674): [filterPreference], key:pref_camera_self_timer_key, removePreference:false
D/CAM_ext/ListPreference( 9674): [getValue]reload defaultValue=0, real=0,mkey = pref_camera_self_timer_key
I/CAM_ext/SettingGenerator( 9674): [updateSettingItem] key:pref_camera_self_timer_key, defaultValue:0, value:0
I/CAM_ext/SettingGenerator( 9674): [filterPreference], key:pref_camera_shot_number, removePreference:false
D/CAM_ext/ListPreference( 9674): [getValue]reload defaultValue=40, real=40,mkey = pref_camera_shot_number
I/CAM_ext/SettingGenerator( 9674): [updateSettingItem] key:pref_camera_shot_number, defaultValue:40, value:40
I/CAM_ext/SettingGenerator( 9674): [filterPreference], key:pref_camera_recordlocation_key, removePreference:false
I/CAM_ext/SettingGenerator( 9674): [updateSettingItem] key:pref_camera_recordlocation_key, defaultValue:none, value:off
D/CAM_ext/ListPreference( 9674): [getValue]reload defaultValue=auto, real=auto,mkey = pref_camera_iso_key
I/CAM_ext/SettingGenerator( 9674): [filterPreference], key:pref_camera_iso_key, removePreference:false
D/CAM_ext/ListPreference( 9674): [getValue]reload defaultValue=auto, real=auto,mkey = pref_camera_iso_key
I/CAM_ext/SettingGenerator( 9674): [updateSettingItem] key:pref_camera_iso_key, defaultValue:auto, value:auto
D/CAM_ext/ListPreference( 9674): [getValue]reload defaultValue=auto, real=auto,mkey = pref_camera_antibanding_key
I/CAM_ext/SettingGenerator( 9674): [filterPreference], key:pref_camera_antibanding_key, removePreference:false
D/CAM_ext/ListPreference( 9674): [getValue]reload defaultValue=auto, real=auto,mkey = pref_camera_antibanding_key
I/CAM_ext/SettingGenerator( 9674): [updateSettingItem] key:pref_camera_antibanding_key, defaultValue:auto, value:auto
I/CAM_ext/SettingGenerator( 9674): [filterPreference], key:pref_camera_recordaudio_key, removePreference:false
D/CAM_ext/ListPreference( 9674): [getValue]reload defaultValue=on, real=on,mkey = pref_camera_recordaudio_key
I/CAM_ext/SettingGenerator( 9674): [updateSettingItem] key:pref_camera_recordaudio_key, defaultValue:on, value:on
I/CAM_ext/SettingGenerator( 9674): [filterPreference], key:pref_camera_video_hd_recording_key, removePreference:false
D/CAM_ext/ListPreference( 9674): [getValue]reload defaultValue=normal, real=normal,mkey = pref_camera_video_hd_recording_key
I/CAM_ext/SettingGenerator( 9674): [updateSettingItem] key:pref_camera_video_hd_recording_key, defaultValue:normal, value:normal
I/CAM_ext/SettingUtils( 9674): findFullscreenRatio(com.android.camera.bridge.ParametersExt@3d0ae91d) return 1.7778
D/CAM_ext/SettingUtils( 9674): buildPreviewRatios(com.android.camera.bridge.ParametersExt@3d0ae91d) add supportedRatio 1.7778
D/CAM_ext/ListPreference( 9674): [getValue]reload defaultValue=null, real=1.3333,mkey = pref_camera_picturesize_ratio_key
I/CAM_ext/SettingGenerator( 9674): [filterPreference], key:pref_camera_picturesize_ratio_key, removePreference:false
D/CAM_ext/ListPreference( 9674): [getValue]reload defaultValue=null, real=1.3333,mkey = pref_camera_picturesize_ratio_key
I/CAM_ext/SettingGenerator( 9674): [updateSettingItem] key:pref_camera_picturesize_ratio_key, defaultValue:1.3333, value:1.3333
D/CAM_ext/ListPreference( 9674): [getValue]reload defaultValue=null, real=2560x1920,mkey = pref_camera_picturesize_key
D/CAM_ext/SettingUtils( 9674): buildSupportedPictureSize(com.android.camera.bridge.ParametersExt@3d0ae91d, 1.3333)7
I/CAM_ext/SettingGenerator( 9674): [filterPreference], key:pref_camera_picturesize_key, removePreference:false
D/CAM_ext/ListPreference( 9674): [getValue]reload defaultValue=null, real=2560x1920,mkey = pref_camera_picturesize_key
I/CAM_ext/SettingGenerator( 9674): [updateSettingItem] key:pref_camera_picturesize_key, defaultValue:2560x1920, value:2560x1920
D/CAM_ext/ListPreference( 9674): [getValue]reload defaultValue=off, real=off,mkey = pref_camera_zsd_key
I/CAM_ext/SettingGenerator( 9674): [filterPreference], key:pref_camera_zsd_key, removePreference:false
D/CAM_ext/ListPreference( 9674): [getValue]reload defaultValue=off, real=off,mkey = pref_camera_zsd_key
I/CAM_ext/SettingGenerator( 9674): [updateSettingItem] key:pref_camera_zsd_key, defaultValue:off, value:off
I/CAM_ext/SettingGenerator( 9674): [filterPreference], key:perf_camera_ais_key, removePreference:true
I/CAM_ext/SettingGenerator( 9674): [updateSettingItem] preference is null, key:perf_camera_ais_key
D/CAM_ext/ListPreference( 9674): [getValue]reload defaultValue=middle, real=middle,mkey = pref_camera_edge_key
I/CAM_ext/SettingGenerator( 9674): [filterPreference], key:pref_camera_edge_key, removePreference:false
D/CAM_ext/ListPreference( 9674): [getValue]reload defaultValue=middle, real=middle,mkey = pref_camera_edge_key
I/CAM_ext/SettingGenerator( 9674): [updateSettingItem] key:pref_camera_edge_key, defaultValue:middle, value:middle
D/CAM_ext/ListPreference( 9674): [getValue]reload defaultValue=middle, real=middle,mkey = pref_camera_hue_key
I/CAM_ext/SettingGenerator( 9674): [filterPreference], key:pref_camera_hue_key, removePreference:false
D/CAM_ext/ListPreference( 9674): [getValue]reload defaultValue=middle, real=middle,mkey = pref_camera_hue_key
I/CAM_ext/SettingGenerator( 9674): [updateSettingItem] key:pref_camera_hue_key, defaultValue:middle, value:middle
D/CAM_ext/ListPreference( 9674): [getValue]reload defaultValue=middle, real=middle,mkey = pref_camera_saturation_key
I/CAM_ext/SettingGenerator( 9674): [filterPreference], key:pref_camera_saturation_key, removePreference:false
D/CAM_ext/ListPreference( 9674): [getValue]reload defaultValue=middle, real=middle,mkey = pref_camera_saturation_key
I/CAM_ext/SettingGenerator( 9674): [updateSettingItem] key:pref_camera_saturation_key, defaultValue:middle, value:middle
D/CAM_ext/ListPreference( 9674): [getValue]reload defaultValue=middle, real=middle,mkey = pref_camera_brightness_key
I/CAM_ext/SettingGenerator( 9674): [filterPreference], key:pref_camera_brightness_key, removePreference:false
D/CAM_ext/ListPreference( 9674): [getValue]reload defaultValue=middle, real=middle,mkey = pref_camera_brightness_key
I/CAM_ext/SettingGenerator( 9674): [updateSettingItem] key:pref_camera_brightness_key, defaultValue:middle, value:middle
D/CAM_ext/ListPreference( 9674): [getValue]reload defaultValue=middle, real=middle,mkey = pref_camera_contrast_key
I/CAM_ext/SettingGenerator( 9674): [filterPreference], key:pref_camera_contrast_key, removePreference:false
D/CAM_ext/ListPreference( 9674): [getValue]reload defaultValue=middle, real=middle,mkey = pref_camera_contrast_key
I/CAM_ext/SettingGenerator( 9674): [updateSettingItem] key:pref_camera_contrast_key, defaultValue:middle, value:middle
D/CAM_ext/ListPreference( 9674): [getValue]reload defaultValue=null, real=middle,mkey = pref_camera_image_properties_key
I/CAM_ext/SettingGenerator( 9674): [filterPreference], key:pref_camera_image_properties_key, removePreference:false
D/CAM_ext/ListPreference( 9674): [getValue]reload defaultValue=null, real=middle,mkey = pref_camera_image_properties_key
I/CAM_ext/SettingGenerator( 9674): [updateSettingItem] key:pref_camera_image_properties_key, defaultValue:Default, value:middle
D/CAM_ext/ListPreference( 9674): [getValue]reload defaultValue=auto, real=auto,mkey = pref_camera_flashmode_key
I/CAM_ext/SettingGenerator( 9674): [filterPreference], key:pref_camera_flashmode_key, removePreference:false
D/CAM_ext/ListPreference( 9674): [getValue]reload defaultValue=auto, real=auto,mkey = pref_camera_flashmode_key
I/CAM_ext/SettingGenerator( 9674): [updateSettingItem] key:pref_camera_flashmode_key, defaultValue:auto, value:auto
D/CAM_ext/ListPreference( 9674): [getValue]reload defaultValue=0, real=0,mkey = pref_camera_id_key
I/CAM_ext/SettingGenerator( 9674): [updateSettingItem] key:pref_camera_id_key, defaultValue:0, value:0
D/CAM_ext/ListPreference( 9674): [getValue]reload defaultValue=0, real=0,mkey = pref_camera_exposure_key
I/CAM_ext/SettingGenerator( 9674): [updateSettingItem] key:pref_camera_exposure_key, defaultValue:0, value:0
D/CAM_ext/ListPreference( 9674): [getValue]reload defaultValue=auto, real=auto,mkey = pref_camera_scenemode_key
I/CAM_ext/SettingGenerator( 9674): [updateSettingItem] key:pref_camera_scenemode_key, defaultValue:auto, value:auto
D/CAM_ext/ListPreference( 9674): [getValue]reload defaultValue=auto, real=auto,mkey = pref_camera_whitebalance_key
I/CAM_ext/SettingGenerator( 9674): [updateSettingItem] key:pref_camera_whitebalance_key, defaultValue:auto, value:auto
D/CAM_ext/ListPreference( 9674): [getValue]reload defaultValue=none, real=none,mkey = pref_camera_coloreffect_key
I/CAM_ext/SettingGenerator( 9674): [updateSettingItem] key:pref_camera_coloreffect_key, defaultValue:none, value:none
I/CAM_ext/SettingGenerator( 9674): [updateSettingItem] key:pref_camera_recordlocation_key, defaultValue:none, value:off
I/CAM_ext/SettingGenerator( 9674): [updateSettingItem] key:pref_camera_edge_key, defaultValue:middle, value:middle
D/CAM_ext/SettingCtrl( 9674): [queryResultSettings], conditionKey:panorama_key, resultKeys:pref_smile_shot_key, pref_gesture_shot_key, pref_hdr_key, pref_asd_key, pref_camera_id_key, pref_camera_scenemode_key, pref_camera_coloreffect_key, pref_camera_self_timer_key, pref_camera_shot_number, pref_camera_picturesize_ratio_key, pref_camera_picturesize_key, pref_camera_zsd_key, pref_voice_key, perf_camera_ais_key, camera_mode_key, capture_mode_key, recoding_hint_key, pref_camera_flashmode_key, pref_camera_jpegquality_key, pref_facebeauty_smooth_key, pref_facebeauty_skin_color_key, pref_facebeauty_sharp_key, pref_face_detect_key, mute_recoding_sound_key, pref_facebeauty_slim_key, pref_facebeauty_big_eyes_key, pref_camera_exposuremeter_key, 
I/CAM_ext/CommonRule( 9674): [execute], conditionSetting:panorama_key, conditionValue:off, resultSetting:pref_camera_scenemode_key, resultSettingValue:auto, index = -1
I/CAM_ext/CommonRule( 9674): [execute], conditionSetting:panorama_key, conditionValue:off, resultSetting:pref_camera_picturesize_ratio_key, resultSettingValue:1.3333, index = -1
I/CAM_ext/CommonRule( 9674): [execute], conditionSetting:panorama_key, conditionValue:off, resultSetting:pref_camera_picturesize_key, resultSettingValue:2560x1920, index = -1
I/CAM_ext/CommonRule( 9674): [execute], conditionSetting:panorama_key, conditionValue:off, resultSetting:pref_camera_zsd_key, resultSettingValue:off, index = -1
I/CAM_ext/CommonRule( 9674): [execute], conditionSetting:panorama_key, conditionValue:off, resultSetting:perf_camera_ais_key, resultSettingValue:off, index = -1
I/CAM_ext/CommonRule( 9674): [execute], conditionSetting:panorama_key, conditionValue:off, resultSetting:camera_mode_key, resultSettingValue:1, index = -1
D/CAM_ext/SettingCtrl( 9674): [queryResultSettings], conditionKey:pref_asd_key, resultKeys:pref_slow_motion_key, pref_smile_shot_key, pref_gesture_shot_key, pref_hdr_key, pref_camera_id_key, pref_camera_scenemode_key, pref_camera_whitebalance_key, pref_camera_coloreffect_key, pref_camera_shot_number, pref_camera_zsd_key, perf_camera_ais_key, camera_mode_key, capture_mode_key, recoding_hint_key, pref_camera_jpegquality_key, pref_facebeauty_smooth_key, pref_facebeauty_skin_color_key, pref_facebeauty_sharp_key, pref_face_detect_key, mute_recoding_sound_key, pref_facebeauty_slim_key, pref_facebeauty_big_eyes_key, 
I/CAM_ext/CommonRule( 9674): [execute], conditionSetting:pref_asd_key, conditionValue:off, resultSetting:pref_camera_id_key, resultSettingValue:0, index = -1
I/CAM_ext/CommonRule( 9674): [execute], conditionSetting:pref_asd_key, conditionValue:off, resultSetting:pref_camera_scenemode_key, resultSettingValue:auto, index = -1
I/CAM_ext/SettingCtrl( 9674): [onSettingChanged], key: pref_camera_iso_key, value:auto, lastValue:null
D/CAM_ext/SettingCtrl( 9674): [queryResultSettings], conditionKey:camera_mode_key, resultKeys:null
D/CAM_ext/SettingCtrl( 9674): [queryResultSettings], conditionKey:recoding_hint_key, resultKeys:pref_camera_flashmode_key, 
I/CAM_ext/CommonRule( 9674): [execute], conditionSetting:recoding_hint_key, conditionValue:false, resultSetting:pref_camera_flashmode_key, resultSettingValue:auto, index = 0
I/CAM_ext/ParametersHelper( 9674): [setParameters]key = pref_camera_flashmode_key,value = auto,settingIndex = 46
I/CAM_ext/SettingCtrl( 9674): [onSettingChanged], key: pref_camera_flashmode_key, value:auto, lastValue:auto
I/CAM_ext/SettingCtrl( 9674): [onSettingChanged], key: pref_camera_jpegquality_key, value:2, lastValue:null
I/CAM_ext/ParametersHelper( 9674): [setParameters]key = pref_camera_jpegquality_key,value = 2,settingIndex = 47
V/WindowManager(  683): Changing focus from null to Window{361ea481 u0 com.android.gallery3d/com.android.camera.CameraLauncher} Callers=com.android.server.wm.WindowManagerService.relayoutWindow:3687 com.android.server.wm.Session.relayout:203 android.view.IWindowSession$Stub.onTransact:273 com.android.server.wm.Session.onTransact:136 
D/CAM_ext/SettingCtrl( 9674): [queryResultSettings], conditionKey:pref_camera_jpegquality_key, resultKeys:null
I/CAM_ext/SettingCtrl( 9674): [onSettingChanged], key: pref_camera_id_key, value:0, lastValue:0
I/CAM_ext/SettingCtrl( 9674): [onSettingChanged], key: pref_camera_exposure_key, value:0, lastValue:0
I/CAM_ext/SettingCtrl( 9674): [onSettingChanged], key: pref_camera_scenemode_key, value:auto, lastValue:auto
I/CAM_ext/SettingCtrl( 9674): [onSettingChanged], key: pref_camera_whitebalance_key, value:auto, lastValue:auto
I/CAM_ext/SettingCtrl( 9674): [onSettingChanged], key: pref_camera_coloreffect_key, value:none, lastValue:none
I/CAM_ext/SettingCtrl( 9674): [onSettingChanged], key: pref_camera_shot_number, value:40, lastValue:40
I/CAM_ext/SettingCtrl( 9674): [onSettingChanged], key: pref_camera_iso_key, value:auto, lastValue:auto
I/CAM_ext/SettingCtrl( 9674): [onSettingChanged], key: pref_camera_zsd_key, value:off, lastValue:off
I/CAM_ext/SettingCtrl( 9674): [onSettingChanged], key: perf_camera_ais_key, value:off, lastValue:off
I/CAM_ext/SettingCtrl( 9674): [onSettingChanged], key: pref_camera_edge_key, value:middle, lastValue:middle
I/CAM_ext/SettingCtrl( 9674): [onSettingChanged], key: pref_camera_hue_key, value:middle, lastValue:middle
I/CAM_ext/SettingCtrl( 9674): [onSettingChanged], key: pref_camera_saturation_key, value:middle, lastValue:middle
I/CAM_ext/SettingCtrl( 9674): [onSettingChanged], key: pref_camera_brightness_key, value:middle, lastValue:middle
I/CAM_ext/SettingCtrl( 9674): [onSettingChanged], key: pref_camera_contrast_key, value:middle, lastValue:middle
I/CAM_ext/SettingCtrl( 9674): [onSettingChanged], key: camera_mode_key, value:1, lastValue:1
I/CAM_ext/SettingCtrl( 9674): [onSettingChanged], key: pref_camera_flashmode_key, value:auto, lastValue:auto
I/CAM_ext/SettingCtrl( 9674): [onSettingChanged], key: pref_camera_jpegquality_key, value:2, lastValue:2
I/CAM_ext/SettingCtrl( 9674): [onSettingChanged], key: pref_camera_exposuremeter_key, value:null, lastValue:null
