I/CAM_ext/SettingCtrl( 9674): [onSettingChanged], key: pref_camera_focusmode_key, value:null, lastValue:null
I/CAM_ext/SettingCtrl( 9674): [onSettingChanged], key: pref_camera_storage_location_key, value:null, lastValue:null
I/CAM_ext/SettingCtrl( 9674): [onSettingChanged], key: pref_camera_scenemode_key, value:auto, lastValue:auto
I/CAM_ext/SettingCtrl( 9674): [onSettingChanged], key: pref_camera_self_timer_key, value:0, lastValue:null
I/CAM_ext/ParametersHelper( 9674): [setParameters]key = pref_camera_self_timer_key,value = 0,settingIndex = 20
W/ContextImpl( 9674): Implicit intents with startService are not safe: Intent { act=com.mediatek.voicecommand cat=[com.mediatek.nativeservice] } android.content.ContextWrapper.bindService:539 com.mediatek.camera.addition.VoiceCapture.bindVoiceService:420 com.mediatek.camera.addition.VoiceCapture.startGetVoiceState:403 
D/CAM_ext/SettingCtrl( 9674): [queryResultSettings], conditionKey:pref_camera_self_timer_key, resultKeys:null
I/CAM_ext/SettingCtrl( 9674): [onSettingChanged], key: pref_camera_shot_number, value:40, lastValue:40
I/CAM_ext/SettingCtrl( 9674): [onSettingChanged], key: pref_camera_zsd_key, value:off, lastValue:off
I/CAM_ext/SettingCtrl( 9674): [onSettingChanged], key: perf_camera_ais_key, value:off, lastValue:off
I/CAM_ext/SettingCtrl( 9674): [onSettingChanged], key: camera_mode_key, value:1, lastValue:1
I/CAM_ext/SettingCtrl( 9674): [onSettingChanged], key: pref_camera_id_key, value:0, lastValue:0
I/CAM_ext/SettingCtrl( 9674): [onSettingChanged], key: pref_camera_scenemode_key, value:auto, lastValue:auto
I/CAM_ext/SettingCtrl( 9674): [onSettingChanged], key: pref_camera_coloreffect_key, value:none, lastValue:none
I/CAM_ext/SettingCtrl( 9674): [onSettingChanged], key: pref_camera_self_timer_key, value:0, lastValue:0
I/CAM_ext/SettingCtrl( 9674): [onSettingChanged], key: pref_camera_shot_number, value:40, lastValue:40
I/CAM_ext/SettingCtrl( 9674): [onSettingChanged], key: pref_camera_picturesize_ratio_key, value:1.3333, lastValue:null
I/CAM_ext/SettingCtrl( 9674): [onSettingChanged], query rule by Y axis. key:pref_camera_picturesize_ratio_key
D/CAM_ext/SettingCtrl( 9674): [queryResultSettings], resultKey:pref_camera_picturesize_ratio_key, conditionKeys:panorama_key, mav_key, live_photo_key, pref_fast_af_key, pref_distance_key, 
D/CAM_ori/CameraDeviceCtrl( 9674): [openCamera] cameraState:STATE_OPENING_CAMERA
D/CAM_ori/CameraDeviceCtrl( 9674): [turnOffWhenHide] mCurCameraDevice:com.android.camera.bridge.CameraDeviceExt@4b1c654,mFocusManager:com.android.camera.FocusManager@231739fd
D/CAM_ext/SettingCtrl( 9674): [queryResultSettings], conditionKey:pref_camera_picturesize_ratio_key, resultKeys:pref_camera_picturesize_key, 
I/CAM_ext/CommonRule( 9674): [execute], conditionSetting:pref_camera_picturesize_ratio_key, conditionValue:1.3333, resultSetting:pref_camera_picturesize_key, resultSettingValue:2560x1920, index = 0
I/WindowManager(  683): Gaining focus: Window{361ea481 u0 com.android.gallery3d/com.android.camera.CameraLauncher}
I/CAM_ori/CameraDeviceExt( 9674): lockRun(com.android.camera.bridge.CameraDeviceExt$2@1b3cf6f2) mCameraDevice=com.android.camera.CameraManager$CameraProxy@3dcc02e8
I/CAM_ext/ParametersHelper( 9674): [setParameters]key = pref_camera_picturesize_key,value = 2560x1920,settingIndex = 31
I/CAM_ext/SettingCtrl( 9674): [onSettingChanged], key: pref_camera_picturesize_key, value:2560x1920, lastValue:null
I/CAM_ext/SettingCtrl( 9674): [onSettingChanged], query rule by Y axis. key:pref_camera_picturesize_key
D/CAM_ext/SettingCtrl( 9674): [queryResultSettings], resultKey:pref_camera_picturesize_key, conditionKeys:panorama_key, mav_key, motion_track_key, live_photo_key, pref_camera_picturesize_ratio_key, 
I/CAM_ext/ParametersHelper( 9674): [setParameters]key = pref_camera_picturesize_key,value = 2560x1920,settingIndex = 31
D/CAM_ext/SettingCtrl( 9674): [queryResultSettings], conditionKey:pref_camera_picturesize_key, resultKeys:null
I/CAM_ext/SettingCtrl( 9674): [onSettingChanged], key: pref_camera_picturesize_key, value:2560x1920, lastValue:2560x1920
I/CAM_ext/SettingCtrl( 9674): [onSettingChanged], query rule by Y axis. key:pref_camera_picturesize_key
V/WindowManager(  683): Adding window Window{11a0d0ac u0 SurfaceView} at 16 of 21 (before Window{361ea481 u0 com.android.gallery3d/com.android.camera.CameraLauncher})
I/CAM_ext/ParametersHelper( 9674): [setParameters]key = pref_camera_picturesize_key,value = 2560x1920,settingIndex = 31
D/CAM_ext/SettingCtrl( 9674): [queryResultSettings], conditionKey:pref_camera_picturesize_key, resultKeys:null
I/CAM_ext/SettingCtrl( 9674): [onSettingChanged], key: pref_camera_zsd_key, value:off, lastValue:off
I/CAM_ext/SettingCtrl( 9674): [onSettingChanged], key: perf_camera_ais_key, value:off, lastValue:off
I/CAM_ext/SettingCtrl( 9674): [onSettingChanged], key: camera_mode_key, value:1, lastValue:1
I/CAM_ext/SettingCtrl( 9674): [onSettingChanged], key: pref_camera_flashmode_key, value:auto, lastValue:auto
I/CAM_ext/CommonRule( 9674): [execute], conditionSetting:mav_key, conditionValue:off, resultSetting:pref_camera_id_key, resultSettingValue:0, index = -1
I/CAM_ext/CommonRule( 9674): [execute], conditionSetting:mav_key, conditionValue:off, resultSetting:pref_camera_scenemode_key, resultSettingValue:auto, index = -1
I/CAM_ext/CommonRule( 9674): [execute], conditionSetting:mav_key, conditionValue:off, resultSetting:pref_camera_coloreffect_key, resultSettingValue:none, index = -1
I/CAM_ext/CommonRule( 9674): [execute], conditionSetting:mav_key, conditionValue:off, resultSetting:pref_camera_self_timer_key, resultSettingValue:0, index = -1
I/CAM_ext/CommonRule( 9674): [execute], conditionSetting:mav_key, conditionValue:off, resultSetting:pref_camera_zsd_key, resultSettingValue:off, index = -1
I/CAM_ext/CommonRule( 9674): [execute], conditionSetting:mav_key, conditionValue:off, resultSetting:perf_camera_ais_key, resultSettingValue:off, index = -1
I/CAM_ext/CommonRule( 9674): [execute], conditionSetting:mav_key, conditionValue:off, resultSetting:camera_mode_key, resultSettingValue:1, index = -1
I/CAM_ext/CommonRule( 9674): [execute], conditionSetting:mav_key, conditionValue:off, resultSetting:pref_camera_flashmode_key, resultSettingValue:auto, index = -1
I/CAM_ext/CommonRule( 9674): [execute], conditionSetting:mav_key, conditionValue:off, resultSetting:pref_camera_jpegquality_key, resultSettingValue:2, index = -1
I/CAM_ext/CommonRule( 9674): [execute], conditionSetting:motion_track_key, conditionValue:off, resultSetting:pref_camera_id_key, resultSettingValue:0, index = -1
I/CAM_ext/CommonRule( 9674): [execute], conditionSetting:motion_track_key, conditionValue:off, resultSetting:pref_camera_coloreffect_key, resultSettingValue:none, index = -1
I/CAM_ext/CommonRule( 9674): [execute], conditionSetting:motion_track_key, conditionValue:off, resultSetting:pref_camera_self_timer_key, resultSettingValue:0, index = -1
I/CAM_ext/CommonRule( 9674): [execute], conditionSetting:motion_track_key, conditionValue:off, resultSetting:pref_camera_shot_number, resultSettingValue:40, index = -1
I/CAM_ext/CommonRule( 9674): [execute], conditionSetting:motion_track_key, conditionValue:off, resultSetting:pref_camera_picturesize_key, resultSettingValue:2560x1920, index = -1
I/CAM_ext/CommonRule( 9674): [execute], conditionSetting:motion_track_key, conditionValue:off, resultSetting:pref_camera_zsd_key, resultSettingValue:off, index = -1
I/CAM_ext/CommonRule( 9674): [execute], conditionSetting:motion_track_key, conditionValue:off, resultSetting:perf_camera_ais_key, resultSettingValue:off, index = -1
I/CAM_ext/CommonRule( 9674): [execute], conditionSetting:motion_track_key, conditionValue:off, resultSetting:camera_mode_key, resultSettingValue:1, index = -1
I/CAM_ext/CommonRule( 9674): [execute], conditionSetting:motion_track_key, conditionValue:off, resultSetting:pref_camera_flashmode_key, resultSettingValue:auto, index = -1
I/CAM_ext/CommonRule( 9674): [execute], conditionSetting:motion_track_key, conditionValue:off, resultSetting:pref_camera_jpegquality_key, resultSettingValue:2, index = -1
V/WindowManager(  683): Adding window Window{3594b62 u0 SurfaceView} at 17 of 22 (before Window{361ea481 u0 com.android.gallery3d/com.android.camera.CameraLauncher})
D/CAM_ext/SettingCtrl( 9674): [queryResultSettings], conditionKey:pref_camera_picturesize_key, resultKeys:null
I/CAM_ext/SettingCtrl( 9674): [onSettingChanged], key: pref_camera_zsd_key, value:off, lastValue:off
I/CAM_ext/SettingCtrl( 9674): [onSettingChanged], key: perf_camera_ais_key, value:off, lastValue:off
I/CAM_ext/CommonRule( 9674): [execute], conditionSetting:live_photo_key, conditionValue:off, resultSetting:pref_camera_id_key, resultSettingValue:0, index = -1
I/CAM_ext/CommonRule( 9674): [execute], conditionSetting:live_photo_key, conditionValue:off, resultSetting:pref_camera_scenemode_key, resultSettingValue:auto, index = -1
I/CAM_ext/CommonRule( 9674): [execute], conditionSetting:live_photo_key, conditionValue:off, resultSetting:pref_camera_coloreffect_key, resultSettingValue:none, index = -1
I/CAM_ext/CommonRule( 9674): [execute], conditionSetting:live_photo_key, conditionValue:off, resultSetting:pref_camera_self_timer_key, resultSettingValue:0, index = -1
I/CAM_ext/CommonRule( 9674): [execute], conditionSetting:live_photo_key, conditionValue:off, resultSetting:pref_camera_shot_number, resultSettingValue:40, index = -1
I/CAM_ext/CommonRule( 9674): [execute], conditionSetting:live_photo_key, conditionValue:off, resultSetting:pref_camera_iso_key, resultSettingValue:auto, index = -1
I/CAM_ext/CommonRule( 9674): [execute], conditionSetting:live_photo_key, conditionValue:off, resultSetting:pref_camera_picturesize_ratio_key, resultSettingValue:1.3333, index = -1
I/CAM_ext/CommonRule( 9674): [execute], conditionSetting:live_photo_key, conditionValue:off, resultSetting:pref_camera_picturesize_key, resultSettingValue:2560x1920, index = -1
I/CAM_ext/CommonRule( 9674): [execute], conditionSetting:live_photo_key, conditionValue:off, resultSetting:pref_camera_zsd_key, resultSettingValue:off, index = -1
I/CAM_ext/CommonRule( 9674): [execute], conditionSetting:live_photo_key, conditionValue:off, resultSetting:pref_camera_exposuremeter_key, resultSettingValue:null, index = -1
I/CAM_ext/SettingCtrl( 9674): [onSettingChanged], key: pref_camera_flashmode_key, value:auto, lastValue:auto
I/CAM_ext/SettingCtrl( 9674): [onSettingChanged], key: perf_camera_ais_key, value:off, lastValue:off
I/CAM_ext/SettingCtrl( 9674): [updateSetting], key:pref_camera_id_key, value:0, lastValue:0
I/CAM_ext/SettingCtrl( 9674): [updateSetting], key:pref_camera_exposure_key, value:0, lastValue:0
I/CAM_ext/SettingCtrl( 9674): [updateSetting], key:pref_camera_scenemode_key, value:auto, lastValue:auto
I/CAM_ext/SettingCtrl( 9674): [updateSetting], key:pref_camera_whitebalance_key, value:auto, lastValue:auto
I/CAM_ext/SettingCtrl( 9674): [updateSetting], key:pref_camera_coloreffect_key, value:none, lastValue:none
I/CAM_ext/SettingCtrl( 9674): [updateSetting], key:pref_camera_self_timer_key, value:0, lastValue:0
I/CAM_ext/SettingCtrl( 9674): [updateSetting], key:pref_camera_shot_number, value:40, lastValue:40
I/CAM_ext/SettingCtrl( 9674): [updateSetting], key:pref_camera_recordlocation_key, value:off, lastValue:null
I/CAM_ext/SettingCtrl( 9674): [onSettingChanged], key: pref_camera_recordlocation_key, value:off, lastValue:null
D/CAM_ext/SettingCtrl( 9674): [queryResultSettings], conditionKey:pref_camera_recordlocation_key, resultKeys:null
I/CAM_ext/SettingCtrl( 9674): [updateSetting], key:pref_camera_iso_key, value:auto, lastValue:auto
I/CAM_ext/SettingCtrl( 9674): [onSettingChanged], query rule by Y axis. key:pref_camera_antibanding_key
D/CAM_ext/SettingCtrl( 9674): [queryResultSettings], resultKey:pref_camera_antibanding_key, conditionKeys:null
I/CAM_ext/ParametersHelper( 9674): [setParameters]key = pref_camera_antibanding_key,value = auto,settingIndex = 25
I/CAM_ext/SettingCtrl( 9674): [updateSetting], key:pref_camera_recordaudio_key, value:on, lastValue:null
I/CAM_ext/SettingCtrl( 9674): [onSettingChanged], key: pref_camera_recordaudio_key, value:on, lastValue:null
I/CAM_ext/SettingCtrl( 9674): [onSettingChanged], key: pref_camera_video_hd_recording_key, value:normal, lastValue:null
D/CAM_ext/SettingCtrl( 9674): [queryResultSettings], conditionKey:pref_camera_video_hd_recording_key, resultKeys:null
I/CAM_ext/SettingCtrl( 9674): [updateSetting], key:pref_camera_video_hd_recording_key, value:normal, lastValue:normal
D/CAM_ext/SettingCtrl( 9674): [queryResultSettings], conditionKey:pref_video_time_lapse_frame_interval_key, resultKeys:pref_camera_recordaudio_key, pref_camera_video_hd_recording_key, 
I/CAM_ext/CommonRule( 9674): [execute], conditionSetting:pref_video_time_lapse_frame_interval_key, conditionValue:0, resultSetting:pref_camera_recordaudio_key, resultSettingValue:on, index = -1
I/CAM_ext/CommonRule( 9674): [execute], conditionSetting:pref_video_time_lapse_frame_interval_key, conditionValue:0, resultSetting:pref_camera_video_hd_recording_key, resultSettingValue:normal, index = -1
I/CAM_ext/SettingCtrl( 9674): [onSettingChanged], key: pref_camera_recordaudio_key, value:on, lastValue:on
I/CAM_ext/SettingCtrl( 9674): [onSettingChanged], key: pref_camera_video_hd_recording_key, value:normal, lastValue:normal
I/CAM_ext/SettingCtrl( 9674): [updateSetting], key:pref_camera_picturesize_ratio_key, value:1.3333, lastValue:1.3333
I/CAM_ext/SettingCtrl( 9674): [updateSetting], key:pref_camera_picturesize_key, value:2560x1920, lastValue:2560x1920
I/CAM_ext/SettingCtrl( 9674): [updateSetting], key:pref_camera_zsd_key, value:off, lastValue:off
I/CAM_ext/SettingCtrl( 9674): [updateSetting], key:perf_camera_ais_key, value:off, lastValue:off
I/CAM_ext/SettingCtrl( 9674): [updateSetting], key:pref_camera_edge_key, value:middle, lastValue:middle
I/CAM_ext/SettingCtrl( 9674): [updateSetting], key:pref_camera_hue_key, value:middle, lastValue:middle
I/CAM_ext/SettingCtrl( 9674): [updateSetting], key:pref_camera_saturation_key, value:middle, lastValue:middle
I/CAM_ext/SettingCtrl( 9674): [updateSetting], key:pref_camera_brightness_key, value:middle, lastValue:middle
I/CAM_ext/SettingCtrl( 9674): [updateSetting], key:pref_camera_contrast_key, value:middle, lastValue:middle
I/CAM_ext/SettingCtrl( 9674): [updateSetting], key:pref_camera_image_properties_key, value:middle, lastValue:null
I/CAM_ext/SettingCtrl( 9674): [onSettingChanged], key: pref_camera_image_properties_key, value:middle, lastValue:null
D/CAM_ext/SettingCtrl( 9674): [queryResultSettings], conditionKey:pref_camera_image_properties_key, resultKeys:null
I/CAM_ext/SettingCtrl( 9674): [updateSetting], key:camera_mode_key, value:1, lastValue:1
D/CAM_ori/ViewManager( 9674): hide() com.android.camera.manager.IndicatorManager@31654e31
I/CAM_ori/CameraActivity( 9674): [onResume],camera device is opening,set view state.
I/CAM_ori/CameraManager/BackCam( 9674): stopPreview camera device = com.android.camera.AndroidCamera@2e47c40b
I/CAM_ori/CameraDeviceExt( 9674): lockRun(com.android.camera.bridge.CameraDeviceExt$2@10db6916) mCameraDevice=com.android.camera.CameraManager$CameraProxy@3dcc02e8
D/ViewRootImpl( 9674): hardware acceleration is enabled, this = ViewRoot{2474a297 com.android.gallery3d/com.android.camera.CameraLauncher,ident = 22}
V/PhoneWindow( 9674): DecorView setVisiblity: visibility = 0 ,Parent =ViewRoot{2474a297 com.android.gallery3d/com.android.camera.CameraLauncher,ident = 22}, this =com.android.internal.policy.impl.PhoneWindow$DecorView{35e84b55 V.E..... R.....ID 0,0-0,0}
I/SurfaceView( 9674): updateWindow -- onWindowVisibilityChanged, visibility = 0, this = com.android.camera.ui.PreviewSurfaceView{579357e V.E..... ......I. 0,0-0,0 #7f0e0049 app:id/camera_preview}
D/CAM_ori/PreviewFrameLayout( 9674): onMeasure() width = 480 height = 640, com.android.camera.ui.PreviewFrameLayout{97f544b V.E..... ......I. 0,0-0,0 #7f0e01fb app:id/frame}
I/BufferQueueConsumer(  219): [com.android.gallery3d/com.android.camera.CameraLauncher](this:0xb5c5a400,id:473,api:0,p:-1,c:219) setConsumerName: com.android.gallery3d/com.android.camera.CameraLauncher
I/BufferQueueConsumer(  219): [com.android.gallery3d/com.android.camera.CameraLauncher](this:0xb5c5a400,id:473,api:0,p:-1,c:219) setDefaultBufferSize: width=1 height=1
I/BufferQueueConsumer(  219): [com.android.gallery3d/com.android.camera.CameraLauncher](this:0xb5c5a400,id:473,api:0,p:-1,c:219) setDefaultBufferSize: width=480 height=854
I/SurfaceView( 9674): updateWindow -- setFrame, this = com.android.camera.ui.PreviewSurfaceView{579357e V.E..... ......ID 0,107-480,747 #7f0e0049 app:id/camera_preview}
I/BufferQueueProducer(  219): [com.android.gallery3d/com.android.camera.CameraLauncher](this:0xb5c5a400,id:473,api:1,p:9674,c:219) connect(P): api=1 producer=(9674:com.android.gallery3d) producerControlledByApp=true
D/CAM_ori/PreviewFrameLayout( 9674): onSizeChanged(480, 640, 0, 0) com.android.camera.ui.PreviewFrameLayout{97f544b V.E..... ......I. 0,107-480,747 #7f0e01fb app:id/frame}
D/CAM_ori/RotateLayout( 9674): onSizeChanged(120, 120, 0, 0) com.android.camera.ui.FocusIndicatorRotateLayout{3ce1c4d4 V.E..... ......I. 180,260-300,380 #7f0e011c app:id/focus_indicator_rotate_layout}
D/BufferQueueProducer(  219): [com.android.gallery3d/com.android.camera.CameraLauncher](this:0xb5c5a400,id:473,api:1,p:9674,c:219) allocateBuffers: allocating from 0 buffers up to 3 buffers
D/BufferQueueProducer(  219): [com.android.gallery3d/com.android.camera.CameraLauncher](this:0xb5c5a400,id:473,api:1,p:9674,c:219) allocateBuffers: allocating from 3 buffers up to 3 buffers
I/SurfaceView( 9674): updateWindow -- OnPreDrawListener, mHaveFrame = true, this = com.android.camera.ui.PreviewSurfaceView{579357e V.E..... ......ID 0,107-480,747 #7f0e0049 app:id/camera_preview}
I/SurfaceView( 9674): Changes: creating=true format=true size=true visible=true left=true top=true mUpdateWindowNeeded=false mReportDrawNeeded=false redrawNeeded=false forceSizeChanged=true mVisible=false mRequestedVisible=true, this = com.android.camera.ui.PreviewSurfaceView{579357e V.E..... ......ID 0,107-480,747 #7f0e0049 app:id/camera_preview}
I/SurfaceView( 9674): Cur surface: Surface(name=null)/@0x2926ccf0, this = com.android.camera.ui.PreviewSurfaceView{579357e V.E..... ......ID 0,107-480,747 #7f0e0049 app:id/camera_preview}
V/SurfaceView( 9674): this = com.android.camera.ui.PreviewSurfaceView{579357e V.E..... ......ID 0,107-480,747 #7f0e0049 app:id/camera_preview} got resized: w=480 h=640, cur w=-1 h=-1
I/SurfaceView( 9674): New surface: Surface(name=null)/@0x9969269, vis=true, frame=Rect(0, 107 - 480, 747), this = com.android.camera.ui.PreviewSurfaceView{579357e V.E..... ......ID 0,107-480,747 #7f0e0049 app:id/camera_preview}
I/SurfaceView( 9674): Callback --> surfaceCreated, this = com.android.camera.ui.PreviewSurfaceView{579357e V.E..... ......ID 0,107-480,747 #7f0e0049 app:id/camera_preview}
I/SurfaceView( 9674): surfaceCreated callback +, this = com.android.camera.ui.PreviewSurfaceView{579357e V.E..... ......ID 0,107-480,747 #7f0e0049 app:id/camera_preview}
I/SurfaceView( 9674): surfaceCreated callback -, this = com.android.camera.ui.PreviewSurfaceView{579357e V.E..... ......ID 0,107-480,747 #7f0e0049 app:id/camera_preview}
I/SurfaceView( 9674): surfaceChanged -- format=4 w=480 h=640, this = com.android.camera.ui.PreviewSurfaceView{579357e V.E..... ......ID 0,107-480,747 #7f0e0049 app:id/camera_preview}
I/SurfaceView( 9674): surfaceChanged callback +, this = com.android.camera.ui.PreviewSurfaceView{579357e V.E..... ......ID 0,107-480,747 #7f0e0049 app:id/camera_preview}
I/SurfaceView( 9674): surfaceChanged callback -, this = com.android.camera.ui.PreviewSurfaceView{579357e V.E..... ......ID 0,107-480,747 #7f0e0049 app:id/camera_preview}
I/SurfaceView( 9674): surfaceRedrawNeeded, this = com.android.camera.ui.PreviewSurfaceView{579357e V.E..... ......ID 0,107-480,747 #7f0e0049 app:id/camera_preview}
I/SurfaceView( 9674): finishedDrawing, this = com.android.camera.ui.PreviewSurfaceView{579357e V.E..... ......ID 0,107-480,747 #7f0e0049 app:id/camera_preview}
V/SurfaceView( 9674): Layout: x=0 y=107 w=480 h=640, frame=Rect(0, 0 - 480, 640), this = com.android.camera.ui.PreviewSurfaceView{579357e V.E..... ......ID 0,107-480,747 #7f0e0049 app:id/camera_preview}
I/CAM_ori/ThumbnailViewManager( 9674): [updateThumbnailView]this = com.android.camera.manager.ThumbnailViewManager@3d08faad
D/CAM_ext/VoiceCapture( 9674): [notifyStateChangedIfNeed]...mIsSyncWithNative  = false, mISettingCtrlcom.mediatek.camera.setting.SettingCtrl@800724a
I/CAM_ext/VoiceCapture( 9674): [checkNeedCaptureCase] mISettingCtrlcom.mediatek.camera.setting.SettingCtrl@800724a
I/CAM_ext/VoiceCapture( 9674): [isSupportVoiceCase] mISettingCtrlcom.mediatek.camera.setting.SettingCtrl@800724a
D/CAM_ext/VoiceCapture( 9674): [notifyKeyWordsToUi] mKeywords=[Ljava.lang.String;@389d00a2, mISettingCtrl = com.mediatek.camera.setting.SettingCtrl@800724a
I/SurfaceView( 9674): updateWindow -- OnPreDrawListener, mHaveFrame = true, this = com.android.camera.ui.PreviewSurfaceView{579357e V.E..... ......ID 0,107-480,747 #7f0e0049 app:id/camera_preview}
I/SurfaceView( 9674): Changes: creating=false format=false size=false visible=false left=false top=false mUpdateWindowNeeded=true mReportDrawNeeded=true redrawNeeded=false forceSizeChanged=false mVisible=true mRequestedVisible=true, this = com.android.camera.ui.PreviewSurfaceView{579357e V.E..... ......ID 0,107-480,747 #7f0e0049 app:id/camera_preview}
I/SurfaceView( 9674): Cur surface: Surface(name=null)/@0x2926ccf0, this = com.android.camera.ui.PreviewSurfaceView{579357e V.E..... ......ID 0,107-480,747 #7f0e0049 app:id/camera_preview}
I/SurfaceView( 9674): New surface: Surface(name=null)/@0x9969269, vis=true, frame=Rect(0, 107 - 480, 747), this = com.android.camera.ui.PreviewSurfaceView{579357e V.E..... ......ID 0,107-480,747 #7f0e0049 app:id/camera_preview}
I/SurfaceView( 9674): surfaceRedrawNeeded, this = com.android.camera.ui.PreviewSurfaceView{579357e V.E..... ......ID 0,107-480,747 #7f0e0049 app:id/camera_preview}
I/SurfaceView( 9674): finishedDrawing, this = com.android.camera.ui.PreviewSurfaceView{579357e V.E..... ......ID 0,107-480,747 #7f0e0049 app:id/camera_preview}
V/SurfaceView( 9674): Layout: x=0 y=107 w=480 h=640, frame=Rect(0, 0 - 480, 640), this = com.android.camera.ui.PreviewSurfaceView{579357e V.E..... ......ID 0,107-480,747 #7f0e0049 app:id/camera_preview}
I/SurfaceView( 9674): Punch a hole(dispatchDraw), w = 480, h = 640, this = com.android.camera.ui.PreviewSurfaceView{579357e V.E..... ........ 0,107-480,747 #7f0e0049 app:id/camera_preview}
I/ActivityManager(  683): [AppLaunch] Displayed Displayed com.android.gallery3d/com.android.camera.CameraLauncher: +783ms
D/ActivityManager(  683): AP_PROF:AppLaunch_LaunchTime:com.android.gallery3d/com.android.camera.CameraLauncher:783:83025445
I/CAM_ori/ActivityBase( 9674): onFullScreenChanged(true, 1) mShowCameraAppView=false, mPaused=false, isFinishing()=false, scaleAnimation=false needUpdateSurfaceView = false getPreviewSurfaceView = com.android.camera.ui.PreviewSurfaceView{579357e V.E..... ......I. 0,107-480,747 #7f0e0049 app:id/camera_preview}
D/CAM_ori/CameraDeviceCtrl( 9674): [turnOnWhenShown] mCurCameraDevice:com.android.camera.bridge.CameraDeviceExt@4b1c654,mFocusManager:com.android.camera.FocusManager@231739fd,mIsNeedResetFocus:true
I/CAM_ori/CameraDeviceExt( 9674): lockRun(com.android.camera.bridge.CameraDeviceExt$2@31d7d54d) mCameraDevice=com.android.camera.CameraManager$CameraProxy@3dcc02e8
D/CAM_ori/ActivityBase( 9674): setGestureListener(com.android.camera.manager.ZoomManager$MyListener@2717802) return com.android.gallery3d.ui.PhotoView$MyGestureListener@306ce513
I/CAM_ori/ThumbnailViewManager( 9674): [updateThumbnailView]this = com.android.camera.manager.ThumbnailViewManager@3d08faad
I/CAM_ori/ActivityBase( 9674): onFullScreenChanged(true, 3) mShowCameraAppView=true, mPaused=false, isFinishing()=false, scaleAnimation=false needUpdateSurfaceView = false getPreviewSurfaceView = com.android.camera.ui.PreviewSurfaceView{579357e V.E..... ......I. 0,107-480,747 #7f0e0049 app:id/camera_preview}
D/CAM_ori/PreviewFrameLayout( 9674): onMeasure() width = 480 height = 640, com.android.camera.ui.PreviewFrameLayout{97f544b V.E..... ........ 0,107-480,747 #7f0e01fb app:id/frame}
I/SurfaceView( 9674): updateWindow -- setFrame, this = com.android.camera.ui.PreviewSurfaceView{579357e V.E..... ......I. 0,107-480,747 #7f0e0049 app:id/camera_preview}
I/SurfaceView( 9674): updateWindow -- OnPreDrawListener, mHaveFrame = true, this = com.android.camera.ui.PreviewSurfaceView{579357e V.E..... ......I. 0,107-480,747 #7f0e0049 app:id/camera_preview}
I/SurfaceView( 9674): Punch a hole(dispatchDraw), w = 480, h = 640, this = com.android.camera.ui.PreviewSurfaceView{579357e V.E..... ........ 0,107-480,747 #7f0e0049 app:id/camera_preview}
I/SurfaceView( 9674): updateWindow -- OnPreDrawListener, mHaveFrame = true, this = com.android.camera.ui.PreviewSurfaceView{579357e V.E..... ........ 0,107-480,747 #7f0e0049 app:id/camera_preview}
I/SurfaceView( 9674): updateWindow -- OnPreDrawListener, mHaveFrame = true, this = com.android.camera.ui.PreviewSurfaceView{579357e V.E..... ........ 0,107-480,747 #7f0e0049 app:id/camera_preview}
I/CAM_ori/ActivityBase( 9674): onFullScreenChanged(true, 1) mShowCameraAppView=true, mPaused=false, isFinishing()=false, scaleAnimation=false needUpdateSurfaceView = false getPreviewSurfaceView = com.android.camera.ui.PreviewSurfaceView{579357e V.E..... ........ 0,107-480,747 #7f0e0049 app:id/camera_preview}
I/SurfaceView( 9674): updateWindow -- OnPreDrawListener, mHaveFrame = true, this = com.android.camera.ui.PreviewSurfaceView{579357e V.E..... ........ 0,107-480,747 #7f0e0049 app:id/camera_preview}
I/SurfaceView( 9674): updateWindow -- OnPreDrawListener, mHaveFrame = true, this = com.android.camera.ui.PreviewSurfaceView{579357e V.E..... ........ 0,107-480,747 #7f0e0049 app:id/camera_preview}
I/SurfaceView( 9674): updateWindow -- OnPreDrawListener, mHaveFrame = true, this = com.android.camera.ui.PreviewSurfaceView{579357e V.E..... ........ 0,107-480,747 #7f0e0049 app:id/camera_preview}
I/SurfaceView( 9674): updateWindow -- OnPreDrawListener, mHaveFrame = true, this = com.android.camera.ui.PreviewSurfaceView{579357e V.E..... ........ 0,107-480,747 #7f0e0049 app:id/camera_preview}
I/SurfaceView( 9674): updateWindow -- OnPreDrawListener, mHaveFrame = true, this = com.android.camera.ui.PreviewSurfaceView{579357e V.E..... ........ 0,107-480,747 #7f0e0049 app:id/camera_preview}
I/SurfaceView( 9674): updateWindow -- OnPreDrawListener, mHaveFrame = true, this = com.android.camera.ui.PreviewSurfaceView{579357e V.E..... ........ 0,107-480,747 #7f0e0049 app:id/camera_preview}
I/SurfaceView( 9674): updateWindow -- OnPreDrawListener, mHaveFrame = true, this = com.android.camera.ui.PreviewSurfaceView{579357e V.E..... ........ 0,107-480,747 #7f0e0049 app:id/camera_preview}
I/SurfaceView( 9674): updateWindow -- OnPreDrawListener, mHaveFrame = true, this = com.android.camera.ui.PreviewSurfaceView{579357e V.E..... ........ 0,107-480,747 #7f0e0049 app:id/camera_preview}
I/SurfaceView( 9674): updateWindow -- OnPreDrawListener, mHaveFrame = true, this = com.android.camera.ui.PreviewSurfaceView{579357e V.E..... ........ 0,107-480,747 #7f0e0049 app:id/camera_preview}
I/SurfaceView( 9674): updateWindow -- OnPreDrawListener, mHaveFrame = true, this = com.android.camera.ui.PreviewSurfaceView{579357e V.E..... ........ 0,107-480,747 #7f0e0049 app:id/camera_preview}
D/Camera-JNI( 9674): (tid:9687)[release camera] - X context=0x0 
D/CAM_ori/PreviewFrameLayout( 9674): onMeasure() width = 480 height = 640, com.android.camera.ui.PreviewFrameLayout{97f544b V.E..... ......I. 0,107-480,747 #7f0e01fb app:id/frame}
I/SurfaceView( 9674): updateWindow -- setFrame, this = com.android.camera.ui.PreviewSurfaceView{579357e V.E..... ......I. 0,107-480,747 #7f0e0049 app:id/camera_preview}
I/SurfaceView( 9674): updateWindow -- OnPreDrawListener, mHaveFrame = true, this = com.android.camera.ui.PreviewSurfaceView{579357e V.E..... ......I. 0,107-480,747 #7f0e0049 app:id/camera_preview}
I/CdpDrv  (  242): [Init] open camera-sysram kernel driver
D/ae_mgr  (  242): ae_mgr [cameraPreviewInit()] m_eSensorDev: 1, i4SensorIdx = 1, m_eSensorMode = 0 CamMode:0
D/aaa_state_camera_preview(  242): [StateCameraPreview::sendIntent]<eIntent_VsyncUpdate>
D/aaa_state_camera_preview(  242): [StateCameraPreview::sendIntent]<eIntent_AFUpdate>
D/aaa_state_camera_preview(  242): [StateCameraPreview::sendIntent]<eIntent_VsyncUpdate>
D/aaa_state_camera_preview(  242): [StateCameraPreview::sendIntent]<eIntent_AFUpdate>
D/aaa_state_camera_preview(  242): [StateCameraPreview::sendIntent]<eIntent_VsyncUpdate>
D/aaa_state_camera_preview(  242): updateSensorbyI2C start
D/aaa_state_camera_preview(  242): updateSensorbyI2C end
D/aaa_state_camera_preview(  242): lv 14, cct 4082, rgain 601, bgain 512, ggain 1019, fluo idx 36, day flou idx 100
D/aaa_state_camera_preview(  242): [StateCameraPreview::sendIntent]<eIntent_AFUpdate>
I/CAM_ori/CameraManager/BackCam( 9674):  startPreview camera device = com.android.camera.AndroidCamera@2e47c40b
I/CAM_ext/ObjectTracking( 9674): [isSupportOtCase] mISettingCtrlcom.mediatek.camera.setting.SettingCtrl@800724a
I/CAM_ori/PhotoActor( 9674): [initializeAfterPreview]...mSelfTimerManager = com.android.camera.bridge.SelfTimerManager@34b1660c
D/CAM_ori/CameraDeviceCtrl( 9674): [setCameraState] cameraState:STATE_CAMERA_OPENED
D/CAM_ori/CameraDeviceCtrl( 9674): [cameraStartUpThreadDone]
D/MtkCam/DisplayClient(  242): [DisplayClient] - debug.camera.display.loglevel=1
D/CAM_ori/ViewManager( 9674): show() com.android.camera.manager.ModePicker@16a93903
D/CAM_ori/ViewManager( 9674): hide() com.android.camera.manager.EffectViewManager@75a68f3
D/CAM_ori/ViewManager( 9674): show() com.android.camera.manager.RemainingManager@c6ae9b0
D/CAM_ori/ViewManager( 9674): hide() com.android.camera.manager.IndicatorManager@31654e31
D/CAM_ori/ViewManager( 9674): hide() com.android.camera.manager.InfoManager@d8cf0dc
D/CAM_ori/PreviewFrameLayout( 9674): onMeasure() width = 480 height = 640, com.android.camera.ui.PreviewFrameLayout{97f544b V.E..... ......ID 0,107-480,747 #7f0e01fb app:id/frame}
D/CAM_ori/RotateLayout( 9674): onSizeChanged(117, 48, 0, 0) com.android.camera.ui.RotateLayout{3da9cfae V.E..... ......I. 351,105-468,153}
I/SurfaceView( 9674): updateWindow -- OnPreDrawListener, mHaveFrame = true, this = com.android.camera.ui.PreviewSurfaceView{579357e V.E..... ......I. 0,107-480,747 #7f0e0049 app:id/camera_preview}
I/SurfaceView( 9674): Punch a hole(dispatchDraw), w = 480, h = 640, this = com.android.camera.ui.PreviewSurfaceView{579357e V.E..... ........ 0,107-480,747 #7f0e0049 app:id/camera_preview}
D/CAM_ori/ViewManager( 9674): show() com.android.camera.manager.ModePicker@16a93903
D/CAM_ori/ViewManager( 9674): show() com.android.camera.manager.ThumbnailViewManager@3d08faad
I/CAM_ori/ThumbnailViewManager( 9674): [updateThumbnailView]this = com.android.camera.manager.ThumbnailViewManager@3d08faad
D/CAM_ori/ViewManager( 9674): show() com.android.camera.manager.ShutterManager@127cd32c
D/CAM_ori/ViewManager( 9674): show() com.android.camera.manager.SettingManager@271c7656
D/CAM_ori/ViewManager( 9674): show() com.android.camera.manager.PickerManager@3c77cc9d
D/CAM_ori/PickerManager( 9674): applyListeners() mFlashPicker=com.android.camera.ui.PickerButton{a54f255 VFED.... ......I. 0,0-0,0 #7f0e01b2 app:id/onscreen_flash_picker}, mCameraPicker=com.android.camera.ui.PickerButton{abf446a VFED.... ......I. 0,0-0,0 #7f0e01b3 app:id/onscreen_camera_picker}, mStereoPicker=com.android.camera.ui.PickerButton{2fdc490c VFED.... ......I. 0,0-0,0 #7f0e01b1 app:id/onscreen_stereo3d_picker}
D/CAM_ori/PickerButton( 9674): initialize(ListPreference(mKey=pref_camera_flashmode_key, mTitle=Flash mode, mOverride=auto, mEnable=true, mValue=auto, mClickable=true))
D/CAM_ori/PickerButton( 9674): reloadPreference() ListPreference(mKey=pref_camera_flashmode_key, mTitle=Flash mode, mOverride=auto, mEnable=true, mValue=auto, mClickable=true)
D/CAM_ori/PickerButton( 9674): initialize(ListPreference(mKey=pref_camera_id_key, mTitle=Choose camera, mOverride=null, mEnable=true, mValue=0, mClickable=true))
D/CAM_ori/PickerButton( 9674): reloadPreference() ListPreference(mKey=pref_camera_id_key, mTitle=Choose camera, mOverride=null, mEnable=true, mValue=0, mClickable=true)
D/CAM_ext/ListPreference( 9674): [getValue]reload defaultValue=0, real=0,mkey = pref_camera_id_key
I/SurfaceView( 9674): updateWindow -- OnPreDrawListener, mHaveFrame = true, this = com.android.camera.ui.PreviewSurfaceView{579357e V.E..... ........ 0,107-480,747 #7f0e0049 app:id/camera_preview}
I/BufferQueueProducer(  219): [com.android.gallery3d/com.android.camera.CameraLauncher](this:0xb5c5a400,id:473,api:1,p:9674,c:219) queueBuffer: fps=13.87 dur=1009.72 max=629.42 min=8.93
I/SurfaceView( 9674): updateWindow -- OnPreDrawListener, mHaveFrame = true, this = com.android.camera.ui.PreviewSurfaceView{579357e V.E..... ........ 0,107-480,747 #7f0e0049 app:id/camera_preview}
D/aaa_state_camera_preview(  242): [StateCameraPreview::sendIntent]<eIntent_VsyncUpdate>
D/aaa_state_camera_preview(  242): lv 14, cct 3954, rgain 568, bgain 512, ggain 1005, fluo idx 100, day flou idx 100
I/SurfaceView( 9674): updateWindow -- OnPreDrawListener, mHaveFrame = true, this = com.android.camera.ui.PreviewSurfaceView{579357e V.E..... ........ 0,107-480,747 #7f0e0049 app:id/camera_preview}
I/SurfaceView( 9674): updateWindow -- OnPreDrawListener, mHaveFrame = true, this = com.android.camera.ui.PreviewSurfaceView{579357e V.E..... ........ 0,107-480,747 #7f0e0049 app:id/camera_preview}
D/aaa_state_camera_preview(  242): [StateCameraPreview::sendIntent]<eIntent_AFUpdate>
I/SurfaceView( 9674): updateWindow -- OnPreDrawListener, mHaveFrame = true, this = com.android.camera.ui.PreviewSurfaceView{579357e V.E..... ........ 0,107-480,747 #7f0e0049 app:id/camera_preview}
I/SurfaceView( 9674): updateWindow -- OnPreDrawListener, mHaveFrame = true, this = com.android.camera.ui.PreviewSurfaceView{579357e V.E..... ........ 0,107-480,747 #7f0e0049 app:id/camera_preview}
I/SurfaceView( 9674): updateWindow -- OnPreDrawListener, mHaveFrame = true, this = com.android.camera.ui.PreviewSurfaceView{579357e V.E..... ........ 0,107-480,747 #7f0e0049 app:id/camera_preview}
I/SurfaceView( 9674): updateWindow -- OnPreDrawListener, mHaveFrame = true, this = com.android.camera.ui.PreviewSurfaceView{579357e V.E..... ........ 0,107-480,747 #7f0e0049 app:id/camera_preview}
I/SurfaceView( 9674): updateWindow -- OnPreDrawListener, mHaveFrame = true, this = com.android.camera.ui.PreviewSurfaceView{579357e V.E..... ........ 0,107-480,747 #7f0e0049 app:id/camera_preview}
D/aaa_state_camera_preview(  242): [StateCameraPreview::sendIntent]<eIntent_VsyncUpdate>
D/aaa_state_camera_preview(  242): lv 14, cct 4158, rgain 620, bgain 512, ggain 1025, fluo idx -15, day flou idx 100
I/SurfaceView( 9674): updateWindow -- OnPreDrawListener, mHaveFrame = true, this = com.android.camera.ui.PreviewSurfaceView{579357e V.E..... ........ 0,107-480,747 #7f0e0049 app:id/camera_preview}
I/SurfaceView( 9674): updateWindow -- OnPreDrawListener, mHaveFrame = true, this = com.android.camera.ui.PreviewSurfaceView{579357e V.E..... ........ 0,107-480,747 #7f0e0049 app:id/camera_preview}
D/aaa_state_camera_preview(  242): [StateCameraPreview::sendIntent]<eIntent_AFUpdate>
I/SurfaceView( 9674): updateWindow -- OnPreDrawListener, mHaveFrame = true, this = com.android.camera.ui.PreviewSurfaceView{579357e V.E..... ........ 0,107-480,747 #7f0e0049 app:id/camera_preview}
I/SurfaceView( 9674): updateWindow -- OnPreDrawListener, mHaveFrame = true, this = com.android.camera.ui.PreviewSurfaceView{579357e V.E..... ........ 0,107-480,747 #7f0e0049 app:id/camera_preview}
I/SurfaceView( 9674): updateWindow -- OnPreDrawListener, mHaveFrame = true, this = com.android.camera.ui.PreviewSurfaceView{579357e V.E..... ........ 0,107-480,747 #7f0e0049 app:id/camera_preview}
I/SurfaceView( 9674): updateWindow -- OnPreDrawListener, mHaveFrame = true, this = com.android.camera.ui.PreviewSurfaceView{579357e V.E..... ........ 0,107-480,747 #7f0e0049 app:id/camera_preview}
I/SurfaceView( 9674): updateWindow -- OnPreDrawListener, mHaveFrame = true, this = com.android.camera.ui.PreviewSurfaceView{579357e V.E..... ........ 0,107-480,747 #7f0e0049 app:id/camera_preview}
D/aaa_state_camera_preview(  242): [StateCameraPreview::sendIntent]<eIntent_VsyncUpdate>
I/SurfaceView( 9674): updateWindow -- OnPreDrawListener, mHaveFrame = true, this = com.android.camera.ui.PreviewSurfaceView{579357e V.E..... ........ 0,107-480,747 #7f0e0049 app:id/camera_preview}
D/aaa_state_camera_preview(  242): updateSensorbyI2C start
D/aaa_state_camera_preview(  242): updateSensorbyI2C end
D/aaa_state_camera_preview(  242): lv 14, cct 4170, rgain 620, bgain 512, ggain 1022, fluo idx -12, day flou idx 100
I/SurfaceView( 9674): updateWindow -- OnPreDrawListener, mHaveFrame = true, this = com.android.camera.ui.PreviewSurfaceView{579357e V.E..... ........ 0,107-480,747 #7f0e0049 app:id/camera_preview}
D/aaa_state_camera_preview(  242): [StateCameraPreview::sendIntent]<eIntent_AFUpdate>
I/SurfaceView( 9674): updateWindow -- OnPreDrawListener, mHaveFrame = true, this = com.android.camera.ui.PreviewSurfaceView{579357e V.E..... ........ 0,107-480,747 #7f0e0049 app:id/camera_preview}
I/SurfaceView( 9674): updateWindow -- OnPreDrawListener, mHaveFrame = true, this = com.android.camera.ui.PreviewSurfaceView{579357e V.E..... ........ 0,107-480,747 #7f0e0049 app:id/camera_preview}
I/SurfaceView( 9674): updateWindow -- OnPreDrawListener, mHaveFrame = true, this = com.android.camera.ui.PreviewSurfaceView{579357e V.E..... ........ 0,107-480,747 #7f0e0049 app:id/camera_preview}
I/SurfaceView( 9674): updateWindow -- OnPreDrawListener, mHaveFrame = true, this = com.android.camera.ui.PreviewSurfaceView{579357e V.E..... ........ 0,107-480,747 #7f0e0049 app:id/camera_preview}
I/SurfaceView( 9674): updateWindow -- OnPreDrawListener, mHaveFrame = true, this = com.android.camera.ui.PreviewSurfaceView{579357e V.E..... ........ 0,107-480,747 #7f0e0049 app:id/camera_preview}
D/aaa_state_camera_preview(  242): [StateCameraPreview::sendIntent]<eIntent_VsyncUpdate>
I/SurfaceView( 9674): updateWindow -- OnPreDrawListener, mHaveFrame = true, this = com.android.camera.ui.PreviewSurfaceView{579357e V.E..... ........ 0,107-480,747 #7f0e0049 app:id/camera_preview}
D/aaa_state_camera_preview(  242): updateSensorbyI2C start
D/aaa_state_camera_preview(  242): updateSensorbyI2C end
D/aaa_state_camera_preview(  242): lv 14, cct 4155, rgain 617, bgain 512, ggain 1023, fluo idx -12, day flou idx 100
I/SurfaceView( 9674): updateWindow -- OnPreDrawListener, mHaveFrame = true, this = com.android.camera.ui.PreviewSurfaceView{579357e V.E..... ........ 0,107-480,747 #7f0e0049 app:id/camera_preview}
D/aaa_state_camera_preview(  242): [StateCameraPreview::sendIntent]<eIntent_AFUpdate>
I/SurfaceView( 9674): updateWindow -- OnPreDrawListener, mHaveFrame = true, this = com.android.camera.ui.PreviewSurfaceView{579357e V.E..... ........ 0,107-480,747 #7f0e0049 app:id/camera_preview}
I/SurfaceView( 9674): updateWindow -- OnPreDrawListener, mHaveFrame = true, this = com.android.camera.ui.PreviewSurfaceView{579357e V.E..... ........ 0,107-480,747 #7f0e0049 app:id/camera_preview}
D/aaa_state_camera_preview(  242): [StateCameraPreview::sendIntent]<eIntent_VsyncUpdate>
D/aaa_state_camera_preview(  242): lv 14, cct 4164, rgain 614, bgain 512, ggain 1016, fluo idx 4, day flou idx 100
D/aaa_state_camera_preview(  242): [StateCameraPreview::sendIntent]<eIntent_AFUpdate>
D/aaa_state_camera_preview(  242): [StateCameraPreview::sendIntent]<eIntent_VsyncUpdate>
D/aaa_state_camera_preview(  242): lv 14, cct 4176, rgain 620, bgain 512, ggain 1020, fluo idx -12, day flou idx 100
D/aaa_state_camera_preview(  242): [StateCameraPreview::sendIntent]<eIntent_AFUpdate>
D/aaa_state_camera_preview(  242): [StateCameraPreview::sendIntent]<eIntent_VsyncUpdate>
D/aaa_state_camera_preview(  242): updateSensorbyI2C start
D/aaa_state_camera_preview(  242): updateSensorbyI2C end
D/aaa_state_camera_preview(  242): lv 13, cct 4210, rgain 636, bgain 512, ggain 1035, fluo idx -65, day flou idx -12
D/aaa_state_camera_preview(  242): [StateCameraPreview::sendIntent]<eIntent_AFUpdate>
D/aaa_state_camera_preview(  242): [StateCameraPreview::sendIntent]<eIntent_VsyncUpdate>
D/aaa_state_camera_preview(  242): lv 13, cct 4223, rgain 636, bgain 512, ggain 1031, fluo idx -62, day flou idx 0
D/aaa_state_camera_preview(  242): [StateCameraPreview::sendIntent]<eIntent_AFUpdate>
D/aaa_state_camera_preview(  242): [StateCameraPreview::sendIntent]<eIntent_VsyncUpdate>
D/aaa_state_camera_preview(  242): lv 13, cct 4240, rgain 640, bgain 512, ggain 1033, fluo idx -73, day flou idx -37
D/aaa_state_camera_preview(  242): [StateCameraPreview::sendIntent]<eIntent_AFUpdate>
D/aaa_state_camera_preview(  242): [StateCameraPreview::sendIntent]<eIntent_VsyncUpdate>
D/aaa_state_camera_preview(  242): updateSensorbyI2C start
D/aaa_state_camera_preview(  242): updateSensorbyI2C end
D/aaa_state_camera_preview(  242): lv 14, cct 4234, rgain 640, bgain 512, ggain 1035, fluo idx -77, day flou idx -50
D/aaa_state_camera_preview(  242): [StateCameraPreview::sendIntent]<eIntent_AFUpdate>
D/aaa_state_camera_preview(  242): [StateCameraPreview::sendIntent]<eIntent_VsyncUpdate>
D/aaa_state_camera_preview(  242): lv 14, cct 4203, rgain 629, bgain 512, ggain 1028, fluo idx -42, day flou idx 71
D/aaa_state_camera_preview(  242): [StateCameraPreview::sendIntent]<eIntent_AFUpdate>
D/aaa_state_camera_preview(  242): [StateCameraPreview::sendIntent]<eIntent_VsyncUpdate>
D/aaa_state_camera_preview(  242): lv 14, cct 4195, rgain 626, bgain 512, ggain 1026, fluo idx -35, day flou idx 100
D/aaa_state_camera_preview(  242): [StateCameraPreview::sendIntent]<eIntent_AFUpdate>
D/aaa_state_camera_preview(  242): [StateCameraPreview::sendIntent]<eIntent_VsyncUpdate>
D/aaa_state_camera_preview(  242): updateSensorbyI2C start
D/aaa_state_camera_preview(  242): updateSensorbyI2C end
D/aaa_state_camera_preview(  242): lv 14, cct 4227, rgain 633, bgain 512, ggain 1026, fluo idx -46, day flou idx 57
D/aaa_state_camera_preview(  242): [StateCameraPreview::sendIntent]<eIntent_AFUpdate>
D/aaa_state_camera_preview(  242): [StateCameraPreview::sendIntent]<eIntent_VsyncUpdate>
D/aaa_state_camera_preview(  242): lv 14, cct 4196, rgain 625, bgain 512, ggain 1024, fluo idx -31, day flou idx 100
D/aaa_state_camera_preview(  242): [StateCameraPreview::sendIntent]<eIntent_AFUpdate>
D/aaa_state_camera_preview(  242): [StateCameraPreview::sendIntent]<eIntent_VsyncUpdate>
D/aaa_state_camera_preview(  242): lv 14, cct 4167, rgain 617, bgain 512, ggain 1020, fluo idx -8, day flou idx 100
D/aaa_state_camera_preview(  242): [StateCameraPreview::sendIntent]<eIntent_AFUpdate>
D/aaa_state_camera_preview(  242): [StateCameraPreview::sendIntent]<eIntent_VsyncUpdate>
D/aaa_state_camera_preview(  242): updateSensorbyI2C start
D/aaa_state_camera_preview(  242): updateSensorbyI2C end
D/aaa_state_camera_preview(  242): lv 14, cct 4187, rgain 624, bgain 512, ggain 1024, fluo idx -27, day flou idx 100
D/aaa_state_camera_preview(  242): [StateCameraPreview::sendIntent]<eIntent_AFUpdate>
D/aaa_state_camera_preview(  242): [StateCameraPreview::sendIntent]<eIntent_VsyncUpdate>
D/aaa_state_camera_preview(  242): lv 14, cct 4193, rgain 624, bgain 512, ggain 1022, fluo idx -23, day flou idx 100
D/aaa_state_camera_preview(  242): [StateCameraPreview::sendIntent]<eIntent_AFUpdate>
D/aaa_state_camera_preview(  242): [StateCameraPreview::sendIntent]<eIntent_VsyncUpdate>
D/aaa_state_camera_preview(  242): lv 14, cct 4196, rgain 621, bgain 512, ggain 1017, fluo idx -12, day flou idx 100
D/aaa_state_camera_preview(  242): [StateCameraPreview::sendIntent]<eIntent_AFUpdate>
D/aaa_state_camera_preview(  242): [StateCameraPreview::sendIntent]<eIntent_VsyncUpdate>
D/aaa_state_camera_preview(  242): updateSensorbyI2C start
D/aaa_state_camera_preview(  242): updateSensorbyI2C end
D/aaa_state_camera_preview(  242): lv 14, cct 4170, rgain 614, bgain 512, ggain 1015, fluo idx 8, day flou idx 100
D/aaa_state_camera_preview(  242): [StateCameraPreview::sendIntent]<eIntent_AFUpdate>
D/aaa_state_camera_preview(  242): [StateCameraPreview::sendIntent]<eIntent_VsyncUpdate>
D/aaa_state_camera_preview(  242): lv 14, cct 4193, rgain 620, bgain 512, ggain 1015, fluo idx -4, day flou idx 100
D/aaa_state_camera_preview(  242): [StateCameraPreview::sendIntent]<eIntent_AFUpdate>
D/aaa_state_camera_preview(  242): [StateCameraPreview::sendIntent]<eIntent_VsyncUpdate>
D/aaa_state_camera_preview(  242): lv 14, cct 4195, rgain 622, bgain 512, ggain 1019, fluo idx -15, day flou idx 100
D/aaa_state_camera_preview(  242): [StateCameraPreview::sendIntent]<eIntent_AFUpdate>
D/aaa_state_camera_preview(  242): [StateCameraPreview::sendIntent]<eIntent_VsyncUpdate>
D/aaa_state_camera_preview(  242): lv 14, cct 4187, rgain 620, bgain 512, ggain 1017, fluo idx -8, day flou idx 100
D/aaa_state_camera_preview(  242): [StateCameraPreview::sendIntent]<eIntent_AFUpdate>
D/aaa_state_camera_preview(  242): [StateCameraPreview::sendIntent]<eIntent_VsyncUpdate>
D/aaa_state_camera_preview(  242): updateSensorbyI2C start
D/aaa_state_camera_preview(  242): updateSensorbyI2C end
D/aaa_state_camera_preview(  242): lv 15, cct 4195, rgain 622, bgain 512, ggain 1019, fluo idx -15, day flou idx 100
D/aaa_state_camera_preview(  242): [StateCameraPreview::sendIntent]<eIntent_AFUpdate>
D/aaa_state_camera_preview(  242): [StateCameraPreview::sendIntent]<eIntent_VsyncUpdate>
D/aaa_state_camera_preview(  242): lv 15, cct 4174, rgain 615, bgain 512, ggain 1014, fluo idx 8, day flou idx 100
D/aaa_state_camera_preview(  242): [StateCameraPreview::sendIntent]<eIntent_VsyncUpdate>
D/aaa_state_camera_preview(  242): lv 15, cct 4174, rgain 615, bgain 512, ggain 1014, fluo idx 8, day flou idx 100
D/aaa_state_camera_preview(  242): [StateCameraPreview::sendIntent]<eIntent_AFUpdate>
D/CAM_ori/ViewManager( 9674): hide() com.android.camera.manager.InfoManager@d8cf0dc
D/CAM_ori/ViewManager( 9674): hide() com.android.camera.manager.RemainingManager@c6ae9b0
D/CAM_ori/ViewManager( 9674): show() com.android.camera.manager.PickerManager@3c77cc9d
D/CAM_ori/ViewManager( 9674): show() com.android.camera.manager.IndicatorManager@31654e31
D/CAM_ori/IndicatorManager( 9674): onRefresh() i=0, key[pref_camera_whitebalance_key]=auto, view=com.android.camera.ui.RotateImageView{11dff6c2 G.ED.... ......I. 0,0-0,0 #7f0e01a4 app:id/onscreen_white_balance_indicator}, default=auto, override=null, showcount=0
D/CAM_ori/IndicatorManager( 9674): onRefresh() i=1, key[pref_camera_scenemode_key]=auto, view=com.android.camera.ui.RotateImageView{f8a170d G.ED.... ......I. 0,0-0,0 #7f0e01a3 app:id/onscreen_scene_indicator}, default=auto, override=null, showcount=0
D/CAM_ori/IndicatorManager( 9674): onRefresh() i=2, key[pref_camera_exposure_key]=0, view=com.android.camera.ui.RotateImageView{35975cd3 G.ED.... ......I. 0,0-0,0 #7f0e01a5 app:id/onscreen_exposure_indicator}, default=0, override=null, showcount=0
D/CAM_ori/IndicatorManager( 9674): onRefresh() i=3, key[pref_video_time_lapse_frame_interval_key]=0, view=com.android.camera.ui.RotateImageView{ded0010 G.ED.... ......I. 0,0-0,0 #7f0e01a6 app:id/onscreen_timelapse_indicator}, default=0, override=null, showcount=0
D/CAM_ori/IndicatorManager( 9674): onRefresh() i=4, key[pref_camera_self_timer_key]=0, view=com.android.camera.ui.RotateImageView{4e1709 G.ED.... ......I. 0,0-0,0 #7f0e01a7 app:id/onscreen_selftimer_indicator}, default=0, override=null, showcount=0
D/CAM_ori/IndicatorManager( 9674): onRefresh() i=5, key[pref_voice_key]=off, view=com.android.camera.ui.RotateAnimationImageView{1370f32f G.ED.... ......I. 0,0-0,0 #7f0e01a9 app:id/onscreen_voice_indicator}, default=off, override=null, showcount=0
I/SurfaceView( 9674): updateWindow -- OnPreDrawListener, mHaveFrame = true, this = com.android.camera.ui.PreviewSurfaceView{579357e V.E..... ........ 0,107-480,747 #7f0e0049 app:id/camera_preview}
I/BufferQueueProducer(  219): [com.android.gallery3d/com.android.camera.CameraLauncher](this:0xb5c5a400,id:473,api:1,p:9674,c:219) queueBuffer: fps=9.02 dur=2991.77 max=2556.89 min=10.00
D/aaa_state_camera_preview(  242): [StateCameraPreview::sendIntent]<eIntent_VsyncUpdate>
D/aaa_state_camera_preview(  242): updateSensorbyI2C start
D/aaa_state_camera_preview(  242): updateSensorbyI2C end
D/aaa_state_camera_preview(  242): lv 15, cct 4171, rgain 613, bgain 512, ggain 1013, fluo idx 12, day flou idx 100
D/aaa_state_camera_preview(  242): [StateCameraPreview::sendIntent]<eIntent_AFUpdate>
D/aaa_state_camera_preview(  242): [StateCameraPreview::sendIntent]<eIntent_VsyncUpdate>
D/aaa_state_camera_preview(  242): lv 15, cct 4120, rgain 596, bgain 512, ggain 1000, fluo idx 76, day flou idx 100
D/aaa_state_camera_preview(  242): [StateCameraPreview::sendIntent]<eIntent_AFUpdate>
D/aaa_state_camera_preview(  242): [StateCameraPreview::sendIntent]<eIntent_VsyncUpdate>
D/aaa_state_camera_preview(  242): lv 15, cct 4137, rgain 600, bgain 512, ggain 1002, fluo idx 60, day flou idx 100
D/aaa_state_camera_preview(  242): [StateCameraPreview::sendIntent]<eIntent_AFUpdate>
D/aaa_state_camera_preview(  242): [StateCameraPreview::sendIntent]<eIntent_VsyncUpdate>
D/aaa_state_camera_preview(  242): lv 15, cct 4129, rgain 597, bgain 512, ggain 1000, fluo idx 72, day flou idx 100
D/aaa_state_camera_preview(  242): [StateCameraPreview::sendIntent]<eIntent_AFUpdate>
D/aaa_state_camera_preview(  242): [StateCameraPreview::sendIntent]<eIntent_VsyncUpdate>
