D/aaa_state_camera_preview(  242): lv 15, cct 4131, rgain 600, bgain 512, ggain 1004, fluo idx 60, day flou idx 100
D/aaa_state_camera_preview(  242): [StateCameraPreview::sendIntent]<eIntent_AFUpdate>
D/aaa_state_camera_preview(  242): [StateCameraPreview::sendIntent]<eIntent_VsyncUpdate>
D/aaa_state_camera_preview(  242): lv 15, cct 4128, rgain 594, bgain 512, ggain 996, fluo idx 88, day flou idx 100
D/aaa_state_camera_preview(  242): [StateCameraPreview::sendIntent]<eIntent_AFUpdate>
D/aaa_state_camera_preview(  242): [StateCameraPreview::sendIntent]<eIntent_VsyncUpdate>
D/aaa_state_camera_preview(  242): lv 15, cct 4108, rgain 592, bgain 512, ggain 997, fluo idx 92, day flou idx 100
D/aaa_state_camera_preview(  242): [StateCameraPreview::sendIntent]<eIntent_AFUpdate>
D/aaa_state_camera_preview(  242): [StateCameraPreview::sendIntent]<eIntent_VsyncUpdate>
D/aaa_state_camera_preview(  242): lv 15, cct 4112, rgain 593, bgain 512, ggain 998, fluo idx 84, day flou idx 100
D/aaa_state_camera_preview(  242): [StateCameraPreview::sendIntent]<eIntent_AFUpdate>
D/aaa_state_camera_preview(  242): [StateCameraPreview::sendIntent]<eIntent_VsyncUpdate>
D/aaa_state_camera_preview(  242): lv 15, cct 4105, rgain 590, bgain 512, ggain 995, fluo idx 100, day flou idx 100
I/SurfaceView( 9674): updateWindow -- OnPreDrawListener, mHaveFrame = true, this = com.android.camera.ui.PreviewSurfaceView{579357e V.E..... ........ 0,107-480,747 #7f0e0049 app:id/camera_preview}
I/BufferQueueProducer(  219): [com.android.gallery3d/com.android.camera.CameraLauncher](this:0xb5c5a400,id:473,api:1,p:9674,c:219) queueBuffer: fps=0.91 dur=1100.12 max=1100.12 min=1100.12
D/aaa_state_camera_preview(  242): [StateCameraPreview::sendIntent]<eIntent_VsyncUpdate>
D/aaa_state_camera_preview(  242): lv 15, cct 4097, rgain 587, bgain 512, ggain 993, fluo idx 100, day flou idx 100
D/aaa_state_camera_preview(  242): [StateCameraPreview::sendIntent]<eIntent_AFUpdate>
I/CAM_ext/SettingCtrl( 9674): [onSettingChanged], settingKey = pref_camera_flashmode_key,value = on
I/CAM_ext/SettingCtrl( 9674): [onSettingChanged], key: pref_camera_flashmode_key, value:on, lastValue:auto
I/CAM_ext/ParametersHelper( 9674): [setParameters]key = pref_camera_flashmode_key,value = on,settingIndex = 46
D/CAM_ext/SettingCtrl( 9674): [queryResultSettings], conditionKey:pref_camera_flashmode_key, resultKeys:null
I/CAM_ori/PickerManager( 9674): onPicked(pref_camera_flashmode_key, on) mListener=com.android.camera.CameraActivity$6@16699c1a return true
D/CAM_ori/PickerButton( 9674): reloadPreference() ListPreference(mKey=pref_camera_flashmode_key, mTitle=Flash mode, mOverride=null, mEnable=true, mValue=on, mClickable=true)
D/CAM_ext/ListPreference( 9674): [getValue]reload defaultValue=auto, real=on,mkey = pref_camera_flashmode_key
D/CAM_ori/PreviewFrameLayout( 9674): setAspectRatio(1.3333333333333333) mAspectRatio=1.3333333333333333, com.android.camera.ui.PreviewFrameLayout{97f544b V.E..... ........ 0,107-480,747 #7f0e01fb app:id/frame}
I/CAM_ori/CameraDeviceExt( 9674): lockRun(com.android.camera.bridge.CameraDeviceExt$2@988c128) mCameraDevice=com.android.camera.CameraManager$CameraProxy@3dcc02e8
I/CAM_ori/CameraDeviceExt( 9674): lockRun(com.android.camera.bridge.CameraDeviceExt$2@7049e41) mCameraDevice=com.android.camera.CameraManager$CameraProxy@3dcc02e8
I/CAM_ext/VoiceCapture( 9674): [isSupportVoiceCase] mISettingCtrlcom.mediatek.camera.setting.SettingCtrl@800724a
D/CAM_ext/VoiceCapture( 9674): [notifyKeyWordsToUi] mKeywords=[Ljava.lang.String;@389d00a2, mISettingCtrl = com.mediatek.camera.setting.SettingCtrl@800724a
I/CAM_ext/ObjectTracking( 9674): [isSupportOtCase] mISettingCtrlcom.mediatek.camera.setting.SettingCtrl@800724a
I/SurfaceView( 9674): updateWindow -- OnPreDrawListener, mHaveFrame = true, this = com.android.camera.ui.PreviewSurfaceView{579357e V.E..... ........ 0,107-480,747 #7f0e0049 app:id/camera_preview}
I/CAM_ori/PhotoActor( 9674): [initializeAfterPreview]...mSelfTimerManager = com.android.camera.bridge.SelfTimerManager@34b1660c
D/CAM_ori/ViewManager( 9674): show() com.android.camera.manager.ModePicker@16a93903
D/CAM_ori/PickerButton( 9674): reloadPreference() ListPreference(mKey=pref_camera_flashmode_key, mTitle=Flash mode, mOverride=null, mEnable=true, mValue=on, mClickable=true)
D/CAM_ori/PickerButton( 9674): reloadPreference() ListPreference(mKey=pref_camera_id_key, mTitle=Choose camera, mOverride=null, mEnable=true, mValue=0, mClickable=true)
D/CAM_ori/IndicatorManager( 9674): onRefresh() i=0, key[pref_camera_whitebalance_key]=auto, view=com.android.camera.ui.RotateImageView{11dff6c2 G.ED.... ......I. 0,0-0,0 #7f0e01a4 app:id/onscreen_white_balance_indicator}, default=auto, override=null, showcount=0
D/CAM_ori/IndicatorManager( 9674): onRefresh() i=1, key[pref_camera_scenemode_key]=auto, view=com.android.camera.ui.RotateImageView{f8a170d G.ED.... ......I. 0,0-0,0 #7f0e01a3 app:id/onscreen_scene_indicator}, default=auto, override=null, showcount=0
D/CAM_ori/IndicatorManager( 9674): onRefresh() i=2, key[pref_camera_exposure_key]=0, view=com.android.camera.ui.RotateImageView{35975cd3 G.ED.... ......I. 0,0-0,0 #7f0e01a5 app:id/onscreen_exposure_indicator}, default=0, override=null, showcount=0
D/CAM_ori/IndicatorManager( 9674): onRefresh() i=3, key[pref_video_time_lapse_frame_interval_key]=0, view=com.android.camera.ui.RotateImageView{ded0010 G.ED.... ......I. 0,0-0,0 #7f0e01a6 app:id/onscreen_timelapse_indicator}, default=0, override=null, showcount=0
D/CAM_ori/IndicatorManager( 9674): onRefresh() i=4, key[pref_camera_self_timer_key]=0, view=com.android.camera.ui.RotateImageView{4e1709 G.ED.... ......I. 0,0-0,0 #7f0e01a7 app:id/onscreen_selftimer_indicator}, default=0, override=null, showcount=0
D/CAM_ori/IndicatorManager( 9674): onRefresh() i=5, key[pref_voice_key]=off, view=com.android.camera.ui.RotateAnimationImageView{1370f32f G.ED.... ......I. 0,0-0,0 #7f0e01a9 app:id/onscreen_voice_indicator}, default=off, override=null, showcount=0
D/CAM_ori/ViewManager( 9674): hide() com.android.camera.manager.EffectViewManager@75a68f3
I/SurfaceView( 9674): updateWindow -- OnPreDrawListener, mHaveFrame = true, this = com.android.camera.ui.PreviewSurfaceView{579357e V.E..... ........ 0,107-480,747 #7f0e0049 app:id/camera_preview}
D/aaa_state_camera_preview(  242): [StateCameraPreview::sendIntent]<eIntent_VsyncUpdate>
D/aaa_state_camera_preview(  242): lv 15, cct 4114, rgain 592, bgain 512, ggain 995, fluo idx 96, day flou idx 100
D/aaa_state_camera_preview(  242): [StateCameraPreview::sendIntent]<eIntent_AFUpdate>
D/aaa_state_camera_preview(  242): [StateCameraPreview::sendIntent]<eIntent_VsyncUpdate>
D/aaa_state_camera_preview(  242): lv 15, cct 4097, rgain 587, bgain 512, ggain 993, fluo idx 100, day flou idx 100
D/aaa_state_camera_preview(  242): [StateCameraPreview::sendIntent]<eIntent_AFUpdate>
D/aaa_state_camera_preview(  242): [StateCameraPreview::sendIntent]<eIntent_VsyncUpdate>
D/aaa_state_camera_preview(  242): lv 15, cct 4102, rgain 587, bgain 512, ggain 992, fluo idx 100, day flou idx 100
D/aaa_state_camera_preview(  242): [StateCameraPreview::sendIntent]<eIntent_AFUpdate>
D/aaa_state_camera_preview(  242): [StateCameraPreview::sendIntent]<eIntent_VsyncUpdate>
D/aaa_state_camera_preview(  242): lv 15, cct 4108, rgain 587, bgain 512, ggain 990, fluo idx 100, day flou idx 100
D/aaa_state_camera_preview(  242): [StateCameraPreview::sendIntent]<eIntent_AFUpdate>
D/aaa_state_camera_preview(  242): [StateCameraPreview::sendIntent]<eIntent_VsyncUpdate>
D/aaa_state_camera_preview(  242): updateSensorbyI2C start
D/aaa_state_camera_preview(  242): updateSensorbyI2C end
D/aaa_state_camera_preview(  242): lv 15, cct 4116, rgain 590, bgain 512, ggain 992, fluo idx 100, day flou idx 100
D/aaa_state_camera_preview(  242): [StateCameraPreview::sendIntent]<eIntent_AFUpdate>
D/aaa_state_camera_preview(  242): [StateCameraPreview::sendIntent]<eIntent_VsyncUpdate>
D/aaa_state_camera_preview(  242): lv 15, cct 4114, rgain 587, bgain 512, ggain 989, fluo idx 100, day flou idx 100
D/aaa_state_camera_preview(  242): [StateCameraPreview::sendIntent]<eIntent_AFUpdate>
I/SurfaceView( 9674): updateWindow -- OnPreDrawListener, mHaveFrame = true, this = com.android.camera.ui.PreviewSurfaceView{579357e V.E..... ........ 0,107-480,747 #7f0e0049 app:id/camera_preview}
D/aaa_state_camera_preview(  242): [StateCameraPreview::sendIntent]<eIntent_VsyncUpdate>
D/aaa_state_camera_preview(  242): lv 15, cct 4128, rgain 589, bgain 512, ggain 987, fluo idx 100, day flou idx 100
V/WindowManager(  683): Changing focus from Window{361ea481 u0 com.android.gallery3d/com.android.camera.CameraLauncher} to null Callers=com.android.server.wm.WindowManagerService.setFocusedApp:4577 com.android.server.am.ActivityManagerService.setFocusedActivityLocked:2555 com.android.server.am.ActivityStack.adjustFocusedActivityLocked:2904 com.android.server.am.ActivityStack.finishActivityLocked:3161 
D/aaa_state_camera_preview(  242): [StateCameraPreview::sendIntent]<eIntent_AFUpdate>
I/WindowManager(  683): Losing focus: Window{361ea481 u0 com.android.gallery3d/com.android.camera.CameraLauncher}
I/SurfaceView( 9674): updateWindow -- OnPreDrawListener, mHaveFrame = true, this = com.android.camera.ui.PreviewSurfaceView{579357e V.E..... ........ 0,107-480,747 #7f0e0049 app:id/camera_preview}
I/CAM_ori/CameraDeviceCtrl( 9674): [closeCamera] cameraState:STATE_CAMERA_OPENED
D/CAM_ori/ViewManager( 9674): hide() com.android.camera.manager.IndicatorManager@31654e31
D/aaa_state_camera_preview(  242): [StateCameraPreview::sendIntent]<eIntent_VsyncUpdate>
D/aaa_state_camera_preview(  242): updateSensorbyI2C start
D/aaa_state_camera_preview(  242): updateSensorbyI2C end
D/aaa_state_camera_preview(  242): lv 15, cct 4134, rgain 589, bgain 512, ggain 986, fluo idx 100, day flou idx 100
D/aaa_state_camera_preview(  242): [StateCameraPreview::sendIntent]<eIntent_AFUpdate>
D/aaa_state_camera_preview(  242): [StateCameraPreview::sendIntent]<eIntent_VsyncUpdate>
D/aaa_state_camera_preview(  242): lv 15, cct 4124, rgain 588, bgain 512, ggain 988, fluo idx 100, day flou idx 100
D/aaa_state_camera_preview(  242): [StateCameraPreview::sendIntent]<eIntent_AFUpdate>
D/aaa_state_camera_preview(  242): [StateCameraPreview::sendIntent]<eIntent_CameraPreviewEnd>
I/CAM_ori/CameraManager/BackCam( 9674): stopPreview camera device = com.android.camera.AndroidCamera@2e47c40b
I/CAM_ori/FocusManager( 9674): updateFocusUI, faceExists = false, mState = 0 mFocusArea = null focusIndicator = com.android.camera.ui.FocusIndicatorRotateLayout{3ce1c4d4 V.E..... ........ 180,260-300,380 #7f0e011c app:id/focus_indicator_rotate_layout}
I/CAM_ext/CameraHolder( 9674): CameraHolder release back camera
D/Camera-JNI( 9674): (tid:10181)[native_release] + context=0x9c3a4640 camera=0xa01c6238 
D/Camera-JNI( 9674): [native_release] context->getStrongCount(2) camera->getStrongCount(2) 
I/CameraClient(  242): Destroying camera 0
D/CameraService(  242): removeClient: clear camera 0
D/Camera-JNI( 9674): (tid:10181)[native_release] - context=0x9c3a4640 camera=0x0 
D/Camera-JNI( 9674): (tid:10181)[release camera] - X context=0x9c3a4640 
I/CAM_ori/CameraManager/BackCam( 9674): release camera device = com.android.camera.AndroidCamera@2e47c40b
I/CAM_ori/FocusManager( 9674): updateFocusUI, faceExists = false, mState = 0 mFocusArea = null focusIndicator = com.android.camera.ui.FocusIndicatorRotateLayout{3ce1c4d4 V.E..... ........ 180,260-300,380 #7f0e011c app:id/focus_indicator_rotate_layout}
D/CAM_ori/CameraDeviceCtrl( 9674): [setCameraState] cameraState:STATE_CAMERA_CLOSED
D/CameraClient(  242): camera is unlocked (mClientPid = 0), don't tear down hardware
W/CAM_ext/CameraDeviceManagerImpl( 9674): [getCameraDevice]return null,cameraId = 0,mICurCameraDevice.getCameraId() = -1,mITopCameraDevice.getCameraId() = -1
I/CAM_ext/RemoteCameraAddition( 9674): [clearPreviewCallback], cameraDevice is null
D/ActivityThread( 9674): ACT-AM_ON_PAUSE_CALLED ActivityRecord{1f446b token=android.os.BinderProxy@29eaebc8 {com.android.gallery3d/com.android.camera.CameraLauncher}}
I/SurfaceView( 9674): updateWindow -- setFrame, this = com.android.camera.ui.PreviewSurfaceView{579357e V.E..... ......ID 719,1065-719,1066 #7f0e0049 app:id/camera_preview}
I/SurfaceView( 9674): Changes: creating=false format=false size=true visible=false left=true top=true mUpdateWindowNeeded=false mReportDrawNeeded=false redrawNeeded=false forceSizeChanged=true mVisible=true mRequestedVisible=true, this = com.android.camera.ui.PreviewSurfaceView{579357e V.E..... ......ID 719,1065-719,1066 #7f0e0049 app:id/camera_preview}
I/SurfaceView( 9674): Cur surface: Surface(name=null)/@0x2926ccf0, this = com.android.camera.ui.PreviewSurfaceView{579357e V.E..... ......ID 719,1065-719,1066 #7f0e0049 app:id/camera_preview}
V/SurfaceView( 9674): this = com.android.camera.ui.PreviewSurfaceView{579357e V.E..... ......ID 719,1065-719,1066 #7f0e0049 app:id/camera_preview} got resized: w=0 h=1, cur w=-1 h=-1
I/SurfaceView( 9674): New surface: Surface(name=null)/@0x9969269, vis=true, frame=Rect(719, 1065 - 719, 1066), this = com.android.camera.ui.PreviewSurfaceView{579357e V.E..... ......ID 719,1065-719,1066 #7f0e0049 app:id/camera_preview}
I/SurfaceView( 9674): surfaceChanged -- format=4 w=0 h=1, this = com.android.camera.ui.PreviewSurfaceView{579357e V.E..... ......ID 719,1065-719,1066 #7f0e0049 app:id/camera_preview}
I/SurfaceView( 9674): surfaceChanged callback +, this = com.android.camera.ui.PreviewSurfaceView{579357e V.E..... ......ID 719,1065-719,1066 #7f0e0049 app:id/camera_preview}
I/SurfaceView( 9674): surfaceChanged callback -, this = com.android.camera.ui.PreviewSurfaceView{579357e V.E..... ......ID 719,1065-719,1066 #7f0e0049 app:id/camera_preview}
V/SurfaceView( 9674): Layout: x=719 y=1065 w=0 h=1, frame=Rect(0, 0 - 0, 1), this = com.android.camera.ui.PreviewSurfaceView{579357e V.E..... ......ID 719,1065-719,1066 #7f0e0049 app:id/camera_preview}
I/SurfaceView( 9674): updateWindow -- OnPreDrawListener, mHaveFrame = false, this = com.android.camera.ui.PreviewSurfaceView{579357e V.E..... ......ID 719,1065-719,1066 #7f0e0049 app:id/camera_preview}
I/BufferQueueProducer(  219): [com.android.gallery3d/com.android.camera.CameraLauncher](this:0xb5c5a400,id:473,api:1,p:9674,c:219) queueBuffer: fps=2.78 dur=1440.04 max=800.38 min=29.95
I/BufferQueueProducer(  219): [com.android.gallery3d/com.android.camera.CameraLauncher](this:0xb5c5a400,id:473,api:1,p:-1,c:219) disconnect(P): api 1
I/BufferQueueConsumer(  219): [com.android.gallery3d/com.android.camera.CameraLauncher](this:0xb5c5a400,id:473,api:1,p:-1,c:219) getReleasedBuffers: returning mask 0xffffffffffffffff
I/SurfaceView( 9674): updateWindow -- OnPreDrawListener, mHaveFrame = false, this = com.android.camera.ui.PreviewSurfaceView{579357e V.E..... ......ID 719,1065-719,1066 #7f0e0049 app:id/camera_preview}
I/SurfaceView( 9674): updateWindow -- onWindowVisibilityChanged, visibility = 8, this = com.android.camera.ui.PreviewSurfaceView{579357e V.E..... ......ID 719,1065-719,1066 #7f0e0049 app:id/camera_preview}
I/SurfaceView( 9674): updateWindow -- OnPreDrawListener, mHaveFrame = false, this = com.android.camera.ui.PreviewSurfaceView{579357e V.E..... ......ID 719,1065-719,1066 #7f0e0049 app:id/camera_preview}
I/MtkGallery2/MediaFilterSetting( 9674): <removeFilter> activity = com.android.camera.CameraActivity@20a6fc74
I/SurfaceView( 9674): updateWindow -- setVisibility, visibility = 8, this = com.android.camera.ui.PreviewSurfaceView{579357e G.E..... ......ID 719,1065-719,1066 #7f0e0049 app:id/camera_preview}
D/CAM_ext/SettingCtrl( 9674): resetSettings() remove key[pref_camera_exposure_key]
D/CAM_ext/SettingCtrl( 9674): resetSettings() remove key[pref_camera_exposuremeter_key]
D/CAM_ext/SettingCtrl( 9674): resetSettings() remove key[pref_came