D/MtkCam/MetadataConvert(  144): Convert from camera_metadata to IMetadata
D/aaa_state_camera_preview(  144): [StateCameraPreview::sendIntent]<eIntent_CameraPreviewEnd>
I/ActivityManager(  515): START u0 {act=android.intent.action.MAIN cat=[android.intent.category.LAUNCHER] flg=0x10200000 cmp=com.google.android.GoogleCamera/com.android.camera.CameraLauncher bnds=[372,674][460,782] (has extras)} from uid 10024 on display 0
V/WindowManager(  515): addAppToken: AppWindowToken{337892a8 token=Token{2511bacb ActivityRecord{19a1b19a u0 com.google.android.GoogleCamera/com.android.camera.CameraLauncher t314}}} to stack=1 task=314 at 0
I/CAM2PORT_AndCamAgntImp(11508): Opening camera 0 with camera1 API
V/WindowManager(  515): Adding window Window{3d811ab5 u0 com.google.android.GoogleCamera/com.android.camera.CameraLauncher} at 5 of 11 (before Window{2c5cb843 u0 Starting com.google.android.GoogleCamera})
I/CAM_PhotoModule(11508): attempted to start preview before camera device
I/ActivityManager(  515): Displayed com.google.android.GoogleCamera/com.android.camera.CameraLauncher: +598ms
D/ae_mgr  (  144): [AeMgr]cameraPreviewInit i4SensorDev:1 i4SensorIdx:0
D/ae_mgr  (  144): [cameraPreviewInit] Sensor Dev:1 Exp Mode: 0 Shutter:99996 Sensor Gain:8192 Isp Gain:1877 Flare:513 8 Frame Rate:100
D/MtkCam/MetadataConvert(  144): Convert from camera_metadata to IMetadata
D/MtkCam/MetadataConvert(  144): Convert from camera_metadata to IMetadata
D/MtkCam/MetadataConvert(  144): Convert from camera_metadata to IMetadata
D/aaa_state_camera_preview(  144): [StateCameraPreview::sendIntent]<eIntent_CameraPreviewEnd>
I/ActivityManager(  515): START u0 {act=android.intent.action.MAIN cat=[android.intent.category.LAUNCHER] flg=0x10200000 cmp=com.google.android.GoogleCamera/com.android.camera.CameraLauncher bnds=[372,674][460,782] (has extras)} from uid 10024 on display 0
V/WindowManager(  515): addAppToken: AppWindowToken{3b0cc5b9 token=Token{22b37b80 ActivityRecord{2f25e003 u0 com.google.android.GoogleCamera/com.android.camera.CameraLauncher t315}}} to stack=1 task=315 at 0
I/CAM2PORT_AndCamAgntImp(11508): Opening camera 0 with camera1 API
V/WindowManager(  515): Adding window Window{27b24a6b u0 com.google.android.GoogleCamera/com.android.camera.CameraLauncher} at 5 of 11 (before Window{3c553a98 u0 Starting com.google.android.GoogleCamera})
I/CAM_PhotoModule(11508): attempted to start preview before camera device
I/ActivityManager(  515): Displayed com.google.android.GoogleCamera/com.android.camera.CameraLauncher: +740ms
D/ae_mgr  (  144): [AeMgr]cameraPreviewInit i4SensorDev:1 i4SensorIdx:0
D/ae_mgr  (  144): [cameraPreviewInit] Sensor Dev:1 Exp Mode: 0 Shutter:99996 Sensor Gain:8192 Isp Gain:1376 Flare:513 8 Frame Rate:100
D/aaa_state_camera_preview(  144): [StateCameraPreview::sendIntent]<eIntent_CameraPreviewEnd>
I/ActivityManager(  515): START u0 {act=android.intent.action.MAIN cat=[android.intent.category.LAUNCHER] flg=0x10200000 cmp=com.google.android.GoogleCamera/com.android.camera.CameraLauncher bnds=[372,674][460,782] (has extras)} from uid 10024 on display 0
V/WindowManager(  515): addAppToken: AppWindowToken{89ad6e token=Token{2d7b0ce9 ActivityRecord{153ea170 u0 com.google.android.GoogleCamera/com.android.camera.CameraLauncher t316}}} to stack=1 task=316 at 0
I/CAM2PORT_AndCamAgntImp(11508): Opening camera 0 with camera1 API
V/WindowManager(  515): Adding window Window{3b7163a3 u0 com.google.android.GoogleCamera/com.android.camera.CameraLauncher} at 5 of 11 (before Window{265e7021 u0 Starting com.google.android.GoogleCamera})
I/CAM_PhotoModule(11508): attempted to start preview before camera device
I/ActivityManager(  515): Displayed com.google.android.GoogleCamera/com.android.camera.CameraLauncher: +518ms
D/ae_mgr  (  144): [AeMgr]cameraPreviewInit i4SensorDev:1 i4SensorIdx:0
D/ae_mgr  (  144): [cameraPreviewInit] Sensor Dev:1 Exp Mode: 0 Shutter:99996 Sensor Gain:8192 Isp Gain:1493 Flare:513 8 Frame Rate:100
D/MtkCam/MetadataConvert(  144): Convert from camera_metadata to IMetadata
D/MtkCam/MetadataConvert(  144): Convert from camera_metadata to IMetadata
D/MtkCam/MetadataConvert(  144): Convert from camera_metadata to IMetadata
D/aaa_state_camera_preview(  144): [StateCameraPreview::sendIntent]<eIntent_CameraPreviewEnd>
I/ActivityManager(  515): START u0 {act=android.intent.action.MAIN cat=[android.intent.category.LAUNCHER] flg=0x10200000 cmp=com.google.android.GoogleCamera/com.android.camera.CameraLauncher bnds=[372,674][460,782] (has extras)} from uid 10024 on display 0
V/WindowManager(  515): addAppToken: AppWindowToken{31876592 token=Token{33a1bf1d ActivityRecord{27acabf4 u0 com.google.android.GoogleCamera/com.android.camera.CameraLauncher t317}}} to stack=1 task=317 at 0
I/CAM2PORT_AndCamAgntImp(11508): Opening camera 0 with camera1 API
V/WindowManager(  515): Adding window Window{3f8369bc u0 com.google.android.GoogleCamera/com.android.camera.CameraLauncher} at 5 of 11 (before Window{97ab4d5 u0 Starting com.google.android.GoogleCamera})
I/CAM_PhotoModule(11508): attempted to start preview before camera device
I/ActivityManager(  515): Displayed com.google.android.GoogleCamera/com.android.camera.CameraLauncher: +649ms
D/ae_mgr  (  144): [AeMgr]cameraPreviewInit i4SensorDev:1 i4SensorIdx:0
D/ae_mgr  (  144): [cameraPreviewInit] Sensor Dev:1 Exp Mode: 0 Shutter:99996 Sensor Gain:8192 Isp Gain:1267 Flare:513 8 Frame Rate:100
D/MtkCam/MetadataConvert(  144): Convert from camera_metadata to IMetadata
D/aaa_state_camera_preview(  144): [StateCameraPreview::sendIntent]<eIntent_CameraPreviewEnd>
I/ActivityManager(  515): START u0 {act=android.intent.action.MAIN cat=[android.intent.category.LAUNCHER] flg=0x10200000 cmp=com.google.android.GoogleCamera/com.android.camera.CameraLauncher bnds=[372,674][460,782] (has extras)} from uid 10024 on display 0
V/WindowManager(  515): addAppToken: AppWindowToken{3dba2b13 token=Token{7301602 ActivityRecord{3a162b4d u0 com.google.android.GoogleCamera/com.android.camera.CameraLauncher t318}}} to stack=1 task=318 at 0
I/CAM2PORT_AndCamAgntImp(11508): Opening camera 0 with camera1 API
V/WindowManager(  515): Adding window Window{f2b9367 u0 com.google.android.GoogleCamera/com.android.camera.CameraLauncher} at 5 of 11 (before Window{3b36635a u0 Starting com.google.android.GoogleCamera})
I/CAM_PhotoModule(11508): attempted to start preview before camera device
I/ActivityManager(  515): Displayed com.google.android.GoogleCamera/com.android.camera.CameraLauncher: +567ms
D/ae_mgr  (  144): [AeMgr]cameraPreviewInit i4SensorDev:1 i4SensorIdx:0
D/ae_mgr  (  144): [cameraPreviewInit] Sensor Dev:1 Exp Mode: 0 Shutter:29991 Sensor Gain:6896 Isp Gain:1032 Flare:512 7 Frame Rate:300
D/MtkCam/MetadataConvert(  144): Convert from camera_metadata to IMetadata
D/MtkCam/MetadataConvert(  144): Convert from camera_metadata to IMetadata
D/aaa_state_camera_preview(  144): [StateCameraPreview::sendIntent]<eIntent_CameraPreviewEnd>
I/ActivityManager(  515): START u0 {act=android.intent.action.MAIN cat=[android.intent.category.LAUNCHER] flg=0x10200000 cmp=com.google.android.GoogleCamera/com.android.camera.CameraLauncher bnds=[372,674][460,782] (has extras)} from uid 10024 on display 0
V/WindowManager(  515): addAppToken: AppWindowToken{290e6d0d token=Token{11a89ba4 ActivityRecord{2c609a37 u0 com.google.android.GoogleCamera/com.android.camera.CameraLauncher t319}}} to stack=1 task=319 at 0
I/CAM2PORT_AndCamAgntImp(11508): Opening camera 0 with camera1 API
V/WindowManager(  515): Adding window Window{3098d535 u0 com.google.android.GoogleCamera/com.android.camera.CameraLauncher} at 5 of 11 (before Window{2c01bb3c u0 Starting com.google.android.GoogleCamera})
I/CAM_PhotoModule(11508): attempted to start preview before camera device
I/ActivityManager(  515): Displayed com.google.android.GoogleCamera/com.android.camera.CameraLauncher: +688ms
D/ae_mgr  (  144): [AeMgr]cameraPreviewInit i4SensorDev:1 i4SensorIdx:0
D/ae_mgr  (  144): [cameraPreviewInit] Sensor Dev:1 Exp Mode: 0 Shutter:29991 Sensor Gain:5504 Isp Gain:1040 Flare:512 5 Frame Rate:300
D/MtkCam/MetadataConvert(  144): Convert from camera_metadata to IMetadata
D/MtkCam/MetadataConvert(  144): Convert from camera_metadata to IMetadata
D/aaa_state_camera_preview(  144): [StateCameraPreview::sendIntent]<eIntent_CameraPreviewEnd>
I/ActivityManager(  515): START u0 {act=android.intent.action.MAIN cat=[android.intent.category.LAUNCHER] flg=0x10200000 cmp=com.google.android.GoogleCamera/com.android.camera.CameraLauncher bnds=[372,674][460,782] (has extras)} from uid 10024 on display 0
V/WindowManager(  515): addAppToken: AppWindowToken{2585d694 token=Token{f332ae7 ActivityRecord{36f8a0a6 u0 com.google.android.GoogleCamera/com.android.camera.CameraLauncher t320}}} to stack=1 task=320 at 0
I/CAM2PORT_AndCamAgntImp(11508): Opening camera 0 with camera1 API
V/WindowManager(  515): Adding window Window{fb3d571 u0 com.google.android.GoogleCamera/com.android.camera.CameraLauncher} at 5 of 11 (before Window{27808fdf u0 Starting com.google.android.GoogleCamera})
I/CAM_PhotoModule(11508): attempted to start preview before camera device
I/ActivityManager(  515): Displayed com.google.android.GoogleCamera/com.android.camera.CameraLauncher: +650ms
D/ae_mgr  (  144): [AeMgr]cameraPreviewInit i4SensorDev:1 i4SensorIdx:0
D/ae_mgr  (  144): [cameraPreviewInit] Sensor Dev:1 Exp Mode: 0 Shutter:29991 Sensor Gain:8192 Isp Gain:1232 Flare:512 1 Frame Rate:300
D/MtkCam/MetadataConvert(  144): Convert from camera_metadata to IMetadata
D/MtkCam/MetadataConvert(  144): Convert from camera_metadata to IMetadata
D/MtkCam/MetadataConvert(  144): Convert from camera_metadata to IMetadata
D/aaa_state_camera_preview(  144): [StateCameraPreview::sendIntent]<eIntent_CameraPreviewEnd>
I/ActivityManager(  515): START u0 {act=android.intent.action.MAIN cat=[android.intent.category.LAUNCHER] flg=0x10200000 cmp=com.google.android.GoogleC