D/MtkCam/MetadataConvert(  144): Convert from camera_metadata to IMetadata
D/MtkCam/MetadataConvert(  144): Convert from camera_metadata to IMetadata
D/aaa_state_camera_preview(  144): [StateCameraPreview::sendIntent]<eIntent_CameraPreviewEnd>
I/ActivityManager(  515): START u0 {act=android.intent.action.MAIN cat=[android.intent.category.LAUNCHER] flg=0x10200000 cmp=com.google.android.GoogleCamera/com.android.camera.CameraLauncher bnds=[372,674][460,782] (has extras)} from uid 10024 on display 0
V/WindowManager(  515): addAppToken: AppWindowToken{bb5d64a token=Token{2e651fb5 ActivityRecord{e454fec u0 com.google.android.GoogleCamera/com.android.camera.CameraLauncher t280}}} to stack=1 task=280 at 0
I/CAM2PORT_AndCamAgntImp(11508): Opening camera 0 with camera1 API
V/WindowManager(  515): Adding window Window{942a18f u0 com.google.android.GoogleCamera/com.android.camera.CameraLauncher} at 3 of 9 (before Window{1906906d u0 Starting com.google.android.GoogleCamera})
I/CAM_PhotoModule(11508): attempted to start preview before camera device
I/ActivityManager(  515): Displayed com.google.android.GoogleCamera/com.android.camera.CameraLauncher: +513ms
D/ae_mgr  (  144): [AeMgr]cameraPreviewInit i4SensorDev:1 i4SensorIdx:0
D/ae_mgr  (  144): [cameraPreviewInit] Sensor Dev:1 Exp Mode: 0 Shutter:39994 Sensor Gain:8192 Isp Gain:1136 Flare:513 15 Frame Rate:250
D/MtkCam/MetadataConvert(  144): Convert from camera_metadata to IMetadata
D/MtkCam/MetadataConvert(  144): Convert from camera_metadata to IMetadata
D/aaa_state_camera_preview(  144): [StateCameraPreview::sendIntent]<eIntent_CameraPreviewEnd>
I/ActivityManager(  515): START u0 {act=android.intent.action.MAIN cat=[android.intent.category.LAUNCHER] flg=0x10200000 cmp=com.google.android.GoogleCamera/com.android.camera.CameraLauncher bnds=[372,674][460,782] (has extras)} from uid 10024 on display 0
V/WindowManager(  515): addAppToken: AppWindowToken{356c8837 token=Token{312e136 ActivityRecord{3bad12d1 u0 com.google.android.GoogleCamera/com.android.camera.CameraLauncher t281}}} to stack=1 task=281 at 0
I/CAM2PORT_AndCamAgntImp(11508): Opening camera 0 with camera1 API
V/WindowManager(  515): Adding window Window{12555a1f u0 com.google.android.GoogleCamera/com.android.camera.CameraLauncher} at 3 of 9 (before Window{3a58e10e u0 Starting com.google.android.GoogleCamera})
I/CAM_PhotoModule(11508): attempted to start preview before camera device
I/ActivityManager(  515): Displayed com.google.android.GoogleCamera/com.android.camera.CameraLauncher: +596ms
D/ae_mgr  (  144): [AeMgr]cameraPreviewInit i4SensorDev:1 i4SensorIdx:0
D/ae_mgr  (  144): [cameraPreviewInit] Sensor Dev:1 Exp Mode: 0 Shutter:39994 Sensor Gain:8192 Isp Gain:1136 Flare:514 19 Frame Rate:250
D/MtkCam/MetadataConvert(  144): Convert from camera_metadata to IMetadata
D/MtkCam/MetadataConvert(  144): Convert from camera_metadata to IMetadata
D/MtkCam/MetadataConvert(  144): Convert from camera_metadata to IMetadata
D/aaa_state_camera_preview(  144): [StateCameraPreview::sendIntent]<eIntent_CameraPreviewEnd>
I/ActivityManager(  515): START u0 {act=android.intent.action.MAIN cat=[android.intent.category.LAUNCHER] flg=0x10200000 cmp=com.google.android.GoogleCamera/com.android.camera.CameraLauncher bnds=[372,674][460,782] (has extras)} from uid 10024 on display 0
V/WindowManager(  515): addAppToken: AppWindowToken{1ac25639 token=Token{3d7afe00 ActivityRecord{3327dc83 u0 com.google.android.GoogleCamera/com.android.camera.CameraLauncher t282}}} to stack=1 task=282 at 0
I/CAM2PORT_AndCamAgntImp(11508): Opening camera 0 with camera1 API
V/WindowManager(  515): Adding window Window{34a580e2 u0 com.google.android.GoogleCamera/com.android.camera.CameraLauncher} at 3 of 9 (before Window{233a8d18 u0 Starting com.google.android.GoogleCamera})
I/CAM_PhotoModule(11508): attempted to start preview before camera device
I/ActivityManager(  515): Displayed com.google.android.GoogleCamera/com.android.camera.CameraLauncher: +541ms
D/ae_mgr  (  144): [AeMgr]cameraPreviewInit i4SensorDev:1 i4SensorIdx:0
D/MtkCam/MetadataConvert(  144): Convert from camera_metadata to IMetadata
D/MtkCam/MetadataConvert(  144): Convert from camera_metadata to IMetadata
D/MtkCam/MetadataConvert(  144): Convert from camera_metadata to IMetadata
D/aaa_state_camera_preview(  144): [StateCameraPreview::sendIntent]<eIntent_CameraPreviewEnd>
I/ActivityManager(  515): START u0 {act=android.intent.action.MAIN cat=[android.intent.category.LAUNCHER] flg=0x10200000 cmp=com.google.android.GoogleCamera/com.android.camera.CameraLauncher bnds=[372,674][460,782] (has extras)} from uid 10024 on display 0
V/WindowManager(  515): addAppToken: AppWindowToken{302104a7 token=Token{2772c966 ActivityRecord{a57bdc1 u0 com.google.android.GoogleCamera/com.android.camera.CameraLauncher t283}}} to stack=1 task=283 at 0
I/CAM2PORT_AndCamAgntImp(11508): Opening camera 0 with camera1 API
V/WindowManager(  515): Adding window Window{104f11d8 u0 com.google.android.GoogleCamera/com.android.camera.CameraLauncher} at 3 of 9 (before Window{37679f3e u0 Starting com.google.android.GoogleCamera})
I/CAM_PhotoModule(11508): attempted to start preview before camera device
I/ActivityManager(  515): Displayed com.google.android.GoogleCamera/com.android.camera.CameraLauncher: +538ms
D/ae_mgr  (  144): [AeMgr]cameraPreviewInit i4SensorDev:1 i4SensorIdx:0
D/ae_mgr  (  144): [cameraPreviewInit] Sensor Dev:1 Exp Mode: 0 Shutter:29991 Sensor Gain:8192 Isp Gain:1320 Flare:512 0 Frame Rate:300
D/MtkCam/MetadataConvert(  144): Convert from camera_metadata to IMetadata
D/aaa_state_camera_preview(  144): [StateCameraPreview::sendIntent]<eIntent_CameraPreviewEnd>
I/ActivityManager(  515): START u0 {act=android.intent.action.MAIN cat=[android.intent.category.LAUNCHER] flg=0x10200000 cmp=com.google.android.GoogleCamera/com.android.camera.CameraLauncher bnds=[372,674][460,782] (has extras)} from uid 10024 on display 0
V/WindowManager(  515): addAppToken: AppWindowToken{1a46173c token=Token{3cee52f ActivityRecord{3a71370e u0 com.google.android.GoogleCamera/com.android.camera.CameraLauncher t284}}} to stack=1 task=284 at 0
I/CAM2PORT_AndCamAgntImp(11508): Opening camera 0 with camera1 API
V/WindowManager(  515): Adding window Window{2cc6a70f u0 com.google.android.GoogleCamera/com.android.camera.CameraLauncher} at 3 of 9 (before Window{1f004b27 u0 Starting com.google.android.GoogleCamera})
I/CAM_PhotoModule(11508): attempted to start preview before camera device
I/ActivityManager(  515): Displayed com.google.android.GoogleCamera/com.android.camera.CameraLauncher: +630ms
D/ae_mgr  (  144): [AeMgr]cameraPreviewInit i4SensorDev:1 i4SensorIdx:0
D/ae_mgr  (  144): [cameraPreviewInit] Sensor Dev:1 Exp Mode: 0 Shutter:29991 Sensor Gain:8192 Isp Gain:1320 Flare:512 0 Frame Rate:300
D/MtkCam/MetadataConvert(  144): Convert from camera_metadata to IMetadata
D/MtkCam/MetadataConvert(  144): Convert from camera_metadata to IMetadata
D/aaa_state_camera_preview(  144): [StateCameraPreview::sendIntent]<eIntent_CameraPreviewEnd>
I/ActivityManager(  515): START u0 {act=android.intent.action.MAIN cat=[android.intent.category.LAUNCHER] flg=0x10200000 cmp=com.google.android.GoogleCamera/com.android.camera.CameraLauncher bnds=[372,674][460,782] (has extras)} from uid 10024 on display 0
V/WindowManager(  515): addAppToken: AppWindowToken{fe0e606 token=Token{1afe8e1 ActivityRecord{1a3e1248 u0 com.google.android.GoogleCamera/com.android.camera.CameraLauncher t285}}} to stack=1 task=285 at 0
I/CAM2PORT_AndCamAgntImp(11508): Opening camera 0 with camera1 API
V/WindowManager(  515): Adding window Window{1f0eedb u0 com.google.android.GoogleCamera/com.android.camera.CameraLauncher} at 3 of 9 (before Window{39e3d319 u0 Starting com.google.android.GoogleCamera})
I/CAM_PhotoModule(11508): attempted to start preview before camera device
I/ActivityManager(  515): Displayed com.google.android.GoogleCamera/com.android.camera.CameraLauncher: +550ms
D/ae_mgr  (  144): [AeMgr]cameraPreviewInit i4SensorDev:1 i4SensorIdx:0
D/ae_mgr  (  144): [cameraPreviewInit] Sensor Dev:1 Exp Mode: 0 Shutter:99996 Sensor Gain:8192 Isp Gain:3392 Flare:512 0 Frame Rate:100
D/MtkCam/MetadataConvert(  144): Convert from camera_metadata to IMetadata
D/MtkCam/MetadataConvert(  144): Convert from camera_metadata to IMetadata
D/aaa_state_camera_preview(  144): [StateCameraPreview::sendIntent]<eIntent_CameraPreviewEnd>
I/ActivityManager(  515): START u0 {act=android.intent.action.MAIN cat=[android.intent.category.LAUNCHER] flg=0x10200000 cmp=com.google.android.GoogleCamera/com.android.camera.CameraLauncher bnds=[372,674][460,782] (has extras)} from uid 10024 on display 0
V/WindowManager(  515): addAppToken: AppWindowToken{2ca2f984 token=Token{3c344397 ActivityRecord{3140ee16 u0 com.google.android.GoogleCamera/com.android.camera.CameraLauncher t286}}} to stack=1 task=286 at 0
I/CAM2PORT_AndCamAgntImp(11508): Opening camera 0 with camera1 API
V/WindowManager(  515): Adding window Window{3769dea1 u0 com.google.android.GoogleCamera/com.android.camera.CameraLauncher} at 3 of 9 (before Window{9160e8f u0 Starting com.google.android.GoogleCamera})
I/CAM_PhotoModule(11508): attempted to start preview before camera device
I/ActivityManager(  515): Displayed com.google.android.GoogleCamera/com.android.camera.CameraLauncher: +521ms
D/ae_mgr  (  144): [AeMgr]cameraPreviewInit i4SensorDev:1 i4SensorIdx:0
D/ae_mgr  (  144): [cameraPreviewInit] Sensor Dev:1 Exp Mode: 0 Shutter:99996 Sensor Gain:8192 Isp Gain:3392 Flare:512 0 Frame Rate:100
D/MtkCam/MetadataConvert(  144): Convert from camera_metadata to IMetadata
D/MtkCam/MetadataConvert(  144): Convert from camera_metadata to IMetadata
D/MtkCam/MetadataConvert(  144): Convert from camera_metadata to IMetadata
D/aaa_state_camera_preview(  144): [StateCameraPreview::sendIntent]<eIntent_CameraPreviewEnd>
I/ActivityManager(  515): START u0 {act=android.intent.action.MAIN cat=[android.intent.category.LAUNCHER] flg=0x10200000 cmp=com.google.android.GoogleCamera/com.android.camera.CameraLauncher bnds=[372,674][460,782] (has extras)} from uid 10024 on display 0
V/WindowManager(  515): addAppToken: AppWindowToken{d9a4e6 token=Token{1aead741 ActivityRecord{2ab03e28 u0 com.google.android.GoogleCamera/com.android.camera.CameraLauncher t287}}} to stack=1 task=287 at 0
I/CAM2PORT_AndCamAgntImp(11508): Opening camera 0 with camera1 API
V/WindowManager(  515): Adding window Window{19b52370 u0 com.google.android.GoogleCamera/com.android.camera.CameraLauncher} at 3 of 9 (before Window{39022d79 u0 Starting com.google.android.GoogleCamera})
I/ActivityManager(  515): Displayed com.google.android.GoogleCamera/com.android.camera.CameraLauncher: +824ms
D/ae_mgr  (  144): [AeMgr]cameraPreviewInit i4SensorDev:1 i4SensorIdx:0
D/ae_mgr  (  144): [cameraPreviewInit] Sensor Dev:1 Exp Mode: 0 Shutter:99996 Sensor Gain:8192 Isp Gain:3392 Flare:512 0 Frame Rate:100
D/aaa_state_camera_preview(  144): [StateCameraPreview::sendIntent]<eIntent_CameraPreviewEnd>
I/ActivityManager(  515): START u0 {act=android.intent.action.MAIN cat=[android.intent.category.LAUNCHER] flg=0x10200000 cmp=com.google.android.GoogleCamera/com.android.camera.CameraLauncher bnds=[372,674][460,782] (has extras)} from uid 10024 on display 0
V/WindowManager(  515): addAppToken: AppWindowToken{2d9df91d token=Token{3b6d8df4 ActivityRecord{2d53a3c7 u0 com.google.android.GoogleCamera/com.android.camera.CameraLauncher t288}}} to stack=1 task=288 at 0
I/CAM2PORT_AndCamAgntImp(11508): Opening camera 0 with camera1 API
V/WindowManager(  515): Adding window Window{2fa70cb7 u0 com.google.android.GoogleCamera/com.android.camera.CameraLauncher} at 3 of 9 (before Window{3c88a78c u0 Starting com.google.android.GoogleCamera})
I/CAM_PhotoModule(11508): attempted to start preview before camera device
I/ActivityManager(  515): Displayed com.google.android.GoogleCamera/com.android.camera.CameraLauncher: +517ms
D/ae_mgr  (  144): [AeMgr]cameraPreviewInit i4SensorDev:1 i4SensorIdx:0
D/ae_mgr  (  144): [cameraPreviewInit] Sensor Dev:1 Exp Mode: 0 Shutter:49998 Sensor Gain:8192 Isp Gain:1228 Flare:513 9 Frame Rate:200
D/MtkCam/MetadataConvert(  144): Convert from camera_metadata to IMetadata
D/MtkCam/MetadataConvert(  144): Convert from camera_metadata to IMetadata
D/MtkCam/MetadataConvert(  144): Convert from camera_metadata to IMetadata
D/aaa_state_camera_preview(  144): [StateCameraPreview::sendIntent]<eIntent_CameraPreviewEnd>
I/ActivityManager(  515): START u0 {act=android.intent.action.MAIN cat=[android.intent.category.LAUNCHER] flg=0x10200000 cmp=com.google.android.GoogleCamera/com.android.camera.CameraLauncher bnds=[372,674][460,782] (has extras)} from uid 10024 on display 0
V/WindowManager(  515): addAppToken: AppWindowToken{f2ed5e5 token=Token{30c840dc ActivityRecord{35ff314f u0 com.google.android.GoogleCamera/com.android.camera.CameraLauncher t289}}} to stack=1 task=289 at 0
I/CAM2PORT_AndCamAgntImp(11508): Opening camera 0 with camera1 API
V/WindowManager(  515): Adding window Window{37824437 u0 com.google.android.GoogleCamera/com.android.camera.CameraLauncher} at 3 of 9 (before Window{202adc9d u0 Starting com.google.android.GoogleCamera})
I/CAM_PhotoModule(11508): attempted to start preview before camera device
I/ActivityManager(  515): Displayed com.google.android.GoogleCamera/com.android.camera.CameraLauncher: +598ms
D/ae_mgr  (  144): [AeMgr]cameraPreviewInit i4SensorDev:1 i4SensorIdx:0
D/MtkCam/MetadataConvert(  144): Convert from camera_metadata to IMetadata
D/MtkCam/MetadataConvert(  144): Convert from camera_metadata to IMetadata
D/MtkCam/MetadataConvert(  144): Convert from camera_metadata to IMetadata
D/aaa_state_camera_preview(  144): [StateCameraPreview::sendIntent]<eIntent_CameraPreviewEnd>
I/ActivityManager(  515): START u0 {act=android.intent.action.MAIN cat=[android.intent.category.LAUNCHER] flg=0x10200000 cmp=com.google.android.GoogleCamera/com.android.camera.CameraLauncher bnds=[372,674][460,782] (has extras)} from uid 10024 on display 0
V/WindowManager(  515): addAppToken: AppWindowToken{202ed491 token=Token{16db9eb8 ActivityRecord{1ec82d1b u0 com.google.android.GoogleCamera/com.android.camera.CameraLauncher t290}}} to stack=1 task=290 at 0
I/CAM2PORT_AndCamAgntImp(11508): Opening camera 0 with camera1 API
V/WindowManager(  515): Adding window Window{c91c2da u0 com.google.android.GoogleCamera/com.android.camera.CameraLauncher} at 3 of 9 (before Window{1b878cd0 u0 Starting com.google.android.GoogleCamera})
I/CAM_PhotoModule(11508): attempted to start preview before camera device
I/ActivityManager(  515): Displayed com.google.android.GoogleCamera/com.android.camera.CameraLauncher: +615ms
D/ae_mgr  (  144): [AeMgr]cameraPreviewInit i4SensorDev:1 i4SensorIdx:0
D/ae_mgr  (  144): [cameraPreviewInit] Sensor Dev:1 Exp Mode: 0 Shutter:29991 Sensor Gain:8192 Isp Gain:1320 Flare:513 9 Frame Rate:300
D/MtkCam/MetadataConvert(  144): Convert from camera_metadata to IMetadata
D/MtkCam/MetadataConvert(  144): Convert from camera_metadata to IMetadata
D/aaa_state_camera_preview(  144): [StateCameraPreview::sendIntent]<eIntent_CameraPreviewEnd>
I/ActivityManager(  515): START u0 {act=android.intent.action.MAIN cat=[android.intent.category.LAUNCHER] flg=0x10200000 cmp=com.google.android.GoogleCamera/com.android.camera.CameraLauncher bnds=[372,674][460,782] (has extras)} from uid 10024 on display 0
V/WindowManager(  515): addAppToken: AppWindowToken{38298a8c token=Token{e35d3bf ActivityRecord{181b85de u0 com.google.android.GoogleCamera/com.android.camera.CameraLauncher t291}}} to stack=1 task=291 at 0
I/CAM2PORT_AndCamAgntImp(11508): Opening camera 0 with camera1 API
V/WindowManager(  515): Adding window Window{222aa289 u0 com.google.android.GoogleCamera/com.android.camera.CameraLauncher} at 3 of 9 (before Window{2647bb7 u0 Starting com.google.android.GoogleCamera})
I/CAM_PhotoModule(11508): attempted to start preview before camera device
I/ActivityManager(  515): Displayed com.google.android.GoogleCamera/com.android.camera.CameraLauncher: +500ms
D/ae_mgr  (  144): [AeMgr]cameraPreviewInit i4SensorDev:1 i4SensorIdx:0
D/ae_mgr  (  144): [cameraPreviewInit] Sensor Dev:1 Exp Mode: 0 Shutter:29991 Sensor Gain:8192 Isp Gain:1320 Flare:513 9 Frame Rate:300
D/MtkCam/MetadataConvert(  144): Convert from camera_metadata to IMetadata
D/MtkCam/MetadataConvert(  144): Convert from camera_metadata to IMetadata
D/aaa_state_camera_preview(  144): [StateCameraPreview::sendIntent]<eIntent_CameraPreviewEnd>
I/ActivityManager(  515): START u0 {act=android.intent.action.MAIN cat=[android.intent.category.LAUNCHER] flg=0x10200000 cmp=com.google.android.GoogleCamera/com.android.camera.CameraLauncher bnds=[372,674][460,782] (has extras)} from uid 10024 on display 0
V/WindowManager(  515): addAppToken: AppWindowToken{20e35274 token=Token{10abaa47 ActivityRecord{34d00186 u0 com.google.android.GoogleCamera/com.android.camera.CameraLauncher t292}}} to stack=1 task=292 at 0
I/CAM2PORT_AndCamAgntImp(11508): Opening camera 0 with camera1 API
V/WindowManager(  515): Adding window Window{3383003c u0 com.google.android.GoogleCamera/com.android.camera.CameraLauncher} at 3 of 9 (before Window{24dd9b3f u0 Starting com.google.android.GoogleCamera})
I/CAM_PhotoModule(11508): attempted to start preview before camera device
I/ActivityManager(  515): Displayed com.google.android.GoogleCamera/com.android.camera.CameraLauncher: +664ms
D/ae_mgr  (  144): [AeMgr]cameraPreviewInit i4SensorDev:1 i4SensorIdx:0
D/ae_mgr  (  144): [cameraPreviewInit] Sensor Dev:1 Exp Mode: 0 Shutter:29991 Sensor Gain:8192 Isp Gain:1320 Flare:512 0 Frame Rate:300
D/MtkCam/MetadataConvert(  144): Convert from camera_metadata to IMetadata
D/MtkCam/MetadataConvert(  144): Convert from camera_metadata to IMetadata
D/MtkCam/MetadataConvert(  144): Convert from camera_metadata to IMetadata
D/aaa_state_camera_preview(  144): [StateCameraPreview::sendIntent]<eIntent_CameraPreviewEnd>
I/ActivityManager(  515): START u0 {act=android.intent.action.MAIN cat=[android.intent.category.LAUNCHER] flg=0x10200000 cmp=com.google.android.GoogleCamera/com.android.camera.CameraLauncher bnds=[372,674][460,782] (has extras)} from uid 10024 on display 0
V/WindowManager(  515): addAppToken: AppWindowToken{250f8393 token=Token{18998082 ActivityRecord{13f0afcd u0 com.google.android.GoogleCamera/com.android.camera.CameraLauncher t293}}} to stack=1 task=293 at 0
I/CAM2PORT_AndCamAgntImp(11508): Opening camera 0 with camera1 API
V/WindowManager(  515): Adding window Window{b37bb94 u0 com.google.android.GoogleCamera/com.android.camera.CameraLauncher} at 3 of 9 (before Window{3e129dda u0 Starting com.google.android.GoogleCamera})
I/CAM_PhotoModule(11508): attempted to start preview before camera device
I/ActivityManager(  515): Displayed com.google.android.GoogleCamera/com.android.camera.CameraLauncher: +611ms
D/ae_mgr  (  144): [AeMgr]cameraPreviewInit i4SensorDev:1 i4SensorIdx:0
D/MtkCam/MetadataConvert(  144): Convert from camera_metadata to IMetadata
D/aaa_state_camera_preview(  144): [StateCameraPreview::sendIntent]<eIntent_CameraPreviewEnd>
I/ActivityManager(  515): START u0 {act=android.intent.action.MAIN cat=[android.intent.category.LAUNCHER] flg=0x10200000 cmp=com.google.android.GoogleCamera/com.android.camera.CameraLauncher bnds=[372,674][460,782] (has extras)} from uid 10024 on display 0
V/WindowManager(  515): addAppToken: AppWindowToken{89a3db6 token=Token{47e1151 ActivityRecord{da2d678 u0 com.google.android.GoogleCamera/com.android.camera.CameraLauncher t294}}} to stack=1 task=294 at 0
I/CAM2PORT_AndCamAgntImp(11508): Opening camera 0 with camera1 API
V/WindowManager(  515): Adding window Window{14fe01cb u0 com.google.android.GoogleCamera/com.android.camera.CameraLauncher} at 3 of 9 (before Window{24609989 u0 Starting com.google.android.GoogleCamera})
I/CAM_PhotoModule(11508): attempted to start preview before camera device
I/ActivityManager(  515): Displayed com.google.android.GoogleCamera/com.android.camera.CameraLauncher: +502ms
D/ae_mgr  (  144): [AeMgr]cameraPreviewInit i4SensorDev:1 i4SensorIdx:0
D/ae_mgr  (  144): [cameraPreviewInit] Sensor Dev:1 Exp Mode: 0 Shutter:29991 Sensor Gain:8192 Isp Gain:1320 Flare:512 0 Frame Rate:300
D/MtkCam/MetadataConvert(  144): Convert from camera_metadata to IMetadata
D/MtkCam/MetadataConvert(  144): Convert from camera_metadata to IMetadata
I/ActivityManager(  515): START u0 {act=android.intent.action.MAIN cat=[android.intent.category.LAUNCHER] flg=0x10200000 cmp=com.google.android.GoogleCamera/com.android.camera.CameraLauncher bnds=[372,674][460,782] (has extras)} from uid 10024 on display 0
V/WindowManager(  515): addAppToken: AppWindowToken{162faad3 token=Token{1b90bcc2 ActivityRecord{3e0a350d u0 com.google.android.GoogleCamera/com.android.camera.CameraLauncher t295}}} to stack=1 task=295 at 0
I/CAM2PORT_AndCamAgntImp(11508): Opening camera 0 with camera1 API
V/WindowManager(  515): Adding window Window{29079d35 u0 com.google.android.GoogleCamera/com.android.camera.CameraLauncher} at 3 of 9 (before Window{ad221a u0 Starting com.google.android.GoogleCamera})
I/CAM_PhotoModule(11508): attempted to start preview before camera device
I/ActivityManager(  515): Displayed com.google.android.GoogleCamera/com.android.camera.CameraLauncher: +587ms
D/ae_mgr  (  144): [AeMgr]cameraPreviewInit i4SensorDev:1 i4SensorIdx:0
D/ae_mgr  (  144): [cameraPreviewInit] Sensor Dev:1 Exp Mode: 0 Shutter:29991 Sensor Gain:8192 Isp Gain:1096 Flare:512 0 Frame Rate:300
D/aaa_state_camera_preview(  144): [StateCameraPreview::sendIntent]<eIntent_CameraPreviewEnd>
I/ActivityManager(  515): START u0 {act=android.intent.action.MAIN cat=[android.intent.category.LAUNCHER] flg=0x10200000 cmp=com.google.android.GoogleCamera/com.android.camera.CameraLauncher bnds=[372,674][460,782] (has extras)} from uid 10024 on display 0
V/WindowManager(  515): addAppToken: AppWindowToken{369817df token=Token{3689c67e ActivityRecord{f16a039 u0 com.google.android.GoogleCamera/com.android.camera.CameraLauncher t296}}} to stack=1 task=296 at 0
I/CAM2PORT_AndCamAgntImp(11508): Opening camera 0 with camera1 API
V/WindowManager(  515): Adding window Window{38a99930 u0 com.google.android.GoogleCamera/com.android.camera.CameraLauncher} at 3 of 9 (before Window{158e2756 u0 Starting com.google.android.GoogleCamera})
I/CAM_PhotoModule(11508): attempted to start preview before camera device
I/ActivityManager(  515): Displayed com.google.android.GoogleCamera/com.android.camera.CameraLauncher: +499ms
D/ae_mgr  (  144): [AeMgr]cameraPreviewInit i4SensorDev:1 i4SensorIdx:0
D/ae_mgr  (  144): [cameraPreviewInit] Sensor Dev:1 Exp Mode: 0 Shutter:29991 Sensor Gain:8192 Isp Gain:1243 Flare:512 0 Frame Rate:300
D/MtkCam/MetadataConvert(  144): Convert from camera_metadata to IMetadata
D/MtkCam/MetadataConvert(  144): Convert from camera_metadata to IMetadata
D/MtkCam/MetadataConvert(  144): Convert from camera_metadata to IMetadata
D/aaa_state_camera_preview(  144): [StateCameraPreview::sendIntent]<eIntent_CameraPreviewEnd>
I/ActivityManager(  515): START u0 {act=android.intent.action.MAIN cat=[android.intent.category.LAUNCHER] flg=0x10200000 cmp=com.google.android.GoogleCamera/com.android.camera.CameraLauncher bnds=[372,674][460,782] (has extras)} from uid 10024 on display 0
V/WindowManager(  515): addAppToken: AppWindowToken{d9f77f2 token=Token{295f1efd ActivityRecord{3b461f54 u0 com.google.android.GoogleCamera/com.android.camera.CameraLauncher t297}}} to stack=1 task=297 at 0
I/CAM2PORT_AndCamAgntImp(11508): Opening camera 0 with camera1 API
V/WindowManager(  515): Adding window Window{20e61a16 u0 com.google.android.GoogleCamera/com.android.camera.CameraLauncher} at 3 of 9 (before Window{11c830b5 u0 Starting com.google.android.GoogleCamera})
I/CAM_PhotoModule(11508): attempted to start preview before camera device
I/ActivityManager(  515): Displayed com.google.android.GoogleCamera/com.android.camera.CameraLauncher: +427ms
D/ae_mgr  (  144): [AeMgr]cameraPreviewInit i4SensorDev:1 i4SensorIdx:0
D/ae_mgr  (  144): [cameraPreviewInit] Sensor Dev:1 Exp Mode: 0 Shutter:29991 Sensor Gain:8192 Isp Gain:1320 Flare:512 0 Frame Rate:300
D/MtkCam/MetadataConvert(  144): Convert from camera_metadata to IMetadata
D/MtkCam/MetadataConvert(  144): Convert from camera_metadata to IMetadata
D/aaa_state_camera_preview(  144): [StateCameraPreview::sendIntent]<eIntent_CameraPreviewEnd>
I/ActivityManager(  515): START u0 {act=android.intent.action.MAIN cat=[android.intent.category.LAUNCHER] flg=0x10200000 cmp=com.google.android.GoogleCamera/com.android.camera.CameraLauncher bnds=[372,674][460,782] (has extras)} from uid 10024 on display 0
V/WindowManager(  515): addAppToken: AppWindowToken{218237c2 token=Token{2538bc0d ActivityRecord{3bdec6a4 u0 com.google.android.GoogleCamera/com.android.camera.CameraLauncher t298}}} to stack=1 task=298 at 0
I/CAM2PORT_AndCamAgntImp(11508): Opening camera 0 with camera1 API
V/WindowManager(  515): Adding window Window{bf1b66c u0 com.google.android.GoogleCamera/com.android.camera.CameraLauncher} at 3 of 9 (before Window{1f765fc5 u0 Starting com.google.android.GoogleCamera})
I/CAM_PhotoModule(11508): attempted to start preview before camera device
I/ActivityManager(  515): Displayed com.google.android.GoogleCamera/com.android.camera.CameraLauncher: +746ms
D/ae_mgr  (  144): [AeMgr]cameraPreviewInit i4SensorDev:1 i4SensorIdx:0
D/MtkCam/MetadataConvert(  144): Convert from camera_metadata to IMetadata
D/aaa_state_camera_preview(  144): [StateCameraPreview::sendIntent]<eIntent_CameraPreviewEnd>
I/ActivityManager(  515): START u0 {act=android.intent.action.MAIN cat=[android.intent.category.LAUNCHER] flg=0x10200000 cmp=com.google.android.GoogleCamera/com.android.camera.CameraLauncher bnds=[372,674][460,782] (has extras)} from uid 10024 on display 0
V/WindowManager(  515): addAppToken: AppWindowToken{23e4500b token=Token{cf853da ActivityRecord{13f3d985 u0 com.google.android.GoogleCamera/com.android.camera.CameraLauncher t299}}} to stack=1 task=299 at 0
I/CAM2PORT_AndCamAgntImp(11508): Opening camera 0 with camera1 API
V/WindowManager(  515): Adding window Window{10f9af2c u0 com.google.android.GoogleCamera/com.android.camera.CameraLauncher} at 3 of 9 (before Window{335d8432 u0 Starting com.google.android.GoogleCamera})
I/CAM_PhotoModule(11508): attempted to start preview before camera device
I/ActivityManager(  515): Displayed com.google.android.GoogleCamera/com.android.camera.CameraLauncher: +627ms
D/ae_mgr  (  144): [AeMgr]cameraPreviewInit i4SensorDev:1 i4SensorIdx:0
D/MtkCam/MetadataConvert(  144): Convert from camera_metadata to IMetadata
D/MtkCam/MetadataConvert(  144): Convert from camera_metadata to IMetadata
D/aaa_state_camera_preview(  144): [StateCameraPreview::sendIntent]<eIntent_CameraPreviewEnd>
I/ActivityManager(  515): START u0 {act=android.intent.action.MAIN cat=[android.intent.category.LAUNCHER] flg=0x10200000 cmp=com.google.android.GoogleCamera/com.android.camera.CameraLauncher bnds=[372,674][460,782] (has extras)} from uid 10024 on display 0
V/WindowManager(  515): addAppToken: AppWindowToken{32808789 token=Token{3598e290 ActivityRecord{13d33953 u0 com.google.android.GoogleCamera/com.android.camera.CameraLauncher t300}}} to stack=1 task=300 at 0
I/CAM2PORT_AndCamAgntImp(11508): Opening camera 0 with camera1 API
V/WindowManager(  515): Adding window Window{33cbb2f2 u0 com.google.android.GoogleCamera/com.android.camera.CameraLauncher} at 3 of 9 (before Window{297e73a8 u0 Starting com.google.android.GoogleCamera})
I/CAM_PhotoModule(11508): attempted to start preview before camera device
I/ActivityManager(  515): Displayed com.google.android.GoogleCamera/com.android.camera.CameraLauncher: +578ms
D/ae_mgr  (  144): [AeMgr]cameraPreviewInit i4SensorDev:1 i4SensorIdx:0
D/ae_mgr  (  144): [cameraPreviewInit] Sensor Dev:1 Exp Mode: 0 Shutter:29991 Sensor Gain:8192 Isp Gain:1320 Flare:512 0 Frame Rate:300
D/aaa_state_camera_preview(  144): [StateCameraPreview::sendIntent]<eIntent_CameraPreviewEnd>
I/ActivityManager(  515): START u0 {act=android.intent.action.MAIN cat=[android.intent.category.LAUNCHER] flg=0x10200000 cmp=com.google.android.GoogleCamera/com.android.camera.CameraLauncher bnds=[372,674][460,782] (has extras)} from uid 10024 on display 0
V/WindowManager(  515): addAppToken: AppWindowToken{1d475131 token=Token{3b8ba9d8 ActivityRecord{3c92f0bb u0 com.google.android.GoogleCamera/com.android.camera.CameraLauncher t302}}} to stack=1 task=302 at 0
I/CAM2PORT_AndCamAgntImp(11508): Opening camera 0 with camera1 API
V/WindowManager(  515): Adding window Window{7211823 u0 com.google.android.GoogleCamera/com.android.camera.CameraLauncher} at 5 of 11 (before Window{2a89dbf0 u0 Starting com.google.android.GoogleCamera})
I/CAM_PhotoModule(11508): attempted to start preview before camera device
I/ActivityManager(  515): Displayed com.google.android.GoogleCamera/com.android.camera.CameraLauncher: +675ms
D/ae_mgr  (  144): [AeMgr]cameraPreviewInit i4SensorDev:1 i4SensorIdx:0
D/ae_mgr  (  144): [cameraPreviewInit] Sensor Dev:1 Exp Mode: 0 Shutter:29991 Sensor Gain:8192 Isp Gain:1232 Flare:512 0 Frame Rate:300
D/MtkCam/MetadataConvert(  144): Convert from camera_metadata to IMetadata
D/MtkCam/MetadataConvert(  144): Convert from camera_metadata to IMetadata
D/MtkCam/MetadataConvert(  144): Convert from camera_metadata to IMetadata
D/aaa_state_camera_preview(  144): [StateCameraPreview::sendIntent]<eIntent_CameraPreviewEnd>
I/ActivityManager(  515): START u0 {act=android.intent.action.MAIN cat=[android.intent.category.LAUNCHER] flg=0x10200000 cmp=com.google.android.GoogleCamera/com.android.camera.CameraLauncher bnds=[372,674][460,782] (has extras)} from uid 10024 on display 0
V/WindowManager(  515): addAppToken: AppWindowToken{3628cfba token=Token{1aab58e5 ActivityRecord{3028efdc u0 com.google.android.GoogleCamera/com.android.camera.CameraLauncher t303}}} to stack=1 task=303 at 0
I/CAM2PORT_AndCamAgntImp(11508): Opening camera 0 with camera1 API
V/WindowManager(  515): Adding window Window{1b97d73f u0 com.google.android.GoogleCamera/com.android.camera.CameraLauncher} at 5 of 11 (before Window{2854bf9d u0 Starting com.google.android.GoogleCamera})
I/CAM_PhotoModule(11508): attempted to start preview before camera device
I/ActivityManager(  515): Displayed com.google.android.GoogleCamera/com.android.camera.CameraLauncher: +593ms
D/ae_mgr  (  144): [AeMgr]cameraPreviewInit i4SensorDev:1 i4SensorIdx:0
D/ae_mgr  (  144): [cameraPreviewInit] Sensor Dev:1 Exp Mode: 0 Shutter:39994 Sensor Gain:8192 Isp Gain:1064 Flare:512 0 Frame Rate:250
D/MtkCam/MetadataConvert(  144): Convert from camera_metadata to IMetadata
D/MtkCam/MetadataConvert(  144): Convert from camera_metadata to IMetadata
D/aaa_state_camera_preview(  144): [StateCameraPreview::sendIntent]<eIntent_CameraPreviewEnd>
I/ActivityManager(  515): START u0 {act=android.intent.action.MAIN cat=[android.intent.category.LAUNCHER] flg=0x10200000 cmp=com.google.android.GoogleCamera/com.android.camera.CameraLauncher bnds=[372,674][460,782] (has extras)} from uid 10024 on display 0
V/WindowManager(  515): addAppToken: AppWindowToken{1de530e9 token=Token{222ad570 ActivityRecord{273babb3 u0 com.google.android.GoogleCamera/com.android.camera.CameraLauncher t304}}} to stack=1 task=304 at 0
I/CAM2PORT_AndCamAgntImp(11508): Opening camera 0 with camera1 API
V/WindowManager(  515): Adding window Window{211eaad2 u0 com.google.android.GoogleCamera/com.android.camera.CameraLauncher} at 5 of 11 (before Window{163fe288 u0 Starting com.google.android.GoogleCamera})
I/CAM_PhotoModule(11508): attempted to start preview before camera device
I/ActivityManager(  515): Displayed com.google.android.GoogleCamera/com.android.camera.CameraLauncher: +518ms
D/ae_mgr  (  144): [AeMgr]cameraPreviewInit i4SensorDev:1 i4SensorIdx:0
D/ae_mgr  (  144): [cameraPreviewInit] Sensor Dev:1 Exp Mode: 0 Shutter:29991 Sensor Gain:8192 Isp Gain:1320 Flare:512 0 Frame Rate:300
D/MtkCam/MetadataConvert(  144): Convert from camera_metadata to IMetadata
D/aaa_state_camera_preview(  144): [StateCameraPreview::sendIntent]<eIntent_CameraPreviewEnd>
I/ActivityManager(  515): START u0 {act=android.intent.action.MAIN cat=[android.intent.category.LAUNCHER] flg=0x10200000 cmp=com.google.android.GoogleCamera/com.android.camera.CameraLauncher bnds=[372,674][460,782] (has extras)} from uid 10024 on display 0
V/WindowManager(  515): addAppToken: AppWindowToken{304daba7 token=Token{255dac66 ActivityRecord{21644cc1 u0 com.google.android.GoogleCamera/com.android.camera.CameraLauncher t305}}} to stack=1 task=305 at 0
I/CAM2PORT_AndCamAgntImp(11508): Opening camera 0 with camera1 API
V/WindowManager(  515): Adding window Window{4c36c69 u0 com.google.android.GoogleCamera/com.android.camera.CameraLauncher} at 5 of 11 (before Window{56be23e u0 Starting com.google.android.GoogleCamera})
I/CAM_PhotoModule(11508): attempted to start preview before camera device
I/ActivityManager(  515): Displayed com.google.android.GoogleCamera/com.android.camera.CameraLauncher: +725ms
D/ae_mgr  (  144): [AeMgr]cameraPreviewInit i4SensorDev:1 i4SensorIdx:0
D/ae_mgr  (  144): [cameraPreviewInit] Sensor Dev:1 Exp Mode: 0 Shutter:29991 Sensor Gain:8192 Isp Gain:1232 Flare:512 0 Frame Rate:300
D/MtkCam/MetadataConvert(  144): Convert from camera_metadata to IMetadata
D/MtkCam/MetadataConvert(  144): Convert from camera_metadata to IMetadata
D/MtkCam/MetadataConvert(  144): Convert from camera_metadata to IMetadata
D/aaa_state_camera_preview(  144): [StateCameraPreview::sendIntent]<eIntent_CameraPreviewEnd>
I/ActivityManager(  515): START u0 {act=android.intent.action.MAIN cat=[android.intent.category.LAUNCHER] flg=0x10200000 cmp=com.google.android.GoogleCamera/com.android.camera.CameraLauncher bnds=[372,674][460,782] (has extras)} from uid 10024 on display 0
V/WindowManager(  515): addAppToken: AppWindowToken{2fdb1f44 token=Token{13c26857 ActivityRecord{6d1add6 u0 com.google.android.GoogleCamera/com.android.camera.CameraLauncher t306}}} to stack=1 task=306 at 0
I/CAM2PORT_AndCamAgntImp(11508): Opening camera 0 with camera1 API
V/WindowManager(  515): Adding window Window{27b1f561 u0 com.google.android.GoogleCamera/com.android.camera.CameraLauncher} at 5 of 11 (before Window{1e2c0b4f u0 Starting com.google.android.GoogleCamera})
I/CAM_PhotoModule(11508): attempted to start preview before camera device
I/ActivityManager(  515): Displayed com.google.android.GoogleCamera/com.android.camera.CameraLauncher: +574ms
D/ae_mgr  (  144): [AeMgr]cameraPreviewInit i4SensorDev:1 i4SensorIdx:0
D/ae_mgr  (  144): [cameraPreviewInit] Sensor Dev:1 Exp Mode: 0 Shutter:99996 Sensor Gain:8192 Isp Gain:1339 Flare:512 0 Frame Rate:100
D/MtkCam/MetadataConvert(  144): Convert from camera_metadata to IMetadata
D/MtkCam/MetadataConvert(  144): Convert from camera_metadata to IMetadata
D/aaa_state_camera_preview(  144): [StateCameraPreview::sendIntent]<eIntent_CameraPreviewEnd>
E/WindowState(  515): getStack: Window{27b1f561 u0 com.google.android.GoogleCamera/com.android.camera.CameraLauncher} couldn't find taskId=306 Callers=com.android.server.wm.WindowState.getDisplayContent:782 com.android.server.wm.WindowStateAnimator.stepAnimationLocked:293 com.android.server.wm.WindowAnimator.updateWindowsLocked:289 com.android.server.wm.WindowAnimator.animateLocked:674 
E/WindowState(  515): getStack: Window{27b1f561 u0 com.google.android.GoogleCamera/com.android.camera.CameraLauncher} couldn't find taskId=306 Callers=com.android.server.wm.WindowState.getDisplayContent:782 com.android.server.wm.WindowState.getDisplayId:787 com.android.server.wm.WindowStateAnimator.computeShownFrameLocked:1057 com.android.server.wm.WindowStateAnimator.prepareSurfaceLocked:1476 
E/WindowState(  515): getStack: Window{27b1f561 u0 com.google.android.GoogleCamera/com.android.camera.CameraLauncher} couldn't find taskId=306 Callers=com.android.server.wm.WindowState.getDisplayContent:782 com.android.server.wm.WindowStateAnimator.updateSurfaceWindowCrop:1284 com.android.server.wm.WindowStateAnimator.setSurfaceBoundariesLocked:1459 com.android.server.wm.WindowStateAnimator.prepareSurfaceLocked:1478 
E/WindowState(  515): getStack: Window{27b1f561 u0 com.google.android.GoogleCamera/com.android.camera.CameraLauncher} couldn't find taskId=306 Callers=com.android.server.wm.WindowState.getDisplayContent:782 com.android.server.wm.WindowState.isDefaultDisplay:1286 com.android.server.wm.WindowStateAnimator.updateSurfaceWindowCrop:1294 com.android.server.wm.WindowStateAnimator.setSurfaceBoundariesLocked:1459 
E/WindowState(  515): getStack: Window{27b1f561 u0 com.google.android.GoogleCamera/com.android.camera.CameraLauncher} couldn't find taskId=306 Callers=com.android.server.wm.WindowManagerService.assignLayersLocked:8705 com.android.server.wm.WindowManagerService.performLayoutAndPlaceSurfacesLockedInner:9693 com.android.server.wm.WindowManagerService.performLayoutAndPlaceSurfacesLockedLoop:8789 com.android.server.wm.WindowManagerService.performLayoutAndPlaceSurfacesLocked:8731 
E/WindowState(  515): getStack: Window{27b1f561 u0 com.google.android.GoogleCamera/com.android.camera.CameraLauncher} couldn't find taskId=306 Callers=com.android.server.wm.WindowManagerService.performLayoutAndPlaceSurfacesLockedInner:9750 com.android.server.wm.WindowManagerService.performLayoutAndPlaceSurfacesLockedLoop:8789 com.android.server.wm.WindowManagerService.performLayoutAndPlaceSurfacesLocked:8731 com.android.server.wm.WindowManagerService.access$400:162 
E/WindowState(  515): getStack: Window{27b1f561 u0 com.google.android.GoogleCamera/com.android.camera.CameraLauncher} couldn't find taskId=306 Callers=com.android.server.wm.WindowState.getDisplayContent:782 com.android.server.wm.WindowStateAnimator.updateSurfaceWindowCrop:1284 com.android.server.wm.WindowStateAnimator.setSurfaceBoundariesLocked:1459 com.android.server.wm.WindowManagerService.performLayoutAndPlaceSurfacesLockedInner:9838 
E/WindowState(  515): getStack: Window{27b1f561 u0 com.google.android.GoogleCamera/com.android.camera.CameraLauncher} couldn't find taskId=306 Callers=com.android.server.wm.WindowState.getDisplayContent:782 com.android.server.wm.WindowState.isDefaultDisplay:1286 com.android.server.wm.WindowStateAnimator.updateSurfaceWindowCrop:1294 com.android.server.wm.WindowStateAnimator.setSurfaceBoundariesLocked:1459 
E/WindowState(  515): getStack: Window{27b1f561 u0 com.google.android.GoogleCamera/com.android.camera.CameraLauncher} couldn't find taskId=306 Callers=com.android.server.wm.WindowState.getDisplayContent:782 com.android.server.wm.WindowState.getDisplayId:787 com.android.server.wm.WindowState.dump:1466 com.android.server.wm.WindowManagerService.rebuildAppWindowListLocked:8643 
W/WindowManager(  515): This window was lost: Window{27b1f561 u0 com.google.android.GoogleCamera/com.android.camera.CameraLauncher}
W/WindowManager(  515): mToken=AppWindowToken{2fdb1f44 token=Token{13c26857 ActivityRecord{6d1add6 u0 com.google.android.GoogleCamera/com.android.camera.CameraLauncher t306}}}
W/WindowManager(  515): mRootToken=AppWindowToken{2fdb1f44 token=Token{13c26857 ActivityRecord{6d1add6 u0 com.google.android.GoogleCamera/com.android.camera.CameraLauncher t306}}}
W/WindowManager(  515): mAppToken=AppWindowToken{2fdb1f44 token=Token{13c26857 ActivityRecord{6d1add6 u0 com.google.android.GoogleCamera/com.android.camera.CameraLauncher t306}}}
W/WindowManager(  515): WindowStateAnimator{290edf6c com.google.android.GoogleCamera/com.android.camera.CameraLauncher}:
W/WindowManager(  515):   mSurface=Surface(name=com.google.android.GoogleCamera/com.android.camera.CameraLauncher)
E/WindowState(  515): getStack: Window{27b1f561 u0 com.google.android.GoogleCamera/com.android.camera.CameraLauncher} couldn't find taskId=306 Callers=com.android.server.wm.WindowState.getDisplayContent:782 com.android.server.wm.WindowState.getWindowList:1354 com.android.server.wm.WindowManagerService.removeWindowInnerLocked:2774 com.android.server.wm.WindowManagerService.performLayoutAndPlaceSurfacesLockedInner:10144 
E/WindowState(  515): getStack: Window{27b1f561 u0 com.google.android.GoogleCamera/com.android.camera.CameraLauncher} couldn't find taskId=306 Callers=com.android.server.wm.WindowState.getDisplayContent:782 com.android.server.wm.WindowManagerService.performLayoutAndPlaceSurfacesLockedInner:10145 com.android.server.wm.WindowManagerService.performLayoutAndPlaceSurfacesLockedLoop:8789 com.android.server.wm.WindowManagerService.performLayoutAndPlaceSurfacesLocked:8731 
I/ActivityManager(  515): START u0 {act=android.intent.action.MAIN cat=[android.intent.category.LAUNCHER] flg=0x10200000 cmp=com.google.android.GoogleCamera/com.android.camera.CameraLauncher bnds=[372,674][460,782] (has extras)} from uid 10024 on display 0
V/WindowManager(  515): addAppToken: AppWindowToken{15f1e9ff token=Token{21fd0d1e ActivityRecord{f065d59 u0 com.google.android.GoogleCamera/com.android.camera.CameraLauncher t307}}} to stack=1 task=307 at 0
I/CAM2PORT_AndCamAgntImp(11508): Opening camera 0 with camera1 API
V/WindowManager(  515): Adding window Window{23a0e01 u0 com.google.android.GoogleCamera/com.android.camera.CameraLauncher} at 5 of 11 (before Window{320fa1f6 u0 Starting com.google.android.GoogleCamera})
I/CAM_PhotoModule(11508): attempted to start preview before camera device
I/ActivityManager(  515): Displayed com.google.android.GoogleCamera/com.android.camera.CameraLauncher: +705ms
D/ae_mgr  (  144): [AeMgr]cameraPreviewInit i4SensorDev:1 i4SensorIdx:0
D/ae_mgr  (  144): [cameraPreviewInit] Sensor Dev:1 Exp Mode: 0 Shutter:99996 Sensor Gain:7960 Isp Gain:1040 Flare:512 0 Frame Rate:100
D/MtkCam/MetadataConvert(  144): Convert from camera_metadata to IMetadata
D/MtkCam/MetadataConvert(  144): Convert from camera_metadata to IMetadata
D/aaa_state_camera_preview(  144): [StateCameraPreview::sendIntent]<eIntent_CameraPreviewEnd>
I/ActivityManager(  515): START u0 {act=android.intent.action.MAIN cat=[android.intent.category.LAUNCHER] flg=0x10200000 cmp=com.google.android.GoogleCamera/com.android.camera.CameraLauncher bnds=[372,674][460,782] (has extras)} from uid 10024 on display 0
V/WindowManager(  515): addAppToken: AppWindowToken{c44cd3e token=Token{31d289f9 ActivityRecord{1c20a8c0 u0 com.google.android.GoogleCamera/com.android.camera.CameraLauncher t308}}} to stack=1 task=308 at 0
I/CAM2PORT_AndCamAgntImp(11508): Opening camera 0 with camera1 API
V/WindowManager(  515): Adding window Window{2ee496a1 u0 com.google.android.GoogleCamera/com.android.camera.CameraLauncher} at 5 of 11 (before Window{12667f31 u0 Starting com.google.android.GoogleCamera})
I/CAM_PhotoModule(11508): attempted to start preview before camera device
I/ActivityManager(  515): Displayed com.google.android.GoogleCamera/com.android.camera.CameraLauncher: +715ms
D/ae_mgr  (  144): [AeMgr]cameraPreviewInit i4SensorDev:1 i4SensorIdx:0
D/aaa_state_camera_preview(  144): [StateCameraPreview::sendIntent]<eIntent_CameraPreviewEnd>
I/ActivityManager(  515): START u0 {act=android.intent.action.MAIN cat=[android.intent.category.LAUNCHER] flg=0x10200000 cmp=com.google.android.GoogleCamera/com.android.camera.CameraLauncher bnds=[372,674][460,782] (has extras)} from uid 10024 on display 0
V/WindowManager(  515): addAppToken: AppWindowToken{2d47ce0c token=Token{129cf53f ActivityRecord{360c3d5e u0 com.google.android.GoogleCamera/com.android.camera.CameraLauncher t309}}} to stack=1 task=309 at 0
I/CAM2PORT_AndCamAgntImp(11508): Opening camera 0 with camera1 API
V/WindowManager(  515): Adding window Window{1e872cd4 u0 com.google.android.GoogleCamera/com.android.camera.CameraLauncher} at 5 of 11 (before Window{437d2a4 u0 Starting com.google.android.GoogleCamera})
I/CAM_PhotoModule(11508): attempted to start preview before camera device
I/ActivityManager(  515): Displayed com.google.android.GoogleCamera/com.android.camera.CameraLauncher: +648ms
D/ae_mgr  (  144): [AeMgr]cameraPreviewInit i4SensorDev:1 i4SensorIdx:0
D/ae_mgr  (  144): [cameraPreviewInit] Sensor Dev:1 Exp Mode: 0 Shutter:99996 Sensor Gain:8192 Isp Gain:3392 Flare:512 0 Frame Rate:100
D/MtkCam/MetadataConvert(  144): Convert from camera_metadata to IMetadata
D/aaa_state_camera_preview(  144): [StateCameraPreview::sendIntent]<eIntent_CameraPreviewEnd>
I/ActivityManager(  515): START u0 {act=android.intent.action.MAIN cat=[android.intent.category.LAUNCHER] flg=0x10200000 cmp=com.google.android.GoogleCamera/com.android.camera.CameraLauncher bnds=[372,674][460,782] (has extras)} from uid 10024 on display 0
V/WindowManager(  515): addAppToken: AppWindowToken{3290e501 token=Token{1d92eae8 ActivityRecord{36b94c0b u0 com.google.android.GoogleCamera/com.android.camera.CameraLauncher t310}}} to stack=1 task=310 at 0
I/CAM2PORT_AndCamAgntImp(11508): Opening camera 0 with camera1 API
V/WindowManager(  515): Adding window Window{298bc9f5 u0 com.google.android.GoogleCamera/com.android.camera.CameraLauncher} at 5 of 11 (before Window{39f62f00 u0 Starting com.google.android.GoogleCamera})
I/CAM_PhotoModule(11508): attempted to start preview before camera device
I/ActivityManager(  515): Displayed com.google.android.GoogleCamera/com.android.camera.CameraLauncher: +528ms
D/ae_mgr  (  144): [AeMgr]cameraPreviewInit i4SensorDev:1 i4SensorIdx:0
D/ae_mgr  (  144): [cameraPreviewInit] Sensor Dev:1 Exp Mode: 0 Shutter:39994 Sensor Gain:8192 Isp Gain:1069 Flare:512 0 Frame Rate:250
D/MtkCam/MetadataConvert(  144): Convert from camera_metadata to IMetadata
D/MtkCam/MetadataConvert(  144): Convert from camera_metadata to IMetadata
D/aaa_state_camera_preview(  144): [StateCameraPreview::sendIntent]<eIntent_CameraPreviewEnd>
I/ActivityManager(  515): START u0 {act=android.intent.action.MAIN cat=[android.intent.category.LAUNCHER] flg=0x10200000 cmp=com.google.android.GoogleCamera/com.android.camera.CameraLauncher bnds=[372,674][460,782] (has extras)} from uid 10024 on display 0
V/WindowManager(  515): addAppToken: AppWindowToken{1fb73a20 token=Token{333cf523 ActivityRecord{18d67e52 u0 com.google.android.GoogleCamera/com.android.camera.CameraLauncher t311}}} to stack=1 task=311 at 0
I/CAM2PORT_AndCamAgntImp(11508): Opening camera 0 with camera1 API
V/WindowManager(  515): Adding window Window{1774ad5a u0 com.google.android.GoogleCamera/com.android.camera.CameraLauncher} at 5 of 11 (before Window{2db9e59b u0 Starting com.google.android.GoogleCamera})
I/CAM_PhotoModule(11508): attempted to start preview before camera device
I/ActivityManager(  515): Displayed com.google.android.GoogleCamera/com.android.camera.CameraLauncher: +673ms
D/ae_mgr  (  144): [AeMgr]cameraPreviewInit i4SensorDev:1 i4SensorIdx:0
D/ae_mgr  (  144): [cameraPreviewInit] Sensor Dev:1 Exp Mode: 0 Shutter:39994 Sensor Gain:8192 Isp Gain:1069 Flare:512 0 Frame Rate:250
D/MtkCam/MetadataConvert(  144): Convert from camera_metadata to IMetadata
D/MtkCam/MetadataConvert(  144): Convert from camera_metadata to IMetadata
D/MtkCam/MetadataConvert(  144): Convert from camera_metadata to IMetadata
D/aaa_state_camera_preview(  144): [StateCameraPreview::sendIntent]<eIntent_CameraPreviewEnd>
I/ActivityManager(  515): START u0 {act=android.intent.action.MAIN cat=[android.intent.category.LAUNCHER] flg=0x10200000 cmp=com.google.android.GoogleCamera/com.android.camera.CameraLauncher bnds=[372,674][460,782] (has extras)} from uid 10024 on display 0
V/WindowManager(  515): addAppToken: AppWindowToken{1f7626d1 token=Token{36bfd1f8 ActivityRecord{381c255b u0 com.google.android.GoogleCamera/com.android.camera.CameraLauncher t312}}} to stack=1 task=312 at 0
I/CAM2PORT_AndCamAgntImp(11508): Opening camera 0 with camera1 API
V/WindowManager(  515): Adding window Window{7c4441a u0 com.google.android.GoogleCamera/com.android.camera.CameraLauncher} at 5 of 11 (before Window{3ed6e810 u0 Starting com.google.android.GoogleCamera})
I/CAM_PhotoModule(11508): attempted to start preview before camera device
I/ActivityManager(  515): Displayed com.google.android.GoogleCamera/com.android.camera.CameraLauncher: +692ms
D/ae_mgr  (  144): [AeMgr]cameraPreviewInit i4SensorDev:1 i4SensorIdx:0
D/ae_mgr  (  144): [cameraPreviewInit] Sensor Dev:1 Exp Mode: 0 Shutter:29991 Sensor Gain:6384 Isp Gain:1034 Flare:512 2 Frame Rate:300
D/MtkCam/MetadataConvert(  144): Convert from camera_metadata to IMetadata
D/MtkCam/MetadataConvert(  144): Convert from camera_metadata to IMetadata
D/MtkCam/MetadataConvert(  144): Convert from camera_metadata to IMetadata
D/aaa_state_camera_preview(  144): [StateCameraPreview::sendIntent]<eIntent_CameraPreviewEnd>
I/ActivityManager(  515): START u0 {act=android.intent.action.MAIN cat=[android.intent.category.LAUNCHER] flg=0x10200000 cmp=com.google.android.GoogleCamera/com.android.camera.CameraLauncher bnds=[372,674][460,782] (has extras)} from uid 10024 on display 0
V/WindowManager(  515): addAppToken: AppWindowToken{d1436b8 token=Token{ea4251b ActivityRecord{1bcd132a u0 com.google.android.GoogleCamera/com.android.camera.CameraLauncher t313}}} to stack=1 task=313 at 0
I/CAM2PORT_AndCamAgntImp(11508): Opening camera 0 with camera1 API
V/WindowManager(  515): Adding window Window{1a2fab32 u0 com.google.android.GoogleCamera/com.android.camera.CameraLauncher} at 5 of 11 (before Window{9e81c93 u0 Starting com.google.android.GoogleCamera})
I/CAM_PhotoModule(11508): attempted to start preview before camera device
I/ActivityManager(  515): Displayed com.google.android.GoogleCamera/com.android.camera.CameraLauncher: +646ms
D/ae_mgr  (  144): [AeMgr]cameraPreviewInit i4SensorDev:1 i4SensorIdx:0
D/ae_mgr  (  144): [cameraPreviewInit] Sensor Dev:1 Exp Mode: 0 Shutter:29991 Sensor Gain:5504 Isp Gain:1040 Flare:513 8 Frame Rate:300
D/MtkCam/MetadataConvert(  144): Convert from camera_metadata to IMetadata
D/MtkCam/MetadataConvert(  144): Convert from camera_metadata to IMetadata
