I/auditd  ( 2660): type=1400 audit(0.0:1925): avc: denied { read } for comm="adb" name="usb" dev="tmpfs" ino=5293 scontext=u:r:shell:s0 tcontext=u:object_r:usb_device:s0 tclass=dir permissive=0
I/auditd  ( 2660): type=1400 audit(0.0:1926): avc: denied { read } for comm="adb" name="usb" dev="tmpfs" ino=5293 scontext=u:r:shell:s0 tcontext=u:object_r:usb_device:s0 tclass=dir permissive=0
I/auditd  ( 2660): type=1400 audit(0.0:1927): avc: denied { read } for comm="adb" name="usb" dev="tmpfs" ino=5293 scontext=u:r:shell:s0 tcontext=u:object_r:usb_device:s0 tclass=dir permissive=0
I/notification_cancel(  515): [10022,611,com.android.systemui,100,low_battery,-1,0,64,8,NULL]
I/auditd  ( 2660): type=1400 audit(0.0:1928): avc: denied { read } for comm="adb" name="usb" dev="tmpfs" ino=5293 scontext=u:r:shell:s0 tcontext=u:object_r:usb_device:s0 tclass=dir permissive=0
I/auditd  ( 2660): type=1400 audit(0.0:1929): avc: denied { read } for comm="adb" name="usb" dev="tmpfs" ino=5293 scontext=u:r:shell:s0 tcontext=u:object_r:usb_device:s0 tclass=dir permissive=0
I/auditd  ( 2660): type=1400 audit(0.0:1930): avc: denied { read } for comm="adb" name="usb" dev="tmpfs" ino=5293 scontext=u:r:shell:s0 tcontext=u:object_r:usb_device:s0 tclass=dir permissive=0
I/auditd  ( 2660): type=1400 audit(0.0:1931): avc: denied { read } for comm="adb" name="usb" dev="tmpfs" ino=5293 scontext=u:r:shell:s0 tcontext=u:object_r:usb_device:s0 tclass=dir permissive=0
I/auditd  ( 2660): type=1400 audit(0.0:1932): avc: denied { read } for comm="adb" name="usb" dev="tmpfs" ino=5293 scontext=u:r:shell:s0 tcontext=u:object_r:usb_device:s0 tclass=dir permissive=0
I/auditd  ( 2660): type=1400 audit(0.0:1933): avc: denied { read } for comm="adb" name="usb" dev="tmpfs" ino=5293 scontext=u:r:shell:s0 tcontext=u:object_r:usb_device:s0 tclass=dir permissive=0
I/auditd  ( 2660): type=1400 audit(0.0:1934): avc: denied { read } for comm="adb" name="usb" dev="tmpfs" ino=5293 scontext=u:r:shell:s0 tcontext=u:object_r:usb_device:s0 tclass=dir permissive=0
I/auditd  ( 2660): type=1400 audit(0.0:1935): avc: denied { read } for comm="adb" name="usb" dev="tmpfs" ino=5293 scontext=u:r:shell:s0 tcontext=u:object_r:usb_device:s0 tclass=dir permissive=0
I/auditd  ( 2660): type=1400 audit(0.0:1936): avc: denied { read } for comm="adb" name="usb" dev="tmpfs" ino=5293 scontext=u:r:shell:s0 tcontext=u:object_r:usb_device:s0 tclass=dir permissive=0
I/auditd  ( 2660): type=1400 audit(0.0:1937): avc: denied { read } for comm="adb" name="usb" dev="tmpfs" ino=5293 scontext=u:r:shell:s0 tcontext=u:object_r:usb_device:s0 tclass=dir permissive=0
I/auditd  ( 2660): type=1400 audit(0.0:1938): avc: denied { read } for comm="adb" name="usb" dev="tmpfs" ino=5293 scontext=u:r:shell:s0 tcontext=u:object_r:usb_device:s0 tclass=dir permissive=0
I/auditd  ( 2660): type=1400 audit(0.0:1939): avc: denied { read } for comm="adb" name="usb" dev="tmpfs" ino=5293 scontext=u:r:shell:s0 tcontext=u:object_r:usb_device:s0 tclass=dir permissive=0
I/auditd  ( 2660): type=1400 audit(0.0:1940): avc: denied { read } for comm="adb" name="usb" dev="tmpfs" ino=5293 scontext=u:r:shell:s0 tcontext=u:object_r:usb_device:s0 tclass=dir permissive=0
I/auditd  ( 2660): type=1400 audit(0.0:1941): avc: denied { read } for comm="adb" name="usb" dev="tmpfs" ino=5293 scontext=u:r:shell:s0 tcontext=u:object_r:usb_device:s0 tclass=dir permissive=0
I/auditd  ( 2660): type=1400 audit(0.0:1942): avc: denied { read } for comm="adb" name="usb" dev="tmpfs" ino=5293 scontext=u:r:shell:s0 tcontext=u:object_r:usb_device:s0 tclass=dir permissive=0
I/auditd  ( 2660): type=1400 audit(0.0:1943): avc: denied { read } for comm="adb" name="usb" dev="tmpfs" ino=5293 scontext=u:r:shell:s0 tcontext=u:object_r:usb_device:s0 tclass=dir permissive=0
I/auditd  ( 2660): type=1400 audit(0.0:1944): avc: denied { read } for comm="adb" name="usb" dev="tmpfs" ino=5293 scontext=u:r:shell:s0 tcontext=u:object_r:usb_device:s0 tclass=dir permissive=0
I/auditd  ( 2660): type=1400 audit(0.0:1945): avc: denied { read } for comm="adb" name="usb" dev="tmpfs" ino=5293 scontext=u:r:shell:s0 tcontext=u:object_r:usb_device:s0 tclass=dir permissive=0
I/auditd  ( 2660): type=1400 audit(0.0:1946): avc: denied { read } for comm="adb" name="usb" dev="tmpfs" ino=5293 scontext=u:r:shell:s0 tcontext=u:object_r:usb_device:s0 tclass=dir permissive=0
I/auditd  ( 2660): type=1400 audit(0.0:1947): avc: denied { read } for comm="adb" name="usb" dev="tmpfs" ino=5293 scontext=u:r:shell:s0 tcontext=u:object_r:usb_device:s0 tclass=dir permissive=0
I/notification_cancel(  515): [10022,611,com.android.systemui,100,low_battery,-1,0,64,8,NULL]
I/auditd  ( 2660): type=1400 audit(0.0:1948): avc: denied { read } for comm="adb" name="usb" dev="tmpfs" ino=5293 scontext=u:r:shell:s0 tcontext=u:object_r:usb_device:s0 tclass=dir permissive=0
I/auditd  ( 2660): type=1400 audit(0.0:1949): avc: denied { read } for comm="adb" name="usb" dev="tmpfs" ino=5293 scontext=u:r:shell:s0 tcontext=u:object_r:usb_device:s0 tclass=dir permissive=0
I/auditd  ( 2660): type=1400 audit(0.0:1950): avc: denied { read } for comm="adb" name="usb" dev="tmpfs" ino=5293 scontext=u:r:shell:s0 tcontext=u:object_r:usb_device:s0 tclass=dir permissive=0
I/auditd  ( 2660): type=1400 audit(0.0:1951): avc: denied { read } for comm="adb" name="usb" dev="tmpfs" ino=5293 scontext=u:r:shell:s0 tcontext=u:object_r:usb_device:s0 tclass=dir permissive=0
I/auditd  ( 2660): type=1400 audit(0.0:1952): avc: denied { read } for comm="adb" name="usb" dev="tmpfs" ino=5293 scontext=u:r:shell:s0 tcontext=u:object_r:usb_device:s0 tclass=dir permissive=0
I/auditd  ( 2660): type=1400 audit(0.0:1953): avc: denied { read } for comm="adb" name="usb" dev="tmpfs" ino=5293 scontext=u:r:shell:s0 tcontext=u:object_r:usb_device:s0 tclass=dir permissive=0
I/auditd  ( 2660): type=1400 audit(0.0:1954): avc: denied { read } for comm="adb" name="usb" dev="tmpfs" ino=5293 scontext=u:r:shell:s0 tcontext=u:object_r:usb_device:s0 tclass=dir permissive=0
I/auditd  ( 2660): type=1400 audit(0.0:1955): avc: denied { read } for comm="adb" name="usb" dev="tmpfs" ino=5293 scontext=u:r:shell:s0 tcontext=u:object_r:usb_device:s0 tclass=dir permissive=0
I/auditd  ( 2660): type=1400 audit(0.0:1956): avc: denied { read } for comm="adb" name="usb" dev="tmpfs" ino=5293 scontext=u:r:shell:s0 tcontext=u:object_r:usb_device:s0 tclass=dir permissive=0
I/auditd  ( 2660): type=1400 audit(0.0:1957): avc: denied { read } for comm="adb" name="usb" dev="tmpfs" ino=5293 scontext=u:r:shell:s0 tcontext=u:object_r:usb_device:s0 tclass=dir permissive=0
I/auditd  ( 2660): type=1400 audit(0.0:1958): avc: denied { read } for comm="adb" name="usb" dev="tmpfs" ino=5293 scontext=u:r:shell:s0 tcontext=u:object_r:usb_device:s0 tclass=dir permissive=0
I/auditd  ( 2660): type=1400 audit(0.0:1959): avc: denied { read } for comm="adb" name="usb" dev="tmpfs" ino=5293 scontext=u:r:shell:s0 tcontext=u:object_r:usb_device:s0 tclass=dir permissive=0
I/auditd  ( 2660): type=1400 audit(0.0:1960): avc: denied { read } for comm="adb" name="usb" dev="tmpfs" ino=5293 scontext=u:r:shell:s0 tcontext=u:object_r:usb_device:s0 tclass=dir permissive=0
I/auditd  ( 2660): type=1400 audit(0.0:1961): avc: denied { read } for comm="adb" name="usb" dev="tmpfs" ino=5293 scontext=u:r:shell:s0 tcontext=u:object_r:usb_device:s0 tclass=dir permissive=0
I/auditd  ( 2660): type=1400 audit(0.0:1962): avc: denied { read } for comm="adb" name="usb" dev="tmpfs" ino=5293 scontext=u:r:shell:s0 tcontext=u:object_r:usb_device:s0 tclass=dir permissive=0
I/auditd  ( 2660): type=1400 audit(0.0:1963): avc: denied { read } for comm="adb" name="usb" dev="tmpfs" ino=5293 scontext=u:r:shell:s0 tcontext=u:object_r:usb_device:s0 tclass=dir permissive=0
I/auditd  ( 2660): type=1400 audit(0.0:1964): avc: denied { read } for comm="adb" name="usb" dev="tmpfs" ino=5293 scontext=u:r:shell:s0 tcontext=u:object_r:usb_device:s0 tclass=dir permissive=0
I/auditd  ( 2660): type=1400 audit(0.0:1965): avc: denied { read } for comm="adb" name="usb" dev="tmpfs" ino=5293 scontext=u:r:shell:s0 tcontext=u:object_r:usb_device:s0 tclass=dir permissive=0
I/auditd  ( 2660): type=1400 audit(0.0:1966): avc: denied { read } for comm="adb" name="usb" dev="tmpfs" ino=5293 scontext=u:r:shell:s0 tcontext=u:object_r:usb_device:s0 tclass=dir permissive=0
I/auditd  ( 2660): type=1400 audit(0.0:1967): avc: denied { read } for comm="adb" name="usb" dev="tmpfs" ino=5293 scontext=u:r:shell:s0 tcontext=u:object_r:usb_device:s0 tclass=dir permissive=0
I/auditd  ( 2660): type=1400 audit(0.0:1968): avc: denied { read } for comm="adb" name="usb" dev="tmpfs" ino=5293 scontext=u:r:shell:s0 tcontext=u:object_r:usb_device:s0 tclass=dir permissive=0
I/auditd  ( 2660): type=1400 audit(0.0:1969): avc: denied { read } for comm="adb" name="usb" dev="tmpfs" ino=5293 scontext=u:r:shell:s0 tcontext=u:object_r:usb_device:s0 tclass=dir permissive=0
I/auditd  ( 2660): type=1400 audit(0.0:1970): avc: denied { read } for comm="adb" name="usb" dev="tmpfs" ino=5293 scontext=u:r:shell:s0 tcontext=u:object_r:usb_device:s0 tclass=dir permissive=0
I/auditd  ( 2660): type=1400 audit(0.0:1971): avc: denied { read } for comm="adb" name="usb" dev="tmpfs" ino=5293 scontext=u:r:shell:s0 tcontext=u:object_r:usb_device:s0 tclass=dir permissive=0
I/auditd  ( 2660): type=1400 audit(0.0:1972): avc: denied { read } for comm="adb" name="usb" dev="tmpfs" ino=5293 scontext=u:r:shell:s0 tcontext=u:object_r:usb_device:s0 tclass=dir permissive=0
I/auditd  ( 2660): type=1400 audit(0.0:1973): avc: denied { read } for comm="adb" name="usb" dev="tmpfs" ino=5293 scontext=u:r:shell:s0 tcontext=u:object_r:usb_device:s0 tclass=dir permissive=0
I/auditd  ( 2660): type=1400 audit(0.0:1974): avc: denied { read } for comm="adb" name="usb" dev="tmpfs" ino=5293 scontext=u:r:shell:s0 tcontext=u:object_r:usb_device:s0 tclass=dir permissive=0
I/auditd  ( 2660): type=1400 audit(0.0:1975): avc: denied { read } for comm="adb" name="usb" dev="tmpfs" ino=5293 scontext=u:r:shell:s0 tcontext=u:object_r:usb_device:s0 tclass=dir permissive=0
I/auditd  ( 2660): type=1400 audit(0.0:1976): avc: denied { read } for comm="adb" name="usb" dev="tmpfs" ino=5293 scontext=u:r:shell:s0 tcontext=u:object_r:usb_device:s0 tclass=dir permissive=0
I/auditd  ( 2660): type=1400 audit(0.0:1977): avc: denied { read } for comm="adb" name="usb" dev="tmpfs" ino=5293 scontext=u:r:shell:s0 tcontext=u:object_r:usb_device:s0 tclass=dir permissive=0
I/notification_cancel(  515): [10022,611,com.android.systemui,100,low_battery,-1,0,64,8,NULL]
I/auditd  ( 2660): type=1400 audit(0.0:1978): avc: denied { read } for comm="adb" name="usb" dev="tmpfs" ino=5293 scontext=u:r:shell:s0 tcontext=u:object_r:usb_device:s0 tclass=dir permissive=0
I/auditd  ( 2660): type=1400 audit(0.0:1979): avc: denied { read } for comm="adb" name="usb" dev="tmpfs" ino=5293 scontext=u:r:shell:s0 tcontext=u:object_r:usb_device:s0 tclass=dir permissive=0
I/auditd  ( 2660): type=1400 audit(0.0:1980): avc: denied { read } for comm="adb" name="usb" dev="tmpfs" ino=5293 scontext=u:r:shell:s0 tcontext=u:object_r:usb_device:s0 tclass=dir permissive=0
I/auditd  ( 2660): type=1400 audit(0.0:1981): avc: denied { read } for comm="adb" name="usb" dev="tmpfs" ino=5293 scontext=u:r:shell:s0 tcontext=u:object_r:usb_device:s0 tclass=dir permissive=0
I/auditd  ( 2660): type=1400 audit(0.0:1982): avc: denied { read } for comm="adb" name="usb" dev="tmpfs" ino=5293 scontext=u:r:shell:s0 tcontext=u:object_r:usb_device:s0 tclass=dir permissive=0
I/auditd  ( 2660): type=1400 audit(0.0:1983): avc: denied { read } for comm="adb" name="usb" dev="tmpfs" ino=5293 scontext=u:r:shell:s0 tcontext=u:object_r:usb_device:s0 tclass=dir permissive=0
I/auditd  ( 2660): type=1400 audit(0.0:1984): avc: denied { read } for comm="adb" name="usb" dev="tmpfs" ino=5293 scontext=u:r:shell:s0 tcontext=u:object_r:usb_device:s0 tclass=dir permissive=0
I/auditd  ( 2660): type=1400 audit(0.0:1985): avc: denied { read } for comm="adb" name="usb" dev="tmpfs" ino=5293 scontext=u:r:shell:s0 tcontext=u:object_r:usb_device:s0 tclass=dir permissive=0
I/auditd  ( 2660): type=1400 audit(0.0:1986): avc: denied { read } for comm="adb" name="usb" dev="tmpfs" ino=5293 scontext=u:r:shell:s0 tcontext=u:object_r:usb_device:s0 tclass=dir permissive=0
I/auditd  ( 2660): type=1400 audit(0.0:1987): avc: denied { read } for comm="adb" name="usb" dev="tmpfs" ino=5293 scontext=u:r:shell:s0 tcontext=u:object_r:usb_device:s0 tclass=dir permissive=0
I/auditd  ( 2660): type=1400 audit(0.0:1988): avc: denied { read } for comm="adb" name="usb" dev="tmpfs" ino=5293 scontext=u:r:shell:s0 tcontext=u:object_r:usb_device:s0 tclass=dir permissive=0
I/auditd  ( 2660): type=1400 audit(0.0:1989): avc: denied { read } for comm="adb" name="usb" dev="tmpfs" ino=5293 scontext=u:r:shell:s0 tcontext=u:object_r:usb_device:s0 tclass=dir permissive=0
I/auditd  ( 2660): type=1400 audit(0.0:1990): avc: denied { read } for comm="adb" name="usb" dev="tmpfs" ino=5293 scontext=u:r:shell:s0 tcontext=u:object_r:usb_device:s0 tclass=dir permissive=0
I/auditd  ( 2660): type=1400 audit(0.0:1991): avc: denied { read } for comm="adb" name="usb" dev="tmpfs" ino=5293 scontext=u:r:shell:s0 tcontext=u:object_r:usb_device:s0 tclass=dir permissive=0
I/auditd  ( 2660): type=1400 audit(0.0:1992): avc: denied { read } for comm="adb" name="usb" dev="tmpfs" ino=5293 scontext=u:r:shell:s0 tcontext=u:object_r:usb_device:s0 tclass=dir permissive=0
I/auditd  ( 2660): type=1400 audit(0.0:1993): avc: denied { read } for comm="adb" name="usb" dev="tmpfs" ino=5293 scontext=u:r:shell:s0 tcontext=u:object_r:usb_device:s0 tclass=dir permissive=0
I/auditd  ( 2660): type=1400 audit(0.0:1994): avc: denied { read } for comm="adb" name="usb" dev="tmpfs" ino=5293 scontext=u:r:shell:s0 tcontext=u:object_r:usb_device:s0 tclass=dir permissive=0
I/auditd  ( 2660): type=1400 audit(0.0:1995): avc: denied { read } for comm="adb" name="usb" dev="tmpfs" ino=5293 scontext=u:r:shell:s0 tcontext=u:object_r:usb_device:s0 tclass=dir permissive=0
I/auditd  ( 2660): type=1400 audit(0.0:1996): avc: denied { read } for comm="adb" name="usb" dev="tmpfs" ino=5293 scontext=u:r:shell:s0 tcontext=u:object_r:usb_device:s0 tclass=dir permissive=0
I/auditd  ( 2660): type=1400 audit(0.0:1997): avc: denied { read } for comm="adb" name="usb" dev="tmpfs" ino=5293 scontext=u:r:shell:s0 tcontext=u:object_r:usb_device:s0 tclass=dir permissive=0
I/notification_cancel(  515): [10022,611,com.android.systemui,100,low_battery,-1,0,64,8,NULL]
I/auditd  ( 2660): type=1400 audit(0.0:1998): avc: denied { read } for comm="adb" name="usb" dev="tmpfs" ino=5293 scontext=u:r:shell:s0 tcontext=u:object_r:usb_device:s0 tclass=dir permissive=0
I/auditd  ( 2660): type=1400 audit(0.0:1999): avc: denied { read } for comm="adb" name="usb" dev="tmpfs" ino=5293 scontext=u:r:shell:s0 tcontext=u:object_r:usb_device:s0 tclass=dir permissive=0
I/auditd  ( 2660): type=1400 audit(0.0:2000): avc: denied { read } for comm="adb" name="usb" dev="tmpfs" ino=5293 scontext=u:r:shell:s0 tcontext=u:object_r:usb_device:s0 tclass=dir permissive=0
I/auditd  ( 2660): type=1400 audit(0.0:2001): avc: denied { read } for comm="adb" name="usb" dev="tmpfs" ino=5293 scontext=u:r:shell:s0 tcontext=u:object_r:usb_device:s0 tclass=dir permissive=0
I/auditd  ( 2660): type=1400 audit(0.0:2002): avc: denied { read } for comm="adb" name="usb" dev="tmpfs" ino=5293 scontext=u:r:shell:s0 tcontext=u:object_r:usb_device:s0 tclass=dir permissive=0
I/auditd  ( 2660): type=1400 audit(0.0:2003): avc: denied { read } for comm="adb" name="usb" dev="tmpfs" ino=5293 scontext=u:r:shell:s0 tcontext=u:object_r:usb_device:s0 tclass=dir permissive=0
I/auditd  ( 2660): type=1400 audit(0.0:2004): avc: denied { read } for comm="adb" name="usb" dev="tmpfs" ino=5293 scontext=u:r:shell:s0 tcontext=u:object_r:usb_device:s0 tclass=dir permissive=0
I/auditd  ( 2660): type=1400 audit(0.0:2005): avc: denied { read } for comm="adb" name="usb" dev="tmpfs" ino=5293 scontext=u:r:shell:s0 tcontext=u:object_r:usb_device:s0 tclass=dir permissive=0
I/auditd  ( 2660): type=1400 audit(0.0:2006): avc: denied { read } for comm="adb" name="usb" dev="tmpfs" ino=5293 scontext=u:r:shell:s0 tcontext=u:object_r:usb_device:s0 tclass=dir permissive=0
I/auditd  ( 2660): type=1400 audit(0.0:2007): avc: denied { read } for comm="adb" name="usb" dev="tmpfs" ino=5293 scontext=u:r:shell:s0 tcontext=u:object_r:usb_device:s0 tclass=dir permissive=0
I/auditd  ( 2660): type=1400 audit(0.0:2008): avc: denied { read } for comm="adb" name="usb" dev="tmpfs" ino=5293 scontext=u:r:shell:s0 tcontext=u:object_r:usb_device:s0 tclass=dir permissive=0
I/auditd  ( 2660): type=1400 audit(0.0:2009): avc: denied { read } for comm="adb" name="usb" dev="tmpfs" ino=5293 scontext=u:r:shell:s0 tcontext=u:object_r:usb_device:s0 tclass=dir permissive=0
I/auditd  ( 2660): type=1400 audit(0.0:2010): avc: denied { read } for comm="adb" name="usb" dev="tmpfs" ino=5293 scontext=u:r:shell:s0 tcontext=u:object_r:usb_device:s0 tclass=dir permissive=0
I/auditd  ( 2660): type=1400 audit(0.0:2011): avc: denied { read } for comm="adb" name="usb" dev="tmpfs" ino=5293 scontext=u:r:shell:s0 tcontext=u:object_r:usb_device:s0 tclass=dir permissive=0
I/auditd  ( 2660): type=1400 audit(0.0:2012): avc: denied { read } for comm="adb" name="usb" dev="tmpfs" ino=5293 scontext=u:r:shell:s0 tcontext=u:object_r:usb_device:s0 tclass=dir permissive=0
I/auditd  ( 2660): type=1400 audit(0.0:2013): avc: denied { read } for comm="adb" name="usb" dev="tmpfs" ino=5293 scontext=u:r:shell:s0 tcontext=u:object_r:usb_device:s0 tclass=dir permissive=0
I/auditd  ( 2660): type=1400 audit(0.0:2014): avc: denied { read } for comm="adb" name="usb" dev="tmpfs" ino=5293 scontext=u:r:shell:s0 tcontext=u:object_r:usb_device:s0 tclass=dir permissive=0
I/auditd  ( 2660): type=1400 audit(0.0:2015): avc: denied { read } for comm="adb" name="usb" dev="tmpfs" ino=5293 scontext=u:r:shell:s0 tcontext=u:object_r:usb_device:s0 tclass=dir permissive=0
I/auditd  ( 2660): type=1400 audit(0.0:2016): avc: denied { read } for comm="adb" name="usb" dev="tmpfs" ino=5293 scontext=u:r:shell:s0 tcontext=u:object_r:usb_device:s0 tclass=dir permissive=0
I/auditd  ( 2660): type=1400 audit(0.0:2017): avc: denied { read } for comm="adb" name="usb" dev="tmpfs" ino=5293 scontext=u:r:shell:s0 tcontext=u:object_r:usb_device:s0 tclass=dir permissive=0
I/auditd  ( 2660): type=1400 audit(0.0:2018): avc: denied { read } for comm="adb" name="usb" dev="tmpfs" ino=5293 scontext=u:r:shell:s0 tcontext=u:object_r:usb_device:s0 tclass=dir permissive=0
I/auditd  ( 2660): type=1400 audit(0.0:2019): avc: denied { read } for comm="adb" name="usb" dev="tmpfs" ino=5293 scontext=u:r:shell:s0 tcontext=u:object_r:usb_device:s0 tclass=dir permissive=0
I/auditd  ( 2660): type=1400 audit(0.0:2020): avc: denied { read } for comm="adb" name="usb" dev="tmpfs" ino=5293 scontext=u:r:shell:s0 tcontext=u:object_r:usb_device:s0 tclass=dir permissive=0
I/auditd  ( 2660): type=1400 audit(0.0:2021): avc: denied { read } for comm="adb" name="usb" dev="tmpfs" ino=5293 scontext=u:r:shell:s0 tcontext=u:object_r:usb_device:s0 tclass=dir permissive=0
I/auditd  ( 2660): type=1400 audit(0.0:2022): avc: denied { read } for comm="adb" name="usb" dev="tmpfs" ino=5293 scontext=u:r:shell:s0 tcontext=u:object_r:usb_device:s0 tclass=dir permissive=0
I/auditd  ( 2660): type=1400 audit(0.0:2023): avc: denied { read } for comm="adb" name="usb" dev="tmpfs" ino=5293 scontext=u:r:shell:s0 tcontext=u:object_r:usb_device:s0 tclass=dir permissive=0
I/auditd  ( 2660): type=1400 audit(0.0:2024): avc: denied { read } for comm="adb" name="usb" dev="tmpfs" ino=5293 scontext=u:r:shell:s0 tcontext=u:object_r:usb_device:s0 tclass=dir permissive=0
I/auditd  ( 2660): type=1400 audit(0.0:2025): avc: denied { read } for comm="adb" name="usb" dev="tmpfs" ino=5293 scontext=u:r:shell:s0 tcontext=u:object_r:usb_device:s0 tclass=dir permissive=0
I/auditd  ( 2660): type=1400 audit(0.0:2026): avc: denied { read } for comm="adb" name="usb" dev="tmpfs" ino=5293 scontext=u:r:shell:s0 tcontext=u:object_r:usb_device:s0 tclass=dir permissive=0
I/auditd  ( 2660): type=1400 audit(0.0:2027): avc: denied { read } for comm="adb" name="usb" dev="tmpfs" ino=5293 scontext=u:r:shell:s0 tcontext=u:object_r:usb_device:s0 tclass=dir permissive=0
I/auditd  ( 2660): type=1400 audit(0.0:2028): avc: denied { read } for comm="adb" name="usb" dev="tmpfs" ino=5293 scontext=u:r:shell:s0 tcontext=u:object_r:usb_device:s0 tclass=dir permissive=0
I/auditd  ( 2660): type=1400 audit(0.0:2029): avc: denied { read } for comm="adb" name="usb" dev="tmpfs" ino=5293 scontext=u:r:shell:s0 tcontext=u:object_r:usb_device:s0 tclass=dir permissive=0
I/auditd  ( 2660): type=1400 audit(0.0:2030): avc: denied { read } for comm="adb" name="usb" dev="tmpfs" ino=5293 scontext=u:r:shell:s0 tcontext=u:object_r:usb_device:s0 tclass=dir permissive=0
I/auditd  ( 2660): type=1400 audit(0.0:2031): avc: denied { read } for comm="adb" name="usb" dev="tmpfs" ino=5293 scontext=u:r:shell:s0 tcontext=u:object_r:usb_device:s0 tclass=dir permissive=0
I/auditd  ( 2660): type=1400 audit(0.0:2032): avc: denied { read } for comm="adb" name="usb" dev="tmpfs" ino=5293 scontext=u:r:shell:s0 tcontext=u:object_r:usb_device:s0 tclass=dir permissive=0
I/[208000]( 1326): []
I/auditd  ( 2660): type=1400 audit(0.0:2033): avc: denied { read } for comm="adb" name="usb" dev="tmpfs" ino=5293 scontext=u:r:shell:s0 tcontext=u:object_r:usb_device:s0 tclass=dir permissive=0
I/auditd  ( 2660): type=1400 audit(0.0:2034): avc: denied { read } for comm="adb" name="usb" dev="tmpfs" ino=5293 scontext=u:r:shell:s0 tcontext=u:object_r:usb_device:s0 tclass=dir permissive=0
I/auditd  ( 2660): type=1400 audit(0.0:2035): avc: denied { read } for comm="adb" name="usb" dev="tmpfs" ino=5293 scontext=u:r:shell:s0 tcontext=u:object_r:usb_device:s0 tclass=dir permissive=0
I/auditd  ( 2660): type=1400 audit(0.0:2036): avc: denied { read } for comm="adb" name="usb" dev="tmpfs" ino=5293 scontext=u:r:shell:s0 tcontext=u:object_r:usb_device:s0 tclass=dir permissive=0
I/auditd  ( 2660): type=1400 audit(0.0:2037): avc: denied { read } for comm="adb" name="usb" dev="tmpfs" ino=5293 scontext=u:r:shell:s0 tcontext=u:object_r:usb_device:s0 tclass=dir permissive=0
I/notification_cancel(  515): [10022,611,com.android.systemui,100,low_battery,-1,0,64,8,NULL]
I/auditd  ( 2660): type=1400 audit(0.0:2038): avc: denied { read } for comm="adb" name="usb" dev="tmpfs" ino=5293 scontext=u:r:shell:s0 tcontext=u:object_r:usb_device:s0 tclass=dir permissive=0
I/auditd  ( 2660): type=1400 audit(0.0:2039): avc: denied { read } for comm="adb" name="usb" dev="tmpfs" ino=5293 scontext=u:r:shell:s0 tcontext=u:object_r:usb_device:s0 tclass=dir permissive=0
I/auditd  ( 2660): type=1400 audit(0.0:2040): avc: denied { read } for comm="adb" name="usb" dev="tmpfs" ino=5293 scontext=u:r:shell:s0 tcontext=u:object_r:usb_device:s0 tclass=dir permissive=0
I/auditd  ( 2660): type=1400 audit(0.0:2041): avc: denied { read } for comm="adb" name="usb" dev="tmpfs" ino=5293 scontext=u:r:shell:s0 tcontext=u:object_r:usb_device:s0 tclass=dir permissive=0
I/auditd  ( 2660): type=1400 audit(0.0:2042): avc: denied { read } for comm="adb" name="usb" dev="tmpfs" ino=5293 scontext=u:r:shell:s0 tcontext=u:object_r:usb_device:s0 tclass=dir permissive=0
I/auditd  ( 2660): type=1400 audit(0.0:2043): avc: denied { read } for comm="adb" name="usb" dev="tmpfs" ino=5293 scontext=u:r:shell:s0 tcontext=u:object_r:usb_device:s0 tclass=dir permissive=0
I/auditd  ( 2660): type=1400 audit(0.0:2044): avc: denied { read } for comm="adb" name="usb" dev="tmpfs" ino=5293 scontext=u:r:shell:s0 tcontext=u:object_r:usb_device:s0 tclass=dir permissive=0
I/auditd  ( 2660): type=1400 audit(0.0:2045): avc: denied { read } for comm="adb" name="usb" dev="tmpfs" ino=5293 scontext=u:r:shell:s0 tcontext=u:object_r:usb_device:s0 tclass=dir permissive=0
I/auditd  ( 2660): type=1400 audit(0.0:2046): avc: denied { read } for comm="adb" name="usb" dev="tmpfs" ino=5293 scontext=u:r:shell:s0 tcontext=u:object_r:usb_device:s0 tclass=dir permissive=0
I/auditd  ( 2660): type=1400 audit(0.0:2047): avc: denied { read } for comm="adb" name="usb" dev="tmpfs" ino=5293 scontext=u:r:shell:s0 tcontext=u:object_r:usb_device:s0 tclass=dir permissive=0
I/auditd  ( 2660): type=1400 audit(0.0:2048): avc: denied { read } for comm="adb" name="usb" dev="tmpfs" ino=5293 scontext=u:r:shell:s0 tcontext=u:object_r:usb_device:s0 tclass=dir permissive=0
I/auditd  ( 2660): type=1400 audit(0.0:2049): avc: denied { read } for comm="adb" name="usb" dev="tmpfs" ino=5293 scontext=u:r:shell:s0 tcontext=u:object_r:usb_device:s0 tclass=dir permissive=0
I/auditd  ( 2660): type=1400 audit(0.0:2050): avc: denied { read } for comm="adb" name="usb" dev="tmpfs" ino=5293 scontext=u:r:shell:s0 tcontext=u:object_r:usb_device:s0 tclass=dir permissive=0
I/auditd  ( 2660): type=1400 audit(0.0:2051): avc: denied { read } for comm="adb" name="usb" dev="tmpfs" ino=5293 scontext=u:r:shell:s0 tcontext=u:object_r:usb_device:s0 tclass=dir permissive=0
I/auditd  ( 2660): type=1400 audit(0.0:2052): avc: denied { read } for comm="adb" name="usb" dev="tmpfs" ino=5293 scontext=u:r:shell:s0 tcontext=u:object_r:usb_device:s0 tclass=dir permissive=0
I/auditd  ( 2660): type=1400 audit(0.0:2053): avc: denied { read } for comm="adb" name="usb" dev="tmpfs" ino=5293 scontext=u:r:shell:s0 tcontext=u:object_r:usb_device:s0 tclass=dir permissive=0
I/auditd  ( 2660): type=1400 audit(0.0:2054): avc: denied { read } for comm="adb" name="usb" dev="tmpfs" ino=5293 scontext=u:r:shell:s0 tcontext=u:object_r:usb_device:s0 tclass=dir permissive=0
I/auditd  ( 2660): type=1400 audit(0.0:2055): avc: denied { read } for comm="adb" name="usb" dev="tmpfs" ino=5293 scontext=u:r:shell:s0 tcontext=u:object_r:usb_device:s0 tclass=dir permissive=0
I/auditd  ( 2660): type=1400 audit(0.0:2056): avc: denied { read } for comm="adb" name="usb" dev="tmpfs" ino=5293 scontext=u:r:shell:s0 tcontext=u:object_r:usb_device:s0 tclass=dir permissive=0
I/auditd  ( 2660): type=1400 audit(0.0:2057): avc: denied { read } for comm="adb" name="usb" dev="tmpfs" ino=5293 scontext=u:r:shell:s0 tcontext=u:object_r:usb_device:s0 tclass=dir permissive=0
I/auditd  ( 2660): type=1400 audit(0.0:2058): avc: denied { read } for comm="adb" name="usb" dev="tmpfs" ino=5293 scontext=u:r:shell:s0 tcontext=u:object_r:usb_device:s0 tclass=dir permissive=0
I/auditd  ( 2660): type=1400 audit(0.0:2059): avc: denied { read } for comm="adb" name="usb" dev="tmpfs" ino=5293 scontext=u:r:shell:s0 tcontext=u:object_r:usb_device:s0 tclass=dir permissive=0
I/auditd  ( 2660): type=1400 audit(0.0:2060): avc: denied { read } for comm="adb" name="usb" dev="tmpfs" ino=5293 scontext=u:r:shell:s0 tcontext=u:object_r:usb_device:s0 tclass=dir permissive=0
I/auditd  ( 2660): type=1400 audit(0.0:2061): avc: denied { read } for comm="adb" name="usb" dev="tmpfs" ino=5293 scontext=u:r:shell:s0 tcontext=u:object_r:usb_device:s0 tclass=dir permissive=0
I/auditd  ( 2660): type=1400 audit(0.0:2062): avc: denied { read } for comm="adb" name="usb" dev="tmpfs" ino=5293 scontext=u:r:shell:s0 tcontext=u:object_r:usb_device:s0 tclass=dir permissive=0
I/auditd  ( 2660): type=1400 audit(0.0:2063): avc: denied { read } for comm="adb" name="usb" dev="tmpfs" ino=5293 scontext=u:r:shell:s0 tcontext=u:object_r:usb_device:s0 tclass=dir permissive=0
I/auditd  ( 2660): type=1400 audit(0.0:2064): avc: denied { read } for comm="adb" name="usb" dev="tmpfs" ino=5293 scontext=u:r:shell:s0 tcontext=u:object_r:usb_device:s0 tclass=dir permissive=0
I/auditd  ( 2660): type=1400 audit(0.0:2065): avc: denied { read } for comm="adb" name="usb" dev="tmpfs" ino=5293 scontext=u:r:shell:s0 tcontext=u:object_r:usb_device:s0 tclass=dir permissive=0
I/auditd  ( 2660): type=1400 audit(0.0:2066): avc: denied { read } for comm="adb" name="usb" dev="tmpfs" ino=5293 scontext=u:r:shell:s0 tcontext=u:object_r:usb_device:s0 tclass=dir permissive=0
I/auditd  ( 2660): type=1400 audit(0.0:2067): avc: denied { read } for comm="adb" name="usb" dev="tmpfs" ino=5293 scontext=u:r:shell:s0 tcontext=u:object_r:usb_device:s0 tclass=dir permissive=0
I/notification_cancel(  515): [10022,611,com.android.systemui,100,low_battery,-1,0,64,8,NULL]
I/auditd  ( 2660): type=1400 audit(0.0:2068): avc: denied { read } for comm="adb" name="usb" dev="tmpfs" ino=5293 scontext=u:r:shell:s0 tcontext=u:object_r:usb_device:s0 tclass=dir permissive=0
I/auditd  ( 2660): type=1400 audit(0.0:2069): avc: denied { read } for comm="adb" name="usb" dev="tmpfs" ino=5293 scontext=u:r:shell:s0 tcontext=u:object_r:usb_device:s0 tclass=dir permissive=0
I/auditd  ( 2660): type=1400 audit(0.0:2070): avc: denied { read } for comm="adb" name="usb" dev="tmpfs" ino=5293 scontext=u:r:shell:s0 tcontext=u:object_r:usb_device:s0 tclass=dir permissive=0
I/auditd  ( 2660): type=1400 audit(0.0:2071): avc: denied { read } for comm="adb" name="usb" dev="tmpfs" ino=5293 scontext=u:r:shell:s0 tcontext=u:object_r:usb_device:s0 tclass=dir permissive=0
I/auditd  ( 2660): type=1400 audit(0.0:2072): avc: denied { read } for comm="adb" name="usb" dev="tmpfs" ino=5293 scontext=u:r:shell:s0 tcontext=u:object_r:usb_device:s0 tclass=dir permissive=0
I/auditd  ( 2660): type=1400 audit(0.0:2073): avc: denied { read } for comm="adb" name="usb" dev="tmpfs" ino=5293 scontext=u:r:shell:s0 tcontext=u:object_r:usb_device:s0 tclass=dir permissive=0
I/auditd  ( 2660): type=1400 audit(0.0:2074): avc: denied { read } for comm="adb" name="usb" dev="tmpfs" ino=5293 scontext=u:r:shell:s0 tcontext=u:object_r:usb_device:s0 tclass=dir permissive=0
I/auditd  ( 2660): type=1400 audit(0.0:2075): avc: denied { read } for comm="adb" name="usb" dev="tmpfs" ino=5293 scontext=u:r:shell:s0 tcontext=u:object_r:usb_device:s0 tclass=dir permissive=0
I/auditd  ( 2660): type=1400 audit(0.0:2076): avc: denied { read } for comm="adb" name="usb" dev="tmpfs" ino=5293 scontext=u:r:shell:s0 tcontext=u:object_r:usb_device:s0 tclass=dir permissive=0
I/auditd  ( 2660): type=1400 audit(0.0:2077): avc: denied { read } for comm="adb" name="usb" dev="tmpfs" ino=5293 scontext=u:r:shell:s0 tcontext=u:object_r:usb_device:s0 tclass=dir permissive=0
I/auditd  ( 2660): type=1400 audit(0.0:2078): avc: denied { read } for comm="adb" name="usb" dev="tmpfs" ino=5293 scontext=u:r:shell:s0 tcontext=u:object_r:usb_device:s0 tclass=dir permissive=0
I/auditd  ( 2660): type=1400 audit(0.0:2079): avc: denied { read } for comm="adb" name="usb" dev="tmpfs" ino=5293 scontext=u:r:shell:s0 tcontext=u:object_r:usb_device:s0 tclass=dir permissive=0
I/auditd  ( 2660): type=1400 audit(0.0:2080): avc: denied { read } for comm="adb" name="usb" dev="tmpfs" ino=5293 scontext=u:r:shell:s0 tcontext=u:object_r:usb_device:s0 tclass=dir permissive=0
I/auditd  ( 2660): type=1400 audit(0.0:2081): avc: denied { read } for comm="adb" name="usb" dev="tmpfs" ino=5293 scontext=u:r:shell:s0 tcontext=u:object_r:usb_device:s0 tclass=dir permissive=0
I/auditd  ( 2660): type=1400 audit(0.0:2082): avc: denied { read } for comm="adb" name="usb" dev="tmpfs" ino=5293 scontext=u:r:shell:s0 tcontext=u:object_r:usb_device:s0 tclass=dir permissive=0
I/auditd  ( 2660): type=1400 audit(0.0:2083): avc: denied { read } for comm="adb" name="usb" dev="tmpfs" ino=5293 scontext=u:r:shell:s0 tcontext=u:object_r:usb_device:s0 tclass=dir permissive=0
I/auditd  ( 2660): type=1400 audit(0.0:2084): avc: denied { read } for comm="adb" name="usb" dev="tmpfs" ino=5293 scontext=u:r:shell:s0 tcontext=u:object_r:usb_device:s0 tclass=dir permissive=0
I/auditd  ( 2660): type=1400 audit(0.0:2085): avc: denied { read } for comm="adb" name="usb" dev="tmpfs" ino=5293 scontext=u:r:shell:s0 tcontext=u:object_r:usb_device:s0 tclass=dir permissive=0
I/auditd  ( 2660): type=1400 audit(0.0:2086): avc: denied { read } for comm="adb" name="usb" dev="tmpfs" ino=5293 scontext=u:r:shell:s0 tcontext=u:object_r:usb_device:s0 tclass=dir permissive=0
I/auditd  ( 2660): type=1400 audit(0.0:2087): avc: denied { read } for comm="adb" name="usb" dev="tmpfs" ino=5293 scontext=u:r:shell:s0 tcontext=u:object_r:usb_device:s0 tclass=dir permissive=0
I/battery_level(  515): [12,3727,380]
I/notification_cancel(  515): [10022,611,com.android.systemui,100,low_battery,-1,0,64,8,NULL]
I/auditd  ( 2660): type=1400 audit(0.0:2088): avc: denied { read } for comm="adb" name="usb" dev="tmpfs" ino=5293 scontext=u:r:shell:s0 tcontext=u:object_r:usb_device:s0 tclass=dir permissive=0
I/auditd  ( 2660): type=1400 audit(0.0:2089): avc: denied { read } for comm="adb" name="usb" dev="tmpfs" ino=5293 scontext=u:r:shell:s0 tcontext=u:object_r:usb_device:s0 tclass=dir permissive=0
I/power_sleep_requested(  515): 0
I/power_screen_state(  515): [0,3,0,0]
I/screen_toggled(  515): 0
I/power_screen_broadcast_send(  515): 1
I/power_screen_broadcast_done(  515): [1,122,1]
I/power_screen_broadcast_send(  515): 1
I/auditd  ( 2660): type=1400 audit(0.0:2090): avc: denied { read } for comm="adb" name="usb" dev="tmpfs" ino=5293 scontext=u:r:shell:s0 tcontext=u:object_r:usb_device:s0 tclass=dir permissive=0
I/sysui_heads_up_status(  611): [,0]
I/power_screen_broadcast_done(  515): [0,90,1]
I/am_pause_activity(  515): [0,871874435,com.google.android.googlequicksearchbox/com.google.android.launcher.GEL]
I/am_on_paused_called(  966): [0,com.google.android.launcher.GEL]
I/am_focused_activity(  515): [0,com.google.android.googlequicksearchbox/com.google.android.launcher.GEL]
I/auditd  ( 2660): type=1400 audit(0.0:2091): avc: denied { read } for comm="adb" name="usb" dev="tmpfs" ino=5293 scontext=u:r:shell:s0 tcontext=u:object_r:usb_device:s0 tclass=dir permissive=0
I/auditd  ( 2660): type=1400 audit(0.0:2092): avc: denied { read } for comm="adb" name="usb" dev="tmpfs" ino=5293 scontext=u:r:shell:s0 tcontext=u:object_r:usb_device:s0 tclass=dir permissive=0
I/auditd  ( 2660): type=1400 audit(0.0:2093): avc: denied { read } for comm="adb" name="usb" dev="tmpfs" ino=5293 scontext=u:r:shell:s0 tcontext=u:object_r:usb_device:s0 tclass=dir permissive=0
I/auditd  ( 2660): type=1400 audit(0.0:2094): avc: denied { read } for comm="adb" name="usb" dev="tmpfs" ino=5293 scontext=u:r:shell:s0 tcontext=u:object_r:usb_device:s0 tclass=dir permissive=0
I/notification_expansion(  515): [0|com.whatsapp|11|null|10087,0,0]
I/sysui_status_bar_state(  611): [1,1,0,0,0,1]
I/auditd  ( 2660): type=1400 audit(0.0:2095): avc: denied { read } for comm="adb" name="usb" dev="tmpfs" ino=5293 scontext=u:r:shell:s0 tcontext=u:object_r:usb_device:s0 tclass=dir permissive=0
I/sf_frame_dur(  136): [NavigationBar,767,14,1,0,0,1,17]
I/auditd  ( 2660): type=1400 audit(0.0:2096): avc: denied { read } for comm="adb" name="usb" dev="tmpfs" ino=5293 scontext=u:r:shell:s0 tcontext=u:object_r:usb_device:s0 tclass=dir permissive=0
I/auditd  ( 2660): type=1400 audit(0.0:2097): avc: denied { read } for comm="adb" name="usb" dev="tmpfs" ino=5293 scontext=u:r:shell:s0 tcontext=u:object_r:usb_device:s0 tclass=dir permissive=0
I/notification_cancel(  515): [10022,611,com.android.systemui,100,low_battery,-1,0,64,8,NULL]
I/auditd  ( 2660): type=1400 audit(0.0:2098): avc: denied { read } for comm="adb" name="usb" dev="tmpfs" ino=5293 scontext=u:r:shell:s0 tcontext=u:object_r:usb_device:s0 tclass=dir permissive=0
I/auditd  ( 2660): type=1400 audit(0.0:2099): avc: denied { read } for comm="adb" name="usb" dev="tmpfs" ino=5293 scontext=u:r:shell:s0 tcontext=u:object_r:usb_device:s0 tclass=dir permissive=0
I/auditd  ( 2660): type=1400 audit(0.0:2100): avc: denied { read } for comm="adb" name="usb" dev="tmpfs" ino=5293 scontext=u:r:shell:s0 tcontext=u:object_r:usb_device:s0 tclass=dir permissive=0
I/auditd  ( 2660): type=1400 audit(0.0:2101): avc: denied { read } for comm="adb" name="usb" dev="tmpfs" ino=5293 scontext=u:r:shell:s0 tcontext=u:object_r:usb_device:s0 tclass=dir permissive=0
I/auditd  ( 2660): type=1400 audit(0.0:2102): avc: denied { read } for comm="adb" name="usb" dev="tmpfs" ino=5293 scontext=u:r:shell:s0 tcontext=u:object_r:usb_device:s0 tclass=dir permissive=0
I/auditd  ( 2660): type=1400 audit(0.0:2103): avc: denied { read } for comm="adb" name="usb" dev="tmpfs" ino=5293 scontext=u:r:shell:s0 tcontext=u:object_r:usb_device:s0 tclass=dir permissive=0
I/auditd  ( 2660): type=1400 audit(0.0:2104): avc: denied { read } for comm="adb" name="usb" dev="tmpfs" ino=5293 scontext=u:r:shell:s0 tcontext=u:object_r:usb_device:s0 tclass=dir permissive=0
I/auditd  ( 2660): type=1400 audit(0.0:2105): avc: denied { read } for comm="adb" name="usb" dev="tmpfs" ino=5293 scontext=u:r:shell:s0 tcontext=u:object_r:usb_device:s0 tclass=dir permissive=0
I/auditd  ( 2660): type=1400 audit(0.0:2106): avc: denied { read } for comm="adb" name="usb" dev="tmpfs" ino=5293 scontext=u:r:shell:s0 tcontext=u:object_r:usb_device:s0 tclass=dir permissive=0
I/auditd  ( 2660): type=1400 audit(0.0:2107): avc: denied { read } for comm="adb" name="usb" dev="tmpfs" ino=5293 scontext=u:r:shell:s0 tcontext=u:object_r:usb_device:s0 tclass=dir permissive=0
I/notification_cancel(  515): [10022,611,com.android.systemui,100,low_battery,-1,0,64,8,NULL]
I/auditd  ( 2660): type=1400 audit(0.0:2108): avc: denied { read } for comm="adb" name="usb" dev="tmpfs" ino=5293 scontext=u:r:shell:s0 tcontext=u:object_r:usb_device:s0 tclass=dir permissive=0
I/auditd  ( 2660): type=1400 audit(0.0:2109): avc: denied { read } for comm="adb" name="usb" dev="tmpfs" ino=5293 scontext=u:r:shell:s0 tcontext=u:object_r:usb_device:s0 tclass=dir permissive=0
I/auditd  ( 2660): type=1400 audit(0.0:2110): avc: denied { read } for comm="adb" name="usb" dev="tmpfs" ino=5293 scontext=u:r:shell:s0 tcontext=u:object_r:usb_device:s0 tclass=dir permissive=0
I/auditd  ( 2660): type=1400 audit(0.0:2111): avc: denied { read } for comm="adb" name="usb" dev="tmpfs" ino=5293 scontext=u:r:shell:s0 tcontext=u:object_r:usb_device:s0 tclass=dir permissive=0
I/auditd  ( 2660): type=1400 audit(0.0:2112): avc: denied { read } for comm="adb" name="usb" dev="tmpfs" ino=5293 scontext=u:r:shell:s0 tcontext=u:object_r:usb_device:s0 tclass=dir permissive=0
I/auditd  ( 2660): type=1400 audit(0.0:2113): avc: denied { read } for comm="adb" name="usb" dev="tmpfs" ino=5293 scontext=u:r:shell:s0 tcontext=u:object_r:usb_device:s0 tclass=dir permissive=0
I/auditd  ( 2660): type=1400 audit(0.0:2114): avc: denied { read } for comm="adb" name="usb" dev="tmpfs" ino=5293 scontext=u:r:shell:s0 tcontext=u:object_r:usb_device:s0 tclass=dir permissive=0
I/auditd  ( 2660): type=1400 audit(0.0:2115): avc: denied { read } for comm="adb" name="usb" dev="tmpfs" ino=5293 scontext=u:r:shell:s0 tcontext=u:object_r:usb_device:s0 tclass=dir permissive=0
I/auditd  ( 2660): type=1400 audit(0.0:2116): avc: denied { read } for comm="adb" name="usb" dev="tmpfs" ino=5293 scontext=u:r:shell:s0 tcontext=u:object_r:usb_device:s0 tclass=dir permissive=0
I/auditd  ( 2660): type=1400 audit(0.0:2117): avc: denied { read } for comm="adb" name="usb" dev="tmpfs" ino=5293 scontext=u:r:shell:s0 tcontext=u:object_r:usb_device:s0 tclass=dir permissive=0
I/notification_cancel(  515): [10022,611,com.android.systemui,100,low_battery,-1,0,64,8,NULL]
I/auditd  ( 2660): type=1400 audit(0.0:2118): avc: denied { read } for comm="adb" name="usb" dev="tmpfs" ino=5293 scontext=u:r:shell:s0 tcontext=u:object_r:usb_device:s0 tclass=dir permissive=0
I/auditd  ( 2660): type=1400 audit(0.0:2119): avc: denied { read } for comm="adb" name="usb" dev="tmpfs" ino=5293 scontext=u:r:shell:s0 tcontext=u:object_r:usb_device:s0 tclass=dir permissive=0
I/auditd  ( 2660): type=1400 audit(0.0:2120): avc: denied { read } for comm="adb" name="usb" dev="tmpfs" ino=5293 scontext=u:r:shell:s0 tcontext=u:object_r:usb_device:s0 tclass=dir permissive=0
I/auditd  ( 2660): type=1400 audit(0.0:2121): avc: denied { read } for comm="adb" name="usb" dev="tmpfs" ino=5293 scontext=u:r:shell:s0 tcontext=u:object_r:usb_device:s0 tclass=dir permissive=0
I/auditd  ( 2660): type=1400 audit(0.0:2122): avc: denied { read } for comm="adb" name="usb" dev="tmpfs" ino=5293 scontext=u:r:shell:s0 tcontext=u:object_r:usb_device:s0 tclass=dir permissive=0
I/force_gc(  515): Binder
I/auditd  ( 2660): type=1400 audit(0.0:2123): avc: denied { read } for comm="adb" name="usb" dev="tmpfs" ino=5293 scontext=u:r:shell:s0 tcontext=u:object_r:usb_device:s0 tclass=dir permissive=0
I/auditd  ( 2660): type=1400 audit(0.0:2124): avc: denied { read } for comm="adb" name="usb" dev="tmpfs" ino=5293 scontext=u:r:shell:s0 tcontext=u:object_r:usb_device:s0 tclass=dir permissive=0
I/auditd  ( 2660): type=1400 audit(0.0:2125): avc: denied { read } for comm="adb" name="usb" dev="tmpfs" ino=5293 scontext=u:r:shell:s0 tcontext=u:object_r:usb_device:s0 tclass=dir permissive=0
I/auditd  ( 2660): type=1400 audit(0.0:2126): avc: denied { read } for comm="adb" name="usb" dev="tmpfs" ino=5293 scontext=u:r:shell:s0 tcontext=u:object_r:usb_device:s0 tclass=dir permissive=0
I/auditd  ( 2660): type=1400 audit(0.0:2127): avc: denied { read } for comm="adb" name="usb" dev="tmpfs" ino=5293 scontext=u:r:shell:s0 tcontext=u:object_r:usb_device:s0 tclass=dir permissive=0
I/notification_cancel(  515): [10022,611,com.android.systemui,100,low_battery,-1,0,64,8,NULL]
I/auditd  ( 2660): type=1400 audit(0.0:2128): avc: denied { read } for comm="adb" name="usb" dev="tmpfs" ino=5293 scontext=u:r:shell:s0 tcontext=u:object_r:usb_device:s0 tclass=dir permissive=0
I/auditd  ( 2660): type=1400 audit(0.0:2129): avc: denied { read } for comm="adb" name="usb" dev="tmpfs" ino=5293 scontext=u:r:shell:s0 tcontext=u:object_r:usb_device:s0 tclass=dir permissive=0
I/auditd  ( 2660): type=1400 audit(0.0:2130): avc: denied { read } for comm="adb" name="usb" dev="tmpfs" ino=5293 scontext=u:r:shell:s0 tcontext=u:object_r:usb_device:s0 tclass=dir permissive=0
I/auditd  ( 2660): type=1400 audit(0.0:2131): avc: denied { read } for comm="adb" name="usb" dev="tmpfs" ino=5293 scontext=u:r:shell:s0 tcontext=u:object_r:usb_device:s0 tclass=dir permissive=0
I/auditd  ( 2660): type=1400 audit(0.0:2132): avc: denied { read } for comm="adb" name="usb" dev="tmpfs" ino=5293 scontext=u:r:shell:s0 tcontext=u:object_r:usb_device:s0 tclass=dir permissive=0
I/auditd  ( 2660): type=1400 audit(0.0:2133): avc: denied { read } for comm="adb" name="usb" dev="tmpfs" ino=5293 scontext=u:r:shell:s0 tcontext=u:object_r:usb_device:s0 tclass=dir permissive=0
I/auditd  ( 2660): type=1400 audit(0.0:2134): avc: denied { read } for comm="adb" name="usb" dev="tmpfs" ino=5293 scontext=u:r:shell:s0 tcontext=u:object_r:usb_device:s0 tclass=dir permissive=0
I/auditd  ( 2660): type=1400 audit(0.0:2135): avc: denied { read } for comm="adb" name="usb" dev="tmpfs" ino=5293 scontext=u:r:shell:s0 tcontext=u:object_r:usb_device:s0 tclass=dir permissive=0
I/auditd  ( 2660): type=1400 audit(0.0:2136): avc: denied { read } for comm="adb" name="usb" dev="tmpfs" ino=5293 scontext=u:r:shell:s0 tcontext=u:object_r:usb_device:s0 tclass=dir permissive=0
I/auditd  ( 2660): type=1400 audit(0.0:2137): avc: denied { read } for comm="adb" name="usb" dev="tmpfs" ino=5293 scontext=u:r:shell:s0 tcontext=u:object_r:usb_device:s0 tclass=dir permissive=0
I/notification_cancel(  515): [10022,611,com.android.systemui,100,low_battery,-1,0,64,8,NULL]
I/auditd  ( 2660): type=1400 audit(0.0:2138): avc: denied { read } for comm="adb" name="usb" dev="tmpfs" ino=5293 scontext=u:r:shell:s0 tcontext=u:object_r:usb_device:s0 tclass=dir permissive=0
I/auditd  ( 2660): type=1400 audit(0.0:2139): avc: denied { read } for comm="adb" name="usb" dev="tmpfs" ino=5293 scontext=u:r:shell:s0 tcontext=u:object_r:usb_device:s0 tclass=dir permissive=0
I/auditd  ( 2660): type=1400 audit(0.0:2140): avc: denied { read } for comm="adb" name="usb" dev="tmpfs" ino=5293 scontext=u:r:shell:s0 tcontext=u:object_r:usb_device:s0 tclass=dir permissive=0
I/auditd  ( 2660): type=1400 audit(0.0:2141): avc: denied { read } for comm="adb" name="usb" dev="tmpfs" ino=5293 scontext=u:r:shell:s0 tcontext=u:object_r:usb_device:s0 tclass=dir permissive=0
I/auditd  ( 2660): type=1400 audit(0.0:2142): avc: denied { read } for comm="adb" name="usb" dev="tmpfs" ino=5293 scontext=u:r:shell:s0 tcontext=u:object_r:usb_device:s0 tclass=dir permissive=0
I/auditd  ( 2660): type=1400 audit(0.0:2143): avc: denied { read } for comm="adb" name="usb" dev="tmpfs" ino=5293 scontext=u:r:shell:s0 tcontext=u:object_r:usb_device:s0 tclass=dir permissive=0
I/auditd  ( 2660): type=1400 audit(0.0:2144): avc: denied { read } for comm="adb" name="usb" dev="tmpfs" ino=5293 scontext=u:r:shell:s0 tcontext=u:object_r:usb_device:s0 tclass=dir permissive=0
I/auditd  ( 2660): type=1400 audit(0.0:2145): avc: denied { read } for comm="adb" name="usb" dev="tmpfs" ino=5293 scontext=u:r:shell:s0 tcontext=u:object_r:usb_device:s0 tclass=dir permissive=0
I/auditd  ( 2660): type=1400 audit(0.0:2146): avc: denied { read } for comm="adb" name="usb" dev="tmpfs" ino=5293 scontext=u:r:shell:s0 tcontext=u:object_r:usb_device:s0 tclass=dir permissive=0
I/auditd  ( 2660): type=1400 audit(0.0:2147): avc: denied { read } for comm="adb" name="usb" dev="tmpfs" ino=5293 scontext=u:r:shell:s0 tcontext=u:object_r:usb_device:s0 tclass=dir permissive=0
I/notification_cancel(  515): [10022,611,com.android.systemui,100,low_battery,-1,0,64,8,NULL]
I/auditd  ( 2660): type=1400 audit(0.0:2148): avc: denied { read } for comm="adb" name="usb" dev="tmpfs" ino=5293 scontext=u:r:shell:s0 tcontext=u:object_r:usb_device:s0 tclass=dir permissive=0
I/auditd  ( 2660): type=1400 audit(0.0:2149): avc: denied { read } for comm="adb" name="usb" dev="tmpfs" ino=5293 scontext=u:r:shell:s0 tcontext=u:object_r:usb_device:s0 tclass=dir permissive=0
I/auditd  ( 2660): type=1400 audit(0.0:2150): avc: denied { read } for comm="adb" name="usb" dev="tmpfs" ino=5293 scontext=u:r:shell:s0 tcontext=u:object_r:usb_device:s0 tclass=dir permissive=0
I/auditd  ( 2660): type=1400 audit(0.0:2151): avc: denied { read } for comm="adb" name="usb" dev="tmpfs" ino=5293 scontext=u:r:shell:s0 tcontext=u:object_r:usb_device:s0 tclass=dir permissive=0
I/auditd  ( 2660): type=1400 audit(0.0:2152): avc: denied { read } for comm="adb" name="usb" dev="tmpfs" ino=5293 scontext=u:r:shell:s0 tcontext=u:object_r:usb_device:s0 tclass=dir permissive=0
I/auditd  ( 2660): type=1400 audit(0.0:2153): avc: denied { read } for comm="adb" name="usb" dev="tmpfs" ino=5293 scontext=u:r:shell:s0 tcontext=u:object_r:usb_device:s0 tclass=dir permissive=0
I/auditd  ( 2660): type=1400 audit(0.0:2154): avc: denied { read } for comm="adb" name="usb" dev="tmpfs" ino=5293 scontext=u:r:shell:s0 tcontext=u:object_r:usb_device:s0 tclass=dir permissive=0
I/auditd  ( 2660): type=1400 audit(0.0:2155): avc: denied { read } for comm="adb" name="usb" dev="tmpfs" ino=5293 scontext=u:r:shell:s0 tcontext=u:object_r:usb_device:s0 tclass=dir permissive=0
I/auditd  ( 2660): type=1400 audit(0.0:2156): avc: denied { read } for comm="adb" name="usb" dev="tmpfs" ino=5293 scontext=u:r:shell:s0 tcontext=u:object_r:usb_device:s0 tclass=dir permissive=0
I/auditd  ( 2660): type=1400 audit(0.0:2157): avc: denied { read } for comm="adb" name="usb" dev="tmpfs" ino=5293 scontext=u:r:shell:s0 tcontext=u:object_r:usb_device:s0 tclass=dir permissive=0
I/notification_cancel(  515): [10022,611,com.android.systemui,100,low_battery,-1,0,64,8,NULL]
I/auditd  ( 2660): type=1400 audit(0.0:2158): avc: denied { read } for comm="adb" name="usb" dev="tmpfs" ino=5293 scontext=u:r:shell:s0 tcontext=u:object_r:usb_device:s0 tclass=dir permissive=0
I/auditd  ( 2660): type=1400 audit(0.0:2159): avc: denied { read } for comm="adb" name="usb" dev="tmpfs" ino=5293 scontext=u:r:shell:s0 tcontext=u:object_r:usb_device:s0 tclass=dir permissive=0
I/auditd  ( 2660): type=1400 audit(0.0:2160): avc: denied { read } for comm="adb" name="usb" dev="tmpfs" ino=5293 scontext=u:r:shell:s0 tcontext=u:object_r:usb_device:s0 tclass=dir permissive=0
I/auditd  ( 2660): type=1400 audit(0.0:2161): avc: denied { read } for comm="adb" name="usb" dev="tmpfs" ino=5293 scontext=u:r:shell:s0 tcontext=u:object_r:usb_device:s0 tclass=dir permissive=0
I/auditd  ( 2660): type=1400 audit(0.0:2162): avc: denied { read } for comm="adb" name="usb" dev="tmpfs" ino=5293 scontext=u:r:shell:s0 tcontext=u:object_r:usb_device:s0 tclass=dir permissive=0
I/notification_cancel(  515): [1000,515,android,2,NULL,0,0,0,8,NULL]
I/auditd  ( 2660): type=1400 audit(0.0:2163): avc: denied { read } for comm="adb" name="usb" dev="tmpfs" ino=5293 scontext=u:r:shell:s0 tcontext=u:object_r:usb_device:s0 tclass=dir permissive=0
I/auditd  ( 2660): type=1400 audit(0.0:2164): avc: denied { read } for comm="adb" name="usb" dev="tmpfs" ino=5293 scontext=u:r:shell:s0 tcontext=u:object_r:usb_device:s0 tclass=dir permissive=0
I/auditd  ( 2660): type=1400 audit(0.0:2165): avc: denied { read } for comm="adb" name="usb" dev="tmpfs" ino=5293 scontext=u:r:shell:s0 tcontext=u:object_r:usb_device:s0 tclass=dir permissive=0
I/auditd  ( 2660): type=1400 audit(0.0:2166): avc: denied { read } for comm="adb" name="usb" dev="tmpfs" ino=5293 scontext=u:r:shell:s0 tcontext=u:object_r:usb_device:s0 tclass=dir permissive=0
I/auditd  ( 2660): type=1400 audit(0.0:2167): avc: denied { read } for comm="adb" name="usb" dev="tmpfs" ino=5293 scontext=u:r:shell:s0 tcontext=u:object_r:usb_device:s0 tclass=dir permissive=0
I/notification_cancel(  515): [10022,611,com.android.systemui,100,low_battery,-1,0,64,8,NULL]
I/auditd  ( 2660): type=1400 audit(0.0:2168): avc: denied { read } for comm="adb" name="usb" dev="tmpfs" ino=5293 scontext=u:r:shell:s0 tcontext=u:object_r:usb_device:s0 tclass=dir permissive=0
I/auditd  ( 2660): type=1400 audit(0.0:2169): avc: denied { read } for comm="adb" name="usb" dev="tmpfs" ino=5293 scontext=u:r:shell:s0 tcontext=u:object_r:usb_device:s0 tclass=dir permissive=0
