I/sf_frame_dur(  136): [Heads Up,16,0,0,0,0,0,0]
I/battery_status(  515): [2,2,1,2,Li-ion]
I/notification_cancel(  515): [10022,611,com.android.systemui,100,low_battery,-1,0,64,8,NULL]
I/notification_canceled(  515): [-1|com.android.systemui|100|low_battery|10022,8]
I/notification_expansion(  515): [0|com.whatsapp|11|null|10087,0,1]
I/force_gc(  515): Binder
I/notification_enqueue(  515): [1000,515,android,17040636,NULL,-1,Notification(pri=-2 contentView=null vibrate=null sound=null defaults=0x0 flags=0x2 color=0xff607d8b vis=PUBLIC),0]
I/notification_enqueue(  515): [1000,515,android,17040644,NULL,-1,Notification(pri=-1 contentView=null vibrate=null sound=null defaults=0x0 flags=0x2 color=0xff607d8b vis=PUBLIC),0]
I/auditd  ( 2660): type=1400 audit(0.0:1444): avc: denied { read } for comm="adb" name="usb" dev="tmpfs" ino=5293 scontext=u:r:shell:s0 tcontext=u:object_r:usb_device:s0 tclass=dir permissive=0
I/notification_cancel(  515): [10022,611,com.android.systemui,100,low_battery,-1,0,64,8,NULL]
I/auditd  ( 2660): type=1400 audit(0.0:1445): avc: denied { read } for comm="adb" name="usb" dev="tmpfs" ino=5293 scontext=u:r:shell:s0 tcontext=u:object_r:usb_device:s0 tclass=dir permissive=0
I/am_home_stack_moved(  515): [0,0,1,1,startingNewTask]
I/am_create_task(  515): [0,167]
I/am_create_activity(  515): [0,166787207,167,com.android.systemui/.usb.UsbDebuggingActivity,NULL,NULL,NULL,276824064]
I/wm_task_created(  515): [167,1]
I/wm_task_moved(  515): [167,1,0]
I/am_pause_activity(  515): [0,871874435,com.google.android.googlequicksearchbox/com.google.android.launcher.GEL]
I/am_home_stack_moved(  515): [0,0,1,1,startedActivity setFocusedActivity]
I/am_focused_activity(  515): [0,com.android.systemui/.usb.UsbDebuggingActivity]
I/am_on_paused_called(  966): [0,com.google.android.launcher.GEL]
I/am_restart_activity(  515): [0,166787207,167,com.android.systemui/.usb.UsbDebuggingActivity]
I/am_on_resume_called(  611): [0,com.android.systemui.usb.UsbDebuggingActivity]
I/am_activity_launch_time(  515): [0,166787207,com.android.systemui/.usb.UsbDebuggingActivity,103,103]
I/auditd  ( 2660): type=1400 audit(0.0:1446): avc: denied { read } for comm="adb" name="usb" dev="tmpfs" ino=5293 scontext=u:r:shell:s0 tcontext=u:object_r:usb_device:s0 tclass=dir permissive=0
I/auditd  ( 2660): type=1400 audit(0.0:1447): avc: denied { read } for comm="adb" name="usb" dev="tmpfs" ino=5293 scontext=u:r:shell:s0 tcontext=u:object_r:usb_device:s0 tclass=dir permissive=0
I/notification_cancel(  515): [10022,611,com.android.systemui,100,low_battery,-1,0,64,8,NULL]
I/auditd  ( 2660): type=1400 audit(0.0:1448): avc: denied { read } for comm="adb" name="usb" dev="tmpfs" ino=5293 scontext=u:r:shell:s0 tcontext=u:object_r:usb_device:s0 tclass=dir permissive=0
I/auditd  ( 2660): type=1400 audit(0.0:1449): avc: denied { read } for comm="adb" name="usb" dev="tmpfs" ino=5293 scontext=u:r:shell:s0 tcontext=u:object_r:usb_device:s0 tclass=dir permissive=0
I/auditd  ( 2660): type=1400 audit(0.0:1450): avc: denied { read } for comm="adb" name="usb" dev="tmpfs" ino=5293 scontext=u:r:shell:s0 tcontext=u:object_r:usb_device:s0 tclass=dir permissive=0
I/auditd  ( 2660): type=1400 audit(0.0:1451): avc: denied { read } for comm="adb" name="usb" dev="tmpfs" ino=5293 scontext=u:r:shell:s0 tcontext=u:object_r:usb_device:s0 tclass=dir permissive=0
I/gtalk_connection( 1303): 16974847
I/auditd  ( 2660): type=1400 audit(0.0:1452): avc: denied { read } for comm="adb" name="usb" dev="tmpfs" ino=5293 scontext=u:r:shell:s0 tcontext=u:object_r:usb_device:s0 tclass=dir permissive=0
I/sysui_heads_up_status(  611): [,0]
I/auditd  ( 2660): type=1400 audit(0.0:1453): avc: denied { read } for comm="adb" name="usb" dev="tmpfs" ino=5293 scontext=u:r:shell:s0 tcontext=u:object_r:usb_device:s0 tclass=dir permissive=0
I/auditd  ( 2660): type=1400 audit(0.0:1454): avc: denied { read } for comm="adb" name="usb" dev="tmpfs" ino=5293 scontext=u:r:shell:s0 tcontext=u:object_r:usb_device:s0 tclass=dir permissive=0
I/auditd  ( 2660): type=1400 audit(0.0:1455): avc: denied { read } for comm="adb" name="usb" dev="tmpfs" ino=5293 scontext=u:r:shell:s0 tcontext=u:object_r:usb_device:s0 tclass=dir permissive=0
I/auditd  ( 2660): type=1400 audit(0.0:1456): avc: denied { read } for comm="adb" name="usb" dev="tmpfs" ino=5293 scontext=u:r:shell:s0 tcontext=u:object_r:usb_device:s0 tclass=dir permissive=0
I/auditd  ( 2660): type=1400 audit(0.0:1457): avc: denied { read } for comm="adb" name="usb" dev="tmpfs" ino=5293 scontext=u:r:shell:s0 tcontext=u:object_r:usb_device:s0 tclass=dir permissive=0
I/notification_cancel(  515): [10022,611,com.android.systemui,100,low_battery,-1,0,64,8,NULL]
I/auditd  ( 2660): type=1400 audit(0.0:1458): avc: denied { read } for comm="adb" name="usb" dev="tmpfs" ino=5293 scontext=u:r:shell:s0 tcontext=u:object_r:usb_device:s0 tclass=dir permissive=0
I/auditd  ( 2660): type=1400 audit(0.0:1459): avc: denied { read } for comm="adb" name="usb" dev="tmpfs" ino=5293 scontext=u:r:shell:s0 tcontext=u:object_r:usb_device:s0 tclass=dir permissive=0
I/auditd  ( 2660): type=1400 audit(0.0:1460): avc: denied { read } for comm="adb" name="usb" dev="tmpfs" ino=5293 scontext=u:r:shell:s0 tcontext=u:object_r:usb_device:s0 tclass=dir permissive=0
I/auditd  ( 2660): type=1400 audit(0.0:1461): avc: denied { read } for comm="adb" name="usb" dev="tmpfs" ino=5293 scontext=u:r:shell:s0 tcontext=u:object_r:usb_device:s0 tclass=dir permissive=0
I/auditd  ( 2660): type=1400 audit(0.0:1462): avc: denied { read } for comm="adb" name="usb" dev="tmpfs" ino=5293 scontext=u:r:shell:s0 tcontext=u:object_r:usb_device:s0 tclass=dir permissive=0
I/auditd  ( 2660): type=1400 audit(0.0:1463): avc: denied { read } for comm="adb" name="usb" dev="tmpfs" ino=5293 scontext=u:r:shell:s0 tcontext=u:object_r:usb_device:s0 tclass=dir permissive=0
I/auditd  ( 2660): type=1400 audit(0.0:1464): avc: denied { read } for comm="adb" name="usb" dev="tmpfs" ino=5293 scontext=u:r:shell:s0 tcontext=u:object_r:usb_device:s0 tclass=dir permissive=0
I/auditd  ( 2660): type=1400 audit(0.0:1465): avc: denied { read } for comm="adb" name="usb" dev="tmpfs" ino=5293 scontext=u:r:shell:s0 tcontext=u:object_r:usb_device:s0 tclass=dir permissive=0
I/auditd  ( 2660): type=1400 audit(0.0:1466): avc: denied { read } for comm="adb" name="usb" dev="tmpfs" ino=5293 scontext=u:r:shell:s0 tcontext=u:object_r:usb_device:s0 tclass=dir permissive=0
I/auditd  ( 2660): type=1400 audit(0.0:1467): avc: denied { read } for comm="adb" name="usb" dev="tmpfs" ino=5293 scontext=u:r:shell:s0 tcontext=u:object_r:usb_device:s0 tclass=dir permissive=0
I/auditd  ( 2660): type=1400 audit(0.0:1468): avc: denied { read } for comm="adb" name="usb" dev="tmpfs" ino=5293 scontext=u:r:shell:s0 tcontext=u:object_r:usb_device:s0 tclass=dir permissive=0
I/auditd  ( 2660): type=1400 audit(0.0:1469): avc: denied { read } for comm="adb" name="usb" dev="tmpfs" ino=5293 scontext=u:r:shell:s0 tcontext=u:object_r:usb_device:s0 tclass=dir permissive=0
I/auditd  ( 2660): type=1400 audit(0.0:1470): avc: denied { read } for comm="adb" name="usb" dev="tmpfs" ino=5293 scontext=u:r:shell:s0 tcontext=u:object_r:usb_device:s0 tclass=dir permissive=0
I/auditd  ( 2660): type=1400 audit(0.0:1471): avc: denied { read } for comm="adb" name="usb" dev="tmpfs" ino=5293 scontext=u:r:shell:s0 tcontext=u:object_r:usb_device:s0 tclass=dir permissive=0
I/auditd  ( 2660): type=1400 audit(0.0:1472): avc: denied { read } for comm="adb" name="usb" dev="tmpfs" ino=5293 scontext=u:r:shell:s0 tcontext=u:object_r:usb_device:s0 tclass=dir permissive=0
I/force_gc(  515): Binder
I/auditd  ( 2660): type=1400 audit(0.0:1473): avc: denied { read } for comm="adb" name="usb" dev="tmpfs" ino=5293 scontext=u:r:shell:s0 tcontext=u:object_r:usb_device:s0 tclass=dir permissive=0
I/auditd  ( 2660): type=1400 audit(0.0:1474): avc: denied { read } for comm="adb" name="usb" dev="tmpfs" ino=5293 scontext=u:r:shell:s0 tcontext=u:object_r:usb_device:s0 tclass=dir permissive=0
I/auditd  ( 2660): type=1400 audit(0.0:1475): avc: denied { read } for comm="adb" name="usb" dev="tmpfs" ino=5293 scontext=u:r:shell:s0 tcontext=u:object_r:usb_device:s0 tclass=dir permissive=0
I/auditd  ( 2660): type=1400 audit(0.0:1476): avc: denied { read } for comm="adb" name="usb" dev="tmpfs" ino=5293 scontext=u:r:shell:s0 tcontext=u:object_r:usb_device:s0 tclass=dir permissive=0
I/auditd  ( 2660): type=1400 audit(0.0:1477): avc: denied { read } for comm="adb" name="usb" dev="tmpfs" ino=5293 scontext=u:r:shell:s0 tcontext=u:object_r:usb_device:s0 tclass=dir permissive=0
I/notification_cancel(  515): [10022,611,com.android.systemui,100,low_battery,-1,0,64,8,NULL]
I/auditd  ( 2660): type=1400 audit(0.0:1478): avc: denied { read } for comm="adb" name="usb" dev="tmpfs" ino=5293 scontext=u:r:shell:s0 tcontext=u:object_r:usb_device:s0 tclass=dir permissive=0
I/auditd  ( 2660): type=1400 audit(0.0:1479): avc: denied { read } for comm="adb" name="usb" dev="tmpfs" ino=5293 scontext=u:r:shell:s0 tcontext=u:object_r:usb_device:s0 tclass=dir permissive=0
I/auditd  ( 2660): type=1400 audit(0.0:1480): avc: denied { read } for comm="adb" name="usb" dev="tmpfs" ino=5293 scontext=u:r:shell:s0 tcontext=u:object_r:usb_device:s0 tclass=dir permissive=0
I/auditd  ( 2660): type=1400 audit(0.0:1481): avc: denied { read } for comm="adb" name="usb" dev="tmpfs" ino=5293 scontext=u:r:shell:s0 tcontext=u:object_r:usb_device:s0 tclass=dir permissive=0
I/auditd  ( 2660): type=1400 audit(0.0:1482): avc: denied { read } for comm="adb" name="usb" dev="tmpfs" ino=5293 scontext=u:r:shell:s0 tcontext=u:object_r:usb_device:s0 tclass=dir permissive=0
I/auditd  ( 2660): type=1400 audit(0.0:1483): avc: denied { read } for comm="adb" name="usb" dev="tmpfs" ino=5293 scontext=u:r:shell:s0 tcontext=u:object_r:usb_device:s0 tclass=dir permissive=0
I/auditd  ( 2660): type=1400 audit(0.0:1484): avc: denied { read } for comm="adb" name="usb" dev="tmpfs" ino=5293 scontext=u:r:shell:s0 tcontext=u:object_r:usb_device:s0 tclass=dir permissive=0
I/auditd  ( 2660): type=1400 audit(0.0:1485): avc: denied { read } for comm="adb" name="usb" dev="tmpfs" ino=5293 scontext=u:r:shell:s0 tcontext=u:object_r:usb_device:s0 tclass=dir permissive=0
I/auditd  ( 2660): type=1400 audit(0.0:1486): avc: denied { read } for comm="adb" name="usb" dev="tmpfs" ino=5293 scontext=u:r:shell:s0 tcontext=u:object_r:usb_device:s0 tclass=dir permissive=0
I/auditd  ( 2660): type=1400 audit(0.0:1487): avc: denied { read } for comm="adb" name="usb" dev="tmpfs" ino=5293 scontext=u:r:shell:s0 tcontext=u:object_r:usb_device:s0 tclass=dir permissive=0
I/battery_level(  515): [9,3689,370]
I/notification_cancel(  515): [10022,611,com.android.systemui,100,low_battery,-1,0,64,8,NULL]
I/auditd  ( 2660): type=1400 audit(0.0:1488): avc: denied { read } for comm="adb" name="usb" dev="tmpfs" ino=5293 scontext=u:r:shell:s0 tcontext=u:object_r:usb_device:s0 tclass=dir permissive=0
I/auditd  ( 2660): type=1400 audit(0.0:1489): avc: denied { read } for comm="adb" name="usb" dev="tmpfs" ino=5293 scontext=u:r:shell:s0 tcontext=u:object_r:usb_device:s0 tclass=dir permissive=0
I/auditd  ( 2660): type=1400 audit(0.0:1490): avc: denied { read } for comm="adb" name="usb" dev="tmpfs" ino=5293 scontext=u:r:shell:s0 tcontext=u:object_r:usb_device:s0 tclass=dir permissive=0
I/am_finish_activity(  515): [0,166787207,167,com.android.systemui/.usb.UsbDebuggingActivity,app-request]
I/am_home_stack_moved(  515): [0,1,0,0,finishActivity adjustFocus]
I/wm_task_moved(  515): [151,1,1]
I/am_home_stack_moved(  515): [0,1,0,0,finishActivity adjustTopFocus setFocusedActivity]
I/am_focused_activity(  515): [0,com.google.android.googlequicksearchbox/com.google.android.launcher.GEL]
I/am_pause_activity(  515): [0,166787207,com.android.systemui/.usb.UsbDebuggingActivity]
I/am_on_paused_called(  611): [0,com.android.systemui.usb.UsbDebuggingActivity]
I/am_resume_activity(  515): [0,871874435,151,com.google.android.googlequicksearchbox/com.google.android.launcher.GEL]
I/am_on_resume_called(  966): [0,com.google.android.launcher.GEL]
I/am_destroy_activity(  515): [0,166787207,167,com.android.systemui/.usb.UsbDebuggingActivity,finish-imm]
I/wm_task_removed(  515): [167,removeAppToken: last token]
I/wm_task_removed(  515): [167,removeTask]
I/sf_frame_dur(  136): [com.android.systemui/com.android.systemui.usb.UsbDebuggingActivity,47,2,0,0,0,0,4]
I/auditd  ( 2660): type=1400 audit(0.0:1491): avc: denied { read } for comm="adb" name="usb" dev="tmpfs" ino=5293 scontext=u:r:shell:s0 tcontext=u:object_r:usb_device:s0 tclass=dir permissive=0
I/auditd  ( 2660): type=1400 audit(0.0:1492): avc: denied { read } for comm="adb" name="usb" dev="tmpfs" ino=5293 scontext=u:r:shell:s0 tcontext=u:object_r:usb_device:s0 tclass=dir permissive=0
I/auditd  ( 2660): type=1400 audit(0.0:1493): avc: denied { read } for comm="adb" name="usb" dev="tmpfs" ino=5293 scontext=u:r:shell:s0 tcontext=u:object_r:usb_device:s0 tclass=dir permissive=0
I/auditd  ( 2660): type=1400 audit(0.0:1494): avc: denied { read } for comm="adb" name="usb" dev="tmpfs" ino=5293 scontext=u:r:shell:s0 tcontext=u:object_r:usb_device:s0 tclass=dir permissive=0
I/auditd  ( 2660): type=1400 audit(0.0:1495): avc: denied { read } for comm="adb" name="usb" dev="tmpfs" ino=5293 scontext=u:r:shell:s0 tcontext=u:object_r:usb_device:s0 tclass=dir permissive=0
I/auditd  ( 2660): type=1400 audit(0.0:1496): avc: denied { read } for comm="adb" name="usb" dev="tmpfs" ino=5293 scontext=u:r:shell:s0 tcontext=u:object_r:usb_device:s0 tclass=dir permissive=0
I/auditd  ( 2660): type=1400 audit(0.0:1497): avc: denied { read } for comm="adb" name="usb" dev="tmpfs" ino=5293 scontext=u:r:shell:s0 tcontext=u:object_r:usb_device:s0 tclass=dir permissive=0
I/notification_cancel(  515): [10022,611,com.android.systemui,100,low_battery,-1,0,64,8,NULL]
I/auditd  ( 2660): type=1400 audit(0.0:1498): avc: denied { read } for comm="adb" name="usb" dev="tmpfs" ino=5293 scontext=u:r:shell:s0 tcontext=u:object_r:usb_device:s0 tclass=dir permissive=0
I/auditd  ( 2660): type=1400 audit(0.0:1499): avc: denied { read } for comm="adb" name="usb" dev="tmpfs" ino=5293 scontext=u:r:shell:s0 tcontext=u:object_r:usb_device:s0 tclass=dir permissive=0
I/auditd  ( 2660): type=1400 audit(0.0:1500): avc: denied { read } for comm="adb" name="usb" dev="tmpfs" ino=5293 scontext=u:r:shell:s0 tcontext=u:object_r:usb_device:s0 tclass=dir permissive=0
I/auditd  ( 2660): type=1400 audit(0.0:1501): avc: denied { read } for comm="adb" name="usb" dev="tmpfs" ino=5293 scontext=u:r:shell:s0 tcontext=u:object_r:usb_device:s0 tclass=dir permissive=0
I/auditd  ( 2660): type=1400 audit(0.0:1502): avc: denied { read } for comm="adb" name="usb" dev="tmpfs" ino=5293 scontext=u:r:shell:s0 tcontext=u:object_r:usb_device:s0 tclass=dir permissive=0
I/auditd  ( 2660): type=1400 audit(0.0:1503): avc: denied { read } for comm="adb" name="usb" dev="tmpfs" ino=5293 scontext=u:r:shell:s0 tcontext=u:object_r:usb_device:s0 tclass=dir permissive=0
I/auditd  ( 2660): type=1400 audit(0.0:1504): avc: denied { read } for comm="adb" name="usb" dev="tmpfs" ino=5293 scontext=u:r:shell:s0 tcontext=u:object_r:usb_device:s0 tclass=dir permissive=0
I/auditd  ( 2660): type=1400 audit(0.0:1505): avc: denied { read } for comm="adb" name="usb" dev="tmpfs" ino=5293 scontext=u:r:shell:s0 tcontext=u:object_r:usb_device:s0 tclass=dir permissive=0
I/auditd  ( 2660): type=1400 audit(0.0:1506): avc: denied { read } for comm="adb" name="usb" dev="tmpfs" ino=5293 scontext=u:r:shell:s0 tcontext=u:object_r:usb_device:s0 tclass=dir permissive=0
I/auditd  ( 2660): type=1400 audit(0.0:1507): avc: denied { read } for comm="adb" name="usb" dev="tmpfs" ino=5293 scontext=u:r:shell:s0 tcontext=u:object_r:usb_device:s0 tclass=dir permissive=0
I/notification_cancel(  515): [10022,611,com.android.systemui,100,low_battery,-1,0,64,8,NULL]
I/auditd  ( 2660): type=1400 audit(0.0:1508): avc: denied { read } for comm="adb" name="usb" dev="tmpfs" ino=5293 scontext=u:r:shell:s0 tcontext=u:object_r:usb_device:s0 tclass=dir permissive=0
I/auditd  ( 2660): type=1400 audit(0.0:1509): avc: denied { read } for comm="adb" name="usb" dev="tmpfs" ino=5293 scontext=u:r:shell:s0 tcontext=u:object_r:usb_device:s0 tclass=dir permissive=0
I/auditd  ( 2660): type=1400 audit(0.0:1510): avc: denied { read } for comm="adb" name="usb" dev="tmpfs" ino=5293 scontext=u:r:shell:s0 tcontext=u:object_r:usb_device:s0 tclass=dir permissive=0
I/auditd  ( 2660): type=1400 audit(0.0:1511): avc: denied { read } for comm="adb" name="usb" dev="tmpfs" ino=5293 scontext=u:r:shell:s0 tcontext=u:object_r:usb_device:s0 tclass=dir permissive=0
I/auditd  ( 2660): type=1400 audit(0.0:1512): avc: denied { read } for comm="adb" name="usb" dev="tmpfs" ino=5293 scontext=u:r:shell:s0 tcontext=u:object_r:usb_device:s0 tclass=dir permissive=0
I/auditd  ( 2660): type=1400 audit(0.0:1513): avc: denied { read } for comm="adb" name="usb" dev="tmpfs" ino=5293 scontext=u:r:shell:s0 tcontext=u:object_r:usb_device:s0 tclass=dir permissive=0
I/auditd  ( 2660): type=1400 audit(0.0:1514): avc: denied { read } for comm="adb" name="usb" dev="tmpfs" ino=5293 scontext=u:r:shell:s0 tcontext=u:object_r:usb_device:s0 tclass=dir permissive=0
I/auditd  ( 2660): type=1400 audit(0.0:1515): avc: denied { read } for comm="adb" name="usb" dev="tmpfs" ino=5293 scontext=u:r:shell:s0 tcontext=u:object_r:usb_device:s0 tclass=dir permissive=0
I/auditd  ( 2660): type=1400 audit(0.0:1516): avc: denied { read } for comm="adb" name="usb" dev="tmpfs" ino=5293 scontext=u:r:shell:s0 tcontext=u:object_r:usb_device:s0 tclass=dir permissive=0
I/auditd  ( 2660): type=1400 audit(0.0:1517): avc: denied { read } for comm="adb" name="usb" dev="tmpfs" ino=5293 scontext=u:r:shell:s0 tcontext=u:object_r:usb_device:s0 tclass=dir permissive=0
I/auditd  ( 2660): type=1400 audit(0.0:1518): avc: denied { read } for comm="adb" name="usb" dev="tmpfs" ino=5293 scontext=u:r:shell:s0 tcontext=u:object_r:usb_device:s0 tclass=dir permissive=0
I/auditd  ( 2660): type=1400 audit(0.0:1519): avc: denied { read } for comm="adb" name="usb" dev="tmpfs" ino=5293 scontext=u:r:shell:s0 tcontext=u:object_r:usb_device:s0 tclass=dir permissive=0
I/auditd  ( 2660): type=1400 audit(0.0:1520): avc: denied { read } for comm="adb" name="usb" dev="tmpfs" ino=5293 scontext=u:r:shell:s0 tcontext=u:object_r:usb_device:s0 tclass=dir permissive=0
I/auditd  ( 2660): type=1400 audit(0.0:1521): avc: denied { read } for comm="adb" name="usb" dev="tmpfs" ino=5293 scontext=u:r:shell:s0 tcontext=u:object_r:usb_device:s0 tclass=dir permissive=0
I/auditd  ( 2660): type=1400 audit(0.0:1522): avc: denied { read } for comm="adb" name="usb" dev="tmpfs" ino=5293 scontext=u:r:shell:s0 tcontext=u:object_r:usb_device:s0 tclass=dir permissive=0
I/auditd  ( 2660): type=1400 audit(0.0:1523): avc: denied { read } for comm="adb" name="usb" dev="tmpfs" ino=5293 scontext=u:r:shell:s0 tcontext=u:object_r:usb_device:s0 tclass=dir permissive=0
I/auditd  ( 2660): type=1400 audit(0.0:1524): avc: denied { read } for comm="adb" name="usb" dev="tmpfs" ino=5293 scontext=u:r:shell:s0 tcontext=u:object_r:usb_device:s0 tclass=dir permissive=0
I/auditd  ( 2660): type=1400 audit(0.0:1525): avc: denied { read } for comm="adb" name="usb" dev="tmpfs" ino=5293 scontext=u:r:shell:s0 tcontext=u:object_r:usb_device:s0 tclass=dir permissive=0
I/auditd  ( 2660): type=1400 audit(0.0:1526): avc: denied { read } for comm="adb" name="usb" dev="tmpfs" ino=5293 scontext=u:r:shell:s0 tcontext=u:object_r:usb_device:s0 tclass=dir permissive=0
I/auditd  ( 2660): type=1400 audit(0.0:1527): avc: denied { read } for comm="adb" name="usb" dev="tmpfs" ino=5293 scontext=u:r:shell:s0 tcontext=u:object_r:usb_device:s0 tclass=dir permissive=0
I/notification_cancel(  515): [10022,611,com.android.systemui,100,low_battery,-1,0,64,8,NULL]
I/auditd  ( 2660): type=1400 audit(0.0:1528): avc: denied { read } for comm="adb" name="usb" dev="tmpfs" ino=5293 scontext=u:r:shell:s0 tcontext=u:object_r:usb_device:s0 tclass=dir permissive=0
I/auditd  ( 2660): type=1400 audit(0.0:1529): avc: denied { read } for comm="adb" name="usb" dev="tmpfs" ino=5293 scontext=u:r:shell:s0 tcontext=u:object_r:usb_device:s0 tclass=dir permissive=0
I/auditd  ( 2660): type=1400 audit(0.0:1530): avc: denied { read } for comm="adb" name="usb" dev="tmpfs" ino=5293 scontext=u:r:shell:s0 tcontext=u:object_r:usb_device:s0 tclass=dir permissive=0
I/auditd  ( 2660): type=1400 audit(0.0:1531): avc: denied { read } for comm="adb" name="usb" dev="tmpfs" ino=5293 scontext=u:r:shell:s0 tcontext=u:object_r:usb_device:s0 tclass=dir permissive=0
I/auditd  ( 2660): type=1400 audit(0.0:1532): avc: denied { read } for comm="adb" name="usb" dev="tmpfs" ino=5293 scontext=u:r:shell:s0 tcontext=u:object_r:usb_device:s0 tclass=dir permissive=0
I/auditd  ( 2660): type=1400 audit(0.0:1533): avc: denied { read } for comm="adb" name="usb" dev="tmpfs" ino=5293 scontext=u:r:shell:s0 tcontext=u:object_r:usb_device:s0 tclass=dir permissive=0
I/auditd  ( 2660): type=1400 audit(0.0:1534): avc: denied { read } for comm="adb" name="usb" dev="tmpfs" ino=5293 scontext=u:r:shell:s0 tcontext=u:object_r:usb_device:s0 tclass=dir permissive=0
I/auditd  ( 2660): type=1400 audit(0.0:1535): avc: denied { read } for comm="adb" name="usb" dev="tmpfs" ino=5293 scontext=u:r:shell:s0 tcontext=u:object_r:usb_device:s0 tclass=dir permissive=0
I/auditd  ( 2660): type=1400 audit(0.0:1536): avc: denied { read } for comm="adb" name="usb" dev="tmpfs" ino=5293 scontext=u:r:shell:s0 tcontext=u:object_r:usb_device:s0 tclass=dir permissive=0
I/auditd  ( 2660): type=1400 audit(0.0:1537): avc: denied { read } for comm="adb" name="usb" dev="tmpfs" ino=5293 scontext=u:r:shell:s0 tcontext=u:object_r:usb_device:s0 tclass=dir permissive=0
I/auditd  ( 2660): type=1400 audit(0.0:1538): avc: denied { read } for comm="adb" name="usb" dev="tmpfs" ino=5293 scontext=u:r:shell:s0 tcontext=u:object_r:usb_device:s0 tclass=dir permissive=0
I/auditd  ( 2660): type=1400 audit(0.0:1539): avc: denied { read } for comm="adb" name="usb" dev="tmpfs" ino=5293 scontext=u:r:shell:s0 tcontext=u:object_r:usb_device:s0 tclass=dir permissive=0
I/auditd  ( 2660): type=1400 audit(0.0:1540): avc: denied { read } for comm="adb" name="usb" dev="tmpfs" ino=5293 scontext=u:r:shell:s0 tcontext=u:object_r:usb_device:s0 tclass=dir permissive=0
I/auditd  ( 2660): type=1400 audit(0.0:1541): avc: denied { read } for comm="adb" name="usb" dev="tmpfs" ino=5293 scontext=u:r:shell:s0 tcontext=u:object_r:usb_device:s0 tclass=dir permissive=0
I/auditd  ( 2660): type=1400 audit(0.0:1542): avc: denied { read } for comm="adb" name="usb" dev="tmpfs" ino=5293 scontext=u:r:shell:s0 tcontext=u:object_r:usb_device:s0 tclass=dir permissive=0
I/auditd  ( 2660): type=1400 audit(0.0:1543): avc: denied { read } for comm="adb" name="usb" dev="tmpfs" ino=5293 scontext=u:r:shell:s0 tcontext=u:object_r:usb_device:s0 tclass=dir permissive=0
I/auditd  ( 2660): type=1400 audit(0.0:1544): avc: denied { read } for comm="adb" name="usb" dev="tmpfs" ino=5293 scontext=u:r:shell:s0 tcontext=u:object_r:usb_device:s0 tclass=dir permissive=0
I/auditd  ( 2660): type=1400 audit(0.0:1545): avc: denied { read } for comm="adb" name="usb" dev="tmpfs" ino=5293 scontext=u:r:shell:s0 tcontext=u:object_r:usb_device:s0 tclass=dir permissive=0
I/auditd  ( 2660): type=1400 audit(0.0:1546): avc: denied { read } for comm="adb" name="usb" dev="tmpfs" ino=5293 scontext=u:r:shell:s0 tcontext=u:object_r:usb_device:s0 tclass=dir permissive=0
I/auditd  ( 2660): type=1400 audit(0.0:1547): avc: denied { read } for comm="adb" name="usb" dev="tmpfs" ino=5293 scontext=u:r:shell:s0 tcontext=u:object_r:usb_device:s0 tclass=dir permissive=0
I/battery_level(  515): [10,3694,370]
I/notification_cancel(  515): [10022,611,com.android.systemui,100,low_battery,-1,0,64,8,NULL]
I/auditd  ( 2660): type=1400 audit(0.0:1548): avc: denied { read } for comm="adb" name="usb" dev="tmpfs" ino=5293 scontext=u:r:shell:s0 tcontext=u:object_r:usb_device:s0 tclass=dir permissive=0
I/auditd  ( 2660): type=1400 audit(0.0:1549): avc: denied { read } for comm="adb" name="usb" dev="tmpfs" ino=5293 scontext=u:r:shell:s0 tcontext=u:object_r:usb_device:s0 tclass=dir permissive=0
I/auditd  ( 2660): type=1400 audit(0.0:1550): avc: denied { read } for comm="adb" name="usb" dev="tmpfs" ino=5293 scontext=u:r:shell:s0 tcontext=u:object_r:usb_device:s0 tclass=dir permissive=0
I/auditd  ( 2660): type=1400 audit(0.0:1551): avc: denied { read } for comm="adb" name="usb" dev="tmpfs" ino=5293 scontext=u:r:shell:s0 tcontext=u:object_r:usb_device:s0 tclass=dir permissive=0
I/auditd  ( 2660): type=1400 audit(0.0:1552): avc: denied { read } for comm="adb" name="usb" dev="tmpfs" ino=5293 scontext=u:r:shell:s0 tcontext=u:object_r:usb_device:s0 tclass=dir permissive=0
I/auditd  ( 2660): type=1400 audit(0.0:1553): avc: denied { read } for comm="adb" name="usb" dev="tmpfs" ino=5293 scontext=u:r:shell:s0 tcontext=u:object_r:usb_device:s0 tclass=dir permissive=0
I/auditd  ( 2660): type=1400 audit(0.0:1554): avc: denied { read } for comm="adb" name="usb" dev="tmpfs" ino=5293 scontext=u:r:shell:s0 tcontext=u:object_r:usb_device:s0 tclass=dir permissive=0
I/auditd  ( 2660): type=1400 audit(0.0:1555): avc: denied { read } for comm="adb" name="usb" dev="tmpfs" ino=5293 scontext=u:r:shell:s0 tcontext=u:object_r:usb_device:s0 tclass=dir permissive=0
I/auditd  ( 2660): type=1400 audit(0.0:1556): avc: denied { read } for comm="adb" name="usb" dev="tmpfs" ino=5293 scontext=u:r:shell:s0 tcontext=u:object_r:usb_device:s0 tclass=dir permissive=0
I/auditd  ( 2660): type=1400 audit(0.0:1557): avc: denied { read } for comm="adb" name="usb" dev="tmpfs" ino=5293 scontext=u:r:shell:s0 tcontext=u:object_r:usb_device:s0 tclass=dir permissive=0
I/notification_cancel(  515): [10022,611,com.android.systemui,100,low_battery,-1,0,64,8,NULL]
I/auditd  ( 2660): type=1400 audit(0.0:1558): avc: denied { read } for comm="adb" name="usb" dev="tmpfs" ino=5293 scontext=u:r:shell:s0 tcontext=u:object_r:usb_device:s0 tclass=dir permissive=0
I/auditd  ( 2660): type=1400 audit(0.0:1559): avc: denied { read } for comm="adb" name="usb" dev="tmpfs" ino=5293 scontext=u:r:shell:s0 tcontext=u:object_r:usb_device:s0 tclass=dir permissive=0
I/auditd  ( 2660): type=1400 audit(0.0:1560): avc: denied { read } for comm="adb" name="usb" dev="tmpfs" ino=5293 scontext=u:r:shell:s0 tcontext=u:object_r:usb_device:s0 tclass=dir permissive=0
I/auditd  ( 2660): type=1400 audit(0.0:1561): avc: denied { read } for comm="adb" name="usb" dev="tmpfs" ino=5293 scontext=u:r:shell:s0 tcontext=u:object_r:usb_device:s0 tclass=dir permissive=0
I/auditd  ( 2660): type=1400 audit(0.0:1562): avc: denied { read } for comm="adb" name="usb" dev="tmpfs" ino=5293 scontext=u:r:shell:s0 tcontext=u:object_r:usb_device:s0 tclass=dir permissive=0
I/notification_cancel(  515): [1000,515,android,2,NULL,0,0,0,8,NULL]
I/auditd  ( 2660): type=1400 audit(0.0:1563): avc: denied { read } for comm="adb" name="usb" dev="tmpfs" ino=5293 scontext=u:r:shell:s0 tcontext=u:object_r:usb_device:s0 tclass=dir permissive=0
I/auditd  ( 2660): type=1400 audit(0.0:1564): avc: denied { read } for comm="adb" name="usb" dev="tmpfs" ino=5293 scontext=u:r:shell:s0 tcontext=u:object_r:usb_device:s0 tclass=dir permissive=0
I/auditd  ( 2660): type=1400 audit(0.0:1565): avc: denied { read } for comm="adb" name="usb" dev="tmpfs" ino=5293 scontext=u:r:shell:s0 tcontext=u:object_r:usb_device:s0 tclass=dir permissive=0
I/auditd  ( 2660): type=1400 audit(0.0:1566): avc: denied { read } for comm="adb" name="usb" dev="tmpfs" ino=5293 scontext=u:r:shell:s0 tcontext=u:object_r:usb_device:s0 tclass=dir permissive=0
I/auditd  ( 2660): type=1400 audit(0.0:1567): avc: denied { read } for comm="adb" name="usb" dev="tmpfs" ino=5293 scontext=u:r:shell:s0 tcontext=u:object_r:usb_device:s0 tclass=dir permissive=0
I/auditd  ( 2660): type=1400 audit(0.0:1568): avc: denied { read } for comm="adb" name="usb" dev="tmpfs" ino=5293 scontext=u:r:shell:s0 tcontext=u:object_r:usb_device:s0 tclass=dir permissive=0
I/auditd  ( 2660): type=1400 audit(0.0:1569): avc: denied { read } for comm="adb" name="usb" dev="tmpfs" ino=5293 scontext=u:r:shell:s0 tcontext=u:object_r:usb_device:s0 tclass=dir permissive=0
I/auditd  ( 2660): type=1400 audit(0.0:1570): avc: denied { read } for comm="adb" name="usb" dev="tmpfs" ino=5293 scontext=u:r:shell:s0 tcontext=u:object_r:usb_device:s0 tclass=dir permissive=0
I/auditd  ( 2660): type=1400 audit(0.0:1571): avc: denied { read } for comm="adb" name="usb" dev="tmpfs" ino=5293 scontext=u:r:shell:s0 tcontext=u:object_r:usb_device:s0 tclass=dir permissive=0
I/auditd  ( 2660): type=1400 audit(0.0:1572): avc: denied { read } for comm="adb" name="usb" dev="tmpfs" ino=5293 scontext=u:r:shell:s0 tcontext=u:object_r:usb_device:s0 tclass=dir permissive=0
I/auditd  ( 2660): type=1400 audit(0.0:1573): avc: denied { read } for comm="adb" name="usb" dev="tmpfs" ino=5293 scontext=u:r:shell:s0 tcontext=u:object_r:usb_device:s0 tclass=dir permissive=0
I/auditd  ( 2660): type=1400 audit(0.0:1574): avc: denied { read } for comm="adb" name="usb" dev="tmpfs" ino=5293 scontext=u:r:shell:s0 tcontext=u:object_r:usb_device:s0 tclass=dir permissive=0
I/auditd  ( 2660): type=1400 audit(0.0:1575): avc: denied { read } for comm="adb" name="usb" dev="tmpfs" ino=5293 scontext=u:r:shell:s0 tcontext=u:object_r:usb_device:s0 tclass=dir permissive=0
I/auditd  ( 2660): type=1400 audit(0.0:1576): avc: denied { read } for comm="adb" name="usb" dev="tmpfs" ino=5293 scontext=u:r:shell:s0 tcontext=u:object_r:usb_device:s0 tclass=dir permissive=0
I/auditd  ( 2660): type=1400 audit(0.0:1577): avc: denied { read } for comm="adb" name="usb" dev="tmpfs" ino=5293 scontext=u:r:shell:s0 tcontext=u:object_r:usb_device:s0 tclass=dir permissive=0
I/notification_cancel(  515): [10022,611,com.android.systemui,100,low_battery,-1,0,64,8,NULL]
I/auditd  ( 2660): type=1400 audit(0.0:1578): avc: denied { read } for comm="adb" name="usb" dev="tmpfs" ino=5293 scontext=u:r:shell:s0 tcontext=u:object_r:usb_device:s0 tclass=dir permissive=0
I/auditd  ( 2660): type=1400 audit(0.0:1579): avc: denied { read } for comm="adb" name="usb" dev="tmpfs" ino=5293 scontext=u:r:shell:s0 tcontext=u:object_r:usb_device:s0 tclass=dir permissive=0
I/auditd  ( 2660): type=1400 audit(0.0:1580): avc: denied { read } for comm="adb" name="usb" dev="tmpfs" ino=5293 scontext=u:r:shell:s0 tcontext=u:object_r:usb_device:s0 tclass=dir permissive=0
I/auditd  ( 2660): type=1400 audit(0.0:1581): avc: denied { read } for comm="adb" name="usb" dev="tmpfs" ino=5293 scontext=u:r:shell:s0 tcontext=u:object_r:usb_device:s0 tclass=dir permissive=0
I/auditd  ( 2660): type=1400 audit(0.0:1582): avc: denied { read } for comm="adb" name="usb" dev="tmpfs" ino=5293 scontext=u:r:shell:s0 tcontext=u:object_r:usb_device:s0 tclass=dir permissive=0
I/auditd  ( 2660): type=1400 audit(0.0:1583): avc: denied { read } for comm="adb" name="usb" dev="tmpfs" ino=5293 scontext=u:r:shell:s0 tcontext=u:object_r:usb_device:s0 tclass=dir permissive=0
I/auditd  ( 2660): type=1400 audit(0.0:1584): avc: denied { read } for comm="adb" name="usb" dev="tmpfs" ino=5293 scontext=u:r:shell:s0 tcontext=u:object_r:usb_device:s0 tclass=dir permissive=0
I/auditd  ( 2660): type=1400 audit(0.0:1585): avc: denied { read } for comm="adb" name="usb" dev="tmpfs" ino=5293 scontext=u:r:shell:s0 tcontext=u:object_r:usb_device:s0 tclass=dir permissive=0
I/auditd  ( 2660): type=1400 audit(0.0:1586): avc: denied { read } for comm="adb" name="usb" dev="tmpfs" ino=5293 scontext=u:r:shell:s0 tcontext=u:object_r:usb_device:s0 tclass=dir permissive=0
I/auditd  ( 2660): type=1400 audit(0.0:1587): avc: denied { read } for comm="adb" name="usb" dev="tmpfs" ino=5293 scontext=u:r:shell:s0 tcontext=u:object_r:usb_device:s0 tclass=dir permissive=0
I/auditd  ( 2660): type=1400 audit(0.0:1588): avc: denied { read } for comm="adb" name="usb" dev="tmpfs" ino=5293 scontext=u:r:shell:s0 tcontext=u:object_r:usb_device:s0 tclass=dir permissive=0
I/auditd  ( 2660): type=1400 audit(0.0:1589): avc: denied { read } for comm="adb" name="usb" dev="tmpfs" ino=5293 scontext=u:r:shell:s0 tcontext=u:object_r:usb_device:s0 tclass=dir permissive=0
I/auditd  ( 2660): type=1400 audit(0.0:1590): avc: denied { read } for comm="adb" name="usb" dev="tmpfs" ino=5293 scontext=u:r:shell:s0 tcontext=u:object_r:usb_device:s0 tclass=dir permissive=0
I/auditd  ( 2660): type=1400 audit(0.0:1591): avc: denied { read } for comm="adb" name="usb" dev="tmpfs" ino=5293 scontext=u:r:shell:s0 tcontext=u:object_r:usb_device:s0 tclass=dir permissive=0
I/auditd  ( 2660): type=1400 audit(0.0:1592): avc: denied { read } for comm="adb" name="usb" dev="tmpfs" ino=5293 scontext=u:r:shell:s0 tcontext=u:object_r:usb_device:s0 tclass=dir permissive=0
I/auditd  ( 2660): type=1400 audit(0.0:1593): avc: denied { read } for comm="adb" name="usb" dev="tmpfs" ino=5293 scontext=u:r:shell:s0 tcontext=u:object_r:usb_device:s0 tclass=dir permissive=0
I/auditd  ( 2660): type=1400 audit(0.0:1594): avc: denied { read } for comm="adb" name="usb" dev="tmpfs" ino=5293 scontext=u:r:shell:s0 tcontext=u:object_r:usb_device:s0 tclass=dir permissive=0
I/auditd  ( 2660): type=1400 audit(0.0:1595): avc: denied { read } for comm="adb" name="usb" dev="tmpfs" ino=5293 scontext=u:r:shell:s0 tcontext=u:object_r:usb_device:s0 tclass=dir permissive=0
I/auditd  ( 2660): type=1400 audit(0.0:1596): avc: denied { read } for comm="adb" name="usb" dev="tmpfs" ino=5293 scontext=u:r:shell:s0 tcontext=u:object_r:usb_device:s0 tclass=dir permissive=0
I/auditd  ( 2660): type=1400 audit(0.0:1597): avc: denied { read } for comm="adb" name="usb" dev="tmpfs" ino=5293 scontext=u:r:shell:s0 tcontext=u:object_r:usb_device:s0 tclass=dir permissive=0
I/auditd  ( 2660): type=1400 audit(0.0:1598): avc: denied { read } for comm="adb" name="usb" dev="tmpfs" ino=5293 scontext=u:r:shell:s0 tcontext=u:object_r:usb_device:s0 tclass=dir permissive=0
I/auditd  ( 2660): type=1400 audit(0.0:1599): avc: denied { read } for comm="adb" name="usb" dev="tmpfs" ino=5293 scontext=u:r:shell:s0 tcontext=u:object_r:usb_device:s0 tclass=dir permissive=0
I/auditd  ( 2660): type=1400 audit(0.0:1600): avc: denied { read } for comm="adb" name="usb" dev="tmpfs" ino=5293 scontext=u:r:shell:s0 tcontext=u:object_r:usb_device:s0 tclass=dir permissive=0
I/auditd  ( 2660): type=1400 audit(0.0:1601): avc: denied { read } for comm="adb" name="usb" dev="tmpfs" ino=5293 scontext=u:r:shell:s0 tcontext=u:object_r:usb_device:s0 tclass=dir permissive=0
I/auditd  ( 2660): type=1400 audit(0.0:1602): avc: denied { read } for comm="adb" name="usb" dev="tmpfs" ino=5293 scontext=u:r:shell:s0 tcontext=u:object_r:usb_device:s0 tclass=dir permissive=0
I/auditd  ( 2660): type=1400 audit(0.0:1603): avc: denied { read } for comm="adb" name="usb" dev="tmpfs" ino=5293 scontext=u:r:shell:s0 tcontext=u:object_r:usb_device:s0 tclass=dir permissive=0
I/auditd  ( 2660): type=1400 audit(0.0:1604): avc: denied { read } for comm="adb" name="usb" dev="tmpfs" ino=5293 scontext=u:r:shell:s0 tcontext=u:object_r:usb_device:s0 tclass=dir permissive=0
I/auditd  ( 2660): type=1400 audit(0.0:1605): avc: denied { read } for comm="adb" name="usb" dev="tmpfs" ino=5293 scontext=u:r:shell:s0 tcontext=u:object_r:usb_device:s0 tclass=dir permissive=0
I/auditd  ( 2660): type=1400 audit(0.0:1606): avc: denied { read } for comm="adb" name="usb" dev="tmpfs" ino=5293 scontext=u:r:shell:s0 tcontext=u:object_r:usb_device:s0 tclass=dir permissive=0
I/auditd  ( 2660): type=1400 audit(0.0:1607): avc: denied { read } for comm="adb" name="usb" dev="tmpfs" ino=5293 scontext=u:r:shell:s0 tcontext=u:object_r:usb_device:s0 tclass=dir permissive=0
I/battery_level(  515): [11,3697,370]
I/notification_cancel(  515): [10022,611,com.android.systemui,100,low_battery,-1,0,64,8,NULL]
I/am_kill (  515): [0,2387,com.google.android.gms:car,13,empty for 1814s]
I/am_kill (  515): [0,2359,com.votary.appstore,13,empty for 1833s]
I/am_kill (  515): [0,1796,com.google.android.gm,13,empty for 1838s]
I/am_kill (  515): [0,2300,com.android.providers.calendar,13,empty for 1839s]
I/am_kill (  515): [0,2144,com.google.android.apps.messaging,15,empty for 1842s]
I/am_kill (  515): [0,2180,com.trackingapp,15,empty for 1843s]
I/am_proc_died(  515): [0,2387,com.google.android.gms:car]
I/am_proc_died(  515): [0,2359,com.votary.appstore]
I/am_proc_died(  515): [0,1796,com.google.android.gm]
I/am_proc_died(  515): [0,2300,com.android.providers.calendar]
I/am_proc_died(  515): [0,2144,com.google.android.apps.messaging]
I/am_proc_died(  515): [0,2180,com.trackingapp]
I/auditd  ( 2660): type=1400 audit(0.0:1608): avc: denied { read } for comm="adb" name="usb" dev="tmpfs" ino=5293 scontext=u:r:shell:s0 tcontext=u:object_r:usb_device:s0 tclass=dir permissive=0
I/auditd  ( 2660): type=1400 audit(0.0:1609): avc: denied { read } for comm="adb" name="usb" dev="tmpfs" ino=5293 scontext=u:r:shell:s0 tcontext=u:object_r:usb_device:s0 tclass=dir permissive=0
I/force_gc(  515): Binder
I/auditd  ( 2660): type=1400 audit(0.0:1610): avc: denied { read } for comm="adb" name="usb" dev="tmpfs" ino=5293 scontext=u:r:shell:s0 tcontext=u:object_r:usb_device:s0 tclass=dir permissive=0
I/auditd  ( 2660): type=1400 audit(0.0:1611): avc: denied { read } for comm="adb" name="usb" dev="tmpfs" ino=5293 scontext=u:r:shell:s0 tcontext=u:object_r:usb_device:s0 tclass=dir permissive=0
I/netstats_mobile_sample(  515): [0,0,0,0,0,0,0,0,0,0,0,0,-1]
I/netstats_wifi_sample(  515): [0,0,0,0,0,0,0,0,0,0,0,0,-1]
I/auditd  ( 2660): type=1400 audit(0.0:1612): avc: denied { read } for comm="adb" name="usb" dev="tmpfs" ino=5293 scontext=u:r:shell:s0 tcontext=u:object_r:usb_device:s0 tclass=dir permissive=0
I/auditd  ( 2660): type=1400 audit(0.0:1613): avc: denied { read } for comm="adb" name="usb" dev="tmpfs" ino=5293 scontext=u:r:shell:s0 tcontext=u:object_r:usb_device:s0 tclass=dir permissive=0
I/auditd  ( 2660): type=1400 audit(0.0:1614): avc: denied { read } for comm="adb" name="usb" dev="tmpfs" ino=5293 scontext=u:r:shell:s0 tcontext=u:object_r:usb_device:s0 tclass=dir permissive=0
I/auditd  ( 2660): type=1400 audit(0.0:1615): avc: denied { read } for comm="adb" name="usb" dev="tmpfs" ino=5293 scontext=u:r:shell:s0 tcontext=u:object_r:usb_device:s0 tclass=dir permissive=0
I/auditd  ( 2660): type=1400 audit(0.0:1616): avc: denied { read } for comm="adb" name="usb" dev="tmpfs" ino=5293 scontext=u:r:shell:s0 tcontext=u:object_r:usb_device:s0 tclass=dir permissive=0
I/auditd  ( 2660): type=1400 audit(0.0:1617): avc: denied { read } for comm="adb" name="usb" dev="tmpfs" ino=5293 scontext=u:r:shell:s0 tcontext=u:object_r:usb_device:s0 tclass=dir permissive=0
I/auditd  ( 2660): type=1400 audit(0.0:1618): avc: denied { read } for comm="adb" name="usb" dev="tmpfs" ino=5293 scontext=u:r:shell:s0 tcontext=u:object_r:usb_device:s0 tclass=dir permissive=0
I/auditd  ( 2660): type=1400 audit(0.0:1619): avc: denied { read } for comm="adb" name="usb" dev="tmpfs" ino=5293 scontext=u:r:shell:s0 tcontext=u:object_r:usb_device:s0 tclass=dir permissive=0
I/auditd  ( 2660): type=1400 audit(0.0:1620): avc: denied { read } for comm="adb" name="usb" dev="tmpfs" ino=5293 scontext=u:r:shell:s0 tcontext=u:object_r:usb_device:s0 tclass=dir permissive=0
I/auditd  ( 2660): type=1400 audit(0.0:1621): avc: denied { read } for comm="adb" name="usb" dev="tmpfs" ino=5293 scontext=u:r:shell:s0 tcontext=u:object_r:usb_device:s0 tclass=dir permissive=0
I/auditd  ( 2660): type=1400 audit(0.0:1622): avc: denied { read } for comm="adb" name="usb" dev="tmpfs" ino=5293 scontext=u:r:shell:s0 tcontext=u:object_r:usb_device:s0 tclass=dir permissive=0
I/auditd  ( 2660): type=1400 audit(0.0:1623): avc: denied { read } for comm="adb" name="usb" dev="tmpfs" ino=5293 scontext=u:r:shell:s0 tcontext=u:object_r:usb_device:s0 tclass=dir permissive=0
I/auditd  ( 2660): type=1400 audit(0.0:1624): avc: denied { read } for comm="adb" name="usb" dev="tmpfs" ino=5293 scontext=u:r:shell:s0 tcontext=u:object_r:usb_device:s0 tclass=dir permissive=0
I/auditd  ( 2660): type=1400 audit(0.0:1625): avc: denied { read } for comm="adb" name="usb" dev="tmpfs" ino=5293 scontext=u:r:shell:s0 tcontext=u:object_r:usb_device:s0 tclass=dir permissive=0
I/auditd  ( 2660): type=1400 audit(0.0:1626): avc: denied { read } for comm="adb" name="usb" dev="tmpfs" ino=5293 scontext=u:r:shell:s0 tcontext=u:object_r:usb_device:s0 tclass=dir permissive=0
I/auditd  ( 2660): type=1400 audit(0.0:1627): avc: denied { read } for comm="adb" name="usb" dev="tmpfs" ino=5293 scontext=u:r:shell:s0 tcontext=u:object_r:usb_device:s0 tclass=dir permissive=0
I/auditd  ( 2660): type=1400 audit(0.0:1628): avc: denied { read } for comm="adb" name="usb" dev="tmpfs" ino=5293 scontext=u:r:shell:s0 tcontext=u:object_r:usb_device:s0 tclass=dir permissive=0
I/auditd  ( 2660): type=1400 audit(0.0:1629): avc: denied { read } for comm="adb" name="usb" dev="tmpfs" ino=5293 scontext=u:r:shell:s0 tcontext=u:object_r:usb_device:s0 tclass=dir permissive=0
I/am_kill (  515): [0,2103,android.process.acore,15,empty for 1800s]
I/am_proc_died(  515): [0,2103,android.process.acore]
I/auditd  ( 2660): type=1400 audit(0.0:1630): avc: denied { read } for comm="adb" name="usb" dev="tmpfs" ino=5293 scontext=u:r:shell:s0 tcontext=u:object_r:usb_device:s0 tclass=dir permissive=0
I/auditd  ( 2660): type=1400 audit(0.0:1631): avc: denied { read } for comm="adb" name="usb" dev="tmpfs" ino=5293 scontext=u:r:shell:s0 tcontext=u:object_r:usb_device:s0 tclass=dir permissive=0
I/auditd  ( 2660): type=1400 audit(0.0:1632): avc: denied { read } for comm="adb" name="usb" dev="tmpfs" ino=5293 scontext=u:r:shell:s0 tcontext=u:object_r:usb_device:s0 tclass=dir permissive=0
I/auditd  ( 2660): type=1400 audit(0.0:1633): avc: denied { read } for comm="adb" name="usb" dev="tmpfs" ino=5293 scontext=u:r:shell:s0 tcontext=u:object_r:usb_device:s0 tclass=dir permissive=0
I/auditd  ( 2660): type=1400 audit(0.0:1634): avc: denied { read } for comm="adb" name="usb" dev="tmpfs" ino=5293 scontext=u:r:shell:s0 tcontext=u:object_r:usb_device:s0 tclass=dir permissive=0
I/auditd  ( 2660): type=1400 audit(0.0:1635): avc: denied { read } for comm="adb" name="usb" dev="tmpfs" ino=5293 scontext=u:r:shell:s0 tcontext=u:object_r:usb_device:s0 tclass=dir permissive=0
I/auditd  ( 2660): type=1400 audit(0.0:1636): avc: denied { read } for comm="adb" name="usb" dev="tmpfs" ino=5293 scontext=u:r:shell:s0 tcontext=u:object_r:usb_device:s0 tclass=dir permissive=0
I/auditd  ( 2660): type=1400 audit(0.0:1637): avc: denied { read } for comm="adb" name="usb" dev="tmpfs" ino=5293 scontext=u:r:shell:s0 tcontext=u:object_r:usb_device:s0 tclass=dir permissive=0
I/auditd  ( 2660): type=1400 audit(0.0:1638): avc: denied { read } for comm="adb" name="usb" dev="tmpfs" ino=5293 scontext=u:r:shell:s0 tcontext=u:object_r:usb_device:s0 tclass=dir permissive=0
I/auditd  ( 2660): type=1400 audit(0.0:1639): avc: denied { read } for comm="adb" name="usb" dev="tmpfs" ino=5293 scontext=u:r:shell:s0 tcontext=u:object_r:usb_device:s0 tclass=dir permissive=0
I/auditd  ( 2660): type=1400 audit(0.0:1640): avc: denied { read } for comm="adb" name="usb" dev="tmpfs" ino=5293 scontext=u:r:shell:s0 tcontext=u:object_r:usb_device:s0 tclass=dir permissive=0
I/auditd  ( 2660): type=1400 audit(0.0:1641): avc: denied { read } for comm="adb" name="usb" dev="tmpfs" ino=5293 scontext=u:r:shell:s0 tcontext=u:object_r:usb_device:s0 tclass=dir permissive=0
I/auditd  ( 2660): type=1400 audit(0.0:1642): avc: denied { read } for comm="adb" name="usb" dev="tmpfs" ino=5293 scontext=u:r:shell:s0 tcontext=u:object_r:usb_device:s0 tclass=dir permissive=0
I/auditd  ( 2660): type=1400 audit(0.0:1643): avc: denied { read } for comm="adb" name="usb" dev="tmpfs" ino=5293 scontext=u:r:shell:s0 tcontext=u:object_r:usb_device:s0 tclass=dir permissive=0
I/auditd  ( 2660): type=1400 audit(0.0:1644): avc: denied { read } for comm="adb" name="usb" dev="tmpfs" ino=5293 scontext=u:r:shell:s0 tcontext=u:object_r:usb_device:s0 tclass=dir permissive=0
I/auditd  ( 2660): type=1400 audit(0.0:1645): avc: denied { read } for comm="adb" name="usb" dev="tmpfs" ino=5293 scontext=u:r:shell:s0 tcontext=u:object_r:usb_device:s0 tclass=dir permissive=0
I/auditd  ( 2660): type=1400 audit(0.0:1646): avc: denied { read } for comm="adb" name="usb" dev="tmpfs" ino=5293 scontext=u:r:shell:s0 tcontext=u:object_r:usb_device:s0 tclass=dir permissive=0
I/auditd  ( 2660): type=1400 audit(0.0:1647): avc: denied { read } for comm="adb" name="usb" dev="tmpfs" ino=5293 scontext=u:r:shell:s0 tcontext=u:object_r:usb_device:s0 tclass=dir permissive=0
I/auditd  ( 2660): type=1400 audit(0.0:1648): avc: denied { read } for comm="adb" name="usb" dev="tmpfs" ino=5293 scontext=u:r:shell:s0 tcontext=u:object_r:usb_device:s0 tclass=dir permissive=0
I/auditd  ( 2660): type=1400 audit(0.0:1649): avc: denied { read } for comm="adb" name="usb" dev="tmpfs" ino=5293 scontext=u:r:shell:s0 tcontext=u:object_r:usb_device:s0 tclass=dir permissive=0
I/auditd  ( 2660): type=1400 audit(0.0:1650): avc: denied { read } for comm="adb" name="usb" dev="tmpfs" ino=5293 scontext=u:r:shell:s0 tcontext=u:object_r:usb_device:s0 tclass=dir permissive=0
I/auditd  ( 2660): type=1400 audit(0.0:1651): avc: denied { read } for comm="adb" name="usb" dev="tmpfs" ino=5293 scontext=u:r:shell:s0 tcontext=u:object_r:usb_device:s0 tclass=dir permissive=0
I/auditd  ( 2660): type=1400 audit(0.0:1652): avc: denied { read } for comm="adb" name="usb" dev="tmpfs" ino=5293 scontext=u:r:shell:s0 tcontext=u:object_r:usb_device:s0 tclass=dir permissive=0
I/auditd  ( 2660): type=1400 audit(0.0:1653): avc: denied { read } for comm="adb" name="usb" dev="tmpfs" ino=5293 scontext=u:r:shell:s0 tcontext=u:object_r:usb_device:s0 tclass=dir permissive=0
I/auditd  ( 2660): type=1400 audit(0.0:1654): avc: denied { read } for comm="adb" name="usb" dev="tmpfs" ino=5293 scontext=u:r:shell:s0 tcontext=u:object_r:usb_device:s0 tclass=dir permissive=0
I/auditd  ( 2660): type=1400 audit(0.0:1655): avc: denied { read } for comm="adb" name="usb" dev="tmpfs" ino=5293 scontext=u:r:shell:s0 tcontext=u:object_r:usb_device:s0 tclass=dir permissive=0
I/auditd  ( 2660): type=1400 audit(0.0:1656): avc: denied { read } for comm="adb" name="usb" dev="tmpfs" ino=5293 scontext=u:r:shell:s0 tcontext=u:object_r:usb_device:s0 tclass=dir permissive=0
I/auditd  ( 2660): type=1400 audit(0.0:1657): avc: denied { read } for comm="adb" name="usb" dev="tmpfs" ino=5293 scontext=u:r:shell:s0 tcontext=u:object_r:usb_device:s0 tclass=dir permissive=0
I/notification_cancel(  515): [10022,611,com.android.systemui,100,low_battery,-1,0,64,8,NULL]
I/auditd  ( 2660): type=1400 audit(0.0:1658): avc: denied { read } for comm="adb" name="usb" dev="tmpfs" ino=5293 scontext=u:r:shell:s0 tcontext=u:object_r:usb_device:s0 tclass=dir permissive=0
I/auditd  ( 2660): type=1400 audit(0.0:1659): avc: denied { read } for comm="adb" name="usb" dev="tmpfs" ino=5293 scontext=u:r:shell:s0 tcontext=u:object_r:usb_device:s0 tclass=dir permissive=0
I/auditd  ( 2660): type=1400 audit(0.0:1660): avc: denied { read } for comm="adb" name="usb" dev="tmpfs" ino=5293 scontext=u:r:shell:s0 tcontext=u:object_r:usb_device:s0 tclass=dir permissive=0
I/auditd  ( 2660): type=1400 audit(0.0:1661): avc: denied { read } for comm="adb" name="usb" dev="tmpfs" ino=5293 scontext=u:r:shell:s0 tcontext=u:object_r:usb_device:s0 tclass=dir permissive=0
I/auditd  ( 2660): type=1400 audit(0.0:1662): avc: denied { read } for comm="adb" name="usb" dev="tmpfs" ino=5293 scontext=u:r:shell:s0 tcontext=u:object_r:usb_device:s0 tclass=dir permissive=0
I/auditd  ( 2660): type=1400 audit(0.0:1663): avc: denied { read } for comm="adb" name="usb" dev="tmpfs" ino=5293 scontext=u:r:shell:s0 tcontext=u:object_r:usb_device:s0 tclass=dir permissive=0
I/auditd  ( 2660): type=1400 audit(0.0:1664): avc: denied { read } for comm="adb" name="usb" dev="tmpfs" ino=5293 scontext=u:r:shell:s0 tcontext=u:object_r:usb_device:s0 tclass=dir permissive=0
I/auditd  ( 2660): type=1400 audit(0.0:1665): avc: denied { read } for comm="adb" name="usb" dev="tmpfs" ino=5293 scontext=u:r:shell:s0 tcontext=u:object_r:usb_device:s0 tclass=dir permissive=0
I/auditd  ( 2660): type=1400 audit(0.0:1666): avc: denied { read } for comm="adb" name="usb" dev="tmpfs" ino=5293 scontext=u:r:shell:s0 tcontext=u:object_r:usb_device:s0 tclass=dir permissive=0
I/auditd  ( 2660): type=1400 audit(0.0:1667): avc: denied { read } for comm="adb" name="usb" dev="tmpfs" ino=5293 scontext=u:r:shell:s0 tcontext=u:object_r:usb_device:s0 tclass=dir permissive=0
I/auditd  ( 2660): type=1400 audit(0.0:1668): avc: denied { read } for comm="adb" name="usb" dev="tmpfs" ino=5293 scontext=u:r:shell:s0 tcontext=u:object_r:usb_device:s0 tclass=dir permissive=0
I/auditd  ( 2660): type=1400 audit(0.0:1669): avc: denied { read } for comm="adb" name="usb" dev="tmpfs" ino=5293 scontext=u:r:shell:s0 tcontext=u:object_r:usb_device:s0 tclass=dir permissive=0
I/auditd  ( 2660): type=1400 audit(0.0:1670): avc: denied { read } for comm="adb" name="usb" dev="tmpfs" ino=5293 scontext=u:r:shell:s0 tcontext=u:object_r:usb_device:s0 tclass=dir permissive=0
I/auditd  ( 2660): type=1400 audit(0.0:1671): avc: denied { read } for comm="adb" name="usb" dev="tmpfs" ino=5293 scontext=u:r:shell:s0 tcontext=u:object_r:usb_device:s0 tclass=dir permissive=0
I/auditd  ( 2660): type=1400 audit(0.0:1672): avc: denied { read } for comm="adb" name="usb" dev="tmpfs" ino=5293 scontext=u:r:shell:s0 tcontext=u:object_r:usb_device:s0 tclass=dir permissive=0
I/auditd  ( 2660): type=1400 audit(0.0:1673): avc: denied { read } for comm="adb" name="usb" dev="tmpfs" ino=5293 scontext=u:r:shell:s0 tcontext=u:object_r:usb_device:s0 tclass=dir permissive=0
