E/RILC    (  486): Send Response to RIL_SOCKET_2
D/DefaultPhoneNotifier(  946): notifySignalStrength: mRegistry=com.android.internal.telephony.ITelephonyRegistry$Stub$Proxy@10f11843 ss=SignalStrength: 8 99 -120 -160 -120 0 -1 99 2147483647 2147483647 2147483647 2147483647 gsm|lte sender=Handler (com.android.internal.telephony.gsm.GSMPhone) {390531c1}
D/AT      (  486): 
D/AT      (  486): +ECSQ: 14, 99, -288, -329, -41
D/AT      (  486): AT< +ECSQ: 14, 99, -288, -329, -41
D/AT      (  486): RIL_URC2_READER:+ECSQ: 14, 99, -288, -329, -41
D/AT      (  486): RIL_URC2_READER Enter processLine
D/RIL     (  486): Nw URC:+ECSQ: 14, 99, -288, -329, -41
D/RIL     (  486): Reset rssi value to meet GSM signal level: 8
D/RILC    (  486): callForRilVersion new vendor RIL, version: 0
I/RILC    (  486): RIL_SOCKET_2 UNSOLICITED: UNSOL_SIGNAL_STRENGTH length:56
E/RILC    (  486): Send Response to RIL_SOCKET_2
D/DefaultPhoneNotifier(  946): notifySignalStrength: mRegistry=com.android.internal.telephony.ITelephonyRegistry$Stub$Proxy@10f11843 ss=SignalStrength: 8 99 -120 -160 -120 0 -1 99 2147483647 2147483647 2147483647 2147483647 gsm|lte sender=Handler (com.android.internal.telephony.gsm.GSMPhone) {390531c1}
D/AT      (  486): 
D/AT      (  486): +ECSQ: 14, 99, -296, -329, -30
D/AT      (  486): AT< +ECSQ: 14, 99, -296, -329, -30
D/AT      (  486): RIL_URC2_READER:+ECSQ: 14, 99, -296, -329, -30
D/AT      (  486): RIL_URC2_READER Enter processLine
D/RIL     (  486): Nw URC:+ECSQ: 14, 99, -296, -329, -30
D/RIL     (  486): Reset rssi value to meet GSM signal level: 8
D/RILC    (  486): callForRilVersion new vendor RIL, version: 0
I/RILC    (  486): RIL_SOCKET_2 UNSOLICITED: UNSOL_SIGNAL_STRENGTH length:56
E/RILC    (  486): Send Response to RIL_SOCKET_2
D/DefaultPhoneNotifier(  946): notifySignalStrength: mRegistry=com.android.internal.telephony.ITelephonyRegistry$Stub$Proxy@10f11843 ss=SignalStrength: 8 99 -120 -160 -120 0 -1 99 2147483647 2147483647 2147483647 2147483647 gsm|lte sender=Handler (com.android.internal.telephony.gsm.GSMPhone) {390531c1}
D/AT      (  486): 
D/AT      (  486): +ECSQ: 14, 99, -308, -338, -30
D/AT      (  486): AT< +ECSQ: 14, 99, -308, -338, -30
D/AT      (  486): RIL_URC2_READER:+ECSQ: 14, 99, -308, -338, -30
D/AT      (  486): RIL_URC2_READER Enter processLine
D/RIL     (  486): Nw URC:+ECSQ: 14, 99, -308, -338, -30
D/RIL     (  486): Reset rssi value to meet GSM signal level: 8
D/RILC    (  486): callForRilVersion new vendor RIL, version: 0
I/RILC    (  486): RIL_SOCKET_2 UNSOLICITED: UNSOL_SIGNAL_STRENGTH length:56
E/RILC    (  486): Send Response to RIL_SOCKET_2
D/DefaultPhoneNotifier(  946): notifySignalStrength: mRegistry=com.android.internal.telephony.ITelephonyRegistry$Stub$Proxy@10f11843 ss=SignalStrength: 8 99 -120 -160 -120 0 -1 99 2147483647 2147483647 2147483647 2147483647 gsm|lte sender=Handler (com.android.internal.telephony.gsm.GSMPhone) {390531c1}
D/AT      (  486): 
D/AT      (  486): +ECSQ: 14, 99, -320, -349, -28
D/AT      (  486): AT< +ECSQ: 14, 99, -320, -349, -28
D/AT      (  486): RIL_URC2_READER:+ECSQ: 14, 99, -320, -349, -28
D/AT      (  486): RIL_URC2_READER Enter processLine
D/RIL     (  486): Nw URC:+ECSQ: 14, 99, -320, -349, -28
D/RIL     (  486): Reset rssi value to meet GSM signal level: 8
D/RILC    (  486): callForRilVersion new vendor RIL, version: 0
I/RILC    (  486): RIL_SOCKET_2 UNSOLICITED: UNSOL_SIGNAL_STRENGTH length:56
E/RILC    (  486): Send Response to RIL_SOCKET_2
D/DefaultPhoneNotifier(  946): notifySignalStrength: mRegistry=com.android.internal.telephony.ITelephonyRegistry$Stub$Proxy@10f11843 ss=SignalStrength: 8 99 -120 -160 -120 0 -1 99 2147483647 2147483647 2147483647 2147483647 gsm|lte sender=Handler (com.android.internal.telephony.gsm.GSMPhone) {390531c1}
D/AT      (  486): 
D/AT      (  486): +ECSQ: 14, 99, -308, -339, -28
D/AT      (  486): AT< +ECSQ: 14, 99, -308, -339, -28
D/AT      (  486): RIL_URC2_READER:+ECSQ: 14, 99, -308, -339, -28
D/AT      (  486): RIL_URC2_READER Enter processLine
D/RIL     (  486): Nw URC:+ECSQ: 14, 99, -308, -339, -28
D/RIL     (  486): Reset rssi value to meet GSM signal level: 8
D/RILC    (  486): callForRilVersion new vendor RIL, version: 0
I/RILC    (  486): RIL_SOCKET_2 UNSOLICITED: UNSOL_SIGNAL_STRENGTH length:56
E/RILC    (  486): Send Response to RIL_SOCKET_2
D/DefaultPhoneNotifier(  946): notifySignalStrength: mRegistry=com.android.internal.telephony.ITelephonyRegistry$Stub$Proxy@10f11843 ss=SignalStrength: 8 99 -120 -160 -120 0 -1 99 2147483647 2147483647 2147483647 2147483647 gsm|lte sender=Handler (com.android.internal.telephony.gsm.GSMPhone) {390531c1}
D/AT      (  486): 
D/AT      (  486): +ECSQ: 14, 99, -320, -355, -34
D/AT      (  486): AT< +ECSQ: 14, 99, -320, -355, -34
D/AT      (  486): RIL_URC2_READER:+ECSQ: 14, 99, -320, -355, -34
D/AT      (  486): RIL_URC2_READER Enter processLine
D/RIL     (  486): Nw URC:+ECSQ: 14, 99, -320, -355, -34
D/RIL     (  486): Reset rssi value to meet GSM signal level: 8
D/RILC    (  486): callForRilVersion new vendor RIL, version: 0
I/RILC    (  486): RIL_SOCKET_2 UNSOLICITED: UNSOL_SIGNAL_STRENGTH length:56
E/RILC    (  486): Send Response to RIL_SOCKET_2
D/DefaultPhoneNotifier(  946): notifySignalStrength: mRegistry=com.android.internal.telephony.ITelephonyRegistry$Stub$Proxy@10f11843 ss=SignalStrength: 8 99 -120 -160 -120 0 -1 99 2147483647 2147483647 2147483647 2147483647 gsm|lte sender=Handler (com.android.internal.telephony.gsm.GSMPhone) {390531c1}
D/AT      (  486): 
D/AT      (  486): +ECSQ: 11, 99, -320, -357, -35
D/AT      (  486): AT< +ECSQ: 11, 99, -320, -357, -35
D/AT      (  486): RIL_URC2_READER:+ECSQ: 11, 99, -320, -357, -35
D/AT      (  486): RIL_URC2_READER Enter processLine
D/RIL     (  486): Nw URC:+ECSQ: 11, 99, -320, -357, -35
D/RIL     (  486): Reset rssi value to meet GSM signal level: 5
D/RILC    (  486): callForRilVersion new vendor RIL, version: 0
I/RILC    (  486): RIL_SOCKET_2 UNSOLICITED: UNSOL_SIGNAL_STRENGTH length:56
E/RILC    (  486): Send Response to RIL_SOCKET_2
D/DefaultPhoneNotifier(  946): notifySignalStrength: mRegistry=com.android.internal.telephony.ITelephonyRegistry$Stub$Proxy@10f11843 ss=SignalStrength: 5 99 -120 -160 -120 0 -1 99 2147483647 2147483647 2147483647 2147483647 gsm|lte sender=Handler (com.android.internal.telephony.gsm.GSMPhone) {390531c1}
D/AT      (  486): 
D/AT      (  486): +ECSQ: 11, 99, -320, -361, -39
D/AT      (  486): AT< +ECSQ: 11, 99, -320, -361, -39
D/AT      (  486): RIL_URC2_READER:+ECSQ: 11, 99, -320, -361, -39
D/AT      (  486): RIL_URC2_READER Enter processLine
D/RIL     (  486): Nw URC:+ECSQ: 11, 99, -320, -361, -39
D/RIL     (  486): Reset rssi value to meet GSM signal level: 5
D/RILC    (  486): callForRilVersion new vendor RIL, version: 0
I/RILC    (  486): RIL_SOCKET_2 UNSOLICITED: UNSOL_SIGNAL_STRENGTH length:56
E/RILC    (  486): Send Response to RIL_SOCKET_2
D/DefaultPhoneNotifier(  946): notifySignalStrength: mRegistry=com.android.internal.telephony.ITelephonyRegistry$Stub$Proxy@10f11843 ss=SignalStrength: 5 99 -120 -160 -120 0 -1 99 2147483647 2147483647 2147483647 2147483647 gsm|lte sender=Handler (com.android.internal.telephony.gsm.GSMPhone) {390531c1}
D/AT      (  486): 
D/AT      (  486): +ECSQ: 11, 99, -316, -362, -45
D/AT      (  486): AT< +ECSQ: 11, 99, -316, -362, -45
D/AT      (  486): RIL_URC2_READER:+ECSQ: 11, 99, -316, -362, -45
D/AT      (  486): RIL_URC2_READER Enter processLine
D/RIL     (  486): Nw URC:+ECSQ: 11, 99, -316, -362, -45
D/RIL     (  486): Reset rssi value to meet GSM signal level: 5
D/RILC    (  486): callForRilVersion new vendor RIL, version: 0
I/RILC    (  486): RIL_SOCKET_2 UNSOLICITED: UNSOL_SIGNAL_STRENGTH length:56
E/RILC    (  486): Send Response to RIL_SOCKET_2
D/DefaultPhoneNotifier(  946): notifySignalStrength: mRegistry=com.android.internal.telephony.ITelephonyRegistry$Stub$Proxy@10f11843 ss=SignalStrength: 5 99 -120 -160 -120 0 -1 99 2147483647 2147483647 2147483647 2147483647 gsm|lte sender=Handler (com.android.internal.telephony.gsm.GSMPhone) {390531c1}
D/AT      (  486): 
D/AT      (  486): +ECSQ: 14, 99, -320, -353, -33
D/AT      (  486): AT< +ECSQ: 14, 99, -320, -353, -33
D/AT      (  486): RIL_URC2_READER:+ECSQ: 14, 99, -320, -353, -33
D/AT      (  486): RIL_URC2_READER Enter processLine
D/RIL     (  486): Nw URC:+ECSQ: 14, 99, -320, -353, -33
D/RIL     (  486): Reset rssi value to meet GSM signal level: 8
D/RILC    (  486): callForRilVersion new vendor RIL, version: 0
I/RILC    (  486): RIL_SOCKET_2 UNSOLICITED: UNSOL_SIGNAL_STRENGTH length:56
E/RILC    (  486): Send Response to RIL_SOCKET_2
D/DefaultPhoneNotifier(  946): notifySignalStrength: mRegistry=com.android.internal.telephony.ITelephonyRegistry$Stub$Proxy@10f11843 ss=SignalStrength: 8 99 -120 -160 -120 0 -1 99 2147483647 2147483647 2147483647 2147483647 gsm|lte sender=Handler (com.android.internal.telephony.gsm.GSMPhone) {390531c1}
D/AT      (  486): 
D/AT      (  486): +ECSQ: 11, 99, -324, -361, -36
D/AT      (  486): AT< +ECSQ: 11, 99, -324, -361, -36
D/AT      (  486): RIL_URC2_READER:+ECSQ: 11, 99, -324, -361, -36
D/AT      (  486): RIL_URC2_READER Enter processLine
D/RIL     (  486): Nw URC:+ECSQ: 11, 99, -324, -361, -36
D/RIL     (  486): Reset rssi value to meet GSM signal level: 5
D/RILC    (  486): callForRilVersion new vendor RIL, version: 0
I/RILC    (  486): RIL_SOCKET_2 UNSOLICITED: UNSOL_SIGNAL_STRENGTH length:56
E/RILC    (  486): Send Response to RIL_SOCKET_2
D/DefaultPhoneNotifier(  946): notifySignalStrength: mRegistry=com.android.internal.telephony.ITelephonyRegistry$Stub$Proxy@10f11843 ss=SignalStrength: 5 99 -120 -160 -120 0 -1 99 2147483647 2147483647 2147483647 2147483647 gsm|lte sender=Handler (com.android.internal.telephony.gsm.GSMPhone) {390531c1}
D/AT      (  486): 
D/AT      (  486): +ECSQ: 14, 99, -312, -349, -36
D/AT      (  486): AT< +ECSQ: 14, 99, -312, -349, -36
D/AT      (  486): RIL_URC2_READER:+ECSQ: 14, 99, -312, -349, -36
D/AT      (  486): RIL_URC2_READER Enter processLine
D/RIL     (  486): Nw URC:+ECSQ: 14, 99, -312, -349, -36
D/RIL     (  486): Reset rssi value to meet GSM signal level: 8
D/RILC    (  486): callForRilVersion new vendor RIL, version: 0
I/RILC    (  486): RIL_SOCKET_2 UNSOLICITED: UNSOL_SIGNAL_STRENGTH length:56
E/RILC    (  486): Send Response to RIL_SOCKET_2
D/DefaultPhoneNotifier(  946): notifySignalStrength: mRegistry=com.android.internal.telephony.ITelephonyRegistry$Stub$Proxy@10f11843 ss=SignalStrength: 8 99 -120 -160 -120 0 -1 99 2147483647 2147483647 2147483647 2147483647 gsm|lte sender=Handler (com.android.internal.telephony.gsm.GSMPhone) {390531c1}
D/PhoneFactory(  946): getPhone:- phoneId != DEFAULT_PHONE_ID return sProxyPhones[phoneId] phoneId=1 phone=Handler (com.android.internal.telephony.PhoneProxy) {22a972a8}
D/RILJ    (  946): [4036]> RIL_REQUEST_GET_CELL_INFO_LIST [SUB1]
D/RILC    (  486): SOCKET RIL_SOCKET_2 REQUEST: GET_CELL_INFO_LIST length:8
I/RILC-MTK(  486): create request 109
D/RILC-MTK(  486): GET_CELL_INFO_LIST dispatched to RIL_CMD2_PROXY_2
I/RILC-MTK(  486): RIL_URC_PROXY wakeup
I/RILC-MTK(  486): RIL_URC_PROXY sleep
I/RILC-MTK(  486): RIL_CMD2_PROXY_4 wakeup
I/RILC-MTK(  486): RIL_CMD2_PROXY_4 sleep
I/RILC-MTK(  486): RIL_CMD2_PROXY_2 wakeup
D/RILC-MTK(  486): GET_CELL_INFO_LIST execute on RIL_CMD2_PROXY_2 using channel 8
D/RILC    (  486): callOnRequest for new vendor ril
D/RIL     (  486): onRequest: GET_CELL_INFO_LIST, datalen = 0
D/RIL     (  486): radioState:10
D/AT      (  486): AT send on RIL_CMD2_READER_2, tid:3086179608
D/AT      (  486): AT> AT+ECELL
D/AT      (  486): AT+ECELL
I/RILC-MTK(  486): RIL_CMD_PROXY_4 wakeup
I/RILC-MTK(  486): RIL_CMD_PROXY_4 sleep
I/RILC-MTK(  486): RIL_ATCI_PROXY wakeup
I/RILC-MTK(  486): RIL_ATCI_PROXY sleep
I/RILC-MTK(  486): RIL_CMD_PROXY_3 wakeup
I/RILC-MTK(  486): RIL_CMD_PROXY_3 sleep
I/RILC-MTK(  486): RIL_ATCI2_PROXY wakeup
I/RILC-MTK(  486): RIL_ATCI2_PROXY sleep
I/RILC-MTK(  486): RIL_CMD2_PROXY_3 wakeup
I/RILC-MTK(  486): RIL_CMD2_PROXY_3 sleep
I/RILC-MTK(  486): RIL_CMD2_PROXY_1 wakeup
I/RILC-MTK(  486): RIL_CMD2_PROXY_1 sleep
I/RILC-MTK(  486): RIL_URC2_PROXY wakeup
I/RILC-MTK(  486): RIL_URC2_PROXY sleep
I/RILC-MTK(  486): RIL_CMD_PROXY_1 wakeup
I/RILC-MTK(  486): RIL_CMD_PROXY_1 sleep
I/RILC-MTK(  486): RIL_CMD_PROXY_2 wakeup
I/RILC-MTK(  486): RIL_CMD_PROXY_2 sleep
D/AT      (  486): 
D/AT      (  486): +ECELL: 3,2,"025977E0","8CB1",404,7,268,27,27,-376,-44,268435455,268435455,268435455,2,"025977E0","8CB1",404,7,268,27,27,-376,-44,268435455,268435455,268435455,2,"025977E1","8CB1",404,7,269,22,18,-396,-62,268435455,268435455,268435455
D/AT      (  486): 
D/AT      (  486): OK
D/AT      (  486): AT< +ECELL: 3,2,"025977E0","8CB1",404,7,268,27,27,-376,-44,268435455,268435455,268435455,2,"025977E0","8CB1",404,7,268,27,27,-376,-44,268435455,268435455,268435455,2,"025977E1","8CB1",404,7,269,22,18,-396,-62,268435455,268435455,268435455
D/AT      (  486): RIL_CMD2_READER_2:+ECELL: 3,2,"025977E0","8CB1",404,7,268,27,27,-376,-44,268435455,268435455,268435455,2,"025977E0","8CB1",404,7,268,27,27,-376,-44,268435455,268435455,268435455,2,"025977E1","8CB1",404,7,269,22,18,-396,-62,268435455,268435455,268435455
D/AT      (  486): RIL_CMD2_READER_2 Enter processLine
D/AT      (  486): AT< OK
D/AT      (  486): RIL_CMD2_READER_2:OK
D/AT      (  486): RIL_CMD2_READER_2 Enter processLine
D/AT      (  486): response received on RIL_CMD2_READER_2, tid:3086179608
D/RIL     (  486): Cell info listed, number=3
D/RIL     (  486): act=2,cid=39417824,mcc=404,mnc=7,lacTac=36017,pscPci=268,sig1=27,sig2=27,sig1_dbm=-376,sig1_dbm=-44,ta=268435455,ext1(rssnr)=268435455,ext2(cqi)=268435455
D/RIL     (  486): RIL_CELL_INFO_TYPE_WCDMA act=2
D/RIL     (  486): act=2,cid=39417824,mcc=404,mnc=7,lacTac=36017,pscPci=268,sig1=27,sig2=27,sig1_dbm=-376,sig1_dbm=-44,ta=268435455,ext1(rssnr)=268435455,ext2(cqi)=268435455
D/RIL     (  486): RIL_CELL_INFO_TYPE_WCDMA act=2
D/RIL     (  486): act=2,cid=39417825,mcc=404,mnc=7,lacTac=36017,pscPci=269,sig1=22,sig2=18,sig1_dbm=-396,sig1_dbm=-62,ta=268435455,ext1(rssnr)=268435455,ext2(cqi)=268435455
D/RIL     (  486): RIL_CELL_INFO_TYPE_WCDMA act=2
D/RILC    (  486): RequestComplete, RIL_SOCKET_2
E/RILC    (  486): Send Response to RIL_SOCKET_2
I/RILC-MTK(  486): RIL_CMD2_PROXY_2 sleep
D/RILJ    (  946): [4036]< RIL_REQUEST_GET_CELL_INFO_LIST [CellInfoWcdma:{mRegistered=YES mTimeStampType=oem_ril mTimeStamp=1621098000000ns CellIdentityWcdma:{ mMcc=404 mMnc=7 mLac=36017 mCid=39417824 mPsc=268} CellSignalStrengthWcdma: ss=27 ber=27}, CellInfoWcdma:{mRegistered=NO mTimeStampType=oem_ril mTimeStamp=1621098000000ns CellIdentityWcdma:{ mMcc=404 mMnc=7 mLac=36017 mCid=39417824 mPsc=268} CellSignalStrengthWcdma: ss=27 ber=27}, CellInfoWcdma:{mRegistered=NO mTimeStampType=oem_ril mTimeStamp=1621098000000ns CellIdentityWcdma:{ mMcc=404 mMnc=7 mLac=36017 mCid=39417825 mPsc=269} CellSignalStrengthWcdma: ss=22 ber=18}] [SUB1]
D/GsmSST  (  946): [GsmSST] SST.getAllCellInfo(): X size=3 list=[CellInfoWcdma:{mRegistered=YES mTimeStampType=oem_ril mTimeStamp=1621098000000ns CellIdentityWcdma:{ mMcc=404 mMnc=7 mLac=36017 mCid=39417824 mPsc=268} CellSignalStrengthWcdma: ss=27 ber=27}, CellInfoWcdma:{mRegistered=NO mTimeStampType=oem_ril mTimeStamp=1621098000000ns CellIdentityWcdma:{ mMcc=404 mMnc=7 mLac=36017 mCid=39417824 mPsc=268} CellSignalStrengthWcdma: ss=27 ber=27}, CellInfoWcdma:{mRegistered=NO mTimeStampType=oem_ril mTimeStamp=1621098000000ns CellIdentityWcdma:{ mMcc=404 mMnc=7 mLac=36017 mCid=39417825 mPsc=269} CellSignalStrengthWcdma: ss=22 ber=18}]
D/GsmSST  (  946): [GsmSST] getCellLocation(): X ret WCDMA info=[36017,39417824,268]
D/PhoneFactory(  946): getPhone:- phoneId != DEFAULT_PHONE_ID return sProxyPhones[phoneId] phoneId=1 phone=Handler (com.android.internal.telephony.PhoneProxy) {22a972a8}
D/TelephonyManager( 1303): getSimOperatorNumeric(): default subId=5
D/TelephonyManager( 1303): getTelephonyProperty: return propVal='40449' phoneId=1 property='gsm.sim.operator.numeric' defaultVal='' prop=,40449
D/PhoneFactory(  946): getPhone:- phoneId != DEFAULT_PHONE_ID return sProxyPhones[phoneId] phoneId=1 phone=Handler (com.android.internal.telephony.PhoneProxy) {22a972a8}
D/TelephonyManager( 1303): getTelephonyProperty: return propVal='null' phoneId=1 property='gsm.operator.numeric' defaultVal='' prop=,
D/RILJ    (  946): [4037]> REQUEST_GET_NEIGHBORING_CELL_IDS [SUB0]
D/RILC    (  486): SOCKET RIL_SOCKET_1 REQUEST: GET_NEIGHBORING_CELL_IDS length:8
I/RILC-MTK(  486): create request 75
D/RILC-MTK(  486): GET_NEIGHBORING_CELL_IDS dispatched to RIL_URC_PROXY
I/RILC-MTK(  486): RIL_URC_PROXY wakeup
D/RILC-MTK(  486): GET_NEIGHBORING_CELL_IDS execute on RIL_URC_PROXY using channel 0
D/RILC    (  486): callOnRequest for new vendor ril
D/RIL     (  486): onRequest: GET_NEIGHBORING_CELL_IDS, datalen = 0
D/RIL     (  486): radioState:10
D/AT      (  486): AT send on RIL_URC_READER, tid:3086174936
D/AT      (  486): AT> AT+ENBR
D/AT      (  486): AT+ENBR
I/RILC-MTK(  486): RIL_CMD2_PROXY_4 wakeup
I/RILC-MTK(  486): RIL_CMD2_PROXY_4 sleep
I/RILC-MTK(  486): RIL_CMD_PROXY_4 wakeup
I/RILC-MTK(  486): RIL_CMD_PROXY_4 sleep
I/RILC-MTK(  486): RIL_ATCI_PROXY wakeup
I/RILC-MTK(  486): RIL_ATCI_PROXY sleep
I/RILC-MTK(  486): RIL_CMD_PROXY_3 wakeup
I/RILC-MTK(  486): RIL_CMD_PROXY_3 sleep
I/RILC-MTK(  486): RIL_ATCI2_PROXY wakeup
I/RILC-MTK(  486): RIL_ATCI2_PROXY sleep
I/RILC-MTK(  486): RIL_CMD2_PROXY_3 wakeup
I/RILC-MTK(  486): RIL_CMD2_PROXY_3 sleep
I/RILC-MTK(  486): RIL_CMD2_PROXY_1 wakeup
I/RILC-MTK(  486): RIL_CMD2_PROXY_1 sleep
I/RILC-MTK(  486): RIL_URC2_PROXY wakeup
I/RILC-MTK(  486): RIL_URC2_PROXY sleep
I/RILC-MTK(  486): RIL_CMD_PROXY_1 wakeup
I/RILC-MTK(  486): RIL_CMD_PROXY_1 sleep
I/RILC-MTK(  486): RIL_CMD_PROXY_2 wakeup
I/RILC-MTK(  486): RIL_CMD_PROXY_2 sleep
I/RILC-MTK(  486): RIL_CMD2_PROXY_2 wakeup
I/RILC-MTK(  486): RIL_CMD2_PROXY_2 sleep
D/AT      (  486): 
D/AT      (  486): OK
D/AT      (  486): AT< OK
D/AT      (  486): RIL_URC_READER:OK
D/AT      (  486): RIL_URC_READER Enter processLine
D/AT      (  486): response received on RIL_URC_READER, tid:3086174936
D/RILC    (  486): RequestComplete, RIL_SOCKET_1
E/RILC    (  486): Send Response to RIL_SOCKET_1
I/RILC-MTK(  486): RIL_URC_PROXY sleep
D/SubscriptionController(  946): [getSubId]- numSubIds == 0, return DummySubIds slotIdx=0
D/SubscriptionController(  946): getDummySubIds: slotIdx=0 return 2 DummySubIds with each subId=-2
D/SubscriptionController(  946): [getPhoneId]- invalid subId return=-1
D/PhoneFactory(  946): getPhone:- phoneId != DEFAULT_PHONE_ID return sProxyPhones[phoneId] phoneId=-1 phone=null
D/RILJ    (  946): [4037]< REQUEST_GET_NEIGHBORING_CELL_IDS   [SUB0]
D/RILJ    (  946): [4038]> RIL_REQUEST_GET_CELL_INFO_LIST [SUB0]
D/RILC    (  486): SOCKET RIL_SOCKET_1 REQUEST: GET_CELL_INFO_LIST length:8
I/RILC-MTK(  486): create request 109
D/RILC-MTK(  486): GET_CELL_INFO_LIST dispatched to RIL_CMD_PROXY_2
I/RILC-MTK(  486): RIL_CMD2_PROXY_4 wakeup
I/RILC-MTK(  486): RIL_CMD2_PROXY_4 sleep
I/RILC-MTK(  486): RIL_CMD_PROXY_4 wakeup
I/RILC-MTK(  486): RIL_CMD_PROXY_4 sleep
I/RILC-MTK(  486): RIL_ATCI_PROXY wakeup
I/RILC-MTK(  486): RIL_ATCI_PROXY sleep
I/RILC-MTK(  486): RIL_CMD_PROXY_3 wakeup
I/RILC-MTK(  486): RIL_CMD_PROXY_3 sleep
I/RILC-MTK(  486): RIL_ATCI2_PROXY wakeup
I/RILC-MTK(  486): RIL_ATCI2_PROXY sleep
I/RILC-MTK(  486): RIL_CMD2_PROXY_3 wakeup
I/RILC-MTK(  486): RIL_CMD2_PROXY_3 sleep
I/RILC-MTK(  486): RIL_CMD2_PROXY_1 wakeup
I/RILC-MTK(  486): RIL_CMD2_PROXY_1 sleep
I/RILC-MTK(  486): RIL_URC2_PROXY wakeup
I/RILC-MTK(  486): RIL_URC2_PROXY sleep
I/RILC-MTK(  486): RIL_CMD_PROXY_1 wakeup
I/RILC-MTK(  486): RIL_CMD_PROXY_1 sleep
I/RILC-MTK(  486): RIL_CMD_PROXY_2 wakeup
D/RILC-MTK(  486): GET_CELL_INFO_LIST execute on RIL_CMD_PROXY_2 using channel 2
D/RILC    (  486): callOnRequest for new vendor ril
D/RIL     (  486): onRequest: GET_CELL_INFO_LIST, datalen = 0
D/RIL     (  486): radioState:10
D/AT      (  486): AT send on RIL_CMD_READER_2, tid:3086176104
D/AT      (  486): AT> AT+ECELL
D/AT      (  486): AT+ECELL
I/RILC-MTK(  486): RIL_CMD2_PROXY_2 wakeup
I/RILC-MTK(  486): RIL_CMD2_PROXY_2 sleep
I/RILC-MTK(  486): RIL_URC_PROXY wakeup
I/RILC-MTK(  486): RIL_URC_PROXY sleep
D/TelephonyManager( 1303): getTelephonyProperty: return propVal='null' phoneId=1 property='gsm.operator.numeric' defaultVal='' prop=,
D/AT      (  486): 
D/AT      (  486): +ECELL: 0
D/AT      (  486): 
D/AT      (  486): OK
D/AT      (  486): AT< +ECELL: 0
D/AT      (  486): RIL_CMD_READER_2:+ECELL: 0
D/AT      (  486): RIL_CMD_READER_2 Enter processLine
D/AT      (  486): AT< OK
D/AT      (  486): RIL_CMD_READER_2:OK
D/AT      (  486): RIL_CMD_READER_2 Enter processLine
D/AT      (  486): response received on RIL_CMD_READER_2, tid:3086176104
D/RIL     (  486): No cell info listed, num=0
E/RIL     (  486): requestGetCellInfoList must never return error when radio is on
D/RILC    (  486): RequestComplete, RIL_SOCKET_1
E/RILC    (  486): Send Response to RIL_SOCKET_1
I/RILC-MTK(  486): RIL_CMD_PROXY_2 sleep
D/RilRequest(  946): [4038]< RIL_REQUEST_GET_CELL_INFO_LIST error: com.android.internal.telephony.CommandException: GENERIC_FAILURE ret=
D/GsmSST  (  946): [GsmSST] EVENT_GET_CELL_INFO_LIST: error ret null, e=com.android.internal.telephony.CommandException: GENERIC_FAILURE
D/GsmSST  (  946): [GsmSST] SST.getAllCellInfo(): X size=0 list=null
D/PhoneFactory(  946): getPhone:- phoneId != DEFAULT_PHONE_ID return sProxyPhones[phoneId] phoneId=1 phone=Handler (com.android.internal.telephony.PhoneProxy) {22a972a8}
D/GsmSST  (  946): [GsmSST] SST.getAllCellInfo(): return last, back to back calls
D/GsmSST  (  946): [GsmSST] SST.getAllCellInfo(): X size=3 list=[CellInfoWcdma:{mRegistered=YES mTimeStampType=oem_ril mTimeStamp=1621098000000ns CellIdentityWcdma:{ mMcc=404 mMnc=7 mLac=36017 mCid=39417824 mPsc=268} CellSignalStrengthWcdma: ss=27 ber=27}, CellInfoWcdma:{mRegistered=NO mTimeStampType=oem_ril mTimeStamp=1621098000000ns CellIdentityWcdma:{ mMcc=404 mMnc=7 mLac=36017 mCid=39417824 mPsc=268} CellSignalStrengthWcdma: ss=27 ber=27}, CellInfoWcdma:{mRegistered=NO mTimeStampType=oem_ril mTimeStamp=1621098000000ns CellIdentityWcdma:{ mMcc=404 mMnc=7 mLac=36017 mCid=39417825 mPsc=269} CellSignalStrengthWcdma: ss=22 ber=18}]
D/GsmSST  (  946): [GsmSST] getCellLocation(): X ret WCDMA info=[36017,39417824,268]
D/PhoneFactory(  946): getPhone:- phoneId != DEFAULT_PHONE_ID return sProxyPhones[phoneId] phoneId=1 phone=Handler (com.android.internal.telephony.PhoneProxy) {22a972a8}
D/TelephonyManager( 1303): getTelephonyProperty: return propVal='in' phoneId=1 property='gsm.sim.operator.iso-country' defaultVal='' prop=,in
D/TelephonyManager( 1303): getTelephonyProperty: return propVal='null' phoneId=1 property='gsm.operator.iso-country' defaultVal='' prop=,
D/AT      (  486): 
D/AT      (  486): +ECSQ: 14, 99, -304, -348, -44
D/AT      (  486): AT< +ECSQ: 14, 99, -304, -348, -44
D/AT      (  486): RIL_URC2_READER:+ECSQ: 14, 99, -304, -348, -44
D/AT      (  486): RIL_URC2_READER Enter processLine
D/RIL     (  486): Nw URC:+ECSQ: 14, 99, -304, -348, -44
D/RIL     (  486): Reset rssi value to meet GSM signal level: 8
D/RILC    (  486): callForRilVersion new vendor RIL, version: 0
I/RILC    (  486): RIL_SOCKET_2 UNSOLICITED: UNSOL_SIGNAL_STRENGTH length:56
E/RILC    (  486): Send Response to RIL_SOCKET_2
D/DefaultPhoneNotifier(  946): notifySignalStrength: mRegistry=com.android.internal.telephony.ITelephonyRegistry$Stub$Proxy@10f11843 ss=SignalStrength: 8 99 -120 -160 -120 0 -1 99 2147483647 2147483647 2147483647 2147483647 gsm|lte sender=Handler (com.android.internal.telephony.gsm.GSMPhone) {390531c1}
D/AT      (  486): 
D/AT      (  486): +ECSQ: 11, 99, -308, -357, -49
D/AT      (  486): AT< +ECSQ: 11, 99, -308, -357, -49
D/AT      (  486): RIL_URC2_READER:+ECSQ: 11, 99, -308, -357, -49
D/AT      (  486): RIL_URC2_READER Enter processLine
D/RIL     (  486): Nw URC:+ECSQ: 11, 99, -308, -357, -49
D/RIL     (  486): Reset rssi value to meet GSM signal level: 5
D/RILC    (  486): callForRilVersion new vendor RIL, version: 0
I/RILC    (  486): RIL_SOCKET_2 UNSOLICITED: UNSOL_SIGNAL_STRENGTH length:56
E/RILC    (  486): Send Response to RIL_SOCKET_2
D/DefaultPhoneNotifier(  946): notifySignalStrength: mRegistry=com.android.internal.telephony.ITelephonyRegistry$Stub$Proxy@10f11843 ss=SignalStrength: 5 99 -120 -160 -120 0 -1 99 2147483647 2147483647 2147483647 2147483647 gsm|lte sender=Handler (com.android.internal.telephony.gsm.GSMPhone) {390531c1}
D/AT      (  486): 
D/AT      (  486): +ECSQ: 14, 99, -324, -353, -28
D/AT      (  486): AT< +ECSQ: 14, 99, -324, -353, -28
D/AT      (  486): RIL_URC2_READER:+ECSQ: 14, 99, -324, -353, -28
D/AT      (  486): RIL_URC2_READER Enter processLine
D/RIL     (  486): Nw URC:+ECSQ: 14, 99, -324, -353, -28
D/RIL     (  486): Reset rssi value to meet GSM signal level: 8
D/RILC    (  486): callForRilVersion new vendor RIL, version: 0
I/RILC    (  486): RIL_SOCKET_2 UNSOLICITED: UNSOL_SIGNAL_STRENGTH length:56
E/RILC    (  486): Send Response to RIL_SOCKET_2
D/DefaultPhoneNotifier(  946): notifySignalStrength: mRegistry=com.android.internal.telephony.ITelephonyRegistry$Stub$Proxy@10f11843 ss=SignalStrength: 8 99 -120 -160 -120 0 -1 99 2147483647 2147483647 2147483647 2147483647 gsm|lte sender=Handler (com.android.internal.telephony.gsm.GSMPhone) {390531c1}
D/AT      (  486): 
D/AT      (  486): +ECSQ: 11, 99, -320, -359, -39
D/AT      (  486): AT< +ECSQ: 11, 99, -320, -359, -39
D/AT      (  486): RIL_URC2_READER:+ECSQ: 11, 99, -320, -359, -39
D/AT      (  486): RIL_URC2_READER Enter processLine
D/RIL     (  486): Nw URC:+ECSQ: 11, 99, -320, -359, -39
D/RIL     (  486): Reset rssi value to meet GSM signal level: 5
D/RILC    (  486): callForRilVersion new vendor RIL, version: 0
I/RILC    (  486): RIL_SOCKET_2 UNSOLICITED: UNSOL_SIGNAL_STRENGTH length:56
E/RILC    (  486): Send Response to RIL_SOCKET_2
D/DefaultPhoneNotifier(  946): notifySignalStrength: mRegistry=com.android.internal.telephony.ITelephonyRegistry$Stub$Proxy@10f11843 ss=SignalStrength: 5 99 -120 -160 -120 0 -1 99 2147483647 2147483647 2147483647 2147483647 gsm|lte sender=Handler (com.android.internal.telephony.gsm.GSMPhone) {390531c1}
D/AT      (  486): 
D/AT      (  486): +ECSQ: 14, 99, -320, -353, -30
D/AT      (  486): AT< +ECSQ: 14, 99, -320, -353, -30
D/AT      (  486): RIL_URC2_READER:+ECSQ: 14, 99, -320, -353, -30
D/AT      (  486): RIL_URC2_READER Enter processLine
D/RIL     (  486): Nw URC:+ECSQ: 14, 99, -320, -353, -30
D/RIL     (  486): Reset rssi value to meet GSM signal level: 8
D/RILC    (  486): callForRilVersion new vendor RIL, version: 0
I/RILC    (  486): RIL_SOCKET_2 UNSOLICITED: UNSOL_SIGNAL_STRENGTH length:56
E/RILC    (  486): Send Response to RIL_SOCKET_2
D/DefaultPhoneNotifier(  946): notifySignalStrength: mRegistry=com.android.internal.telephony.ITelephonyRegistry$Stub$Proxy@10f11843 ss=SignalStrength: 8 99 -120 -160 -120 0 -1 99 2147483647 2147483647 2147483647 2147483647 gsm|lte sender=Handler (com.android.internal.telephony.gsm.GSMPhone) {390531c1}
D/AT      (  486): 
D/AT      (  486): +ECSQ: 11, 99, -316, -359, -41
D/AT      (  486): AT< +ECSQ: 11, 99, -316, -359, -41
D/AT      (  486): RIL_URC2_READER:+ECSQ: 11, 99, -316, -359, -41
D/AT      (  486): RIL_URC2_READER Enter processLine
D/RIL     (  486): Nw URC:+ECSQ: 11, 99, -316, -359, -41
D/RIL     (  486): Reset rssi value to meet GSM signal level: 5
D/RILC    (  486): callForRilVersion new vendor RIL, version: 0
I/RILC    (  486): RIL_SOCKET_2 UNSOLICITED: UNSOL_SIGNAL_STRENGTH length:56
E/RILC    (  486): Send Response to RIL_SOCKET_2
D/DefaultPhoneNotifier(  946): notifySignalStrength: mRegistry=com.android.internal.telephony.ITelephonyRegistry$Stub$Proxy@10f11843 ss=SignalStrength: 5 99 -120 -160 -120 0 -1 99 2147483647 2147483647 2147483647 2147483647 gsm|lte sender=Handler (com.android.internal.telephony.gsm.GSMPhone) {390531c1}
D/AT      (  486): 
D/AT      (  486): +ECSQ: 14, 99, -324, -354, -29
D/AT      (  486): AT< +ECSQ: 14, 99, -324, -354, -29
D/AT      (  486): RIL_URC2_READER:+ECSQ: 14, 99, -324, -354, -29
D/AT      (  486): RIL_URC2_READER Enter processLine
D/RIL     (  486): Nw URC:+ECSQ: 14, 99, -324, -354, -29
D/RIL     (  486): Reset rssi value to meet GSM signal level: 8
D/RILC    (  486): callForRilVersion new vendor RIL, version: 0
I/RILC    (  486): RIL_SOCKET_2 UNSOLICITED: UNSOL_SIGNAL_STRENGTH length:56
E/RILC    (  486): Send Response to RIL_SOCKET_2
D/DefaultPhoneNotifier(  946): notifySignalStrength: mRegistry=com.android.internal.telephony.ITelephonyRegistry$Stub$Proxy@10f11843 ss=SignalStrength: 8 99 -120 -160 -120 0 -1 99 2147483647 2147483647 2147483647 2147483647 gsm|lte sender=Handler (com.android.internal.telephony.gsm.GSMPhone) {390531c1}
D/AT      (  486): 
D/AT      (  486): +ECSQ: 14, 99, -304, -344, -37
D/AT      (  486): AT< +ECSQ: 14, 99, -304, -344, -37
D/AT      (  486): RIL_URC2_READER:+ECSQ: 14, 99, -304, -344, -37
D/AT      (  486): RIL_URC2_READER Enter processLine
D/RIL     (  486): Nw URC:+ECSQ: 14, 99, -304, -344, -37
D/RIL     (  486): Reset rssi value to meet GSM signal level: 8
D/RILC    (  486): callForRilVersion new vendor RIL, version: 0
I/RILC    (  486): RIL_SOCKET_2 UNSOLICITED: UNSOL_SIGNAL_STRENGTH length:56
E/RILC    (  486): Send Response to RIL_SOCKET_2
D/DefaultPhoneNotifier(  946): notifySignalStrength: mRegistry=com.android.internal.telephony.ITelephonyRegistry$Stub$Proxy@10f11843 ss=SignalStrength: 8 99 -120 -160 -120 0 -1 99 2147483647 2147483647 2147483647 2147483647 gsm|lte sender=Handler (com.android.internal.telephony.gsm.GSMPhone) {390531c1}
D/AT      (  486): 
D/AT      (  486): +ECSQ: 14, 99, -308, -334, -23
D/AT      (  486): AT< +ECSQ: 14, 99, -308, -334, -23
D/AT      (  486): RIL_URC2_READER:+ECSQ: 14, 99, -308, -334, -23
D/AT      (  486): RIL_URC2_READER Enter processLine
D/RIL     (  486): Nw URC:+ECSQ: 14, 99, -308, -334, -23
D/RIL     (  486): Reset rssi value to meet GSM signal level: 8
D/RILC    (  486): callForRilVersion new vendor RIL, version: 0
I/RILC    (  486): RIL_SOCKET_2 UNSOLICITED: UNSOL_SIGNAL_STRENGTH length:56
E/RILC    (  486): Send Response to RIL_SOCKET_2
D/DefaultPhoneNotifier(  946): notifySignalStrength: mRegistry=com.android.internal.telephony.ITelephonyRegistry$Stub$Proxy@10f11843 ss=SignalStrength: 8 99 -120 -160 -120 0 -1 99 2147483647 2147483647 2147483647 2147483647 gsm|lte sender=Handler (com.android.internal.telephony.gsm.GSMPhone) {390531c1}
D/AT      (  486): 
D/AT      (  486): +ECSQ: 14, 99, -300, -327, -25
D/AT      (  486): AT< +ECSQ: 14, 99, -300, -327, -25
D/AT      (  486): RIL_URC2_READER:+ECSQ: 14, 99, -300, -327, -25
D/AT      (  486): RIL_URC2_READER Enter processLine
D/RIL     (  486): Nw URC:+ECSQ: 14, 99, -300, -327, -25
D/RIL     (  486): Reset rssi value to meet GSM signal level: 8
D/RILC    (  486): callForRilVersion new vendor RIL, version: 0
I/RILC    (  486): RIL_SOCKET_2 UNSOLICITED: UNSOL_SIGNAL_STRENGTH length:56
E/RILC    (  486): Send Response to RIL_SOCKET_2
D/DefaultPhoneNotifier(  946): notifySignalStrength: mRegistry=com.android.internal.telephony.ITelephonyRegistry$Stub$Proxy@10f11843 ss=SignalStrength: 8 99 -120 -160 -120 0 -1 99 2147483647 2147483647 2147483647 2147483647 gsm|lte sender=Handler (com.android.internal.telephony.gsm.GSMPhone) {390531c1}
D/AT      (  486): 
D/AT      (  486): +ECSQ: 14, 99, -296, -335, -37
D/AT      (  486): AT< +ECSQ: 14, 99, -296, -335, -37
D/AT      (  486): RIL_URC2_READER:+ECSQ: 14, 99, -296, -335, -37
D/AT      (  486): RIL_URC2_READER Enter processLine
D/RIL     (  486): Nw URC:+ECSQ: 14, 99, -296, -335, -37
D/RIL     (  486): Reset rssi value to meet GSM signal level: 8
D/RILC    (  486): callForRilVersion new vendor RIL, version: 0
I/RILC    (  486): RIL_SOCKET_2 UNSOLICITED: UNSOL_SIGNAL_STRENGTH length:56
E/RILC    (  486): Send Response to RIL_SOCKET_2
D/DefaultPhoneNotifier(  946): notifySignalStrength: mRegistry=com.android.internal.telephony.ITelephonyRegistry$Stub$Proxy@10f11843 ss=SignalStrength: 8 99 -120 -160 -120 0 -1 99 2147483647 2147483647 2147483647 2147483647 gsm|lte sender=Handler (com.android.internal.telephony.gsm.GSMPhone) {390531c1}
D/TelephonyManager( 1303): getTelephonyProperty: return propVal='null' phoneId=1 property='gsm.operator.numeric' defaultVal='' prop=,
D/AT      (  486): 
D/AT      (  486): +ECSQ: 14, 99, -312, -337, -24
D/AT      (  486): AT< +ECSQ: 14, 99, -312, -337, -24
D/AT      (  486): RIL_URC2_READER:+ECSQ: 14, 99, -312, -337, -24
D/AT      (  486): RIL_URC2_READER Enter processLine
D/RIL     (  486): Nw URC:+ECSQ: 14, 99, -312, -337, -24
D/RIL     (  486): Reset rssi value to meet GSM signal level: 8
D/RILC    (  486): callForRilVersion new vendor RIL, version: 0
I/RILC    (  486): RIL_SOCKET_2 UNSOLICITED: UNSOL_SIGNAL_STRENGTH length:56
E/RILC    (  486): Send Response to RIL_SOCKET_2
D/DefaultPhoneNotifier(  946): notifySignalStrength: mRegistry=com.android.internal.telephony.ITelephonyRegistry$Stub$Proxy@10f11843 ss=SignalStrength: 8 99 -120 -160 -120 0 -1 99 2147483647 2147483647 2147483647 2147483647 gsm|lte sender=Handler (com.android.internal.telephony.gsm.GSMPhone) {390531c1}
D/AT      (  486): 
D/AT      (  486): +ECSQ: 14, 99, -316, -345, -27
D/AT      (  486): AT< +ECSQ: 14, 99, -316, -345, -27
D/AT      (  486): RIL_URC2_READER:+ECSQ: 14, 99, -316, -345, -27
D/AT      (  486): RIL_URC2_READER Enter processLine
D/RIL     (  486): Nw URC:+ECSQ: 14, 99, -316, -345, -27
D/RIL     (  486): Reset rssi value to meet GSM signal level: 8
D/RILC    (  486): callForRilVersion new vendor RIL, version: 0
I/RILC    (  486): RIL_SOCKET_2 UNSOLICITED: UNSOL_SIGNAL_STRENGTH length:56
E/RILC    (  486): Send Response to RIL_SOCKET_2
D/DefaultPhoneNotifier(  946): notifySignalStrength: mRegistry=com.android.internal.telephony.ITelephonyRegistry$Stub$Proxy@10f11843 ss=SignalStrength: 8 99 -120 -160 -120 0 -1 99 2147483647 2147483647 2147483647 2147483647 gsm|lte sender=Handler (com.android.internal.telephony.gsm.GSMPhone) {390531c1}
D/DCT     (  946): [0]hasMatchedTetherApnSetting: APN=null
D/AT      (  486): 
D/AT      (  486): +ECSQ: 14, 99, -316, -341, -25
D/AT      (  486): AT< +ECSQ: 14, 99, -316, -341, -25
D/AT      (  486): RIL_URC2_READER:+ECSQ: 14, 99, -316, -341, -25
D/AT      (  486): RIL_URC2_READER Enter processLine
D/RIL     (  486): Nw URC:+ECSQ: 14, 99, -316, -341, -25
D/RIL     (  486): Reset rssi value to meet GSM signal level: 8
D/RILC    (  486): callForRilVersion new vendor RIL, version: 0
I/RILC    (  486): RIL_SOCKET_2 UNSOLICITED: UNSOL_SIGNAL_STRENGTH length:56
E/RILC    (  486): Send Response to RIL_SOCKET_2
D/DefaultPhoneNotifier(  946): notifySignalStrength: mRegistry=com.android.internal.telephony.ITelephonyRegistry$Stub$Proxy@10f11843 ss=SignalStrength: 8 99 -120 -160 -120 0 -1 99 2147483647 2147483647 2147483647 2147483647 gsm|lte sender=Handler (com.android.internal.telephony.gsm.GSMPhone) {390531c1}
D/AT      (  486): 
D/AT      (  486): +ECSQ: 14, 99, -308, -333, -23
D/AT      (  486): AT< +ECSQ: 14, 99, -308, -333, -23
D/AT      (  486): RIL_URC2_READER:+ECSQ: 14, 99, -308, -333, -23
D/AT      (  486): RIL_URC2_READER Enter processLine
D/RIL     (  486): Nw URC:+ECSQ: 14, 99, -308, -333, -23
D/RIL     (  486): Reset rssi value to meet GSM signal level: 8
D/RILC    (  486): callForRilVersion new vendor RIL, version: 0
I/RILC    (  486): RIL_SOCKET_2 UNSOLICITED: UNSOL_SIGNAL_STRENGTH length:56
E/RILC    (  486): Send Response to RIL_SOCKET_2
D/DefaultPhoneNotifier(  946): notifySignalStrength: mRegistry=com.android.internal.telephony.ITelephonyRegistry$Stub$Proxy@10f11843 ss=SignalStrength: 8 99 -120 -160 -120 0 -1 99 2147483647 2147483647 2147483647 2147483647 gsm|lte sender=Handler (com.android.internal.telephony.gsm.GSMPhone) {390531c1}
D/PhoneFactory(  946): getPhone:- phoneId != DEFAULT_PHONE_ID return sProxyPhones[phoneId] phoneId=1 phone=Handler (com.android.internal.telephony.PhoneProxy) {22a972a8}
D/RILJ    (  946): [4039]> RIL_REQUEST_GET_CELL_INFO_LIST [SUB1]
D/RILC    (  486): SOCKET RIL_SOCKET_2 REQUEST: GET_CELL_INFO_LIST length:8
I/RILC-MTK(  486): create request 109
D/RILC-MTK(  486): GET_CELL_INFO_LIST dispatched to RIL_CMD2_PROXY_2
I/RILC-MTK(  486): RIL_CMD2_PROXY_4 wakeup
I/RILC-MTK(  486): RIL_CMD2_PROXY_4 sleep
I/RILC-MTK(  486): RIL_CMD_PROXY_4 wakeup
I/RILC-MTK(  486): RIL_CMD_PROXY_4 sleep
I/RILC-MTK(  486): RIL_ATCI_PROXY wakeup
I/RILC-MTK(  486): RIL_ATCI_PROXY sleep
I/RILC-MTK(  486): RIL_CMD_PROXY_3 wakeup
I/RILC-MTK(  486): RIL_CMD_PROXY_3 sleep
I/RILC-MTK(  486): RIL_ATCI2_PROXY wakeup
I/RILC-MTK(  486): RIL_ATCI2_PROXY sleep
I/RILC-MTK(  486): RIL_CMD2_PROXY_3 wakeup
I/RILC-MTK(  486): RIL_CMD2_PROXY_3 sleep
I/RILC-MTK(  486): RIL_CMD2_PROXY_1 wakeup
I/RILC-MTK(  486): RIL_CMD2_PROXY_1 sleep
I/RILC-MTK(  486): RIL_URC2_PROXY wakeup
I/RILC-MTK(  486): RIL_URC2_PROXY sleep
I/RILC-MTK(  486): RIL_CMD_PROXY_1 wakeup
I/RILC-MTK(  486): RIL_CMD_PROXY_1 sleep
I/RILC-MTK(  486): RIL_CMD2_PROXY_2 wakeup
D/RILC-MTK(  486): GET_CELL_INFO_LIST execute on RIL_CMD2_PROXY_2 using channel 8
D/RILC    (  486): callOnRequest for new vendor ril
D/RIL     (  486): onRequest: GET_CELL_INFO_LIST, datalen = 0
D/RIL     (  486): radioState:10
D/AT      (  486): AT send on RIL_CMD2_READER_2, tid:3086179608
D/AT      (  486): AT> AT+ECELL
D/AT      (  486): AT+ECELL
I/RILC-MTK(  486): RIL_URC_PROXY wakeup
I/RILC-MTK(  486): RIL_URC_PROXY sleep
I/RILC-MTK(  486): RIL_CMD_PROXY_2 wakeup
I/RILC-MTK(  486): RIL_CMD_PROXY_2 sleep
D/AT      (  486): 
D/AT      (  486): +ECELL: 2,2,"025977E0","8CB1",404,7,268,32,37,-356,-24,268435455,268435455,268435455,2,"025977E0","8CB1",404,7,268,32,37,-356,-24,268435455,268435455,268435455
D/AT      (  486): 
D/AT      (  486): OK
D/AT      (  486): AT< +ECELL: 2,2,"025977E0","8CB1",404,7,268,32,37,-356,-24,268435455,268435455,268435455,2,"025977E0","8CB1",404,7,268,32,37,-356,-24,268435455,268435455,268435455
D/AT      (  486): RIL_CMD2_READER_2:+ECELL: 2,2,"025977E0","8CB1",404,7,268,32,37,-356,-24,268435455,268435455,268435455,2,"025977E0","8CB1",404,7,268,32,37,-356,-24,268435455,268435455,268435455
D/AT      (  486): RIL_CMD2_READER_2 Enter processLine
D/AT      (  486): AT< OK
D/AT      (  486): RIL_CMD2_READER_2:OK
D/AT      (  486): RIL_CMD2_READER_2 Enter processLine
D/AT      (  486): response received on RIL_CMD2_READER_2, tid:3086179608
D/RIL     (  486): Cell info listed, number=2
D/RIL     (  486): act=2,cid=39417824,mcc=404,mnc=7,lacTac=36017,pscPci=268,sig1=32,sig2=37,sig1_dbm=-356,sig1_dbm=-24,ta=268435455,ext1(rssnr)=268435455,ext2(cqi)=268435455
D/RIL     (  486): RIL_CELL_INFO_TYPE_WCDMA act=2
D/RIL     (  486): act=2,cid=39417824,mcc=404,mnc=7,lacTac=36017,pscPci=268,sig1=32,sig2=37,sig1_dbm=-356,sig1_dbm=-24,ta=268435455,ext1(rssnr)=268435455,ext2(cqi)=268435455
D/RIL     (  486): RIL_CELL_INFO_TYPE_WCDMA act=2
D/RILC    (  486): RequestComplete, RIL_SOCKET_2
E/RILC    (  486): Send Response to RIL_SOCKET_2
I/RILC-MTK(  486): RIL_CMD2_PROXY_2 sleep
D/RILJ    (  946): [4039]< RIL_REQUEST_GET_CELL_INFO_LIST [CellInfoWcdma:{mRegistered=YES mTimeStampType=oem_ril mTimeStamp=1698859000000ns CellIdentityWcdma:{ mMcc=404 mMnc=7 mLac=36017 mCid=39417824 mPsc=268} CellSignalStrengthWcdma: ss=32 ber=37}, CellInfoWcdma:{mRegistered=NO mTimeStampType=oem_ril mTimeStamp=1698859000000ns CellIdentityWcdma:{ mMcc=404 mMnc=7 mLac=36017 mCid=39417824 mPsc=268} CellSignalStrengthWcdma: ss=32 ber=37}] [SUB1]
D/GsmSST  (  946): [GsmSST] SST.getAllCellInfo(): X size=2 list=[CellInfoWcdma:{mRegistered=YES mTimeStampType=oem_ril mTimeStamp=1698859000000ns CellIdentityWcdma:{ mMcc=404 mMnc=7 mLac=36017 mCid=39417824 mPsc=268} CellSignalStrengthWcdma: ss=32 ber=37}, CellInfoWcdma:{mRegistered=NO mTimeStampType=oem_ril mTimeStamp=1698859000000ns CellIdentityWcdma:{ mMcc=404 mMnc=7 mLac=36017 mCid=39417824 mPsc=268} CellSignalStrengthWcdma: ss=32 ber=37}]
D/GsmSST  (  946): [GsmSST] getCellLocation(): X ret WCDMA info=[36017,39417824,268]
D/PhoneFactory(  946): getPhone:- phoneId != DEFAULT_PHONE_ID return sProxyPhones[phoneId] phoneId=1 phone=Handler (com.android.internal.telephony.PhoneProxy) {22a972a8}
D/TelephonyManager( 1303): getSimOperatorNumeric(): default subId=5
D/TelephonyManager( 1303): getTelephonyProperty: return propVal='40449' phoneId=1 property='gsm.sim.operator.numeric' defaultVal='' prop=,40449
D/PhoneFactory(  946): getPhone:- phoneId != DEFAULT_PHONE_ID return sProxyPhones[phoneId] phoneId=1 phone=Handler (com.android.internal.telephony.PhoneProxy) {22a972a8}
D/TelephonyManager( 1303): getTelephonyProperty: return propVal='null' phoneId=1 property='gsm.operator.numeric' defaultVal='' prop=,
D/RILJ    (  946): [4040]> REQUEST_GET_NEIGHBORING_CELL_IDS [SUB0]
D/RILC    (  486): SOCKET RIL_SOCKET_1 REQUEST: GET_NEIGHBORING_CELL_IDS length:8
I/RILC-MTK(  486): create request 75
D/RILC-MTK(  486): GET_NEIGHBORING_CELL_IDS dispatched to RIL_URC_PROXY
I/RILC-MTK(  486): RIL_CMD2_PROXY_2 wakeup
I/RILC-MTK(  486): RIL_CMD2_PROXY_2 sleep
I/RILC-MTK(  486): RIL_CMD_PROXY_4 wakeup
I/RILC-MTK(  486): RIL_CMD2_PROXY_4 wakeup
I/RILC-MTK(  486): RIL_CMD_PROXY_4 sleep
I/RILC-MTK(  486): RIL_CMD2_PROXY_4 sleep
I/RILC-MTK(  486): RIL_CMD_PROXY_3 wakeup
I/RILC-MTK(  486): RIL_ATCI_PROXY wakeup
I/RILC-MTK(  486): RIL_CMD_PROXY_3 sleep
I/RILC-MTK(  486): RIL_URC_PROXY wakeup
I/RILC-MTK(  486): RIL_ATCI2_PROXY wakeup
I/RILC-MTK(  486): RIL_ATCI2_PROXY sleep
D/RILC-MTK(  486): GET_NEIGHBORING_CELL_IDS execute on RIL_URC_PROXY using channel 0
D/RILC    (  486): callOnRequest for new vendor ril
I/RILC-MTK(  486): RIL_CMD2_PROXY_3 wakeup
D/RIL     (  486): onRequest: GET_NEIGHBORING_CELL_IDS, datalen = 0
I/RILC-MTK(  486): RIL_CMD2_PROXY_3 sleep
D/RIL     (  486): radioState:10
I/RILC-MTK(  486): RIL_CMD2_PROXY_1 wakeup
I/RILC-MTK(  486): RIL_CMD2_PROXY_1 sleep
D/AT      (  486): AT send on RIL_URC_READER, tid:3086174936
D/AT      (  486): AT> AT+ENBR
I/RILC-MTK(  486): RIL_URC2_PROXY wakeup
D/AT      (  486): AT+ENBR
I/RILC-MTK(  486): RIL_URC2_PROXY sleep
I/RILC-MTK(  486): RIL_CMD_PROXY_1 wakeup
I/RILC-MTK(  486): RIL_CMD_PROXY_1 sleep
I/RILC-MTK(  486): RIL_CMD_PROXY_2 wakeup
I/RILC-MTK(  486): RIL_ATCI_PROXY sleep
I/RILC-MTK(  486): RIL_CMD_PROXY_2 sleep
D/AT      (  486): 
D/AT      (  486): OK
D/AT      (  486): AT< OK
D/AT      (  486): RIL_URC_READER:OK
D/AT      (  486): RIL_URC_READER Enter processLine
D/AT      (  486): response received on RIL_URC_READER, tid:3086174936
D/RILC    (  486): RequestComplete, RIL_SOCKET_1
E/RILC    (  486): Send Response to RIL_SOCKET_1
I/RILC-MTK(  486): RIL_URC_PROXY sleep
D/SubscriptionController(  946): [getSubId]- numSubIds == 0, return DummySubIds slotIdx=0
D/SubscriptionController(  946): getDummySubIds: slotIdx=0 return 2 DummySubIds with each subId=-2
D/SubscriptionController(  946): [getPhoneId]- invalid subId return=-1
D/PhoneFactory(  946): getPhone:- phoneId != DEFAULT_PHONE_ID return sProxyPhones[phoneId] phoneId=-1 phone=null
D/RILJ    (  946): [4040]< REQUEST_GET_NEIGHBORING_CELL_IDS   [SUB0]
D/RILJ    (  946): [4041]> RIL_REQUEST_GET_CELL_INFO_LIST [SUB0]
D/RILC    (  486): SOCKET RIL_SOCKET_1 REQUEST: GET_CELL_INFO_LIST length:8
I/RILC-MTK(  486): create request 109
D/RILC-MTK(  486): GET_CELL_INFO_LIST dispatched to RIL_CMD_PROXY_2
I/RILC-MTK(  486): RIL_CMD_PROXY_2 wakeup
I/RILC-MTK(  486): RIL_CMD_PROXY_4 wakeup
D/RILC-MTK(  486): GET_CELL_INFO_LIST execute on RIL_CMD_PROXY_2 using channel 2
I/RILC-MTK(  486): RIL_CMD_PROXY_4 sleep
D/RILC    (  486): callOnRequest for new vendor ril
I/RILC-MTK(  486): RIL_CMD_PROXY_3 wakeup
D/RIL     (  486): onRequest: GET_CELL_INFO_LIST, datalen = 0
D/RIL     (  486): radioState:10
I/RILC-MTK(  486): RIL_CMD_PROXY_3 sleep
I/RILC-MTK(  486): RIL_ATCI2_PROXY wakeup
D/AT      (  486): AT send on RIL_CMD_READER_2, tid:3086176104
I/RILC-MTK(  486): RIL_ATCI2_PROXY sleep
D/AT      (  486): AT> AT+ECELL
D/AT      (  486): AT+ECELL
I/RILC-MTK(  486): RIL_CMD2_PROXY_3 wakeup
I/RILC-MTK(  486): RIL_CMD2_PROXY_3 sleep
I/RILC-MTK(  486): RIL_CMD2_PROXY_1 wakeup
I/RILC-MTK(  486): RIL_CMD2_PROXY_1 sleep
I/RILC-MTK(  486): RIL_CMD_PROXY_1 wakeup
I/RILC-MTK(  486): RIL_CMD_PROXY_1 sleep
I/RILC-MTK(  486): RIL_CMD2_PROXY_2 wakeup
I/RILC-MTK(  486): RIL_CMD2_PROXY_2 sleep
I/RILC-MTK(  486): RIL_URC2_PROXY wakeup
I/RILC-MTK(  486): RIL_URC2_PROXY sleep
I/RILC-MTK(  486): RIL_URC_PROXY wakeup
I/RILC-MTK(  486): RIL_URC_PROXY sleep
I/RILC-MTK(  486): RIL_ATCI_PROXY wakeup
I/RILC-MTK(  486): RIL_ATCI_PROXY sleep
I/RILC-MTK(  486): RIL_CMD2_PROXY_4 wakeup
I/RILC-MTK(  486): RIL_CMD2_PROXY_4 sleep
D/AT      (  486): 
D/AT      (  486): +ECELL: 0
D/AT      (  486): AT< +ECELL: 0
D/AT      (  486): RIL_CMD_READER_2:+ECELL: 0
D/AT      (  486): RIL_CMD_READER_2 Enter processLine
D/AT      (  486): 
D/AT      (  486): OK
D/AT      (  486): AT< OK
D/AT      (  486): RIL_CMD_READER_2:OK
D/AT      (  486): RIL_CMD_READER_2 Enter processLine
D/AT      (  486): response received on RIL_CMD_READER_2, tid:3086176104
D/RIL     (  486): No cell info listed, num=0
E/RIL     (  486): requestGetCellInfoList must never return error when radio is on
D/RILC    (  486): RequestComplete, RIL_SOCKET_1
E/RILC    (  486): Send Response to RIL_SOCKET_1
I/RILC-MTK(  486): RIL_CMD_PROXY_2 sleep
D/RilRequest(  946): [4041]< RIL_REQUEST_GET_CELL_INFO_LIST error: com.android.internal.telephony.CommandException: GENERIC_FAILURE ret=
D/GsmSST  (  946): [GsmSST] EVENT_GET_CELL_INFO_LIST: error ret null, e=com.android.internal.telephony.CommandException: GENERIC_FAILURE
D/GsmSST  (  946): [GsmSST] SST.getAllCellInfo(): X size=0 list=null
D/PhoneFactory(  946): getPhone:- phoneId != DEFAULT_PHONE_ID return sProxyPhones[phoneId] phoneId=1 phone=Handler (com.android.internal.telephony.PhoneProxy) {22a972a8}
D/GsmSST  (  946): [GsmSST] SST.getAllCellInfo(): return last, back to back calls
D/GsmSST  (  946): [GsmSST] SST.getAllCellInfo(): X size=2 list=[CellInfoWcdma:{mRegistered=YES mTimeStampType=oem_ril mTimeStamp=1698859000000ns CellIdentityWcdma:{ mMcc=404 mMnc=7 mLac=36017 mCid=39417824 mPsc=268} CellSignalStrengthWcdma: ss=32 ber=37}, CellInfoWcdma:{mRegistered=NO mTimeStampType=oem_ril mTimeStamp=1698859000000ns CellIdentityWcdma:{ mMcc=404 mMnc=7 mLac=36017 mCid=39417824 mPsc=268} CellSignalStrengthWcdma: ss=32 ber=37}]
D/GsmSST  (  946): [GsmSST] getCellLocation(): X ret WCDMA info=[36017,39417824,268]
D/PhoneFactory(  946): getPhone:- phoneId != DEFAULT_PHONE_ID return sProxyPhones[phoneId] phoneId=1 phone=Handler (com.android.internal.telephony.PhoneProxy) {22a972a8}
D/TelephonyManager( 1303): getTelephonyProperty: return propVal='in' phoneId=1 property='gsm.sim.operator.iso-country' defaultVal='' prop=,in
D/TelephonyManager( 1303): getTelephonyProperty: return propVal='null' phoneId=1 property='gsm.operator.iso-country' defaultVal='' prop=,
D/AT      (  486): 
D/AT      (  486): +ECSQ: 14, 99, -280, -317, -36
D/AT      (  486): AT< +ECSQ: 14, 99, -280, -317, -36
D/AT      (  486): RIL_URC2_READER:+ECSQ: 14, 99, -280, -317, -36
D/AT      (  486): RIL_URC2_READER Enter processLine
D/RIL     (  486): Nw URC:+ECSQ: 14, 99, -280, -317, -36
D/RIL     (  486): Reset rssi value to meet GSM signal level: 8
D/RILC    (  486): callForRilVersion new vendor RIL, version: 0
I/RILC    (  486): RIL_SOCKET_2 UNSOLICITED: UNSOL_SIGNAL_STRENGTH length:56
E/RILC    (  486): Send Response to RIL_SOCKET_2
D/DefaultPhoneNotifier(  946): notifySignalStrength: mRegistry=com.android.internal.telephony.ITelephonyRegistry$Stub$Proxy@10f11843 ss=SignalStrength: 8 99 -120 -160 -120 0 -1 99 2147483647 2147483647 2147483647 2147483647 gsm|lte sender=Handler (com.android.internal.telephony.gsm.GSMPhone) {390531c1}
D/DCT     (  946): [0]hasMatchedTetherApnSetting: APN=null
D/AT      (  486): 
D/AT      (  486): +ECSQ: 14, 99, -288, -313, -24
D/AT      (  486): AT< +ECSQ: 14, 99, -288, -313, -24
D/AT      (  486): RIL_URC2_READER:+ECSQ: 14, 99, -288, -313, -24
D/AT      (  486): RIL_URC2_READER Enter processLine
D/RIL     (  486): Nw URC:+ECSQ: 14, 99, -288, -313, -24
D/RIL     (  486): Reset rssi value to meet GSM signal level: 8
D/RILC    (  486): callForRilVersion new vendor RIL, version: 0
I/RILC    (  486): RIL_SOCKET_2 UNSOLICITED: UNSOL_SIGNAL_STRENGTH length:56
E/RILC    (  486): Send Response to RIL_SOCKET_2
D/DefaultPhoneNotifier(  946): notifySignalStrength: mRegistry=com.android.internal.telephony.ITelephonyRegistry$Stub$Proxy@10f11843 ss=SignalStrength: 8 99 -120 -160 -120 0 -1 99 2147483647 2147483647 2147483647 2147483647 gsm|lte sender=Handler (com.android.internal.telephony.gsm.GSMPhone) {390531c1}
D/AT      (  486): 
D/AT      (  486): +ECSQ: 14, 99, -284, -318, -33
D/AT      (  486): AT< +ECSQ: 14, 99, -284, -318, -33
D/AT      (  486): RIL_URC2_READER:+ECSQ: 14, 99, -284, -318, -33
D/AT      (  486): RIL_URC2_READER Enter processLine
D/RIL     (  486): Nw URC:+ECSQ: 14, 99, -284, -318, -33
D/RIL     (  486): Reset rssi value to meet GSM signal level: 8
D/RILC    (  486): callForRilVersion new vendor RIL, version: 0
I/RILC    (  486): RIL_SOCKET_2 UNSOLICITED: UNSOL_SIGNAL_STRENGTH length:56
E/RILC    (  486): Send Response to RIL_SOCKET_2
D/DefaultPhoneNotifier(  946): notifySignalStrength: mRegistry=com.android.internal.telephony.ITelephonyRegistry$Stub$Proxy@10f11843 ss=SignalStrength: 8 99 -120 -160 -120 0 -1 99 2147483647 2147483647 2147483647 2147483647 gsm|lte sender=Handler (com.android.internal.telephony.gsm.GSMPhone) {390531c1}
D/AT      (  486): 
D/AT      (  486): +ECSQ: 14, 99, -300, -329, -28
D/AT      (  486): AT< +ECSQ: 14, 99, -300, -329, -28
D/AT      (  486): RIL_URC2_READER:+ECSQ: 14, 99, -300, -329, -28
