D/DefaultPhoneNotifier(  946): notifySignalStrength: mRegistry=com.android.internal.telephony.ITelephonyRegistry$Stub$Proxy@10f11843 ss=SignalStrength: 8 99 -120 -160 -120 0 -1 99 2147483647 2147483647 2147483647 2147483647 gsm|lte sender=Handler (com.android.internal.telephony.gsm.GSMPhone) {390531c1}
D/AT      (  486): 
D/AT      (  486): +ECSQ: 14, 99, -272, -296, -22
D/AT      (  486): AT< +ECSQ: 14, 99, -272, -296, -22
D/AT      (  486): RIL_URC2_READER:+ECSQ: 14, 99, -272, -296, -22
D/AT      (  486): RIL_URC2_READER Enter processLine
D/RIL     (  486): Nw URC:+ECSQ: 14, 99, -272, -296, -22
D/RIL     (  486): Reset rssi value to meet GSM signal level: 8
D/RILC    (  486): callForRilVersion new vendor RIL, version: 0
I/RILC    (  486): RIL_SOCKET_2 UNSOLICITED: UNSOL_SIGNAL_STRENGTH length:56
E/RILC    (  486): Send Response to RIL_SOCKET_2
D/DefaultPhoneNotifier(  946): notifySignalStrength: mRegistry=com.android.internal.telephony.ITelephonyRegistry$Stub$Proxy@10f11843 ss=SignalStrength: 8 99 -120 -160 -120 0 -1 99 2147483647 2147483647 2147483647 2147483647 gsm|lte sender=Handler (com.android.internal.telephony.gsm.GSMPhone) {390531c1}
D/AT      (  486): 
D/AT      (  486): +ECSQ: 14, 99, -276, -307, -30
D/AT      (  486): AT< +ECSQ: 14, 99, -276, -307, -30
D/AT      (  486): RIL_URC2_READER:+ECSQ: 14, 99, -276, -307, -30
D/AT      (  486): RIL_URC2_READER Enter processLine
D/RIL     (  486): Nw URC:+ECSQ: 14, 99, -276, -307, -30
D/RIL     (  486): Reset rssi value to meet GSM signal level: 8
D/RILC    (  486): callForRilVersion new vendor RIL, version: 0
I/RILC    (  486): RIL_SOCKET_2 UNSOLICITED: UNSOL_SIGNAL_STRENGTH length:56
E/RILC    (  486): Send Response to RIL_SOCKET_2
D/DefaultPhoneNotifier(  946): notifySignalStrength: mRegistry=com.android.internal.telephony.ITelephonyRegistry$Stub$Proxy@10f11843 ss=SignalStrength: 8 99 -120 -160 -120 0 -1 99 2147483647 2147483647 2147483647 2147483647 gsm|lte sender=Handler (com.android.internal.telephony.gsm.GSMPhone) {390531c1}
D/AT      (  486): 
D/AT      (  486): +ECSQ: 14, 99, -276, -303, -25
D/AT      (  486): AT< +ECSQ: 14, 99, -276, -303, -25
D/AT      (  486): RIL_URC2_READER:+ECSQ: 14, 99, -276, -303, -25
D/AT      (  486): RIL_URC2_READER Enter processLine
D/RIL     (  486): Nw URC:+ECSQ: 14, 99, -276, -303, -25
D/RIL     (  486): Reset rssi value to meet GSM signal level: 8
D/RILC    (  486): callForRilVersion new vendor RIL, version: 0
I/RILC    (  486): RIL_SOCKET_2 UNSOLICITED: UNSOL_SIGNAL_STRENGTH length:56
E/RILC    (  486): Send Response to RIL_SOCKET_2
D/DefaultPhoneNotifier(  946): notifySignalStrength: mRegistry=com.android.internal.telephony.ITelephonyRegistry$Stub$Proxy@10f11843 ss=SignalStrength: 8 99 -120 -160 -120 0 -1 99 2147483647 2147483647 2147483647 2147483647 gsm|lte sender=Handler (com.android.internal.telephony.gsm.GSMPhone) {390531c1}
D/AT      (  486): 
D/AT      (  486): +ECSQ: 14, 99, -272, -300, -25
D/AT      (  486): AT< +ECSQ: 14, 99, -272, -300, -25
D/AT      (  486): RIL_URC2_READER:+ECSQ: 14, 99, -272, -300, -25
D/AT      (  486): RIL_URC2_READER Enter processLine
D/RIL     (  486): Nw URC:+ECSQ: 14, 99, -272, -300, -25
D/RIL     (  486): Reset rssi value to meet GSM signal level: 8
D/RILC    (  486): callForRilVersion new vendor RIL, version: 0
I/RILC    (  486): RIL_SOCKET_2 UNSOLICITED: UNSOL_SIGNAL_STRENGTH length:56
E/RILC    (  486): Send Response to RIL_SOCKET_2
D/DefaultPhoneNotifier(  946): notifySignalStrength: mRegistry=com.android.internal.telephony.ITelephonyRegistry$Stub$Proxy@10f11843 ss=SignalStrength: 8 99 -120 -160 -120 0 -1 99 2147483647 2147483647 2147483647 2147483647 gsm|lte sender=Handler (com.android.internal.telephony.gsm.GSMPhone) {390531c1}
D/AT      (  486): 
D/AT      (  486): +ECSQ: 14, 99, -272, -303, -30
D/AT      (  486): AT< +ECSQ: 14, 99, -272, -303, -30
D/AT      (  486): RIL_URC2_READER:+ECSQ: 14, 99, -272, -303, -30
D/AT      (  486): RIL_URC2_READER Enter processLine
D/RIL     (  486): Nw URC:+ECSQ: 14, 99, -272, -303, -30
D/RIL     (  486): Reset rssi value to meet GSM signal level: 8
D/RILC    (  486): callForRilVersion new vendor RIL, version: 0
I/RILC    (  486): RIL_SOCKET_2 UNSOLICITED: UNSOL_SIGNAL_STRENGTH length:56
E/RILC    (  486): Send Response to RIL_SOCKET_2
D/DefaultPhoneNotifier(  946): notifySignalStrength: mRegistry=com.android.internal.telephony.ITelephonyRegistry$Stub$Proxy@10f11843 ss=SignalStrength: 8 99 -120 -160 -120 0 -1 99 2147483647 2147483647 2147483647 2147483647 gsm|lte sender=Handler (com.android.internal.telephony.gsm.GSMPhone) {390531c1}
D/AT      (  486): 
D/AT      (  486): +ECSQ: 14, 99, -276, -307, -28
D/AT      (  486): AT< +ECSQ: 14, 99, -276, -307, -28
D/AT      (  486): RIL_URC2_READER:+ECSQ: 14, 99, -276, -307, -28
D/AT      (  486): RIL_URC2_READER Enter processLine
D/RIL     (  486): Nw URC:+ECSQ: 14, 99, -276, -307, -28
D/RIL     (  486): Reset rssi value to meet GSM signal level: 8
D/RILC    (  486): callForRilVersion new vendor RIL, version: 0
I/RILC    (  486): RIL_SOCKET_2 UNSOLICITED: UNSOL_SIGNAL_STRENGTH length:56
E/RILC    (  486): Send Response to RIL_SOCKET_2
D/DefaultPhoneNotifier(  946): notifySignalStrength: mRegistry=com.android.internal.telephony.ITelephonyRegistry$Stub$Proxy@10f11843 ss=SignalStrength: 8 99 -120 -160 -120 0 -1 99 2147483647 2147483647 2147483647 2147483647 gsm|lte sender=Handler (com.android.internal.telephony.gsm.GSMPhone) {390531c1}
D/AT      (  486): 
D/AT      (  486): +ECSQ: 14, 99, -276, -315, -36
D/AT      (  486): AT< +ECSQ: 14, 99, -276, -315, -36
D/AT      (  486): RIL_URC2_READER:+ECSQ: 14, 99, -276, -315, -36
D/AT      (  486): RIL_URC2_READER Enter processLine
D/RIL     (  486): Nw URC:+ECSQ: 14, 99, -276, -315, -36
D/RIL     (  486): Reset rssi value to meet GSM signal level: 8
D/RILC    (  486): callForRilVersion new vendor RIL, version: 0
I/RILC    (  486): RIL_SOCKET_2 UNSOLICITED: UNSOL_SIGNAL_STRENGTH length:56
E/RILC    (  486): Send Response to RIL_SOCKET_2
D/DefaultPhoneNotifier(  946): notifySignalStrength: mRegistry=com.android.internal.telephony.ITelephonyRegistry$Stub$Proxy@10f11843 ss=SignalStrength: 8 99 -120 -160 -120 0 -1 99 2147483647 2147483647 2147483647 2147483647 gsm|lte sender=Handler (com.android.internal.telephony.gsm.GSMPhone) {390531c1}
D/AT      (  486): 
D/AT      (  486): +ECSQ: 14, 99, -272, -300, -27
D/AT      (  486): AT< +ECSQ: 14, 99, -272, -300, -27
D/AT      (  486): RIL_URC2_READER:+ECSQ: 14, 99, -272, -300, -27
D/AT      (  486): RIL_URC2_READER Enter processLine
D/RIL     (  486): Nw URC:+ECSQ: 14, 99, -272, -300, -27
D/RIL     (  486): Reset rssi value to meet GSM signal level: 8
D/RILC    (  486): callForRilVersion new vendor RIL, version: 0
I/RILC    (  486): RIL_SOCKET_2 UNSOLICITED: UNSOL_SIGNAL_STRENGTH length:56
E/RILC    (  486): Send Response to RIL_SOCKET_2
D/DefaultPhoneNotifier(  946): notifySignalStrength: mRegistry=com.android.internal.telephony.ITelephonyRegistry$Stub$Proxy@10f11843 ss=SignalStrength: 8 99 -120 -160 -120 0 -1 99 2147483647 2147483647 2147483647 2147483647 gsm|lte sender=Handler (com.android.internal.telephony.gsm.GSMPhone) {390531c1}
D/AT      (  486): 
D/AT      (  486): +ECSQ: 25, 99, -264, -291, -25
D/AT      (  486): AT< +ECSQ: 25, 99, -264, -291, -25
D/AT      (  486): RIL_URC2_READER:+ECSQ: 25, 99, -264, -291, -25
D/AT      (  486): RIL_URC2_READER Enter processLine
D/RIL     (  486): Nw URC:+ECSQ: 25, 99, -264, -291, -25
D/RIL     (  486): Reset rssi value to meet GSM signal level: 12
D/RILC    (  486): callForRilVersion new vendor RIL, version: 0
I/RILC    (  486): RIL_SOCKET_2 UNSOLICITED: UNSOL_SIGNAL_STRENGTH length:56
E/RILC    (  486): Send Response to RIL_SOCKET_2
D/DefaultPhoneNotifier(  946): notifySignalStrength: mRegistry=com.android.internal.telephony.ITelephonyRegistry$Stub$Proxy@10f11843 ss=SignalStrength: 12 99 -120 -160 -120 0 -1 99 2147483647 2147483647 2147483647 2147483647 gsm|lte sender=Handler (com.android.internal.telephony.gsm.GSMPhone) {390531c1}
D/TelephonyManager( 1303): getTelephonyProperty: return propVal='null' phoneId=1 property='gsm.operator.numeric' defaultVal='' prop=,
D/AT      (  486): 
D/AT      (  486): +ECSQ: 14, 99, -268, -293, -25
D/AT      (  486): AT< +ECSQ: 14, 99, -268, -293, -25
D/AT      (  486): RIL_URC2_READER:+ECSQ: 14, 99, -268, -293, -25
D/AT      (  486): RIL_URC2_READER Enter processLine
D/RIL     (  486): Nw URC:+ECSQ: 14, 99, -268, -293, -25
D/RIL     (  486): Reset rssi value to meet GSM signal level: 8
D/RILC    (  486): callForRilVersion new vendor RIL, version: 0
I/RILC    (  486): RIL_SOCKET_2 UNSOLICITED: UNSOL_SIGNAL_STRENGTH length:56
E/RILC    (  486): Send Response to RIL_SOCKET_2
D/DefaultPhoneNotifier(  946): notifySignalStrength: mRegistry=com.android.internal.telephony.ITelephonyRegistry$Stub$Proxy@10f11843 ss=SignalStrength: 8 99 -120 -160 -120 0 -1 99 2147483647 2147483647 2147483647 2147483647 gsm|lte sender=Handler (com.android.internal.telephony.gsm.GSMPhone) {390531c1}
D/AT      (  486): 
D/AT      (  486): +ECSQ: 23, 99, -248, -283, -34
D/AT      (  486): AT< +ECSQ: 23, 99, -248, -283, -34
D/AT      (  486): RIL_URC2_READER:+ECSQ: 23, 99, -248, -283, -34
D/AT      (  486): RIL_URC2_READER Enter processLine
D/RIL     (  486): Nw URC:+ECSQ: 23, 99, -248, -283, -34
D/RIL     (  486): Reset rssi value to meet GSM signal level: 12
D/RILC    (  486): callForRilVersion new vendor RIL, version: 0
I/RILC    (  486): RIL_SOCKET_2 UNSOLICITED: UNSOL_SIGNAL_STRENGTH length:56
E/RILC    (  486): Send Response to RIL_SOCKET_2
D/DefaultPhoneNotifier(  946): notifySignalStrength: mRegistry=com.android.internal.telephony.ITelephonyRegistry$Stub$Proxy@10f11843 ss=SignalStrength: 12 99 -120 -160 -120 0 -1 99 2147483647 2147483647 2147483647 2147483647 gsm|lte sender=Handler (com.android.internal.telephony.gsm.GSMPhone) {390531c1}
D/AT      (  486): 
D/AT      (  486): +ECSQ: 24, 99, -248, -277, -28
D/AT      (  486): AT< +ECSQ: 24, 99, -248, -277, -28
D/AT      (  486): RIL_URC2_READER:+ECSQ: 24, 99, -248, -277, -28
D/AT      (  486): RIL_URC2_READER Enter processLine
D/RIL     (  486): Nw URC:+ECSQ: 24, 99, -248, -277, -28
D/RIL     (  486): Reset rssi value to meet GSM signal level: 12
D/RILC    (  486): callForRilVersion new vendor RIL, version: 0
I/RILC    (  486): RIL_SOCKET_2 UNSOLICITED: UNSOL_SIGNAL_STRENGTH length:56
E/RILC    (  486): Send Response to RIL_SOCKET_2
D/DefaultPhoneNotifier(  946): notifySignalStrength: mRegistry=com.android.internal.telephony.ITelephonyRegistry$Stub$Proxy@10f11843 ss=SignalStrength: 12 99 -120 -160 -120 0 -1 99 2147483647 2147483647 2147483647 2147483647 gsm|lte sender=Handler (com.android.internal.telephony.gsm.GSMPhone) {390531c1}
D/AT      (  486): 
D/AT      (  486): +ECSQ: 25, 99, -260, -288, -27
D/AT      (  486): AT< +ECSQ: 25, 99, -260, -288, -27
D/AT      (  486): RIL_URC2_READER:+ECSQ: 25, 99, -260, -288, -27
D/AT      (  486): RIL_URC2_READER Enter processLine
D/RIL     (  486): Nw URC:+ECSQ: 25, 99, -260, -288, -27
D/RIL     (  486): Reset rssi value to meet GSM signal level: 12
D/RILC    (  486): callForRilVersion new vendor RIL, version: 0
I/RILC    (  486): RIL_SOCKET_2 UNSOLICITED: UNSOL_SIGNAL_STRENGTH length:56
E/RILC    (  486): Send Response to RIL_SOCKET_2
D/DefaultPhoneNotifier(  946): notifySignalStrength: mRegistry=com.android.internal.telephony.ITelephonyRegistry$Stub$Proxy@10f11843 ss=SignalStrength: 12 99 -120 -160 -120 0 -1 99 2147483647 2147483647 2147483647 2147483647 gsm|lte sender=Handler (com.android.internal.telephony.gsm.GSMPhone) {390531c1}
D/AT      (  486): 
D/AT      (  486): +ECSQ: 26, 99, -268, -291, -22
D/AT      (  486): AT< +ECSQ: 26, 99, -268, -291, -22
D/AT      (  486): RIL_URC2_READER:+ECSQ: 26, 99, -268, -291, -22
D/AT      (  486): RIL_URC2_READER Enter processLine
D/RIL     (  486): Nw URC:+ECSQ: 26, 99, -268, -291, -22
D/RIL     (  486): Reset rssi value to meet GSM signal level: 12
D/RILC    (  486): callForRilVersion new vendor RIL, version: 0
I/RILC    (  486): RIL_SOCKET_2 UNSOLICITED: UNSOL_SIGNAL_STRENGTH length:56
E/RILC    (  486): Send Response to RIL_SOCKET_2
D/DefaultPhoneNotifier(  946): notifySignalStrength: mRegistry=com.android.internal.telephony.ITelephonyRegistry$Stub$Proxy@10f11843 ss=SignalStrength: 12 99 -120 -160 -120 0 -1 99 2147483647 2147483647 2147483647 2147483647 gsm|lte sender=Handler (com.android.internal.telephony.gsm.GSMPhone) {390531c1}
D/AT      (  486): 
D/AT      (  486): +ECSQ: 26, 99, -264, -289, -22
D/AT      (  486): AT< +ECSQ: 26, 99, -264, -289, -22
D/AT      (  486): RIL_URC2_READER:+ECSQ: 26, 99, -264, -289, -22
D/AT      (  486): RIL_URC2_READER Enter processLine
D/RIL     (  486): Nw URC:+ECSQ: 26, 99, -264, -289, -22
D/RIL     (  486): Reset rssi value to meet GSM signal level: 12
D/RILC    (  486): callForRilVersion new vendor RIL, version: 0
I/RILC    (  486): RIL_SOCKET_2 UNSOLICITED: UNSOL_SIGNAL_STRENGTH length:56
E/RILC    (  486): Send Response to RIL_SOCKET_2
D/DefaultPhoneNotifier(  946): notifySignalStrength: mRegistry=com.android.internal.telephony.ITelephonyRegistry$Stub$Proxy@10f11843 ss=SignalStrength: 12 99 -120 -160 -120 0 -1 99 2147483647 2147483647 2147483647 2147483647 gsm|lte sender=Handler (com.android.internal.telephony.gsm.GSMPhone) {390531c1}
D/AT      (  486): 
D/AT      (  486): +ECSQ: 14, 99, -284, -317, -33
D/AT      (  486): AT< +ECSQ: 14, 99, -284, -317, -33
D/AT      (  486): RIL_URC2_READER:+ECSQ: 14, 99, -284, -317, -33
D/AT      (  486): RIL_URC2_READER Enter processLine
D/RIL     (  486): Nw URC:+ECSQ: 14, 99, -284, -317, -33
D/RIL     (  486): Reset rssi value to meet GSM signal level: 8
D/RILC    (  486): callForRilVersion new vendor RIL, version: 0
I/RILC    (  486): RIL_SOCKET_2 UNSOLICITED: UNSOL_SIGNAL_STRENGTH length:56
E/RILC    (  486): Send Response to RIL_SOCKET_2
D/DefaultPhoneNotifier(  946): notifySignalStrength: mRegistry=com.android.internal.telephony.ITelephonyRegistry$Stub$Proxy@10f11843 ss=SignalStrength: 8 99 -120 -160 -120 0 -1 99 2147483647 2147483647 2147483647 2147483647 gsm|lte sender=Handler (com.android.internal.telephony.gsm.GSMPhone) {390531c1}
D/AT      (  486): 
D/AT      (  486): +ECSQ: 14, 99, -288, -321, -30
D/AT      (  486): AT< +ECSQ: 14, 99, -288, -321, -30
D/AT      (  486): RIL_URC2_READER:+ECSQ: 14, 99, -288, -321, -30
D/AT      (  486): RIL_URC2_READER Enter processLine
D/RIL     (  486): Nw URC:+ECSQ: 14, 99, -288, -321, -30
D/RIL     (  486): Reset rssi value to meet GSM signal level: 8
D/RILC    (  486): callForRilVersion new vendor RIL, version: 0
I/RILC    (  486): RIL_SOCKET_2 UNSOLICITED: UNSOL_SIGNAL_STRENGTH length:56
E/RILC    (  486): Send Response to RIL_SOCKET_2
D/DefaultPhoneNotifier(  946): notifySignalStrength: mRegistry=com.android.internal.telephony.ITelephonyRegistry$Stub$Proxy@10f11843 ss=SignalStrength: 8 99 -120 -160 -120 0 -1 99 2147483647 2147483647 2147483647 2147483647 gsm|lte sender=Handler (com.android.internal.telephony.gsm.GSMPhone) {390531c1}
D/AT      (  486): 
D/AT      (  486): +ECSQ: 14, 99, -280, -319, -37
D/AT      (  486): AT< +ECSQ: 14, 99, -280, -319, -37
D/AT      (  486): RIL_URC2_READER:+ECSQ: 14, 99, -280, -319, -37
D/AT      (  486): RIL_URC2_READER Enter processLine
D/RIL     (  486): Nw URC:+ECSQ: 14, 99, -280, -319, -37
D/RIL     (  486): Reset rssi value to meet GSM signal level: 8
D/RILC    (  486): callForRilVersion new vendor RIL, version: 0
I/RILC    (  486): RIL_SOCKET_2 UNSOLICITED: UNSOL_SIGNAL_STRENGTH length:56
E/RILC    (  486): Send Response to RIL_SOCKET_2
D/DefaultPhoneNotifier(  946): notifySignalStrength: mRegistry=com.android.internal.telephony.ITelephonyRegistry$Stub$Proxy@10f11843 ss=SignalStrength: 8 99 -120 -160 -120 0 -1 99 2147483647 2147483647 2147483647 2147483647 gsm|lte sender=Handler (com.android.internal.telephony.gsm.GSMPhone) {390531c1}
D/AT      (  486): 
D/AT      (  486): +ECSQ: 14, 99, -268, -315, -45
D/AT      (  486): AT< +ECSQ: 14, 99, -268, -315, -45
D/AT      (  486): RIL_URC2_READER:+ECSQ: 14, 99, -268, -315, -45
D/AT      (  486): RIL_URC2_READER Enter processLine
D/RIL     (  486): Nw URC:+ECSQ: 14, 99, -268, -315, -45
D/RIL     (  486): Reset rssi value to meet GSM signal level: 8
D/RILC    (  486): callForRilVersion new vendor RIL, version: 0
I/RILC    (  486): RIL_SOCKET_2 UNSOLICITED: UNSOL_SIGNAL_STRENGTH length:56
E/RILC    (  486): Send Response to RIL_SOCKET_2
D/DefaultPhoneNotifier(  946): notifySignalStrength: mRegistry=com.android.internal.telephony.ITelephonyRegistry$Stub$Proxy@10f11843 ss=SignalStrength: 8 99 -120 -160 -120 0 -1 99 2147483647 2147483647 2147483647 2147483647 gsm|lte sender=Handler (com.android.internal.telephony.gsm.GSMPhone) {390531c1}
D/AT      (  486): 
D/AT      (  486): +ECSQ: 14, 99, -272, -314, -40
D/AT      (  486): AT< +ECSQ: 14, 99, -272, -314, -40
D/AT      (  486): RIL_URC2_READER:+ECSQ: 14, 99, -272, -314, -40
D/AT      (  486): RIL_URC2_READER Enter processLine
D/RIL     (  486): Nw URC:+ECSQ: 14, 99, -272, -314, -40
D/RIL     (  486): Reset rssi value to meet GSM signal level: 8
D/RILC    (  486): callForRilVersion new vendor RIL, version: 0
I/RILC    (  486): RIL_SOCKET_2 UNSOLICITED: UNSOL_SIGNAL_STRENGTH length:56
E/RILC    (  486): Send Response to RIL_SOCKET_2
D/DefaultPhoneNotifier(  946): notifySignalStrength: mRegistry=com.android.internal.telephony.ITelephonyRegistry$Stub$Proxy@10f11843 ss=SignalStrength: 8 99 -120 -160 -120 0 -1 99 2147483647 2147483647 2147483647 2147483647 gsm|lte sender=Handler (com.android.internal.telephony.gsm.GSMPhone) {390531c1}
D/PhoneFactory(  946): getPhone:- phoneId != DEFAULT_PHONE_ID return sProxyPhones[phoneId] phoneId=1 phone=Handler (com.android.internal.telephony.PhoneProxy) {22a972a8}
D/RILJ    (  946): [4054]> RIL_REQUEST_GET_CELL_INFO_LIST [SUB1]
D/RILC    (  486): SOCKET RIL_SOCKET_2 REQUEST: GET_CELL_INFO_LIST length:8
I/RILC-MTK(  486): create request 109
D/RILC-MTK(  486): GET_CELL_INFO_LIST dispatched to RIL_CMD2_PROXY_2
I/RILC-MTK(  486): RIL_ATCI2_PROXY wakeup
I/RILC-MTK(  486): RIL_ATCI2_PROXY sleep
I/RILC-MTK(  486): RIL_CMD_PROXY_1 wakeup
I/RILC-MTK(  486): RIL_CMD_PROXY_1 sleep
I/RILC-MTK(  486): RIL_CMD2_PROXY_4 wakeup
I/RILC-MTK(  486): RIL_CMD2_PROXY_4 sleep
I/RILC-MTK(  486): RIL_ATCI_PROXY wakeup
I/RILC-MTK(  486): RIL_ATCI_PROXY sleep
I/RILC-MTK(  486): RIL_URC2_PROXY wakeup
I/RILC-MTK(  486): RIL_URC2_PROXY sleep
I/RILC-MTK(  486): RIL_CMD2_PROXY_1 wakeup
I/RILC-MTK(  486): RIL_CMD2_PROXY_1 sleep
I/RILC-MTK(  486): RIL_CMD_PROXY_3 wakeup
I/RILC-MTK(  486): RIL_CMD_PROXY_3 sleep
I/RILC-MTK(  486): RIL_CMD2_PROXY_3 wakeup
I/RILC-MTK(  486): RIL_CMD2_PROXY_3 sleep
I/RILC-MTK(  486): RIL_CMD2_PROXY_2 wakeup
D/RILC-MTK(  486): GET_CELL_INFO_LIST execute on RIL_CMD2_PROXY_2 using channel 8
D/RILC    (  486): callOnRequest for new vendor ril
D/RIL     (  486): onRequest: GET_CELL_INFO_LIST, datalen = 0
D/RIL     (  486): radioState:10
D/AT      (  486): AT send on RIL_CMD2_READER_2, tid:3086179608
D/AT      (  486): AT> AT+ECELL
D/AT      (  486): AT+ECELL
I/RILC-MTK(  486): RIL_CMD_PROXY_4 wakeup
I/RILC-MTK(  486): RIL_CMD_PROXY_4 sleep
I/RILC-MTK(  486): RIL_URC_PROXY wakeup
I/RILC-MTK(  486): RIL_URC_PROXY sleep
I/RILC-MTK(  486): RIL_CMD_PROXY_2 wakeup
I/RILC-MTK(  486): RIL_CMD_PROXY_2 sleep
D/AT      (  486): 
D/AT      (  486): +ECELL: 3,2,"025977E0","8CB1",404,7,268,39,32,-328,-34,268435455,268435455,268435455,2,"025977E0","8CB1",404,7,268,39,32,-328,-34,268435455,268435455,268435455,2,"025977E1","8CB1",404,7,269,28,10,-372,-78,268435455,268435455,268435455
D/AT      (  486): AT< +ECELL: 3,2,"025977E0","8CB1",404,7,268,39,32,-328,-34,268435455,268435455,268435455,2,"025977E0","8CB1",404,7,268,39,32,-328,-34,268435455,268435455,268435455,2,"025977E1","8CB1",404,7,269,28,10,-372,-78,268435455,268435455,268435455
D/AT      (  486): RIL_CMD2_READER_2:+ECELL: 3,2,"025977E0","8CB1",404,7,268,39,32,-328,-34,268435455,268435455,268435455,2,"025977E0","8CB1",404,7,268,39,32,-328,-34,268435455,268435455,268435455,2,"025977E1","8CB1",404,7,269,28,10,-372,-78,268435455,268435455,268435455
D/AT      (  486): RIL_CMD2_READER_2 Enter processLine
D/AT      (  486): 
D/AT      (  486): OK
D/AT      (  486): AT< OK
D/AT      (  486): RIL_CMD2_READER_2:OK
D/AT      (  486): RIL_CMD2_READER_2 Enter processLine
D/AT      (  486): response received on RIL_CMD2_READER_2, tid:3086179608
D/RIL     (  486): Cell info listed, number=3
D/RIL     (  486): act=2,cid=39417824,mcc=404,mnc=7,lacTac=36017,pscPci=268,sig1=39,sig2=32,sig1_dbm=-328,sig1_dbm=-34,ta=268435455,ext1(rssnr)=268435455,ext2(cqi)=268435455
D/RIL     (  486): RIL_CELL_INFO_TYPE_WCDMA act=2
D/RIL     (  486): act=2,cid=39417824,mcc=404,mnc=7,lacTac=36017,pscPci=268,sig1=39,sig2=32,sig1_dbm=-328,sig1_dbm=-34,ta=268435455,ext1(rssnr)=268435455,ext2(cqi)=268435455
D/RIL     (  486): RIL_CELL_INFO_TYPE_WCDMA act=2
D/RIL     (  486): act=2,cid=39417825,mcc=404,mnc=7,lacTac=36017,pscPci=269,sig1=28,sig2=10,sig1_dbm=-372,sig1_dbm=-78,ta=268435455,ext1(rssnr)=268435455,ext2(cqi)=268435455
D/RIL     (  486): RIL_CELL_INFO_TYPE_WCDMA act=2
D/RILC    (  486): RequestComplete, RIL_SOCKET_2
E/RILC    (  486): Send Response to RIL_SOCKET_2
I/RILC-MTK(  486): RIL_CMD2_PROXY_2 sleep
D/RILJ    (  946): [4054]< RIL_REQUEST_GET_CELL_INFO_LIST [CellInfoWcdma:{mRegistered=YES mTimeStampType=oem_ril mTimeStamp=2135939000000ns CellIdentityWcdma:{ mMcc=404 mMnc=7 mLac=36017 mCid=39417824 mPsc=268} CellSignalStrengthWcdma: ss=39 ber=32}, CellInfoWcdma:{mRegistered=NO mTimeStampType=oem_ril mTimeStamp=2135939000000ns CellIdentityWcdma:{ mMcc=404 mMnc=7 mLac=36017 mCid=39417824 mPsc=268} CellSignalStrengthWcdma: ss=39 ber=32}, CellInfoWcdma:{mRegistered=NO mTimeStampType=oem_ril mTimeStamp=2135939000000ns CellIdentityWcdma:{ mMcc=404 mMnc=7 mLac=36017 mCid=39417825 mPsc=269} CellSignalStrengthWcdma: ss=28 ber=10}] [SUB1]
D/GsmSST  (  946): [GsmSST] SST.getAllCellInfo(): X size=3 list=[CellInfoWcdma:{mRegistered=YES mTimeStampType=oem_ril mTimeStamp=2135939000000ns CellIdentityWcdma:{ mMcc=404 mMnc=7 mLac=36017 mCid=39417824 mPsc=268} CellSignalStrengthWcdma: ss=39 ber=32}, CellInfoWcdma:{mRegistered=NO mTimeStampType=oem_ril mTimeStamp=2135939000000ns CellIdentityWcdma:{ mMcc=404 mMnc=7 mLac=36017 mCid=39417824 mPsc=268} CellSignalStrengthWcdma: ss=39 ber=32}, CellInfoWcdma:{mRegistered=NO mTimeStampType=oem_ril mTimeStamp=2135939000000ns CellIdentityWcdma:{ mMcc=404 mMnc=7 mLac=36017 mCid=39417825 mPsc=269} CellSignalStrengthWcdma: ss=28 ber=10}]
D/GsmSST  (  946): [GsmSST] getCellLocation(): X ret WCDMA info=[36017,39417824,268]
D/PhoneFactory(  946): getPhone:- phoneId != DEFAULT_PHONE_ID return sProxyPhones[phoneId] phoneId=1 phone=Handler (com.android.internal.telephony.PhoneProxy) {22a972a8}
D/TelephonyManager( 1303): getSimOperatorNumeric(): default subId=5
D/TelephonyManager( 1303): getTelephonyProperty: return propVal='40449' phoneId=1 property='gsm.sim.operator.numeric' defaultVal='' prop=,40449
D/PhoneFactory(  946): getPhone:- phoneId != DEFAULT_PHONE_ID return sProxyPhones[phoneId] phoneId=1 phone=Handler (com.android.internal.telephony.PhoneProxy) {22a972a8}
D/TelephonyManager( 1303): getTelephonyProperty: return propVal='null' phoneId=1 property='gsm.operator.numeric' defaultVal='' prop=,
D/RILJ    (  946): [4055]> REQUEST_GET_NEIGHBORING_CELL_IDS [SUB0]
D/RILC    (  486): SOCKET RIL_SOCKET_1 REQUEST: GET_NEIGHBORING_CELL_IDS length:8
I/RILC-MTK(  486): create request 75
D/RILC-MTK(  486): GET_NEIGHBORING_CELL_IDS dispatched to RIL_URC_PROXY
I/RILC-MTK(  486): RIL_ATCI2_PROXY wakeup
I/RILC-MTK(  486): RIL_ATCI2_PROXY sleep
I/RILC-MTK(  486): RIL_CMD_PROXY_1 wakeup
I/RILC-MTK(  486): RIL_CMD_PROXY_1 sleep
I/RILC-MTK(  486): RIL_CMD2_PROXY_4 wakeup
I/RILC-MTK(  486): RIL_CMD2_PROXY_4 sleep
I/RILC-MTK(  486): RIL_ATCI_PROXY wakeup
I/RILC-MTK(  486): RIL_ATCI_PROXY sleep
I/RILC-MTK(  486): RIL_URC2_PROXY wakeup
I/RILC-MTK(  486): RIL_URC2_PROXY sleep
I/RILC-MTK(  486): RIL_CMD2_PROXY_1 wakeup
I/RILC-MTK(  486): RIL_CMD2_PROXY_1 sleep
I/RILC-MTK(  486): RIL_CMD_PROXY_3 wakeup
I/RILC-MTK(  486): RIL_CMD_PROXY_3 sleep
I/RILC-MTK(  486): RIL_CMD2_PROXY_3 wakeup
I/RILC-MTK(  486): RIL_CMD2_PROXY_3 sleep
I/RILC-MTK(  486): RIL_CMD_PROXY_4 wakeup
I/RILC-MTK(  486): RIL_CMD_PROXY_4 sleep
I/RILC-MTK(  486): RIL_URC_PROXY wakeup
D/RILC-MTK(  486): GET_NEIGHBORING_CELL_IDS execute on RIL_URC_PROXY using channel 0
D/RILC    (  486): callOnRequest for new vendor ril
D/RIL     (  486): onRequest: GET_NEIGHBORING_CELL_IDS, datalen = 0
D/RIL     (  486): radioState:10
D/AT      (  486): AT send on RIL_URC_READER, tid:3086174936
D/AT      (  486): AT> AT+ENBR
D/AT      (  486): AT+ENBR
I/RILC-MTK(  486): RIL_CMD_PROXY_2 wakeup
I/RILC-MTK(  486): RIL_CMD_PROXY_2 sleep
I/RILC-MTK(  486): RIL_CMD2_PROXY_2 wakeup
I/RILC-MTK(  486): RIL_CMD2_PROXY_2 sleep
D/AT      (  486): 
D/AT      (  486): OK
D/AT      (  486): AT< OK
D/AT      (  486): RIL_URC_READER:OK
D/AT      (  486): RIL_URC_READER Enter processLine
D/AT      (  486): response received on RIL_URC_READER, tid:3086174936
D/RILC    (  486): RequestComplete, RIL_SOCKET_1
E/RILC    (  486): Send Response to RIL_SOCKET_1
I/RILC-MTK(  486): RIL_URC_PROXY sleep
D/SubscriptionController(  946): [getSubId]- numSubIds == 0, return DummySubIds slotIdx=0
D/SubscriptionController(  946): getDummySubIds: slotIdx=0 return 2 DummySubIds with each subId=-2
D/SubscriptionController(  946): [getPhoneId]- invalid subId return=-1
D/PhoneFactory(  946): getPhone:- phoneId != DEFAULT_PHONE_ID return sProxyPhones[phoneId] phoneId=-1 phone=null
D/RILJ    (  946): [4055]< REQUEST_GET_NEIGHBORING_CELL_IDS   [SUB0]
D/RILJ    (  946): [4056]> RIL_REQUEST_GET_CELL_INFO_LIST [SUB0]
D/RILC    (  486): SOCKET RIL_SOCKET_1 REQUEST: GET_CELL_INFO_LIST length:8
I/RILC-MTK(  486): create request 109
D/RILC-MTK(  486): GET_CELL_INFO_LIST dispatched to RIL_CMD_PROXY_2
I/RILC-MTK(  486): RIL_ATCI2_PROXY wakeup
I/RILC-MTK(  486): RIL_ATCI2_PROXY sleep
I/RILC-MTK(  486): RIL_CMD_PROXY_1 wakeup
I/RILC-MTK(  486): RIL_CMD_PROXY_1 sleep
I/RILC-MTK(  486): RIL_CMD2_PROXY_4 wakeup
I/RILC-MTK(  486): RIL_CMD2_PROXY_4 sleep
I/RILC-MTK(  486): RIL_ATCI_PROXY wakeup
I/RILC-MTK(  486): RIL_ATCI_PROXY sleep
I/RILC-MTK(  486): RIL_URC2_PROXY wakeup
I/RILC-MTK(  486): RIL_URC2_PROXY sleep
I/RILC-MTK(  486): RIL_CMD2_PROXY_1 wakeup
I/RILC-MTK(  486): RIL_CMD2_PROXY_1 sleep
I/RILC-MTK(  486): RIL_CMD_PROXY_3 wakeup
I/RILC-MTK(  486): RIL_CMD_PROXY_3 sleep
I/RILC-MTK(  486): RIL_CMD2_PROXY_3 wakeup
I/RILC-MTK(  486): RIL_CMD2_PROXY_3 sleep
I/RILC-MTK(  486): RIL_CMD_PROXY_4 wakeup
I/RILC-MTK(  486): RIL_CMD_PROXY_4 sleep
I/RILC-MTK(  486): RIL_CMD_PROXY_2 wakeup
D/RILC-MTK(  486): GET_CELL_INFO_LIST execute on RIL_CMD_PROXY_2 using channel 2
D/RILC    (  486): callOnRequest for new vendor ril
D/RIL     (  486): onRequest: GET_CELL_INFO_LIST, datalen = 0
D/RIL     (  486): radioState:10
D/AT      (  486): AT send on RIL_CMD_READER_2, tid:3086176104
D/AT      (  486): AT> AT+ECELL
D/AT      (  486): AT+ECELL
I/RILC-MTK(  486): RIL_CMD2_PROXY_2 wakeup
I/RILC-MTK(  486): RIL_CMD2_PROXY_2 sleep
I/RILC-MTK(  486): RIL_URC_PROXY wakeup
I/RILC-MTK(  486): RIL_URC_PROXY sleep
D/AT      (  486): 
D/AT      (  486): +ECELL: 0
D/AT      (  486): AT< +ECELL: 0
D/AT      (  486): RIL_CMD_READER_2:+ECELL: 0
D/AT      (  486): RIL_CMD_READER_2 Enter processLine
D/AT      (  486): 
D/AT      (  486): OK
D/AT      (  486): AT< OK
D/AT      (  486): RIL_CMD_READER_2:OK
D/AT      (  486): RIL_CMD_READER_2 Enter processLine
D/AT      (  486): response received on RIL_CMD_READER_2, tid:3086176104
D/RIL     (  486): No cell info listed, num=0
E/RIL     (  486): requestGetCellInfoList must never return error when radio is on
D/RILC    (  486): RequestComplete, RIL_SOCKET_1
E/RILC    (  486): Send Response to RIL_SOCKET_1
I/RILC-MTK(  486): RIL_CMD_PROXY_2 sleep
D/RilRequest(  946): [4056]< RIL_REQUEST_GET_CELL_INFO_LIST error: com.android.internal.telephony.CommandException: GENERIC_FAILURE ret=
D/GsmSST  (  946): [GsmSST] EVENT_GET_CELL_INFO_LIST: error ret null, e=com.android.internal.telephony.CommandException: GENERIC_FAILURE
D/GsmSST  (  946): [GsmSST] SST.getAllCellInfo(): X size=0 list=null
D/PhoneFactory(  946): getPhone:- phoneId != DEFAULT_PHONE_ID return sProxyPhones[phoneId] phoneId=1 phone=Handler (com.android.internal.telephony.PhoneProxy) {22a972a8}
D/GsmSST  (  946): [GsmSST] SST.getAllCellInfo(): return last, back to back calls
D/GsmSST  (  946): [GsmSST] SST.getAllCellInfo(): X size=3 list=[CellInfoWcdma:{mRegistered=YES mTimeStampType=oem_ril mTimeStamp=2135939000000ns CellIdentityWcdma:{ mMcc=404 mMnc=7 mLac=36017 mCid=39417824 mPsc=268} CellSignalStrengthWcdma: ss=39 ber=32}, CellInfoWcdma:{mRegistered=NO mTimeStampType=oem_ril mTimeStamp=2135939000000ns CellIdentityWcdma:{ mMcc=404 mMnc=7 mLac=36017 mCid=39417824 mPsc=268} CellSignalStrengthWcdma: ss=39 ber=32}, CellInfoWcdma:{mRegistered=NO mTimeStampType=oem_ril mTimeStamp=2135939000000ns CellIdentityWcdma:{ mMcc=404 mMnc=7 mLac=36017 mCid=39417825 mPsc=269} CellSignalStrengthWcdma: ss=28 ber=10}]
D/GsmSST  (  946): [GsmSST] getCellLocation(): X ret WCDMA info=[36017,39417824,268]
D/PhoneFactory(  946): getPhone:- phoneId != DEFAULT_PHONE_ID return sProxyPhones[phoneId] phoneId=1 phone=Handler (com.android.internal.telephony.PhoneProxy) {22a972a8}
D/TelephonyManager( 1303): getTelephonyProperty: return propVal='in' phoneId=1 property='gsm.sim.operator.iso-country' defaultVal='' prop=,in
D/TelephonyManager( 1303): getTelephonyProperty: return propVal='null' phoneId=1 property='gsm.operator.iso-country' defaultVal='' prop=,
D/TelephonyManager( 1303): getTelephonyProperty: return propVal='null' phoneId=1 property='gsm.operator.numeric' defaultVal='' prop=,
D/AT      (  486): 
D/AT      (  486): +ECSQ: 14, 99, -272, -303, -30
D/AT      (  486): AT< +ECSQ: 14, 99, -272, -303, -30
D/AT      (  486): RIL_URC2_READER:+ECSQ: 14, 99, -272, -303, -30
D/AT      (  486): RIL_URC2_READER Enter processLine
D/RIL     (  486): Nw URC:+ECSQ: 14, 99, -272, -303, -30
D/RIL     (  486): Reset rssi value to meet GSM signal level: 8
D/RILC    (  486): callForRilVersion new vendor RIL, version: 0
I/RILC    (  486): RIL_SOCKET_2 UNSOLICITED: UNSOL_SIGNAL_STRENGTH length:56
E/RILC    (  486): Send Response to RIL_SOCKET_2
D/DefaultPhoneNotifier(  946): notifySignalStrength: mRegistry=com.android.internal.telephony.ITelephonyRegistry$Stub$Proxy@10f11843 ss=SignalStrength: 8 99 -120 -160 -120 0 -1 99 2147483647 2147483647 2147483647 2147483647 gsm|lte sender=Handler (com.android.internal.telephony.gsm.GSMPhone) {390531c1}
D/AT      (  486): 
D/AT      (  486): +ECSQ: 14, 99, -276, -317, -40
D/AT      (  486): AT< +ECSQ: 14, 99, -276, -317, -40
D/AT      (  486): RIL_URC2_READER:+ECSQ: 14, 99, -276, -317, -40
D/AT      (  486): RIL_URC2_READER Enter processLine
D/RIL     (  486): Nw URC:+ECSQ: 14, 99, -276, -317, -40
D/RIL     (  486): Reset rssi value to meet GSM signal level: 8
D/RILC    (  486): callForRilVersion new vendor RIL, version: 0
I/RILC    (  486): RIL_SOCKET_2 UNSOLICITED: UNSOL_SIGNAL_STRENGTH length:56
E/RILC    (  486): Send Response to RIL_SOCKET_2
D/DefaultPhoneNotifier(  946): notifySignalStrength: mRegistry=com.android.internal.telephony.ITelephonyRegistry$Stub$Proxy@10f11843 ss=SignalStrength: 8 99 -120 -160 -120 0 -1 99 2147483647 2147483647 2147483647 2147483647 gsm|lte sender=Handler (com.android.internal.telephony.gsm.GSMPhone) {390531c1}
D/AT      (  486): 
D/AT      (  486): +ECSQ: 14, 99, -264, -300, -33
D/AT      (  486): AT< +ECSQ: 14, 99, -264, -300, -33
D/AT      (  486): RIL_URC2_READER:+ECSQ: 14, 99, -264, -300, -33
D/AT      (  486): RIL_URC2_READER Enter processLine
D/RIL     (  486): Nw URC:+ECSQ: 14, 99, -264, -300, -33
D/RIL     (  486): Reset rssi value to meet GSM signal level: 8
D/RILC    (  486): callForRilVersion new vendor RIL, version: 0
I/RILC    (  486): RIL_SOCKET_2 UNSOLICITED: UNSOL_SIGNAL_STRENGTH length:56
E/RILC    (  486): Send Response to RIL_SOCKET_2
D/DefaultPhoneNotifier(  946): notifySignalStrength: mRegistry=com.android.internal.telephony.ITelephonyRegistry$Stub$Proxy@10f11843 ss=SignalStrength: 8 99 -120 -160 -120 0 -1 99 2147483647 2147483647 2147483647 2147483647 gsm|lte sender=Handler (com.android.internal.telephony.gsm.GSMPhone) {390531c1}
D/AT      (  486): 
D/AT      (  486): +ECSQ: 14, 99, -264, -302, -37
D/AT      (  486): AT< +ECSQ: 14, 99, -264, -302, -37
D/AT      (  486): RIL_URC2_READER:+ECSQ: 14, 99, -264, -302, -37
D/AT      (  486): RIL_URC2_READER Enter processLine
D/RIL     (  486): Nw URC:+ECSQ: 14, 99, -264, -302, -37
D/RIL     (  486): Reset rssi value to meet GSM signal level: 8
D/RILC    (  486): callForRilVersion new vendor RIL, version: 0
I/RILC    (  486): RIL_SOCKET_2 UNSOLICITED: UNSOL_SIGNAL_STRENGTH length:56
E/RILC    (  486): Send Response to RIL_SOCKET_2
D/DefaultPhoneNotifier(  946): notifySignalStrength: mRegistry=com.android.internal.telephony.ITelephonyRegistry$Stub$Proxy@10f11843 ss=SignalStrength: 8 99 -120 -160 -120 0 -1 99 2147483647 2147483647 2147483647 2147483647 gsm|lte sender=Handler (com.android.internal.telephony.gsm.GSMPhone) {390531c1}
D/AT      (  486): 
D/AT      (  486): +ECSQ: 14, 99, -268, -301, -33
D/AT      (  486): AT< +ECSQ: 14, 99, -268, -301, -33
D/AT      (  486): RIL_URC2_READER:+ECSQ: 14, 99, -268, -301, -33
D/AT      (  486): RIL_URC2_READER Enter processLine
D/RIL     (  486): Nw URC:+ECSQ: 14, 99, -268, -301, -33
D/RIL     (  486): Reset rssi value to meet GSM signal level: 8
D/RILC    (  486): callForRilVersion new vendor RIL, version: 0
I/RILC    (  486): RIL_SOCKET_2 UNSOLICITED: UNSOL_SIGNAL_STRENGTH length:56
E/RILC    (  486): Send Response to RIL_SOCKET_2
D/DefaultPhoneNotifier(  946): notifySignalStrength: mRegistry=com.android.internal.telephony.ITelephonyRegistry$Stub$Proxy@10f11843 ss=SignalStrength: 8 99 -120 -160 -120 0 -1 99 2147483647 2147483647 2147483647 2147483647 gsm|lte sender=Handler (com.android.internal.telephony.gsm.GSMPhone) {390531c1}
D/AT      (  486): 
D/AT      (  486): +ECSQ: 14, 99, -260, -307, -46
D/AT      (  486): AT< +ECSQ: 14, 99, -260, -307, -46
D/AT      (  486): RIL_URC2_READER:+ECSQ: 14, 99, -260, -307, -46
D/AT      (  486): RIL_URC2_READER Enter processLine
D/RIL     (  486): Nw URC:+ECSQ: 14, 99, -260, -307, -46
D/RIL     (  486): Reset rssi value to meet GSM signal level: 8
D/RILC    (  486): callForRilVersion new vendor RIL, version: 0
I/RILC    (  486): RIL_SOCKET_2 UNSOLICITED: UNSOL_SIGNAL_STRENGTH length:56
E/RILC    (  486): Send Response to RIL_SOCKET_2
D/DefaultPhoneNotifier(  946): notifySignalStrength: mRegistry=com.android.internal.telephony.ITelephonyRegistry$Stub$Proxy@10f11843 ss=SignalStrength: 8 99 -120 -160 -120 0 -1 99 2147483647 2147483647 2147483647 2147483647 gsm|lte sender=Handler (com.android.internal.telephony.gsm.GSMPhone) {390531c1}
D/AT      (  486): 
D/AT      (  486): +ECSQ: 14, 99, -260, -313, -51
D/AT      (  486): AT< +ECSQ: 14, 99, -260, -313, -51
D/AT      (  486): RIL_URC2_READER:+ECSQ: 14, 99, -260, -313, -51
D/AT      (  486): RIL_URC2_READER Enter processLine
D/RIL     (  486): Nw URC:+ECSQ: 14, 99, -260, -313, -51
D/RIL     (  486): Reset rssi value to meet GSM signal level: 8
D/RILC    (  486): callForRilVersion new vendor RIL, version: 0
I/RILC    (  486): RIL_SOCKET_2 UNSOLICITED: UNSOL_SIGNAL_STRENGTH length:56
E/RILC    (  486): Send Response to RIL_SOCKET_2
D/DefaultPhoneNotifier(  946): notifySignalStrength: mRegistry=com.android.internal.telephony.ITelephonyRegistry$Stub$Proxy@10f11843 ss=SignalStrength: 8 99 -120 -160 -120 0 -1 99 2147483647 2147483647 2147483647 2147483647 gsm|lte sender=Handler (com.android.internal.telephony.gsm.GSMPhone) {390531c1}
D/AT      (  486): 
D/AT      (  486): +ECSQ: 14, 99, -260, -308, -48
D/AT      (  486): AT< +ECSQ: 14, 99, -260, -308, -48
D/AT      (  486): RIL_URC2_READER:+ECSQ: 14, 99, -260, -308, -48
D/AT      (  486): RIL_URC2_READER Enter processLine
D/RIL     (  486): Nw URC:+ECSQ: 14, 99, -260, -308, -48
D/RIL     (  486): Reset rssi value to meet GSM signal level: 8
D/RILC    (  486): callForRilVersion new vendor RIL, version: 0
I/RILC    (  486): RIL_SOCKET_2 UNSOLICITED: UNSOL_SIGNAL_STRENGTH length:56
E/RILC    (  486): Send Response to RIL_SOCKET_2
D/DefaultPhoneNotifier(  946): notifySignalStrength: mRegistry=com.android.internal.telephony.ITelephonyRegistry$Stub$Proxy@10f11843 ss=SignalStrength: 8 99 -120 -160 -120 0 -1 99 2147483647 2147483647 2147483647 2147483647 gsm|lte sender=Handler (com.android.internal.telephony.gsm.GSMPhone) {390531c1}
D/AT      (  486): 
D/AT      (  486): +ECSQ: 14, 99, -272, -302, -28
D/AT      (  486): AT< +ECSQ: 14, 99, -272, -302, -28
D/AT      (  486): RIL_URC2_READER:+ECSQ: 14, 99, -272, -302, -28
D/AT      (  486): RIL_URC2_READER Enter processLine
D/RIL     (  486): Nw URC:+ECSQ: 14, 99, -272, -302, -28
D/RIL     (  486): Reset rssi value to meet GSM signal level: 8
D/RILC    (  486): callForRilVersion new vendor RIL, version: 0
I/RILC    (  486): RIL_SOCKET_2 UNSOLICITED: UNSOL_SIGNAL_STRENGTH length:56
E/RILC    (  486): Send Response to RIL_SOCKET_2
D/DefaultPhoneNotifier(  946): notifySignalStrength: mRegistry=com.android.internal.telephony.ITelephonyRegistry$Stub$Proxy@10f11843 ss=SignalStrength: 8 99 -120 -160 -120 0 -1 99 2147483647 2147483647 2147483647 2147483647 gsm|lte sender=Handler (com.android.internal.telephony.gsm.GSMPhone) {390531c1}
D/AT      (  486): 
D/AT      (  486): +ECSQ: 14, 99, -256, -297, -40
D/AT      (  486): AT< +ECSQ: 14, 99, -256, -297, -40
D/AT      (  486): RIL_URC2_READER:+ECSQ: 14, 99, -256, -297, -40
D/AT      (  486): RIL_URC2_READER Enter processLine
D/RIL     (  486): Nw URC:+ECSQ: 14, 99, -256, -297, -40
D/RIL     (  486): Reset rssi value to meet GSM signal level: 8
D/RILC    (  486): callForRilVersion new vendor RIL, version: 0
I/RILC    (  486): RIL_SOCKET_2 UNSOLICITED: UNSOL_SIGNAL_STRENGTH length:56
E/RILC    (  486): Send Response to RIL_SOCKET_2
D/DefaultPhoneNotifier(  946): notifySignalStrength: mRegistry=com.android.internal.telephony.ITelephonyRegistry$Stub$Proxy@10f11843 ss=SignalStrength: 8 99 -120 -160 -120 0 -1 99 2147483647 2147483647 2147483647 2147483647 gsm|lte sender=Handler (com.android.internal.telephony.gsm.GSMPhone) {390531c1}
D/AT      (  486): 
D/AT      (  486): +ECSQ: 14, 99, -252, -294, -39
D/AT      (  486): AT< +ECSQ: 14, 99, -252, -294, -39
D/AT      (  486): RIL_URC2_READER:+ECSQ: 14, 99, -252, -294, -39
D/AT      (  486): RIL_URC2_READER Enter processLine
D/RIL     (  486): Nw URC:+ECSQ: 14, 99, -252, -294, -39
D/RIL     (  486): Reset rssi value to meet GSM signal level: 8
D/RILC    (  486): callForRilVersion new vendor RIL, version: 0
I/RILC    (  486): RIL_SOCKET_2 UNSOLICITED: UNSOL_SIGNAL_STRENGTH length:56
E/RILC    (  486): Send Response to RIL_SOCKET_2
D/DefaultPhoneNotifier(  946): notifySignalStrength: mRegistry=com.android.internal.telephony.ITelephonyRegistry$Stub$Proxy@10f11843 ss=SignalStrength: 8 99 -120 -160 -120 0 -1 99 2147483647 2147483647 2147483647 2147483647 gsm|lte sender=Handler (com.android.internal.telephony.gsm.GSMPhone) {390531c1}
D/AT      (  486): 
D/AT      (  486): +ECSQ: 20, 99, -244, -291, -44
D/AT      (  486): AT< +ECSQ: 20, 99, -244, -291, -44
D/AT      (  486): RIL_URC2_READER:+ECSQ: 20, 99, -244, -291, -44
D/AT      (  486): RIL_URC2_READER Enter processLine
D/RIL     (  486): Nw URC:+ECSQ: 20, 99, -244, -291, -44
D/RIL     (  486): Reset rssi value to meet GSM signal level: 12
D/RILC    (  486): callForRilVersion new vendor RIL, version: 0
I/RILC    (  486): RIL_SOCKET_2 UNSOLICITED: UNSOL_SIGNAL_STRENGTH length:56
E/RILC    (  486): Send Response to RIL_SOCKET_2
D/DefaultPhoneNotifier(  946): notifySignalStrength: mRegistry=com.android.internal.telephony.ITelephonyRegistry$Stub$Proxy@10f11843 ss=SignalStrength: 12 99 -120 -160 -120 0 -1 99 2147483647 2147483647 2147483647 2147483647 gsm|lte sender=Handler (com.android.internal.telephony.gsm.GSMPhone) {390531c1}
D/TelephonyManager( 1303): getTelephonyProperty: return propVal='null' phoneId=1 property='gsm.operator.numeric' defaultVal='' prop=,
D/AT      (  486): 
D/AT      (  486): +ECSQ: 14, 99, -240, -292, -49
D/AT      (  486): AT< +ECSQ: 14, 99, -240, -292, -49
D/AT      (  486): RIL_URC2_READER:+ECSQ: 14, 99, -240, -292, -49
D/AT      (  486): RIL_URC2_READER Enter processLine
D/RIL     (  486): Nw URC:+ECSQ: 14, 99, -240, -292, -49
D/RIL     (  486): Reset rssi value to meet GSM signal level: 8
D/RILC    (  486): callForRilVersion new vendor RIL, version: 0
I/RILC    (  486): RIL_SOCKET_2 UNSOLICITED: UNSOL_SIGNAL_STRENGTH length:56
E/RILC    (  486): Send Response to RIL_SOCKET_2
D/DefaultPhoneNotifier(  946): notifySignalStrength: mRegistry=com.android.internal.telephony.ITelephonyRegistry$Stub$Proxy@10f11843 ss=SignalStrength: 8 99 -120 -160 -120 0 -1 99 2147483647 2147483647 2147483647 2147483647 gsm|lte sender=Handler (com.android.internal.telephony.gsm.GSMPhone) {390531c1}
D/AT      (  486): 
D/AT      (  486): +ECSQ: 14, 99, -252, -305, -51
D/AT      (  486): AT< +ECSQ: 14, 99, -252, -305, -51
D/AT      (  486): RIL_URC2_READER:+ECSQ: 14, 99, -252, -305, -51
D/AT      (  486): RIL_URC2_READER Enter processLine
D/RIL     (  486): Nw URC:+ECSQ: 14, 99, -252, -305, -51
D/RIL     (  486): Reset rssi value to meet GSM signal level: 8
D/RILC    (  486): callForRilVersion new vendor RIL, version: 0
I/RILC    (  486): RIL_SOCKET_2 UNSOLICITED: UNSOL_SIGNAL_STRENGTH length:56
E/RILC    (  486): Send Response to RIL_SOCKET_2
D/DefaultPhoneNotifier(  946): notifySignalStrength: mRegistry=com.android.internal.telephony.ITelephonyRegistry$Stub$Proxy@10f11843 ss=SignalStrength: 8 99 -120 -160 -120 0 -1 99 2147483647 2147483647 2147483647 2147483647 gsm|lte sender=Handler (com.android.internal.telephony.gsm.GSMPhone) {390531c1}
D/AT      (  486): 
D/AT      (  486): +ECSQ: 14, 99, -252, -294, -40
D/AT      (  486): AT< +ECSQ: 14, 99, -252, -294, -40
D/AT      (  486): RIL_URC2_READER:+ECSQ: 14, 99, -252, -294, -40
D/AT      (  486): RIL_URC2_READER Enter processLine
D/RIL     (  486): Nw URC:+ECSQ: 14, 99, -252, -294, -40
D/RIL     (  486): Reset rssi value to meet GSM signal level: 8
D/RILC    (  486): callForRilVersion new vendor RIL, version: 0
I/RILC    (  486): RIL_SOCKET_2 UNSOLICITED: UNSOL_SIGNAL_STRENGTH length:56
E/RILC    (  486): Send Response to RIL_SOCKET_2
D/DefaultPhoneNotifier(  946): notifySignalStrength: mRegistry=com.android.internal.telephony.ITelephonyRegistry$Stub$Proxy@10f11843 ss=SignalStrength: 8 99 -120 -160 -120 0 -1 99 2147483647 2147483647 2147483647 2147483647 gsm|lte sender=Handler (com.android.internal.telephony.gsm.GSMPhone) {390531c1}
D/AT      (  486): 
D/AT      (  486): +ECSQ: 14, 99, -276, -308, -32
D/AT      (  486): AT< +ECSQ: 14, 99, -276, -308, -32
D/AT      (  486): RIL_URC2_READER:+ECSQ: 14, 99, -276, -308, -32
D/AT      (  486): RIL_URC2_READER Enter processLine
D/RIL     (  486): Nw URC:+ECSQ: 14, 99, -276, -308, -32
D/RIL     (  486): Reset rssi value to meet GSM signal level: 8
D/RILC    (  486): callForRilVersion new vendor RIL, version: 0
I/RILC    (  486): RIL_SOCKET_2 UNSOLICITED: UNSOL_SIGNAL_STRENGTH length:56
E/RILC    (  486): Send Response to RIL_SOCKET_2
D/DefaultPhoneNotifier(  946): notifySignalStrength: mRegistry=com.android.internal.telephony.ITelephonyRegistry$Stub$Proxy@10f11843 ss=SignalStrength: 8 99 -120 -160 -120 0 -1 99 2147483647 2147483647 2147483647 2147483647 gsm|lte sender=Handler (com.android.internal.telephony.gsm.GSMPhone) {390531c1}
D/AT      (  486): 
D/AT      (  486): +ECSQ: 14, 99, -280, -313, -30
D/AT      (  486): AT< +ECSQ: 14, 99, -280, -313, -30
D/AT      (  486): RIL_URC2_READER:+ECSQ: 14, 99, -280, -313, -30
D/AT      (  486): RIL_URC2_READER Enter processLine
D/RIL     (  486): Nw URC:+ECSQ: 14, 99, -280, -313, -30
D/RIL     (  486): Reset rssi value to meet GSM signal level: 8
D/RILC    (  486): callForRilVersion new vendor RIL, version: 0
I/RILC    (  486): RIL_SOCKET_2 UNSOLICITED: UNSOL_SIGNAL_STRENGTH length:56
E/RILC    (  486): Send Response to RIL_SOCKET_2
D/DefaultPhoneNotifier(  946): notifySignalStrength: mRegistry=com.android.internal.telephony.ITelephonyRegistry$Stub$Proxy@10f11843 ss=SignalStrength: 8 99 -120 -160 -120 0 -1 99 2147483647 2147483647 2147483647 2147483647 gsm|lte sender=Handler (com.android.internal.telephony.gsm.GSMPhone) {390531c1}
D/AT      (  486): 
D/AT      (  486): +ECSQ: 14, 99, -276, -313, -34
D/AT      (  486): AT< +ECSQ: 14, 99, -276, -313, -34
D/AT      (  486): RIL_URC2_READER:+ECSQ: 14, 99, -276, -313, -34
D/AT      (  486): RIL_URC2_READER Enter processLine
D/RIL     (  486): Nw URC:+ECSQ: 14, 99, -276, -313, -34
D/RIL     (  486): Reset rssi value to meet GSM signal level: 8
D/RILC    (  486): callForRilVersion new vendor RIL, version: 0
I/RILC    (  486): RIL_SOCKET_2 UNSOLICITED: UNSOL_SIGNAL_STRENGTH length:56
E/RILC    (  486): Send Response to RIL_SOCKET_2
D/DefaultPhoneNotifier(  946): notifySignalStrength: mRegistry=com.android.internal.telephony.ITelephonyRegistry$Stub$Proxy@10f11843 ss=SignalStrength: 8 99 -120 -160 -120 0 -1 99 2147483647 2147483647 2147483647 2147483647 gsm|lte sender=Handler (com.android.internal.telephony.gsm.GSMPhone) {390531c1}
D/AT      (  486): 
D/AT      (  486): +ECSQ: 14, 99, -272, -308, -35
D/AT      (  486): AT< +ECSQ: 14, 99, -272, -308, -35
D/AT      (  486): RIL_URC2_READER:+ECSQ: 14, 99, -272, -308, -35
D/AT      (  486): RIL_URC2_READER Enter processLine
D/RIL     (  486): Nw URC:+ECSQ: 14, 99, -272, -308, -35
D/RIL     (  486): Reset rssi value to meet GSM signal level: 8
D/RILC    (  486): callForRilVersion new vendor RIL, version: 0
I/RILC    (  486): RIL_SOCKET_2 UNSOLICITED: UNSOL_SIGNAL_STRENGTH length:56
E/RILC    (  486): Send Response to RIL_SOCKET_2
D/DefaultPhoneNotifier(  946): notifySignalStrength: mRegistry=com.android.internal.telephony.ITelephonyRegistry$Stub$Proxy@10f11843 ss=SignalStrength: 8 99 -120 -160 -120 0 -1 99 2147483647 2147483647 2147483647 2147483647 gsm|lte sender=Handler (com.android.internal.telephony.gsm.GSMPhone) {390531c1}
D/AT      (  486): 
D/AT      (  486): +ECSQ: 14, 99, -268, -297, -27
D/AT      (  486): AT< +ECSQ: 14, 99, -268, -297, -27
D/AT      (  486): RIL_URC2_READER:+ECSQ: 14, 99, -268, -297, -27
D/AT      (  486): RIL_URC2_READER Enter processLine
D/RIL     (  486): Nw URC:+ECSQ: 14, 99, -268, -297, -27
D/RIL     (  486): Reset rssi value to meet GSM signal level: 8
D/RILC    (  486): callForRilVersion new vendor RIL, version: 0
I/RILC    (  486): RIL_SOCKET_2 UNSOLICITED: UNSOL_SIGNAL_STRENGTH length:56
E/RILC    (  486): Send Response to RIL_SOCKET_2
D/DefaultPhoneNotifier(  946): notifySignalStrength: mRegistry=com.android.internal.telephony.ITelephonyRegistry$Stub$Proxy@10f11843 ss=SignalStrength: 8 99 -120 -160 -120 0 -1 99 2147483647 2147483647 2147483647 2147483647 gsm|lte sender=Handler (com.android.internal.telephony.gsm.GSMPhone) {390531c1}
D/AT      (  486): 
D/AT      (  486): +ECSQ: 14, 99, -268, -295, -27
D/AT      (  486): AT< +ECSQ: 14, 99, -268, -295, -27
D/AT      (  486): RIL_URC2_READER:+ECSQ: 14, 99, -268, -295, -27
D/AT      (  486): RIL_URC2_READER Enter processLine
D/RIL     (  486): Nw URC:+ECSQ: 14, 99, -268, -295, -27
D/RIL     (  486): Reset rssi value to meet GSM signal level: 8
D/RILC    (  486): callForRilVersion new vendor RIL, version: 0
I/RILC    (  486): RIL_SOCKET_2 UNSOLICITED: UNSOL_SIGNAL_STRENGTH length:56
E/RILC    (  486): Send Response to RIL_SOCKET_2
D/DefaultPhoneNotifier(  946): notifySignalStrength: mRegistry=com.android.internal.telephony.ITelephonyRegistry$Stub$Proxy@10f11843 ss=SignalStrength: 8 99 -120 -160 -120 0 -1 99 2147483647 2147483647 2147483647 2147483647 gsm|lte sender=Handler (com.android.internal.telephony.gsm.GSMPhone) {390531c1}
D/AT      (  486): 
D/AT      (  486): +ECSQ: 14, 99, -268, -300, -30
D/AT      (  486): AT< +ECSQ: 14, 99, -268, -300, -30
D/AT      (  486): RIL_URC2_READER:+ECSQ: 14, 99, -268, -300, -30
D/AT      (  486): RIL_URC2_READER Enter processLine
D/RIL     (  486): Nw URC:+ECSQ: 14, 99, -268, -300, -30
D/RIL     (  486): Reset rssi value to meet GSM signal level: 8
D/RILC    (  486): callForRilVersion new vendor RIL, version: 0
I/RILC    (  486): RIL_SOCKET_2 UNSOLICITED: UNSOL_SIGNAL_STRENGTH length:56
E/RILC    (  486): Send Response to RIL_SOCKET_2
D/DefaultPhoneNotifier(  946): notifySignalStrength: mRegistry=com.android.internal.telephony.ITelephonyRegistry$Stub$Proxy@10f11843 ss=SignalStrength: 8 99 -120 -160 -120 0 -1 99 2147483647 2147483647 2147483647 2147483647 gsm|lte sender=Handler (com.android.internal.telephony.gsm.GSMPhone) {390531c1}
D/AT      (  486): 
D/AT      (  486): +ECSQ: 14, 99, -276, -306, -30
D/AT      (  486): AT< +ECSQ: 14, 99, -276, -306, -30
D/AT      (  486): RIL_URC2_READER:+ECSQ: 14, 99, -276, -306, -30
D/AT      (  486): RIL_URC2_READER Enter processLine
D/RIL     (  486): Nw URC:+ECSQ: 14, 99, -276, -306, -30
D/RIL     (  486): Reset rssi value to meet GSM signal level: 8
D/RILC    (  486): callForRilVersion new vendor RIL, version: 0
I/RILC    (  486): RIL_SOCKET_2 UNSOLICITED: UNSOL_SIGNAL_STRENGTH length:56
E/RILC    (  486): Send Response to RIL_SOCKET_2
D/DefaultPhoneNotifier(  946): notifySignalStrength: mRegistry=com.android.internal.telephony.ITelephonyRegistry$Stub$Proxy@10f11843 ss=SignalStrength: 8 99 -120 -160 -120 0 -1 99 2147483647 2147483647 2147483647 2147483647 gsm|lte sender=Handler (com.android.internal.telephony.gsm.GSMPhone) {390531c1}
D/AT      (  486): 
D/AT      (  486): +ECSQ: 14, 99, -272, -304, -30
D/AT      (  486): AT< +ECSQ: 14, 99, -272, -304, -30
