D/AT      (  486): RIL_URC2_READER:+ECSQ: 14, 99, -272, -304, -30
D/AT      (  486): RIL_URC2_READER Enter processLine
D/RIL     (  486): Nw URC:+ECSQ: 14, 99, -272, -304, -30
D/RIL     (  486): Reset rssi value to meet GSM signal level: 8
D/RILC    (  486): callForRilVersion new vendor RIL, version: 0
I/RILC    (  486): RIL_SOCKET_2 UNSOLICITED: UNSOL_SIGNAL_STRENGTH length:56
E/RILC    (  486): Send Response to RIL_SOCKET_2
D/DefaultPhoneNotifier(  946): notifySignalStrength: mRegistry=com.android.internal.telephony.ITelephonyRegistry$Stub$Proxy@10f11843 ss=SignalStrength: 8 99 -120 -160 -120 0 -1 99 2147483647 2147483647 2147483647 2147483647 gsm|lte sender=Handler (com.android.internal.telephony.gsm.GSMPhone) {390531c1}
D/AT      (  486): 
D/AT      (  486): +ECSQ: 14, 99, -276, -316, -40
D/AT      (  486): AT< +ECSQ: 14, 99, -276, -316, -40
D/AT      (  486): RIL_URC2_READER:+ECSQ: 14, 99, -276, -316, -40
D/AT      (  486): RIL_URC2_READER Enter processLine
D/RIL     (  486): Nw URC:+ECSQ: 14, 99, -276, -316, -40
D/RIL     (  486): Reset rssi value to meet GSM signal level: 8
D/RILC    (  486): callForRilVersion new vendor RIL, version: 0
I/RILC    (  486): RIL_SOCKET_2 UNSOLICITED: UNSOL_SIGNAL_STRENGTH length:56
E/RILC    (  486): Send Response to RIL_SOCKET_2
D/DefaultPhoneNotifier(  946): notifySignalStrength: mRegistry=com.android.internal.telephony.ITelephonyRegistry$Stub$Proxy@10f11843 ss=SignalStrength: 8 99 -120 -160 -120 0 -1 99 2147483647 2147483647 2147483647 2147483647 gsm|lte sender=Handler (com.android.internal.telephony.gsm.GSMPhone) {390531c1}
D/AT      (  486): 
D/AT      (  486): +ECSQ: 14, 99, -276, -306, -30
D/AT      (  486): AT< +ECSQ: 14, 99, -276, -306, -30
D/AT      (  486): RIL_URC2_READER:+ECSQ: 14, 99, -276, -306, -30
D/AT      (  486): RIL_URC2_READER Enter processLine
D/RIL     (  486): Nw URC:+ECSQ: 14, 99, -276, -306, -30
D/RIL     (  486): Reset rssi value to meet GSM signal level: 8
D/RILC    (  486): callForRilVersion new vendor RIL, version: 0
I/RILC    (  486): RIL_SOCKET_2 UNSOLICITED: UNSOL_SIGNAL_STRENGTH length:56
E/RILC    (  486): Send Response to RIL_SOCKET_2
D/DefaultPhoneNotifier(  946): notifySignalStrength: mRegistry=com.android.internal.telephony.ITelephonyRegistry$Stub$Proxy@10f11843 ss=SignalStrength: 8 99 -120 -160 -120 0 -1 99 2147483647 2147483647 2147483647 2147483647 gsm|lte sender=Handler (com.android.internal.telephony.gsm.GSMPhone) {390531c1}
D/AT      (  486): 
D/AT      (  486): +ECSQ: 14, 99, -280, -313, -30
D/AT      (  486): AT< +ECSQ: 14, 99, -280, -313, -30
D/AT      (  486): RIL_URC2_READER:+ECSQ: 14, 99, -280, -313, -30
D/AT      (  486): RIL_URC2_READER Enter processLine
D/RIL     (  486): Nw URC:+ECSQ: 14, 99, -280, -313, -30
D/RIL     (  486): Reset rssi value to meet GSM signal level: 8
D/RILC    (  486): callForRilVersion new vendor RIL, version: 0
I/RILC    (  486): RIL_SOCKET_2 UNSOLICITED: UNSOL_SIGNAL_STRENGTH length:56
E/RILC    (  486): Send Response to RIL_SOCKET_2
D/DefaultPhoneNotifier(  946): notifySignalStrength: mRegistry=com.android.internal.telephony.ITelephonyRegistry$Stub$Proxy@10f11843 ss=SignalStrength: 8 99 -120 -160 -120 0 -1 99 2147483647 2147483647 2147483647 2147483647 gsm|lte sender=Handler (com.android.internal.telephony.gsm.GSMPhone) {390531c1}
D/AT      (  486): 
D/AT      (  486): +ECSQ: 14, 99, -276, -308, -29
D/AT      (  486): AT< +ECSQ: 14, 99, -276, -308, -29
D/AT      (  486): RIL_URC2_READER:+ECSQ: 14, 99, -276, -308, -29
D/AT      (  486): RIL_URC2_READER Enter processLine
D/RIL     (  486): Nw URC:+ECSQ: 14, 99, -276, -308, -29
D/RIL     (  486): Reset rssi value to meet GSM signal level: 8
D/RILC    (  486): callForRilVersion new vendor RIL, version: 0
I/RILC    (  486): RIL_SOCKET_2 UNSOLICITED: UNSOL_SIGNAL_STRENGTH length:56
E/RILC    (  486): Send Response to RIL_SOCKET_2
D/DefaultPhoneNotifier(  946): notifySignalStrength: mRegistry=com.android.internal.telephony.ITelephonyRegistry$Stub$Proxy@10f11843 ss=SignalStrength: 8 99 -120 -160 -120 0 -1 99 2147483647 2147483647 2147483647 2147483647 gsm|lte sender=Handler (com.android.internal.telephony.gsm.GSMPhone) {390531c1}
D/AT      (  486): 
D/AT      (  486): +ECSQ: 14, 99, -280, -318, -37
D/AT      (  486): AT< +ECSQ: 14, 99, -280, -318, -37
D/AT      (  486): RIL_URC2_READER:+ECSQ: 14, 99, -280, -318, -37
D/AT      (  486): RIL_URC2_READER Enter processLine
D/RIL     (  486): Nw URC:+ECSQ: 14, 99, -280, -318, -37
D/RIL     (  486): Reset rssi value to meet GSM signal level: 8
D/RILC    (  486): callForRilVersion new vendor RIL, version: 0
I/RILC    (  486): RIL_SOCKET_2 UNSOLICITED: UNSOL_SIGNAL_STRENGTH length:56
E/RILC    (  486): Send Response to RIL_SOCKET_2
D/DefaultPhoneNotifier(  946): notifySignalStrength: mRegistry=com.android.internal.telephony.ITelephonyRegistry$Stub$Proxy@10f11843 ss=SignalStrength: 8 99 -120 -160 -120 0 -1 99 2147483647 2147483647 2147483647 2147483647 gsm|lte sender=Handler (com.android.internal.telephony.gsm.GSMPhone) {390531c1}
D/TelephonyManager( 1303): getTelephonyProperty: return propVal='null' phoneId=1 property='gsm.operator.numeric' defaultVal='' prop=,
D/AT      (  486): 
D/AT      (  486): +ECSQ: 14, 99, -276, -304, -28
D/AT      (  486): AT< +ECSQ: 14, 99, -276, -304, -28
D/AT      (  486): RIL_URC2_READER:+ECSQ: 14, 99, -276, -304, -28
D/AT      (  486): RIL_URC2_READER Enter processLine
D/RIL     (  486): Nw URC:+ECSQ: 14, 99, -276, -304, -28
D/RIL     (  486): Reset rssi value to meet GSM signal level: 8
D/RILC    (  486): callForRilVersion new vendor RIL, version: 0
I/RILC    (  486): RIL_SOCKET_2 UNSOLICITED: UNSOL_SIGNAL_STRENGTH length:56
E/RILC    (  486): Send Response to RIL_SOCKET_2
D/DefaultPhoneNotifier(  946): notifySignalStrength: mRegistry=com.android.internal.telephony.ITelephonyRegistry$Stub$Proxy@10f11843 ss=SignalStrength: 8 99 -120 -160 -120 0 -1 99 2147483647 2147483647 2147483647 2147483647 gsm|lte sender=Handler (com.android.internal.telephony.gsm.GSMPhone) {390531c1}
D/AT      (  486): 
D/AT      (  486): +ECSQ: 14, 99, -272, -304, -31
D/AT      (  486): AT< +ECSQ: 14, 99, -272, -304, -31
D/AT      (  486): RIL_URC2_READER:+ECSQ: 14, 99, -272, -304, -31
D/AT      (  486): RIL_URC2_READER Enter processLine
D/RIL     (  486): Nw URC:+ECSQ: 14, 99, -272, -304, -31
D/RIL     (  486): Reset rssi value to meet GSM signal level: 8
D/RILC    (  486): callForRilVersion new vendor RIL, version: 0
I/RILC    (  486): RIL_SOCKET_2 UNSOLICITED: UNSOL_SIGNAL_STRENGTH length:56
E/RILC    (  486): Send Response to RIL_SOCKET_2
D/DefaultPhoneNotifier(  946): notifySignalStrength: mRegistry=com.android.internal.telephony.ITelephonyRegistry$Stub$Proxy@10f11843 ss=SignalStrength: 8 99 -120 -160 -120 0 -1 99 2147483647 2147483647 2147483647 2147483647 gsm|lte sender=Handler (com.android.internal.telephony.gsm.GSMPhone) {390531c1}
D/AT      (  486): 
D/AT      (  486): +ECSQ: 14, 99, -272, -298, -23
D/AT      (  486): AT< +ECSQ: 14, 99, -272, -298, -23
D/AT      (  486): RIL_URC2_READER:+ECSQ: 14, 99, -272, -298, -23
D/AT      (  486): RIL_URC2_READER Enter processLine
D/RIL     (  486): Nw URC:+ECSQ: 14, 99, -272, -298, -23
D/RIL     (  486): Reset rssi value to meet GSM signal level: 8
D/RILC    (  486): callForRilVersion new vendor RIL, version: 0
I/RILC    (  486): RIL_SOCKET_2 UNSOLICITED: UNSOL_SIGNAL_STRENGTH length:56
E/RILC    (  486): Send Response to RIL_SOCKET_2
D/DefaultPhoneNotifier(  946): notifySignalStrength: mRegistry=com.android.internal.telephony.ITelephonyRegistry$Stub$Proxy@10f11843 ss=SignalStrength: 8 99 -120 -160 -120 0 -1 99 2147483647 2147483647 2147483647 2147483647 gsm|lte sender=Handler (com.android.internal.telephony.gsm.GSMPhone) {390531c1}
D/AT      (  486): 
D/AT      (  486): +ECSQ: 14, 99, -272, -304, -30
D/AT      (  486): AT< +ECSQ: 14, 99, -272, -304, -30
D/AT      (  486): RIL_URC2_READER:+ECSQ: 14, 99, -272, -304, -30
D/AT      (  486): RIL_URC2_READER Enter processLine
D/RIL     (  486): Nw URC:+ECSQ: 14, 99, -272, -304, -30
D/RIL     (  486): Reset rssi value to meet GSM signal level: 8
D/RILC    (  486): callForRilVersion new vendor RIL, version: 0
I/RILC    (  486): RIL_SOCKET_2 UNSOLICITED: UNSOL_SIGNAL_STRENGTH length:56
E/RILC    (  486): Send Response to RIL_SOCKET_2
D/DefaultPhoneNotifier(  946): notifySignalStrength: mRegistry=com.android.internal.telephony.ITelephonyRegistry$Stub$Proxy@10f11843 ss=SignalStrength: 8 99 -120 -160 -120 0 -1 99 2147483647 2147483647 2147483647 2147483647 gsm|lte sender=Handler (com.android.internal.telephony.gsm.GSMPhone) {390531c1}
D/AT      (  486): 
D/AT      (  486): +ECSQ: 14, 99, -272, -302, -29
D/AT      (  486): AT< +ECSQ: 14, 99, -272, -302, -29
D/AT      (  486): RIL_URC2_READER:+ECSQ: 14, 99, -272, -302, -29
D/AT      (  486): RIL_URC2_READER Enter processLine
D/RIL     (  486): Nw URC:+ECSQ: 14, 99, -272, -302, -29
D/RIL     (  486): Reset rssi value to meet GSM signal level: 8
D/RILC    (  486): callForRilVersion new vendor RIL, version: 0
I/RILC    (  486): RIL_SOCKET_2 UNSOLICITED: UNSOL_SIGNAL_STRENGTH length:56
E/RILC    (  486): Send Response to RIL_SOCKET_2
D/DefaultPhoneNotifier(  946): notifySignalStrength: mRegistry=com.android.internal.telephony.ITelephonyRegistry$Stub$Proxy@10f11843 ss=SignalStrength: 8 99 -120 -160 -120 0 -1 99 2147483647 2147483647 2147483647 2147483647 gsm|lte sender=Handler (com.android.internal.telephony.gsm.GSMPhone) {390531c1}
D/AT      (  486): 
D/AT      (  486): +ECSQ: 14, 99, -272, -304, -31
D/AT      (  486): AT< +ECSQ: 14, 99, -272, -304, -31
D/AT      (  486): RIL_URC2_READER:+ECSQ: 14, 99, -272, -304, -31
D/AT      (  486): RIL_URC2_READER Enter processLine
D/RIL     (  486): Nw URC:+ECSQ: 14, 99, -272, -304, -31
D/RIL     (  486): Reset rssi value to meet GSM signal level: 8
D/RILC    (  486): callForRilVersion new vendor RIL, version: 0
I/RILC    (  486): RIL_SOCKET_2 UNSOLICITED: UNSOL_SIGNAL_STRENGTH length:56
E/RILC    (  486): Send Response to RIL_SOCKET_2
D/DefaultPhoneNotifier(  946): notifySignalStrength: mRegistry=com.android.internal.telephony.ITelephonyRegistry$Stub$Proxy@10f11843 ss=SignalStrength: 8 99 -120 -160 -120 0 -1 99 2147483647 2147483647 2147483647 2147483647 gsm|lte sender=Handler (com.android.internal.telephony.gsm.GSMPhone) {390531c1}
D/TelephonyManager( 1303): getTelephonyProperty: return propVal='null' phoneId=1 property='gsm.operator.numeric' defaultVal='' prop=,
D/TelephonyManager( 1303): getTelephonyProperty: return propVal='null' phoneId=1 property='gsm.operator.numeric' defaultVal='' prop=,
D/AT      (  486): 
D/AT      (  486): +ECSQ: 14, 99, -272, -305, -31
D/AT      (  486): AT< +ECSQ: 14, 99, -272, -305, -31
D/AT      (  486): RIL_URC2_READER:+ECSQ: 14, 99, -272, -305, -31
D/AT      (  486): RIL_URC2_READER Enter processLine
D/RIL     (  486): Nw URC:+ECSQ: 14, 99, -272, -305, -31
D/RIL     (  486): Reset rssi value to meet GSM signal level: 8
D/RILC    (  486): callForRilVersion new vendor RIL, version: 0
I/RILC    (  486): RIL_SOCKET_2 UNSOLICITED: UNSOL_SIGNAL_STRENGTH length:56
E/RILC    (  486): Send Response to RIL_SOCKET_2
D/DefaultPhoneNotifier(  946): notifySignalStrength: mRegistry=com.android.internal.telephony.ITelephonyRegistry$Stub$Proxy@10f11843 ss=SignalStrength: 8 99 -120 -160 -120 0 -1 99 2147483647 2147483647 2147483647 2147483647 gsm|lte sender=Handler (com.android.internal.telephony.gsm.GSMPhone) {390531c1}
D/AT      (  486): 
D/AT      (  486): +ECSQ: 14, 99, -276, -304, -26
D/AT      (  486): AT< +ECSQ: 14, 99, -276, -304, -26
D/AT      (  486): RIL_URC2_READER:+ECSQ: 14, 99, -276, -304, -26
D/AT      (  486): RIL_URC2_READER Enter processLine
D/RIL     (  486): Nw URC:+ECSQ: 14, 99, -276, -304, -26
D/RIL     (  486): Reset rssi value to meet GSM signal level: 8
D/RILC    (  486): callForRilVersion new vendor RIL, version: 0
I/RILC    (  486): RIL_SOCKET_2 UNSOLICITED: UNSOL_SIGNAL_STRENGTH length:56
E/RILC    (  486): Send Response to RIL_SOCKET_2
D/DefaultPhoneNotifier(  946): notifySignalStrength: mRegistry=com.android.internal.telephony.ITelephonyRegistry$Stub$Proxy@10f11843 ss=SignalStrength: 8 99 -120 -160 -120 0 -1 99 2147483647 2147483647 2147483647 2147483647 gsm|lte sender=Handler (com.android.internal.telephony.gsm.GSMPhone) {390531c1}
D/AT      (  486): 
D/AT      (  486): +ECSQ: 14, 99, -280, -306, -24
D/AT      (  486): AT< +ECSQ: 14, 99, -280, -306, -24
D/AT      (  486): RIL_URC2_READER:+ECSQ: 14, 99, -280, -306, -24
D/AT      (  486): RIL_URC2_READER Enter processLine
D/RIL     (  486): Nw URC:+ECSQ: 14, 99, -280, -306, -24
D/RIL     (  486): Reset rssi value to meet GSM signal level: 8
D/RILC    (  486): callForRilVersion new vendor RIL, version: 0
I/RILC    (  486): RIL_SOCKET_2 UNSOLICITED: UNSOL_SIGNAL_STRENGTH length:56
E/RILC    (  486): Send Response to RIL_SOCKET_2
D/DefaultPhoneNotifier(  946): notifySignalStrength: mRegistry=com.android.internal.telephony.ITelephonyRegistry$Stub$Proxy@10f11843 ss=SignalStrength: 8 99 -120 -160 -120 0 -1 99 2147483647 2147483647 2147483647 2147483647 gsm|lte sender=Handler (com.android.internal.telephony.gsm.GSMPhone) {390531c1}
D/AT      (  486): 
D/AT      (  486): +ECSQ: 14, 99, -272, -300, -26
D/AT      (  486): AT< +ECSQ: 14, 99, -272, -300, -26
D/AT      (  486): RIL_URC2_READER:+ECSQ: 14, 99, -272, -300, -26
D/AT      (  486): RIL_URC2_READER Enter processLine
D/RIL     (  486): Nw URC:+ECSQ: 14, 99, -272, -300, -26
D/RIL     (  486): Reset rssi value to meet GSM signal level: 8
D/RILC    (  486): callForRilVersion new vendor RIL, version: 0
I/RILC    (  486): RIL_SOCKET_2 UNSOLICITED: UNSOL_SIGNAL_STRENGTH length:56
E/RILC    (  486): Send Response to RIL_SOCKET_2
D/DefaultPhoneNotifier(  946): notifySignalStrength: mRegistry=com.android.internal.telephony.ITelephonyRegistry$Stub$Proxy@10f11843 ss=SignalStrength: 8 99 -120 -160 -120 0 -1 99 2147483647 2147483647 2147483647 2147483647 gsm|lte sender=Handler (com.android.internal.telephony.gsm.GSMPhone) {390531c1}
D/AT      (  486): 
D/AT      (  486): +ECSQ: 14, 99, -276, -305, -29
D/AT      (  486): AT< +ECSQ: 14, 99, -276, -305, -29
D/AT      (  486): RIL_URC2_READER:+ECSQ: 14, 99, -276, -305, -29
D/AT      (  486): RIL_URC2_READER Enter processLine
D/RIL     (  486): Nw URC:+ECSQ: 14, 99, -276, -305, -29
D/RIL     (  486): Reset rssi value to meet GSM signal level: 8
D/RILC    (  486): callForRilVersion new vendor RIL, version: 0
I/RILC    (  486): RIL_SOCKET_2 UNSOLICITED: UNSOL_SIGNAL_STRENGTH length:56
E/RILC    (  486): Send Response to RIL_SOCKET_2
D/DefaultPhoneNotifier(  946): notifySignalStrength: mRegistry=com.android.internal.telephony.ITelephonyRegistry$Stub$Proxy@10f11843 ss=SignalStrength: 8 99 -120 -160 -120 0 -1 99 2147483647 2147483647 2147483647 2147483647 gsm|lte sender=Handler (com.android.internal.telephony.gsm.GSMPhone) {390531c1}
D/TelephonyManager( 1303): getTelephonyProperty: return propVal='null' phoneId=1 property='gsm.operator.numeric' defaultVal='' prop=,
D/AT      (  486): 
D/AT      (  486): +ECSQ: 14, 99, -280, -305, -24
D/AT      (  486): AT< +ECSQ: 14, 99, -280, -305, -24
D/AT      (  486): RIL_URC2_READER:+ECSQ: 14, 99, -280, -305, -24
D/AT      (  486): RIL_URC2_READER Enter processLine
D/RIL     (  486): Nw URC:+ECSQ: 14, 99, -280, -305, -24
D/RIL     (  486): Reset rssi value to meet GSM signal level: 8
D/RILC    (  486): callForRilVersion new vendor RIL, version: 0
I/RILC    (  486): RIL_SOCKET_2 UNSOLICITED: UNSOL_SIGNAL_STRENGTH length:56
E/RILC    (  486): Send Response to RIL_SOCKET_2
D/DefaultPhoneNotifier(  946): notifySignalStrength: mRegistry=com.android.internal.telephony.ITelephonyRegistry$Stub$Proxy@10f11843 ss=SignalStrength: 8 99 -120 -160 -120 0 -1 99 2147483647 2147483647 2147483647 2147483647 gsm|lte sender=Handler (com.android.internal.telephony.gsm.GSMPhone) {390531c1}
D/AT      (  486): 
D/AT      (  486): +ECSQ: 14, 99, -280, -307, -26
D/AT      (  486): AT< +ECSQ: 14, 99, -280, -307, -26
D/AT      (  486): RIL_URC2_READER:+ECSQ: 14, 99, -280, -307, -26
D/AT      (  486): RIL_URC2_READER Enter processLine
D/RIL     (  486): Nw URC:+ECSQ: 14, 99, -280, -307, -26
D/RIL     (  486): Reset rssi value to meet GSM signal level: 8
D/RILC    (  486): callForRilVersion new vendor RIL, version: 0
I/RILC    (  486): RIL_SOCKET_2 UNSOLICITED: UNSOL_SIGNAL_STRENGTH length:56
E/RILC    (  486): Send Response to RIL_SOCKET_2
D/DefaultPhoneNotifier(  946): notifySignalStrength: mRegistry=com.android.internal.telephony.ITelephonyRegistry$Stub$Proxy@10f11843 ss=SignalStrength: 8 99 -120 -160 -120 0 -1 99 2147483647 2147483647 2147483647 2147483647 gsm|lte sender=Handler (com.android.internal.telephony.gsm.GSMPhone) {390531c1}
D/AT      (  486): 
D/AT      (  486): +ECSQ: 14, 99, -272, -302, -30
D/AT      (  486): AT< +ECSQ: 14, 99, -272, -302, -30
D/AT      (  486): RIL_URC2_READER:+ECSQ: 14, 99, -272, -302, -30
D/AT      (  486): RIL_URC2_READER Enter processLine
D/RIL     (  486): Nw URC:+ECSQ: 14, 99, -272, -302, -30
D/RIL     (  486): Reset rssi value to meet GSM signal level: 8
D/RILC    (  486): callForRilVersion new vendor RIL, version: 0
I/RILC    (  486): RIL_SOCKET_2 UNSOLICITED: UNSOL_SIGNAL_STRENGTH length:56
E/RILC    (  486): Send Response to RIL_SOCKET_2
D/DefaultPhoneNotifier(  946): notifySignalStrength: mRegistry=com.android.internal.telephony.ITelephonyRegistry$Stub$Proxy@10f11843 ss=SignalStrength: 8 99 -120 -160 -120 0 -1 99 2147483647 2147483647 2147483647 2147483647 gsm|lte sender=Handler (com.android.internal.telephony.gsm.GSMPhone) {390531c1}
D/AT      (  486): 
D/AT      (  486): +ECSQ: 14, 99, -264, -300, -34
D/AT      (  486): AT< +ECSQ: 14, 99, -264, -300, -34
D/AT      (  486): RIL_URC2_READER:+ECSQ: 14, 99, -264, -300, -34
D/AT      (  486): RIL_URC2_READER Enter processLine
D/RIL     (  486): Nw URC:+ECSQ: 14, 99, -264, -300, -34
D/RIL     (  486): Reset rssi value to meet GSM signal level: 8
D/RILC    (  486): callForRilVersion new vendor RIL, version: 0
I/RILC    (  486): RIL_SOCKET_2 UNSOLICITED: UNSOL_SIGNAL_STRENGTH length:56
E/RILC    (  486): Send Response to RIL_SOCKET_2
D/DefaultPhoneNotifier(  946): notifySignalStrength: mRegistry=com.android.internal.telephony.ITelephonyRegistry$Stub$Proxy@10f11843 ss=SignalStrength: 8 99 -120 -160 -120 0 -1 99 2147483647 2147483647 2147483647 2147483647 gsm|lte sender=Handler (com.android.internal.telephony.gsm.GSMPhone) {390531c1}
D/AT      (  486): 
D/AT      (  486): +ECSQ: 14, 99, -272, -302, -28
D/AT      (  486): AT< +ECSQ: 14, 99, -272, -302, -28
D/AT      (  486): RIL_URC2_READER:+ECSQ: 14, 99, -272, -302, -28
D/AT      (  486): RIL_URC2_READER Enter processLine
D/RIL     (  486): Nw URC:+ECSQ: 14, 99, -272, -302, -28
D/RIL     (  486): Reset rssi value to meet GSM signal level: 8
D/RILC    (  486): callForRilVersion new vendor RIL, version: 0
I/RILC    (  486): RIL_SOCKET_2 UNSOLICITED: UNSOL_SIGNAL_STRENGTH length:56
E/RILC    (  486): Send Response to RIL_SOCKET_2
D/DefaultPhoneNotifier(  946): notifySignalStrength: mRegistry=com.android.internal.telephony.ITelephonyRegistry$Stub$Proxy@10f11843 ss=SignalStrength: 8 99 -120 -160 -120 0 -1 99 2147483647 2147483647 2147483647 2147483647 gsm|lte sender=Handler (com.android.internal.telephony.gsm.GSMPhone) {390531c1}
D/AT      (  486): 
D/AT      (  486): +ECSQ: 14, 99, -256, -295, -38
D/AT      (  486): AT< +ECSQ: 14, 99, -256, -295, -38
D/AT      (  486): RIL_URC2_READER:+ECSQ: 14, 99, -256, -295, -38
D/AT      (  486): RIL_URC2_READER Enter processLine
D/RIL     (  486): Nw URC:+ECSQ: 14, 99, -256, -295, -38
D/RIL     (  486): Reset rssi value to meet GSM signal level: 8
D/RILC    (  486): callForRilVersion new vendor RIL, version: 0
I/RILC    (  486): RIL_SOCKET_2 UNSOLICITED: UNSOL_SIGNAL_STRENGTH length:56
E/RILC    (  486): Send Response to RIL_SOCKET_2
D/DefaultPhoneNotifier(  946): notifySignalStrength: mRegistry=com.android.internal.telephony.ITelephonyRegistry$Stub$Proxy@10f11843 ss=SignalStrength: 8 99 -120 -160 -120 0 -1 99 2147483647 2147483647 2147483647 2147483647 gsm|lte sender=Handler (com.android.internal.telephony.gsm.GSMPhone) {390531c1}
D/AT      (  486): 
D/AT      (  486): +ECSQ: 14, 99, -264, -303, -38
D/AT      (  486): AT< +ECSQ: 14, 99, -264, -303, -38
D/AT      (  486): RIL_URC2_READER:+ECSQ: 14, 99, -264, -303, -38
D/AT      (  486): RIL_URC2_READER Enter processLine
D/RIL     (  486): Nw URC:+ECSQ: 14, 99, -264, -303, -38
D/RIL     (  486): Reset rssi value to meet GSM signal level: 8
D/RILC    (  486): callForRilVersion new vendor RIL, version: 0
I/RILC    (  486): RIL_SOCKET_2 UNSOLICITED: UNSOL_SIGNAL_STRENGTH length:56
E/RILC    (  486): Send Response to RIL_SOCKET_2
D/DefaultPhoneNotifier(  946): notifySignalStrength: mRegistry=com.android.internal.telephony.ITelephonyRegistry$Stub$Proxy@10f11843 ss=SignalStrength: 8 99 -120 -160 -120 0 -1 99 2147483647 2147483647 2147483647 2147483647 gsm|lte sender=Handler (com.android.internal.telephony.gsm.GSMPhone) {390531c1}
D/DCT     (  946): [0]onReceive: action=android.intent.action.SCREEN_ON
D/DCT     (  946): [0]stopNetStatPoll
D/SubscriptionController(  946): [getSubId]- numSubIds == 0, return DummySubIds slotIdx=0
D/SubscriptionController(  946): getDummySubIds: slotIdx=0 return 2 DummySubIds with each subId=-2
D/SubscriptionManager(  515): [getPhoneId]- fail
D/DCT     (  946): [0]overall state is IDLE
D/SubscriptionController(  946): [getSubId]- numSubIds == 0, return DummySubIds slotIdx=0
D/SubscriptionController(  946): getDummySubIds: slotIdx=0 return 2 DummySubIds with each subId=-2
D/SubscriptionManager(  515): [getPhoneId]- fail
D/DCT     (  946): [1]onReceive: action=android.intent.action.SCREEN_ON
D/DCT     (  946): [1]stopNetStatPoll
D/DCT     (  946): [1]overall state is IDLE
D/PhoneFactory(  946): getPhone:- phoneId != DEFAULT_PHONE_ID return sProxyPhones[phoneId] phoneId=1 phone=Handler (com.android.internal.telephony.PhoneProxy) {22a972a8}
D/RILJ    (  946): [4057]> RIL_REQUEST_GET_CELL_INFO_LIST [SUB1]
D/RILC    (  486): SOCKET RIL_SOCKET_2 REQUEST: GET_CELL_INFO_LIST length:8
I/RILC-MTK(  486): create request 109
D/RILC-MTK(  486): GET_CELL_INFO_LIST dispatched to RIL_CMD2_PROXY_2
I/RILC-MTK(  486): RIL_CMD2_PROXY_1 wakeup
I/RILC-MTK(  486): RIL_CMD2_PROXY_1 sleep
I/RILC-MTK(  486): RIL_CMD2_PROXY_3 wakeup
I/RILC-MTK(  486): RIL_URC2_PROXY wakeup
I/RILC-MTK(  486): RIL_CMD2_PROXY_3 sleep
I/RILC-MTK(  486): RIL_ATCI_PROXY wakeup
I/RILC-MTK(  486): RIL_CMD_PROXY_4 wakeup
I/RILC-MTK(  486): RIL_ATCI_PROXY sleep
I/RILC-MTK(  486): RIL_CMD2_PROXY_2 wakeup
I/RILC-MTK(  486): RIL_CMD2_PROXY_4 wakeup
D/RILC-MTK(  486): GET_CELL_INFO_LIST execute on RIL_CMD2_PROXY_2 using channel 8
I/RILC-MTK(  486): RIL_CMD2_PROXY_4 sleep
D/RILC    (  486): callOnRequest for new vendor ril
I/RILC-MTK(  486): RIL_CMD_PROXY_1 wakeup
D/RIL     (  486): onRequest: GET_CELL_INFO_LIST, datalen = 0
I/RILC-MTK(  486): RIL_CMD_PROXY_1 sleep
D/RIL     (  486): radioState:10
I/RILC-MTK(  486): RIL_CMD_PROXY_3 wakeup
I/RILC-MTK(  486): RIL_CMD_PROXY_3 sleep
D/AT      (  486): AT send on RIL_CMD2_READER_2, tid:3086179608
D/AT      (  486): AT> AT+ECELL
I/RILC-MTK(  486): RIL_URC2_PROXY sleep
D/AT      (  486): AT+ECELL
I/RILC-MTK(  486): RIL_ATCI2_PROXY wakeup
I/RILC-MTK(  486): RIL_ATCI2_PROXY sleep
I/RILC-MTK(  486): RIL_URC_PROXY wakeup
I/RILC-MTK(  486): RIL_URC_PROXY sleep
I/RILC-MTK(  486): RIL_CMD_PROXY_2 wakeup
I/RILC-MTK(  486): RIL_CMD_PROXY_2 sleep
I/RILC-MTK(  486): RIL_CMD_PROXY_4 sleep
D/AT      (  486): 
D/AT      (  486): +ECELL: 3,2,"025977E0","8CB1",404,7,268,42,35,-316,-28,268435455,268435455,268435455,2,"025977E0","8CB1",404,7,268,42,35,-316,-28,268435455,268435455,268435455,2,"025977E1","8CB1",404,7,269,31,14,-360,-70,268435455,268435455,268435455
D/AT      (  486): AT< +ECELL: 3,2,"025977E0","8CB1",404,7,268,42,35,-316,-28,268435455,268435455,268435455,2,"025977E0","8CB1",404,7,268,42,35,-316,-28,268435455,268435455,268435455,2,"025977E1","8CB1",404,7,269,31,14,-360,-70,268435455,268435455,268435455
D/AT      (  486): RIL_CMD2_READER_2:+ECELL: 3,2,"025977E0","8CB1",404,7,268,42,35,-316,-28,268435455,268435455,268435455,2,"025977E0","8CB1",404,7,268,42,35,-316,-28,268435455,268435455,268435455,2,"025977E1","8CB1",404,7,269,31,14,-360,-70,268435455,268435455,268435455
D/AT      (  486): RIL_CMD2_READER_2 Enter processLine
D/AT      (  486): 
D/AT      (  486): OK
D/AT      (  486): AT< OK
D/AT      (  486): RIL_CMD2_READER_2:OK
D/AT      (  486): RIL_CMD2_READER_2 Enter processLine
D/AT      (  486): response received on RIL_CMD2_READER_2, tid:3086179608
D/RIL     (  486): Cell info listed, number=3
D/RIL     (  486): act=2,cid=39417824,mcc=404,mnc=7,lacTac=36017,pscPci=268,sig1=42,sig2=35,sig1_dbm=-316,sig1_dbm=-28,ta=268435455,ext1(rssnr)=268435455,ext2(cqi)=268435455
D/RIL     (  486): RIL_CELL_INFO_TYPE_WCDMA act=2
D/RIL     (  486): act=2,cid=39417824,mcc=404,mnc=7,lacTac=36017,pscPci=268,sig1=42,sig2=35,sig1_dbm=-316,sig1_dbm=-28,ta=268435455,ext1(rssnr)=268435455,ext2(cqi)=268435455
D/RIL     (  486): RIL_CELL_INFO_TYPE_WCDMA act=2
D/RIL     (  486): act=2,cid=39417825,mcc=404,mnc=7,lacTac=36017,pscPci=269,sig1=31,sig2=14,sig1_dbm=-360,sig1_dbm=-70,ta=268435455,ext1(rssnr)=268435455,ext2(cqi)=268435455
D/RIL     (  486): RIL_CELL_INFO_TYPE_WCDMA act=2
D/RILC    (  486): RequestComplete, RIL_SOCKET_2
E/RILC    (  486): Send Response to RIL_SOCKET_2
I/RILC-MTK(  486): RIL_CMD2_PROXY_2 sleep
D/RILJ    (  946): [4057]< RIL_REQUEST_GET_CELL_INFO_LIST [CellInfoWcdma:{mRegistered=YES mTimeStampType=oem_ril mTimeStamp=2373355000000ns CellIdentityWcdma:{ mMcc=404 mMnc=7 mLac=36017 mCid=39417824 mPsc=268} CellSignalStrengthWcdma: ss=42 ber=35}, CellInfoWcdma:{mRegistered=NO mTimeStampType=oem_ril mTimeStamp=2373355000000ns CellIdentityWcdma:{ mMcc=404 mMnc=7 mLac=36017 mCid=39417824 mPsc=268} CellSignalStrengthWcdma: ss=42 ber=35}, CellInfoWcdma:{mRegistered=NO mTimeStampType=oem_ril mTimeStamp=2373355000000ns CellIdentityWcdma:{ mMcc=404 mMnc=7 mLac=36017 mCid=39417825 mPsc=269} CellSignalStrengthWcdma: ss=31 ber=14}] [SUB1]
D/GsmSST  (  946): [GsmSST] SST.getAllCellInfo(): X size=3 list=[CellInfoWcdma:{mRegistered=YES mTimeStampType=oem_ril mTimeStamp=2373355000000ns CellIdentityWcdma:{ mMcc=404 mMnc=7 mLac=36017 mCid=39417824 mPsc=268} CellSignalStrengthWcdma: ss=42 ber=35}, CellInfoWcdma:{mRegistered=NO mTimeStampType=oem_ril mTimeStamp=2373355000000ns CellIdentityWcdma:{ mMcc=404 mMnc=7 mLac=36017 mCid=39417824 mPsc=268} CellSignalStrengthWcdma: ss=42 ber=35}, CellInfoWcdma:{mRegistered=NO mTimeStampType=oem_ril mTimeStamp=2373355000000ns CellIdentityWcdma:{ mMcc=404 mMnc=7 mLac=36017 mCid=39417825 mPsc=269} CellSignalStrengthWcdma: ss=31 ber=14}]
D/GsmSST  (  946): [GsmSST] getCellLocation(): X ret WCDMA info=[36017,39417824,268]
D/PhoneFactory(  946): getPhone:- phoneId != DEFAULT_PHONE_ID return sProxyPhones[phoneId] phoneId=1 phone=Handler (com.android.internal.telephony.PhoneProxy) {22a972a8}
D/TelephonyManager( 1303): getSimOperatorNumeric(): default subId=5
D/TelephonyManager( 1303): getTelephonyProperty: return propVal='40449' phoneId=1 property='gsm.sim.operator.numeric' defaultVal='' prop=,40449
D/PhoneFactory(  946): getPhone:- phoneId != DEFAULT_PHONE_ID return sProxyPhones[phoneId] phoneId=1 phone=Handler (com.android.internal.telephony.PhoneProxy) {22a972a8}
D/TelephonyManager( 1303): getTelephonyProperty: return propVal='null' phoneId=1 property='gsm.operator.numeric' defaultVal='' prop=,
D/RILJ    (  946): [4058]> REQUEST_GET_NEIGHBORING_CELL_IDS [SUB0]
D/RILC    (  486): SOCKET RIL_SOCKET_1 REQUEST: GET_NEIGHBORING_CELL_IDS length:8
I/RILC-MTK(  486): create request 75
D/RILC-MTK(  486): GET_NEIGHBORING_CELL_IDS dispatched to RIL_URC_PROXY
I/RILC-MTK(  486): RIL_CMD2_PROXY_1 wakeup
I/RILC-MTK(  486): RIL_CMD2_PROXY_1 sleep
I/RILC-MTK(  486): RIL_ATCI_PROXY wakeup
I/RILC-MTK(  486): RIL_ATCI_PROXY sleep
I/RILC-MTK(  486): RIL_CMD2_PROXY_4 wakeup
I/RILC-MTK(  486): RIL_CMD2_PROXY_4 sleep
I/RILC-MTK(  486): RIL_CMD_PROXY_1 wakeup
I/RILC-MTK(  486): RIL_CMD_PROXY_1 sleep
I/RILC-MTK(  486): RIL_CMD_PROXY_3 wakeup
I/RILC-MTK(  486): RIL_CMD_PROXY_3 sleep
I/RILC-MTK(  486): RIL_CMD2_PROXY_3 wakeup
I/RILC-MTK(  486): RIL_URC2_PROXY wakeup
I/RILC-MTK(  486): RIL_CMD2_PROXY_3 sleep
I/RILC-MTK(  486): RIL_URC_PROXY wakeup
D/RILC-MTK(  486): GET_NEIGHBORING_CELL_IDS execute on RIL_URC_PROXY using channel 0
D/RILC    (  486): callOnRequest for new vendor ril
D/RIL     (  486): onRequest: GET_NEIGHBORING_CELL_IDS, datalen = 0
D/RIL     (  486): radioState:10
D/AT      (  486): AT send on RIL_URC_READER, tid:3086174936
D/AT      (  486): AT> AT+ENBR
D/AT      (  486): AT+ENBR
I/RILC-MTK(  486): RIL_CMD_PROXY_4 wakeup
I/RILC-MTK(  486): RIL_CMD_PROXY_4 sleep
I/RILC-MTK(  486): RIL_CMD_PROXY_2 wakeup
I/RILC-MTK(  486): RIL_CMD_PROXY_2 sleep
I/RILC-MTK(  486): RIL_CMD2_PROXY_2 wakeup
I/RILC-MTK(  486): RIL_CMD2_PROXY_2 sleep
I/RILC-MTK(  486): RIL_URC2_PROXY sleep
I/RILC-MTK(  486): RIL_ATCI2_PROXY wakeup
I/RILC-MTK(  486): RIL_ATCI2_PROXY sleep
D/AT      (  486): 
D/AT      (  486): OK
D/AT      (  486): AT< OK
D/AT      (  486): RIL_URC_READER:OK
D/AT      (  486): RIL_URC_READER Enter processLine
D/AT      (  486): response received on RIL_URC_READER, tid:3086174936
D/RILC    (  486): RequestComplete, RIL_SOCKET_1
E/RILC    (  486): Send Response to RIL_SOCKET_1
I/RILC-MTK(  486): RIL_URC_PROXY sleep
D/SubscriptionController(  946): [getSubId]- numSubIds == 0, return DummySubIds slotIdx=0
D/SubscriptionController(  946): getDummySubIds: slotIdx=0 return 2 DummySubIds with each subId=-2
D/DCT     (  946): [0]onReceive: action=android.intent.action.SCREEN_OFF
D/DCT     (  946): [0]stopNetStatPoll
D/SubscriptionController(  946): [getSubId]- numSubIds == 0, return DummySubIds slotIdx=0
D/SubscriptionController(  946): getDummySubIds: slotIdx=0 return 2 DummySubIds with each subId=-2
D/SubscriptionManager(  515): [getPhoneId]- fail
D/SubscriptionController(  946): [getPhoneId]- invalid subId return=-1
D/PhoneFactory(  946): getPhone:- phoneId != DEFAULT_PHONE_ID return sProxyPhones[phoneId] phoneId=-1 phone=null
D/RILJ    (  946): [4058]< REQUEST_GET_NEIGHBORING_CELL_IDS   [SUB0]
D/DCT     (  946): [0]overall state is IDLE
D/SubscriptionController(  946): [getSubId]- numSubIds == 0, return DummySubIds slotIdx=0
D/SubscriptionController(  946): getDummySubIds: slotIdx=0 return 2 DummySubIds with each subId=-2
D/SubscriptionManager(  515): [getPhoneId]- fail
D/DCT     (  946): [1]onReceive: action=android.intent.action.SCREEN_OFF
D/DCT     (  946): [1]stopNetStatPoll
D/RILJ    (  946): [4059]> RIL_REQUEST_GET_CELL_INFO_LIST [SUB0]
D/DCT     (  946): [1]overall state is IDLE
D/RILC    (  486): SOCKET RIL_SOCKET_1 REQUEST: GET_CELL_INFO_LIST length:8
I/RILC-MTK(  486): create request 109
D/RILC-MTK(  486): GET_CELL_INFO_LIST dispatched to RIL_CMD_PROXY_2
I/RILC-MTK(  486): RIL_CMD_PROXY_4 wakeup
I/RILC-MTK(  486): RIL_CMD2_PROXY_1 wakeup
I/RILC-MTK(  486): RIL_CMD_PROXY_4 sleep
I/RILC-MTK(  486): RIL_CMD2_PROXY_1 sleep
I/RILC-MTK(  486): RIL_CMD2_PROXY_3 wakeup
I/RILC-MTK(  486): RIL_ATCI_PROXY wakeup
I/RILC-MTK(  486): RIL_CMD2_PROXY_3 sleep
I/RILC-MTK(  486): RIL_CMD2_PROXY_4 wakeup
I/RILC-MTK(  486): RIL_CMD2_PROXY_4 sleep
I/RILC-MTK(  486): RIL_CMD_PROXY_2 wakeup
I/RILC-MTK(  486): RIL_CMD_PROXY_1 wakeup
I/RILC-MTK(  486): RIL_CMD_PROXY_1 sleep
D/RILC-MTK(  486): GET_CELL_INFO_LIST execute on RIL_CMD_PROXY_2 using channel 2
D/RILC    (  486): callOnRequest for new vendor ril
I/RILC-MTK(  486): RIL_CMD_PROXY_3 wakeup
D/RIL     (  486): onRequest: GET_CELL_INFO_LIST, datalen = 0
I/RILC-MTK(  486): RIL_CMD_PROXY_3 sleep
D/RIL     (  486): radioState:10
I/RILC-MTK(  486): RIL_URC2_PROXY wakeup
I/RILC-MTK(  486): RIL_URC2_PROXY sleep
D/AT      (  486): AT send on RIL_CMD_READER_2, tid:3086176104
D/AT      (  486): AT> AT+ECELL
I/RILC-MTK(  486): RIL_ATCI2_PROXY wakeup
D/AT      (  486): AT+ECELL
I/RILC-MTK(  486): RIL_ATCI2_PROXY sleep
I/RILC-MTK(  486): RIL_URC_PROXY wakeup
I/RILC-MTK(  486): RIL_URC_PROXY sleep
I/RILC-MTK(  486): RIL_ATCI_PROXY sleep
I/RILC-MTK(  486): RIL_CMD2_PROXY_2 wakeup
I/RILC-MTK(  486): RIL_CMD2_PROXY_2 sleep
D/AT      (  486): 
D/AT      (  486): +ECELL: 0
D/AT      (  486): AT< +ECELL: 0
D/AT      (  486): RIL_CMD_READER_2:+ECELL: 0
D/AT      (  486): RIL_CMD_READER_2 Enter processLine
D/AT      (  486): 
D/AT      (  486): OK
D/AT      (  486): AT< OK
D/AT      (  486): RIL_CMD_READER_2:OK
D/AT      (  486): RIL_CMD_READER_2 Enter processLine
D/AT      (  486): response received on RIL_CMD_READER_2, tid:3086176104
D/RIL     (  486): No cell info listed, num=0
E/RIL     (  486): requestGetCellInfoList must never return error when radio is on
D/RILC    (  486): RequestComplete, RIL_SOCKET_1
E/RILC    (  486): Send Response to RIL_SOCKET_1
I/RILC-MTK(  486): RIL_CMD_PROXY_2 sleep
D/RilRequest(  946): [4059]< RIL_REQUEST_GET_CELL_INFO_LIST error: com.android.internal.telephony.CommandException: GENERIC_FAILURE ret=
D/GsmSST  (  946): [GsmSST] EVENT_GET_CELL_INFO_LIST: error ret null, e=com.android.internal.telephony.CommandException: GENERIC_FAILURE
D/GsmSST  (  946): [GsmSST] SST.getAllCellInfo(): X size=0 list=null
D/PhoneFactory(  946): getPhone:- phoneId != DEFAULT_PHONE_ID return sProxyPhones[phoneId] phoneId=1 phone=Handler (com.android.internal.telephony.PhoneProxy) {22a972a8}
D/GsmSST  (  946): [GsmSST] SST.getAllCellInfo(): return last, back to back calls
D/GsmSST  (  946): [GsmSST] SST.getAllCellInfo(): X size=3 list=[CellInfoWcdma:{mRegistered=YES mTimeStampType=oem_ril mTimeStamp=2373355000000ns CellIdentityWcdma:{ mMcc=404 mMnc=7 mLac=36017 mCid=39417824 mPsc=268} CellSignalStrengthWcdma: ss=42 ber=35}, CellInfoWcdma:{mRegistered=NO mTimeStampType=oem_ril mTimeStamp=2373355000000ns CellIdentityWcdma:{ mMcc=404 mMnc=7 mLac=36017 mCid=39417824 mPsc=268} CellSignalStrengthWcdma: ss=42 ber=35}, CellInfoWcdma:{mRegistered=NO mTimeStampType=oem_ril mTimeStamp=2373355000000ns CellIdentityWcdma:{ mMcc=404 mMnc=7 mLac=36017 mCid=39417825 mPsc=269} CellSignalStrengthWcdma: ss=31 ber=14}]
D/GsmSST  (  946): [GsmSST] getCellLocation(): X ret WCDMA info=[36017,39417824,268]
D/PhoneFactory(  946): getPhone:- phoneId != DEFAULT_PHONE_ID return sProxyPhones[phoneId] phoneId=1 phone=Handler (com.android.internal.telephony.PhoneProxy) {22a972a8}
D/TelephonyManager( 1303): getTelephonyProperty: return propVal='in' phoneId=1 property='gsm.sim.operator.iso-country' defaultVal='' prop=,in
D/TelephonyManager( 1303): getTelephonyProperty: return propVal='null' phoneId=1 property='gsm.operator.iso-country' defaultVal='' prop=,
D/CAT     (  946): com.android.stk.StkAppService: onStart sim id: 0, op: 13, Bundle[{op=13}]
D/CAT     (  946): com.android.stk.StkAppService: mStkService is: 0
D/CAT     (  946): com.android.stk.StkAppService: handleMessage opcode[13], sim id[0]
D/CAT     (  946): StkAppService: Need to send IDLE SCREEN Available event to SIM
D/CAT     (  946): StkAppService: Event :5
E/CAT     (  946): StkAppService: SetupEventList is not received. Ignoring the event: 5
D/CAT     (  946): StkAppService: Need to send IDLE SCREEN Available event to SIM
D/CAT     (  946): StkAppService: Event :5
E/CAT     (  946): StkAppService:  Event does not exist in the EventList
D/RILJ    (  946): [4060]> SCREEN_STATE: false [SUB0]
D/RILC    (  486): SOCKET RIL_SOCKET_1 REQUEST: SCREEN_STATE length:16
I/RILC-MTK(  486): create request 61
D/RILC-MTK(  486): SCREEN_STATE dispatched to RIL_CMD_PROXY_3
I/RILC-MTK(  486): RIL_CMD_PROXY_4 wakeup
I/RILC-MTK(  486): RIL_CMD_PROXY_2 wakeup
I/RILC-MTK(  486): RIL_CMD_PROXY_4 sleep
I/RILC-MTK(  486): RIL_CMD_PROXY_2 sleep
I/RILC-MTK(  486): RIL_CMD2_PROXY_3 wakeup
I/RILC-MTK(  486): RIL_CMD2_PROXY_3 sleep
I/RILC-MTK(  486): RIL_ATCI_PROXY wakeup
I/RILC-MTK(  486): RIL_ATCI_PROXY sleep
I/RILC-MTK(  486): RIL_CMD2_PROXY_2 wakeup
I/RILC-MTK(  486): RIL_CMD2_PROXY_2 sleep
I/RILC-MTK(  486): RIL_URC_PROXY wakeup
I/RILC-MTK(  486): RIL_URC_PROXY sleep
I/RILC-MTK(  486): RIL_CMD2_PROXY_4 wakeup
I/RILC-MTK(  486): RIL_ATCI2_PROXY wakeup
D/RILJ    (  946): [4061]> SCREEN_STATE: false [SUB1]
I/RILC-MTK(  486): RIL_CMD2_PROXY_4 sleep
I/RILC-MTK(  486): RIL_URC2_PROXY wakeup
I/RILC-MTK(  486): RIL_CMD2_PROXY_1 wakeup
I/RILC-MTK(  486): RIL_URC2_PROXY sleep
I/RILC-MTK(  486): RIL_ATCI2_PROXY sleep
I/RILC-MTK(  486): RIL_CMD2_PROXY_1 sleep
I/RILC-MTK(  486): RIL_CMD_PROXY_1 wakeup
I/RILC-MTK(  486): RIL_CMD_PROXY_1 sleep
I/RILC-MTK(  486): RIL_CMD_PROXY_3 wakeup
D/RILC-MTK(  486): SCREEN_STATE execute on RIL_CMD_PROXY_3 using channel 1
D/RILC    (  486): callOnRequest for new vendor ril
D/RIL     (  486): onRequest: SCREEN_STATE, datalen = 4
D/RIL     (  486): radioState:10
D/AT      (  486): AT send on RIL_CMD_READER_1, tid:3086175520
D/AT      (  486): AT> AT+CREG=1
D/AT      (  486): AT+CREG=1
D/RILC    (  486): SOCKET RIL_SOCKET_2 REQUEST: SCREEN_STATE length:16
I/RILC-MTK(  486): create request 61
D/RILC-MTK(  486): SCREEN_STATE dispatched to RIL_CMD2_PROXY_3
I/RILC-MTK(  486): RIL_CMD_PROXY_2 wakeup
I/RILC-MTK(  486): RIL_CMD_PROXY_4 wakeup
I/RILC-MTK(  486): RIL_CMD_PROXY_2 sleep
I/RILC-MTK(  486): RIL_ATCI2_PROXY wakeup
I/RILC-MTK(  486): RIL_ATCI2_PROXY sleep
I/RILC-MTK(  486): RIL_ATCI_PROXY wakeup
I/RILC-MTK(  486): RIL_CMD2_PROXY_4 wakeup
I/RILC-MTK(  486): RIL_ATCI_PROXY sleep
I/RILC-MTK(  486): RIL_CMD2_PROXY_1 wakeup
I/RILC-MTK(  486): RIL_CMD2_PROXY_2 wakeup
I/RILC-MTK(  486): RIL_CMD2_PROXY_1 sleep
I/RILC-MTK(  486): RIL_CMD_PROXY_4 sleep
I/RILC-MTK(  486): RIL_URC_PROXY wakeup
I/RILC-MTK(  486): RIL_CMD2_PROXY_3 wakeup
I/RILC-MTK(  486): RIL_URC_PROXY sleep
I/RILC-MTK(  486): RIL_URC2_PROXY wakeup
I/RILC-MTK(  486): RIL_URC2_PROXY sleep
I/RILC-MTK(  486): RIL_CMD2_PROXY_2 sleep
I/RILC-MTK(  486): RIL_CMD_PROXY_1 wakeup
I/RILC-MTK(  486): RIL_CMD_PROXY_1 sleep
D/RILC-MTK(  486): SCREEN_STATE execute on RIL_CMD2_PROXY_3 using channel 7
D/RILC    (  486): callOnRequest for new vendor ril
D/RIL     (  486): onRequest: SCREEN_STATE, datalen = 4
D/RIL     (  486): radioState:10
D/AT      (  486): AT send on RIL_CMD2_READER_1, tid:3086179024
D/AT      (  486): AT> AT+CREG=1
D/AT      (  486): AT+CREG=1
I/RILC-MTK(  486): RIL_CMD2_PROXY_4 sleep
D/AT      (  486): 
D/AT      (  486): OK
D/AT      (  486): AT< OK
D/AT      (  486): RIL_CMD_READER_1:OK
D/AT      (  486): RIL_CMD_READER_1 Enter processLine
D/AT      (  486): response received on RIL_CMD_READER_1, tid:3086175520
D/AT      (  486): AT send on RIL_CMD_READER_1, tid:3086175520
D/AT      (  486): AT> AT+CGREG=1
D/AT      (  486): AT+CGREG=1
D/AT      (  486): 
D/AT      (  486): OK
D/AT      (  486): AT< OK
D/AT      (  486): RIL_CMD2_READER_1:OK
D/AT      (  486): RIL_CMD2_READER_1 Enter processLine
D/AT      (  486): response received on RIL_CMD2_READER_1, tid:3086179024
D/AT      (  486): AT send on RIL_CMD2_READER_1, tid:3086179024
D/AT      (  486): AT> AT+CGREG=1
D/AT      (  486): AT+CGREG=1
D/AT      (  486): 
D/AT      (  486): OK
D/AT      (  486): AT< OK
D/AT      (  486): RIL_CMD_READER_1:OK
D/AT      (  486): RIL_CMD_READER_1 Enter processLine
D/AT      (  486): response received on RIL_CMD_READER_1, tid:3086175520
D/AT      (  486): AT send on RIL_CMD_READER_1, tid:3086175520
D/AT      (  486): AT> AT+ECSQ=0
D/AT      (  486): AT+ECSQ=0
D/AT      (  486): 
D/AT      (  486): OK
D/AT      (  486): AT< OK
D/AT      (  486): RIL_CMD2_READER_1:OK
D/AT      (  486): RIL_CMD2_READER_1 Enter processLine
D/AT      (  486): response received on RIL_CMD2_READER_1, tid:3086179024
D/AT      (  486): AT send on RIL_CMD2_READER_1, tid:3086179024
D/AT      (  486): AT> AT+ECSQ=0
D/AT      (  486): AT+ECSQ=0
D/AT      (  486): 
D/AT      (  486): OK
D/AT      (  486): AT< OK
D/AT      (  486): RIL_CMD_READER_1:OK
D/AT      (  486): RIL_CMD_READER_1 Enter processLine
D/AT      (  486): response received on RIL_CMD_READER_1, tid:3086175520
D/AT      (  486): AT send on RIL_CMD_READER_1, tid:3086175520
D/AT      (  486): AT> AT+PSBEARER=0
D/AT      (  486): AT+PSBEARER=0
D/AT      (  486): 
D/AT      (  486): OK
D/AT      (  486): AT< OK
D/AT      (  486): RIL_CMD2_READER_1:OK
D/AT      (  486): RIL_CMD2_READER_1 Enter processLine
D/AT      (  486): response received on RIL_CMD2_READER_1, tid:3086179024
D/AT      (  486): AT send on RIL_CMD2_READER_1, tid:3086179024
D/AT      (  486): AT> AT+PSBEARER=0
D/AT      (  486): AT+PSBEARER=0
D/AT      (  486): 
D/AT      (  486): OK
D/AT      (  486): AT< OK
D/AT      (  486): RIL_CMD2_READER_1:OK
D/AT      (  486): RIL_CMD2_READER_1 Enter processLine
D/AT      (  486): response received on RIL_CMD2_READER_1, tid:3086179024
D/AT      (  486): AT send on RIL_CMD2_READER_1, tid:3086179024
D/AT      (  486): AT> AT+CEREG=1
D/AT      (  486): AT+CEREG=1
D/AT      (  486): 
D/AT      (  486): OK
D/AT      (  486): AT< OK
D/AT      (  486): RIL_CMD_READER_1:OK
D/AT      (  486): RIL_CMD_READER_1 Enter processLine
D/AT      (  486): response received on RIL_CMD_READER_1, tid:3086175520
D/AT      (  486): AT send on RIL_CMD_READER_1, tid:3086175520
D/AT      (  486): AT> AT+CEREG=1
D/AT      (  486): AT+CEREG=1
D/AT      (  486): 
D/AT      (  486): +CME ERROR: 100
D/AT      (  486): AT< +CME ERROR: 100
D/AT      (  486): RIL_CMD2_READER_1:+CME ERROR: 100
D/AT      (  486): RIL_CMD2_READER_1 Enter processLine
D/AT      (  486): response received on RIL_CMD2_READER_1, tid:3086179024
W/RIL     (  486): There is something wrong with the exectution of AT+CEREG=1
D/RILC    (  486): RequestComplete, RIL_SOCKET_2
E/RILC    (  486): Send Response to RIL_SOCKET_2
I/RILC-MTK(  486): RIL_CMD2_PROXY_3 sleep
D/RILJ    (  946): [4061]< SCREEN_STATE  [SUB1]
D/AT      (  486): 
D/AT      (  486): +CME ERROR: 100
D/AT      (  486): AT< +CME ERROR: 100
D/AT      (  486): RIL_CMD_READER_1:+CME ERROR: 100
D/AT      (  486): RIL_CMD_READER_1 Enter processLine
D/AT      (  486): response received on RIL_CMD_READER_1, tid:3086175520
W/RIL     (  486): There is something wrong with the exectution of AT+CEREG=1
D/RILC    (  486): RequestComplete, RIL_SOCKET_1
E/RILC    (  486): Send Response to RIL_SOCKET_1
I/RILC-MTK(  486): RIL_CMD_PROXY_3 sleep
D/RILJ    (  946): [4060]< SCREEN_STATE  [SUB0]
D/DCT     (  946): [0]hasMatchedTetherApnSetting: APN=null
D/TelephonyManager( 1303): getTelephonyProperty: return propVal='null' phoneId=1 property='gsm.operator.numeric' defaultVal='' prop=,
D/TelephonyManager( 1303): getTelephonyProperty: return propVal='null' phoneId=1 property='gsm.operator.numeric' defaultVal='' prop=,
D/TelephonyManager( 1303): getTelephonyProperty: return propVal='null' phoneId=1 property='gsm.operator.numeric' defaultVal='' prop=,
D/TelephonyManager( 1303): getTelephonyProperty: return propVal='null' phoneId=1 property='gsm.operator.numeric' defaultVal='' prop=,
D/PhoneFactory(  946): getPhone:- phoneId != DEFAULT_PHONE_ID return sProxyPhones[phoneId] phoneId=1 phone=Handler (com.android.internal.telephony.PhoneProxy) {22a972a8}
D/RILJ    (  946): [4062]> RIL_REQUEST_GET_CELL_INFO_LIST [SUB1]
D/RILC    (  486): SOCKET RIL_SOCKET_2 REQUEST: GET_CELL_INFO_LIST length:8
I/RILC-MTK(  486): create request 109
D/RILC-MTK(  486): GET_CELL_INFO_LIST dispatched to RIL_CMD2_PROXY_2
I/RILC-MTK(  486): RIL_CMD_PROXY_2 wakeup
I/RILC-MTK(  486): RIL_CMD_PROXY_2 sleep
I/RILC-MTK(  486): RIL_ATCI2_PROXY wakeup
I/RILC-MTK(  486): RIL_ATCI2_PROXY sleep
I/RILC-MTK(  486): RIL_ATCI_PROXY wakeup
I/RILC-MTK(  486): RIL_ATCI_PROXY sleep
I/RILC-MTK(  486): RIL_CMD2_PROXY_1 wakeup
I/RILC-MTK(  486): RIL_CMD2_PROXY_1 sleep
I/RILC-MTK(  486): RIL_CMD_PROXY_4 wakeup
I/RILC-MTK(  486): RIL_CMD_PROXY_4 sleep
I/RILC-MTK(  486): RIL_URC_PROXY wakeup
I/RILC-MTK(  486): RIL_URC_PROXY sleep
I/RILC-MTK(  486): RIL_URC2_PROXY wakeup
I/RILC-MTK(  486): RIL_URC2_PROXY sleep
I/RILC-MTK(  486): RIL_CMD2_PROXY_2 wakeup
D/RILC-MTK(  486): GET_CELL_INFO_LIST execute on RIL_CMD2_PROXY_2 using channel 8
D/RILC    (  486): callOnRequest for new vendor ril
D/RIL     (  486): onRequest: GET_CELL_INFO_LIST, datalen = 0
D/RIL     (  486): radioState:10
D/AT      (  486): AT send on RIL_CMD2_READER_2, tid:3086179608
D/AT      (  486): AT> AT+ECELL
D/AT      (  486): AT+ECELL
I/RILC-MTK(  486): RIL_CMD_PROXY_1 wakeup
I/RILC-MTK(  486): RIL_CMD_PROXY_1 sleep
I/RILC-MTK(  486): RIL_CMD2_PROXY_4 wakeup
I/RILC-MTK(  486): RIL_CMD2_PROXY_4 sleep
I/RILC-MTK(  486): RIL_CMD2_PROXY_3 wakeup
I/RILC-MTK(  486): RIL_CMD2_PROXY_3 sleep
I/RILC-MTK(  486): RIL_CMD_PROXY_3 wakeup
I/RILC-MTK(  486): RIL_CMD_PROXY_3 sleep
D/AT      (  486): 
D/AT      (  486): +ECELL: 2,2,"025977E0","8CB1",404,7,268,42,30,-316,-38,268435455,268435455,268435455,2,"025977E0","8CB1",404,7,268,42,30,-316,-38,268435455,268435455,268435455
D/AT      (  486): AT< +ECELL: 2,2,"025977E0","8CB1",404,7,268,42,30,-316,-38,268435455,268435455,268435455,2,"025977E0","8CB1",404,7,268,42,30,-316,-38,268435455,268435455,268435455
D/AT      (  486): RIL_CMD2_READER_2:+ECELL: 2,2,"025977E0","8CB1",404,7,268,42,30,-316,-38,268435455,268435455,268435455,2,"025977E0","8CB1",404,7,268,42,30,-316,-38,268435455,268435455,268435455
D/AT      (  486): RIL_CMD2_READER_2 Enter processLine
D/AT      (  486): 
D/AT      (  486): OK
D/AT      (  486): AT< OK
D/AT      (  486): RIL_CMD2_READER_2:OK
D/AT      (  486): RIL_CMD2_READER_2 Enter processLine
D/AT      (  486): response received on RIL_CMD2_READER_2, tid:3086179608
D/RIL     (  486): Cell info listed, number=2
D/RIL     (  486): act=2,cid=39417824,mcc=404,mnc=7,lacTac=36017,pscPci=268,sig1=42,sig2=30,sig1_dbm=-316,sig1_dbm=-38,ta=268435455,ext1(rssnr)=268435455,ext2(cqi)=268435455
D/RIL     (  486): RIL_CELL_INFO_TYPE_WCDMA act=2
D/RIL     (  486): act=2,cid=39417824,mcc=404,mnc=7,lacTac=36017,pscPci=268,sig1=42,sig2=30,sig1_dbm=-316,sig1_dbm=-38,ta=268435455,ext1(rssnr)=268435455,ext2(cqi)=268435455
D/RIL     (  486): RIL_CELL_INFO_TYPE_WCDMA act=2
D/RILC    (  486): RequestComplete, RIL_SOCKET_2
E/RILC    (  486): Send Response to RIL_SOCKET_2
I/RILC-MTK(  486): RIL_CMD2_PROXY_2 sleep
D/RILJ    (  946): [4062]< RIL_REQUEST_GET_CELL_INFO_LIST [CellInfoWcdma:{mRegistered=YES mTimeStampType=oem_ril mTimeStamp=2673477000000ns CellIdentityWcdma:{ mMcc=404 mMnc=7 mLac=36017 mCid=39417824 mPsc=268} CellSignalStrengthWcdma: ss=42 ber=30}, CellInfoWcdma:{mRegistered=NO mTimeStampType=oem_ril mTimeStamp=2673477000000ns CellIdentityWcdma:{ mMcc=404 mMnc=7 mLac=36017 mCid=39417824 mPsc=268} CellSignalStrengthWcdma: ss=42 ber=30}] [SUB1]
D/GsmSST  (  946): [GsmSST] SST.getAllCellInfo(): X size=2 list=[CellInfoWcdma:{mRegistered=YES mTimeStampType=oem_ril mTimeStamp=2673477000000ns CellIdentityWcdma:{ mMcc=404 mMnc=7 mLac=36017 mCid=39417824 mPsc=268} CellSignalStrengthWcdma: ss=42 ber=30}, CellInfoWcdma:{mRegistered=NO mTimeStampType=oem_ril mTimeStamp=2673477000000ns CellIdentityWcdma:{ mMcc=404 mMnc=7 mLac=36017 mCid=39417824 mPsc=268} CellSignalStrengthWcdma: ss=42 ber=30}]
D/GsmSST  (  946): [GsmSST] getCellLocation(): X ret WCDMA info=[36017,39417824,268]
D/PhoneFactory(  946): getPhone:- phoneId != DEFAULT_PHONE_ID return sProxyPhones[phoneId] phoneId=1 phone=Handler (com.android.internal.telephony.PhoneProxy) {22a972a8}
D/TelephonyManager( 1303): getSimOperatorNumeric(): default subId=5
D/TelephonyManager( 1303): getTelephonyProperty: return propVal='40449' phoneId=1 property='gsm.sim.operator.numeric' defaultVal='' prop=,40449
D/PhoneFactory(  946): getPhone:- phoneId != DEFAULT_PHONE_ID return sProxyPhones[phoneId] phoneId=1 phone=Handler (com.android.internal.telephony.PhoneProxy) {22a972a8}
D/TelephonyManager( 1303): getTelephonyProperty: return propVal='null' phoneId=1 property='gsm.operator.numeric' defaultVal='' prop=,
D/RILJ    (  946): [4063]> REQUEST_GET_NEIGHBORING_CELL_IDS [SUB0]
D/RILC    (  486): SOCKET RIL_SOCKET_1 REQUEST: GET_NEIGHBORING_CELL_IDS length:8
I/RILC-MTK(  486): create request 75
D/RILC-MTK(  486): GET_NEIGHBORING_CELL_IDS dispatched to RIL_URC_PROXY
I/RILC-MTK(  486): RIL_CMD_PROXY_2 wakeup
I/RILC-MTK(  486): RIL_CMD_PROXY_2 sleep
I/RILC-MTK(  486): RIL_ATCI2_PROXY wakeup
I/RILC-MTK(  486): RIL_ATCI2_PROXY sleep
I/RILC-MTK(  486): RIL_ATCI_PROXY wakeup
I/RILC-MTK(  486): RIL_ATCI_PROXY sleep
I/RILC-MTK(  486): RIL_CMD2_PROXY_1 wakeup
I/RILC-MTK(  486): RIL_CMD2_PROXY_1 sleep
I/RILC-MTK(  486): RIL_CMD_PROXY_4 wakeup
I/RILC-MTK(  486): RIL_CMD_PROXY_4 sleep
I/RILC-MTK(  486): RIL_URC_PROXY wakeup
D/RILC-MTK(  486): GET_NEIGHBORING_CELL_IDS execute on RIL_URC_PROXY using channel 0
D/RILC    (  486): callOnRequest for new vendor ril
D/RIL     (  486): onRequest: GET_NEIGHBORING_CELL_IDS, datalen = 0
D/RIL     (  486): radioState:10
D/AT      (  486): AT send on RIL_URC_READER, tid:3086174936
D/AT      (  486): AT> AT+ENBR
D/AT      (  486): AT+ENBR
I/RILC-MTK(  486): RIL_URC2_PROXY wakeup
I/RILC-MTK(  486): RIL_URC2_PROXY sleep
I/RILC-MTK(  486): RIL_CMD_PROXY_1 wakeup
I/RILC-MTK(  486): RIL_CMD_PROXY_1 sleep
I/RILC-MTK(  486): RIL_CMD2_PROXY_4 wakeup
I/RILC-MTK(  486): RIL_CMD2_PROXY_4 sleep
I/RILC-MTK(  486): RIL_CMD2_PROXY_3 wakeup
I/RILC-MTK(  486): RIL_CMD2_PROXY_3 sleep
I/RILC-MTK(  486): RIL_CMD_PROXY_3 wakeup
I/RILC-MTK(  486): RIL_CMD_PROXY_3 sleep
I/RILC-MTK(  486): RIL_CMD2_PROXY_2 wakeup
I/RILC-MTK(  486): RIL_CMD2_PROXY_2 sleep
D/AT      (  486): 
D/AT      (  486): OK
D/AT      (  486): AT< OK
D/AT      (  486): RIL_URC_READER:OK
D/AT      (  486): RIL_URC_READER Enter processLine
D/AT      (  486): response received on RIL_URC_READER, tid:3086174936
D/RILC    (  486): RequestComplete, RIL_SOCKET_1
E/RILC    (  486): Send Response to RIL_SOCKET_1
I/RILC-MTK(  486): RIL_URC_PROXY sleep
D/SubscriptionController(  946): [getSubId]- numSubIds == 0, return DummySubIds slotIdx=0
D/SubscriptionController(  946): getDummySubIds: slotIdx=0 return 2 DummySubIds with each subId=-2
