D/AT      (  486): RIL_URC2_READER Enter processLine
D/RIL     (  486): Nw URC:+ECSQ: 14, 99, -300, -329, -28
D/RIL     (  486): Reset rssi value to meet GSM signal level: 8
D/RILC    (  486): callForRilVersion new vendor RIL, version: 0
I/RILC    (  486): RIL_SOCKET_2 UNSOLICITED: UNSOL_SIGNAL_STRENGTH length:56
E/RILC    (  486): Send Response to RIL_SOCKET_2
D/DefaultPhoneNotifier(  946): notifySignalStrength: mRegistry=com.android.internal.telephony.ITelephonyRegistry$Stub$Proxy@10f11843 ss=SignalStrength: 8 99 -120 -160 -120 0 -1 99 2147483647 2147483647 2147483647 2147483647 gsm|lte sender=Handler (com.android.internal.telephony.gsm.GSMPhone) {390531c1}
D/AT      (  486): 
D/AT      (  486): +ECSQ: 14, 99, -300, -320, -19
D/AT      (  486): AT< +ECSQ: 14, 99, -300, -320, -19
D/AT      (  486): RIL_URC2_READER:+ECSQ: 14, 99, -300, -320, -19
D/AT      (  486): RIL_URC2_READER Enter processLine
D/RIL     (  486): Nw URC:+ECSQ: 14, 99, -300, -320, -19
D/RIL     (  486): Reset rssi value to meet GSM signal level: 8
D/RILC    (  486): callForRilVersion new vendor RIL, version: 0
I/RILC    (  486): RIL_SOCKET_2 UNSOLICITED: UNSOL_SIGNAL_STRENGTH length:56
E/RILC    (  486): Send Response to RIL_SOCKET_2
D/DefaultPhoneNotifier(  946): notifySignalStrength: mRegistry=com.android.internal.telephony.ITelephonyRegistry$Stub$Proxy@10f11843 ss=SignalStrength: 8 99 -120 -160 -120 0 -1 99 2147483647 2147483647 2147483647 2147483647 gsm|lte sender=Handler (com.android.internal.telephony.gsm.GSMPhone) {390531c1}
D/PhoneFactory(  946): getPhone:- phoneId != DEFAULT_PHONE_ID return sProxyPhones[phoneId] phoneId=1 phone=Handler (com.android.internal.telephony.PhoneProxy) {22a972a8}
D/RILJ    (  946): [4042]> RIL_REQUEST_GET_CELL_INFO_LIST [SUB1]
D/RILC    (  486): SOCKET RIL_SOCKET_2 REQUEST: GET_CELL_INFO_LIST length:8
I/RILC-MTK(  486): create request 109
D/RILC-MTK(  486): GET_CELL_INFO_LIST dispatched to RIL_CMD2_PROXY_2
I/RILC-MTK(  486): RIL_CMD2_PROXY_2 wakeup
I/RILC-MTK(  486): RIL_CMD_PROXY_4 wakeup
I/RILC-MTK(  486): RIL_CMD_PROXY_4 sleep
D/RILC-MTK(  486): GET_CELL_INFO_LIST execute on RIL_CMD2_PROXY_2 using channel 8
D/RILC    (  486): callOnRequest for new vendor ril
I/RILC-MTK(  486): RIL_CMD_PROXY_1 wakeup
I/RILC-MTK(  486): RIL_CMD_PROXY_3 wakeup
D/RIL     (  486): onRequest: GET_CELL_INFO_LIST, datalen = 0
I/RILC-MTK(  486): RIL_CMD_PROXY_3 sleep
D/RIL     (  486): radioState:10
D/AT      (  486): AT send on RIL_CMD2_READER_2, tid:3086179608
I/RILC-MTK(  486): RIL_ATCI2_PROXY wakeup
I/RILC-MTK(  486): RIL_CMD_PROXY_1 sleep
D/AT      (  486): AT> AT+ECELL
D/AT      (  486): AT+ECELL
I/RILC-MTK(  486): RIL_CMD2_PROXY_3 wakeup
I/RILC-MTK(  486): RIL_ATCI2_PROXY sleep
I/RILC-MTK(  486): RIL_CMD2_PROXY_3 sleep
I/RILC-MTK(  486): RIL_URC2_PROXY wakeup
I/RILC-MTK(  486): RIL_URC2_PROXY sleep
I/RILC-MTK(  486): RIL_CMD2_PROXY_1 wakeup
I/RILC-MTK(  486): RIL_CMD2_PROXY_1 sleep
I/RILC-MTK(  486): RIL_ATCI_PROXY wakeup
I/RILC-MTK(  486): RIL_URC_PROXY wakeup
I/RILC-MTK(  486): RIL_ATCI_PROXY sleep
I/RILC-MTK(  486): RIL_URC_PROXY sleep
I/RILC-MTK(  486): RIL_CMD2_PROXY_4 wakeup
I/RILC-MTK(  486): RIL_CMD2_PROXY_4 sleep
I/RILC-MTK(  486): RIL_CMD_PROXY_2 wakeup
I/RILC-MTK(  486): RIL_CMD_PROXY_2 sleep
D/AT      (  486): 
D/AT      (  486): +ECELL: 2,2,"025977E0","8CB1",404,7,268,33,34,-352,-30,268435455,268435455,268435455,2,"025977E0","8CB1",404,7,268,33,34,-352,-30,268435455,268435455,268435455
D/AT      (  486): 
D/AT      (  486): OK
D/AT      (  486): AT< +ECELL: 2,2,"025977E0","8CB1",404,7,268,33,34,-352,-30,268435455,268435455,268435455,2,"025977E0","8CB1",404,7,268,33,34,-352,-30,268435455,268435455,268435455
D/AT      (  486): RIL_CMD2_READER_2:+ECELL: 2,2,"025977E0","8CB1",404,7,268,33,34,-352,-30,268435455,268435455,268435455,2,"025977E0","8CB1",404,7,268,33,34,-352,-30,268435455,268435455,268435455
D/AT      (  486): RIL_CMD2_READER_2 Enter processLine
D/AT      (  486): AT< OK
D/AT      (  486): RIL_CMD2_READER_2:OK
D/AT      (  486): RIL_CMD2_READER_2 Enter processLine
D/AT      (  486): response received on RIL_CMD2_READER_2, tid:3086179608
D/RIL     (  486): Cell info listed, number=2
D/RIL     (  486): act=2,cid=39417824,mcc=404,mnc=7,lacTac=36017,pscPci=268,sig1=33,sig2=34,sig1_dbm=-352,sig1_dbm=-30,ta=268435455,ext1(rssnr)=268435455,ext2(cqi)=268435455
D/RIL     (  486): RIL_CELL_INFO_TYPE_WCDMA act=2
D/RIL     (  486): act=2,cid=39417824,mcc=404,mnc=7,lacTac=36017,pscPci=268,sig1=33,sig2=34,sig1_dbm=-352,sig1_dbm=-30,ta=268435455,ext1(rssnr)=268435455,ext2(cqi)=268435455
D/RIL     (  486): RIL_CELL_INFO_TYPE_WCDMA act=2
D/RILC    (  486): RequestComplete, RIL_SOCKET_2
E/RILC    (  486): Send Response to RIL_SOCKET_2
I/RILC-MTK(  486): RIL_CMD2_PROXY_2 sleep
D/RILJ    (  946): [4042]< RIL_REQUEST_GET_CELL_INFO_LIST [CellInfoWcdma:{mRegistered=YES mTimeStampType=oem_ril mTimeStamp=1723642000000ns CellIdentityWcdma:{ mMcc=404 mMnc=7 mLac=36017 mCid=39417824 mPsc=268} CellSignalStrengthWcdma: ss=33 ber=34}, CellInfoWcdma:{mRegistered=NO mTimeStampType=oem_ril mTimeStamp=1723642000000ns CellIdentityWcdma:{ mMcc=404 mMnc=7 mLac=36017 mCid=39417824 mPsc=268} CellSignalStrengthWcdma: ss=33 ber=34}] [SUB1]
D/GsmSST  (  946): [GsmSST] SST.getAllCellInfo(): X size=2 list=[CellInfoWcdma:{mRegistered=YES mTimeStampType=oem_ril mTimeStamp=1723642000000ns CellIdentityWcdma:{ mMcc=404 mMnc=7 mLac=36017 mCid=39417824 mPsc=268} CellSignalStrengthWcdma: ss=33 ber=34}, CellInfoWcdma:{mRegistered=NO mTimeStampType=oem_ril mTimeStamp=1723642000000ns CellIdentityWcdma:{ mMcc=404 mMnc=7 mLac=36017 mCid=39417824 mPsc=268} CellSignalStrengthWcdma: ss=33 ber=34}]
D/GsmSST  (  946): [GsmSST] getCellLocation(): X ret WCDMA info=[36017,39417824,268]
D/PhoneFactory(  946): getPhone:- phoneId != DEFAULT_PHONE_ID return sProxyPhones[phoneId] phoneId=1 phone=Handler (com.android.internal.telephony.PhoneProxy) {22a972a8}
D/TelephonyManager( 1303): getSimOperatorNumeric(): default subId=5
D/TelephonyManager( 1303): getTelephonyProperty: return propVal='40449' phoneId=1 property='gsm.sim.operator.numeric' defaultVal='' prop=,40449
D/PhoneFactory(  946): getPhone:- phoneId != DEFAULT_PHONE_ID return sProxyPhones[phoneId] phoneId=1 phone=Handler (com.android.internal.telephony.PhoneProxy) {22a972a8}
D/TelephonyManager( 1303): getTelephonyProperty: return propVal='null' phoneId=1 property='gsm.operator.numeric' defaultVal='' prop=,
D/RILJ    (  946): [4043]> REQUEST_GET_NEIGHBORING_CELL_IDS [SUB0]
D/RILC    (  486): SOCKET RIL_SOCKET_1 REQUEST: GET_NEIGHBORING_CELL_IDS length:8
I/RILC-MTK(  486): create request 75
D/RILC-MTK(  486): GET_NEIGHBORING_CELL_IDS dispatched to RIL_URC_PROXY
I/RILC-MTK(  486): RIL_URC2_PROXY wakeup
I/RILC-MTK(  486): RIL_CMD_PROXY_4 wakeup
I/RILC-MTK(  486): RIL_CMD_PROXY_4 sleep
I/RILC-MTK(  486): RIL_CMD2_PROXY_4 wakeup
I/RILC-MTK(  486): RIL_CMD_PROXY_3 wakeup
I/RILC-MTK(  486): RIL_CMD2_PROXY_4 sleep
I/RILC-MTK(  486): RIL_CMD2_PROXY_3 wakeup
I/RILC-MTK(  486): RIL_CMD2_PROXY_3 sleep
I/RILC-MTK(  486): RIL_URC2_PROXY sleep
I/RILC-MTK(  486): RIL_CMD2_PROXY_1 wakeup
I/RILC-MTK(  486): RIL_CMD2_PROXY_1 sleep
I/RILC-MTK(  486): RIL_CMD2_PROXY_2 wakeup
I/RILC-MTK(  486): RIL_CMD2_PROXY_2 sleep
I/RILC-MTK(  486): RIL_CMD_PROXY_2 wakeup
I/RILC-MTK(  486): RIL_URC_PROXY wakeup
I/RILC-MTK(  486): RIL_CMD_PROXY_2 sleep
I/RILC-MTK(  486): RIL_ATCI_PROXY wakeup
I/RILC-MTK(  486): RIL_ATCI_PROXY sleep
I/RILC-MTK(  486): RIL_CMD_PROXY_3 sleep
D/RILC-MTK(  486): GET_NEIGHBORING_CELL_IDS execute on RIL_URC_PROXY using channel 0
D/RILC    (  486): callOnRequest for new vendor ril
D/RIL     (  486): onRequest: GET_NEIGHBORING_CELL_IDS, datalen = 0
D/RIL     (  486): radioState:10
D/AT      (  486): AT send on RIL_URC_READER, tid:3086174936
D/AT      (  486): AT> AT+ENBR
D/AT      (  486): AT+ENBR
I/RILC-MTK(  486): RIL_CMD_PROXY_1 wakeup
I/RILC-MTK(  486): RIL_CMD_PROXY_1 sleep
I/RILC-MTK(  486): RIL_ATCI2_PROXY wakeup
I/RILC-MTK(  486): RIL_ATCI2_PROXY sleep
D/AT      (  486): 
D/AT      (  486): OK
D/AT      (  486): AT< OK
D/AT      (  486): RIL_URC_READER:OK
D/AT      (  486): RIL_URC_READER Enter processLine
D/AT      (  486): response received on RIL_URC_READER, tid:3086174936
D/RILC    (  486): RequestComplete, RIL_SOCKET_1
E/RILC    (  486): Send Response to RIL_SOCKET_1
I/RILC-MTK(  486): RIL_URC_PROXY sleep
D/SubscriptionController(  946): [getSubId]- numSubIds == 0, return DummySubIds slotIdx=0
D/SubscriptionController(  946): getDummySubIds: slotIdx=0 return 2 DummySubIds with each subId=-2
D/SubscriptionController(  946): [getPhoneId]- invalid subId return=-1
D/PhoneFactory(  946): getPhone:- phoneId != DEFAULT_PHONE_ID return sProxyPhones[phoneId] phoneId=-1 phone=null
D/RILJ    (  946): [4043]< REQUEST_GET_NEIGHBORING_CELL_IDS   [SUB0]
D/RILJ    (  946): [4044]> RIL_REQUEST_GET_CELL_INFO_LIST [SUB0]
D/RILC    (  486): SOCKET RIL_SOCKET_1 REQUEST: GET_CELL_INFO_LIST length:8
I/RILC-MTK(  486): create request 109
D/RILC-MTK(  486): GET_CELL_INFO_LIST dispatched to RIL_CMD_PROXY_2
I/RILC-MTK(  486): RIL_CMD_PROXY_3 wakeup
I/RILC-MTK(  486): RIL_CMD_PROXY_4 wakeup
I/RILC-MTK(  486): RIL_CMD_PROXY_4 sleep
I/RILC-MTK(  486): RIL_CMD2_PROXY_3 wakeup
I/RILC-MTK(  486): RIL_CMD2_PROXY_4 wakeup
I/RILC-MTK(  486): RIL_CMD2_PROXY_4 sleep
I/RILC-MTK(  486): RIL_CMD_PROXY_2 wakeup
I/RILC-MTK(  486): RIL_URC2_PROXY wakeup
D/RILC-MTK(  486): GET_CELL_INFO_LIST execute on RIL_CMD_PROXY_2 using channel 2
I/RILC-MTK(  486): RIL_URC2_PROXY sleep
D/RILC    (  486): callOnRequest for new vendor ril
D/RIL     (  486): onRequest: GET_CELL_INFO_LIST, datalen = 0
I/RILC-MTK(  486): RIL_URC_PROXY wakeup
I/RILC-MTK(  486): RIL_URC_PROXY sleep
D/RIL     (  486): radioState:10
I/RILC-MTK(  486): RIL_CMD2_PROXY_2 wakeup
D/AT      (  486): AT send on RIL_CMD_READER_2, tid:3086176104
I/RILC-MTK(  486): RIL_CMD2_PROXY_2 sleep
D/AT      (  486): AT> AT+ECELL
D/AT      (  486): AT+ECELL
I/RILC-MTK(  486): RIL_CMD2_PROXY_1 wakeup
I/RILC-MTK(  486): RIL_CMD2_PROXY_1 sleep
I/RILC-MTK(  486): RIL_CMD_PROXY_3 sleep
I/RILC-MTK(  486): RIL_ATCI_PROXY wakeup
I/RILC-MTK(  486): RIL_ATCI_PROXY sleep
I/RILC-MTK(  486): RIL_ATCI2_PROXY wakeup
I/RILC-MTK(  486): RIL_ATCI2_PROXY sleep
I/RILC-MTK(  486): RIL_CMD2_PROXY_3 sleep
I/RILC-MTK(  486): RIL_CMD_PROXY_1 wakeup
I/RILC-MTK(  486): RIL_CMD_PROXY_1 sleep
D/AT      (  486): 
D/AT      (  486): +ECELL: 0
D/AT      (  486): 
D/AT      (  486): OK
D/AT      (  486): AT< +ECELL: 0
D/AT      (  486): RIL_CMD_READER_2:+ECELL: 0
D/AT      (  486): RIL_CMD_READER_2 Enter processLine
D/AT      (  486): AT< OK
D/AT      (  486): RIL_CMD_READER_2:OK
D/AT      (  486): RIL_CMD_READER_2 Enter processLine
D/AT      (  486): response received on RIL_CMD_READER_2, tid:3086176104
D/RIL     (  486): No cell info listed, num=0
E/RIL     (  486): requestGetCellInfoList must never return error when radio is on
D/RILC    (  486): RequestComplete, RIL_SOCKET_1
E/RILC    (  486): Send Response to RIL_SOCKET_1
I/RILC-MTK(  486): RIL_CMD_PROXY_2 sleep
D/RilRequest(  946): [4044]< RIL_REQUEST_GET_CELL_INFO_LIST error: com.android.internal.telephony.CommandException: GENERIC_FAILURE ret=
D/GsmSST  (  946): [GsmSST] EVENT_GET_CELL_INFO_LIST: error ret null, e=com.android.internal.telephony.CommandException: GENERIC_FAILURE
D/GsmSST  (  946): [GsmSST] SST.getAllCellInfo(): X size=0 list=null
D/PhoneFactory(  946): getPhone:- phoneId != DEFAULT_PHONE_ID return sProxyPhones[phoneId] phoneId=1 phone=Handler (com.android.internal.telephony.PhoneProxy) {22a972a8}
D/GsmSST  (  946): [GsmSST] SST.getAllCellInfo(): return last, back to back calls
D/GsmSST  (  946): [GsmSST] SST.getAllCellInfo(): X size=2 list=[CellInfoWcdma:{mRegistered=YES mTimeStampType=oem_ril mTimeStamp=1723642000000ns CellIdentityWcdma:{ mMcc=404 mMnc=7 mLac=36017 mCid=39417824 mPsc=268} CellSignalStrengthWcdma: ss=33 ber=34}, CellInfoWcdma:{mRegistered=NO mTimeStampType=oem_ril mTimeStamp=1723642000000ns CellIdentityWcdma:{ mMcc=404 mMnc=7 mLac=36017 mCid=39417824 mPsc=268} CellSignalStrengthWcdma: ss=33 ber=34}]
D/GsmSST  (  946): [GsmSST] getCellLocation(): X ret WCDMA info=[36017,39417824,268]
D/PhoneFactory(  946): getPhone:- phoneId != DEFAULT_PHONE_ID return sProxyPhones[phoneId] phoneId=1 phone=Handler (com.android.internal.telephony.PhoneProxy) {22a972a8}
D/TelephonyManager( 1303): getTelephonyProperty: return propVal='in' phoneId=1 property='gsm.sim.operator.iso-country' defaultVal='' prop=,in
D/TelephonyManager( 1303): getTelephonyProperty: return propVal='null' phoneId=1 property='gsm.operator.iso-country' defaultVal='' prop=,
D/AT      (  486): 
D/AT      (  486): +ECSQ: 14, 99, -300, -329, -27
D/AT      (  486): AT< +ECSQ: 14, 99, -300, -329, -27
D/AT      (  486): RIL_URC2_READER:+ECSQ: 14, 99, -300, -329, -27
D/AT      (  486): RIL_URC2_READER Enter processLine
D/RIL     (  486): Nw URC:+ECSQ: 14, 99, -300, -329, -27
D/RIL     (  486): Reset rssi value to meet GSM signal level: 8
D/RILC    (  486): callForRilVersion new vendor RIL, version: 0
I/RILC    (  486): RIL_SOCKET_2 UNSOLICITED: UNSOL_SIGNAL_STRENGTH length:56
E/RILC    (  486): Send Response to RIL_SOCKET_2
D/DefaultPhoneNotifier(  946): notifySignalStrength: mRegistry=com.android.internal.telephony.ITelephonyRegistry$Stub$Proxy@10f11843 ss=SignalStrength: 8 99 -120 -160 -120 0 -1 99 2147483647 2147483647 2147483647 2147483647 gsm|lte sender=Handler (com.android.internal.telephony.gsm.GSMPhone) {390531c1}
D/AT      (  486): 
D/AT      (  486): +ECSQ: 14, 99, -272, -311, -37
D/AT      (  486): AT< +ECSQ: 14, 99, -272, -311, -37
D/AT      (  486): RIL_URC2_READER:+ECSQ: 14, 99, -272, -311, -37
D/AT      (  486): RIL_URC2_READER Enter processLine
D/RIL     (  486): Nw URC:+ECSQ: 14, 99, -272, -311, -37
D/RIL     (  486): Reset rssi value to meet GSM signal level: 8
D/RILC    (  486): callForRilVersion new vendor RIL, version: 0
I/RILC    (  486): RIL_SOCKET_2 UNSOLICITED: UNSOL_SIGNAL_STRENGTH length:56
E/RILC    (  486): Send Response to RIL_SOCKET_2
D/DefaultPhoneNotifier(  946): notifySignalStrength: mRegistry=com.android.internal.telephony.ITelephonyRegistry$Stub$Proxy@10f11843 ss=SignalStrength: 8 99 -120 -160 -120 0 -1 99 2147483647 2147483647 2147483647 2147483647 gsm|lte sender=Handler (com.android.internal.telephony.gsm.GSMPhone) {390531c1}
D/AT      (  486): 
D/AT      (  486): +ECSQ: 14, 99, -280, -314, -34
D/AT      (  486): AT< +ECSQ: 14, 99, -280, -314, -34
D/AT      (  486): RIL_URC2_READER:+ECSQ: 14, 99, -280, -314, -34
D/AT      (  486): RIL_URC2_READER Enter processLine
D/RIL     (  486): Nw URC:+ECSQ: 14, 99, -280, -314, -34
D/RIL     (  486): Reset rssi value to meet GSM signal level: 8
D/RILC    (  486): callForRilVersion new vendor RIL, version: 0
I/RILC    (  486): RIL_SOCKET_2 UNSOLICITED: UNSOL_SIGNAL_STRENGTH length:56
E/RILC    (  486): Send Response to RIL_SOCKET_2
D/DefaultPhoneNotifier(  946): notifySignalStrength: mRegistry=com.android.internal.telephony.ITelephonyRegistry$Stub$Proxy@10f11843 ss=SignalStrength: 8 99 -120 -160 -120 0 -1 99 2147483647 2147483647 2147483647 2147483647 gsm|lte sender=Handler (com.android.internal.telephony.gsm.GSMPhone) {390531c1}
D/TelephonyManager( 1303): getTelephonyProperty: return propVal='null' phoneId=1 property='gsm.operator.numeric' defaultVal='' prop=,
D/AT      (  486): 
D/AT      (  486): +ECSQ: 14, 99, -268, -312, -42
D/AT      (  486): AT< +ECSQ: 14, 99, -268, -312, -42
D/AT      (  486): RIL_URC2_READER:+ECSQ: 14, 99, -268, -312, -42
D/AT      (  486): RIL_URC2_READER Enter processLine
D/RIL     (  486): Nw URC:+ECSQ: 14, 99, -268, -312, -42
D/RIL     (  486): Reset rssi value to meet GSM signal level: 8
D/RILC    (  486): callForRilVersion new vendor RIL, version: 0
I/RILC    (  486): RIL_SOCKET_2 UNSOLICITED: UNSOL_SIGNAL_STRENGTH length:56
E/RILC    (  486): Send Response to RIL_SOCKET_2
D/DefaultPhoneNotifier(  946): notifySignalStrength: mRegistry=com.android.internal.telephony.ITelephonyRegistry$Stub$Proxy@10f11843 ss=SignalStrength: 8 99 -120 -160 -120 0 -1 99 2147483647 2147483647 2147483647 2147483647 gsm|lte sender=Handler (com.android.internal.telephony.gsm.GSMPhone) {390531c1}
D/AT      (  486): 
D/AT      (  486): +ECSQ: 14, 99, -276, -304, -26
D/AT      (  486): AT< +ECSQ: 14, 99, -276, -304, -26
D/AT      (  486): RIL_URC2_READER:+ECSQ: 14, 99, -276, -304, -26
D/AT      (  486): RIL_URC2_READER Enter processLine
D/RIL     (  486): Nw URC:+ECSQ: 14, 99, -276, -304, -26
D/RIL     (  486): Reset rssi value to meet GSM signal level: 8
D/RILC    (  486): callForRilVersion new vendor RIL, version: 0
I/RILC    (  486): RIL_SOCKET_2 UNSOLICITED: UNSOL_SIGNAL_STRENGTH length:56
E/RILC    (  486): Send Response to RIL_SOCKET_2
D/DefaultPhoneNotifier(  946): notifySignalStrength: mRegistry=com.android.internal.telephony.ITelephonyRegistry$Stub$Proxy@10f11843 ss=SignalStrength: 8 99 -120 -160 -120 0 -1 99 2147483647 2147483647 2147483647 2147483647 gsm|lte sender=Handler (com.android.internal.telephony.gsm.GSMPhone) {390531c1}
D/AT      (  486): 
D/AT      (  486): +ECSQ: 14, 99, -280, -309, -26
D/AT      (  486): AT< +ECSQ: 14, 99, -280, -309, -26
D/AT      (  486): RIL_URC2_READER:+ECSQ: 14, 99, -280, -309, -26
D/AT      (  486): RIL_URC2_READER Enter processLine
D/RIL     (  486): Nw URC:+ECSQ: 14, 99, -280, -309, -26
D/RIL     (  486): Reset rssi value to meet GSM signal level: 8
D/RILC    (  486): callForRilVersion new vendor RIL, version: 0
I/RILC    (  486): RIL_SOCKET_2 UNSOLICITED: UNSOL_SIGNAL_STRENGTH length:56
E/RILC    (  486): Send Response to RIL_SOCKET_2
D/DefaultPhoneNotifier(  946): notifySignalStrength: mRegistry=com.android.internal.telephony.ITelephonyRegistry$Stub$Proxy@10f11843 ss=SignalStrength: 8 99 -120 -160 -120 0 -1 99 2147483647 2147483647 2147483647 2147483647 gsm|lte sender=Handler (com.android.internal.telephony.gsm.GSMPhone) {390531c1}
D/AT      (  486): 
D/AT      (  486): +ECSQ: 14, 99, -272, -301, -26
D/AT      (  486): AT< +ECSQ: 14, 99, -272, -301, -26
D/AT      (  486): RIL_URC2_READER:+ECSQ: 14, 99, -272, -301, -26
D/AT      (  486): RIL_URC2_READER Enter processLine
D/RIL     (  486): Nw URC:+ECSQ: 14, 99, -272, -301, -26
D/RIL     (  486): Reset rssi value to meet GSM signal level: 8
D/RILC    (  486): callForRilVersion new vendor RIL, version: 0
I/RILC    (  486): RIL_SOCKET_2 UNSOLICITED: UNSOL_SIGNAL_STRENGTH length:56
E/RILC    (  486): Send Response to RIL_SOCKET_2
D/DefaultPhoneNotifier(  946): notifySignalStrength: mRegistry=com.android.internal.telephony.ITelephonyRegistry$Stub$Proxy@10f11843 ss=SignalStrength: 8 99 -120 -160 -120 0 -1 99 2147483647 2147483647 2147483647 2147483647 gsm|lte sender=Handler (com.android.internal.telephony.gsm.GSMPhone) {390531c1}
D/AT      (  486): 
D/AT      (  486): +ECSQ: 14, 99, -272, -307, -33
D/AT      (  486): AT< +ECSQ: 14, 99, -272, -307, -33
D/AT      (  486): RIL_URC2_READER:+ECSQ: 14, 99, -272, -307, -33
D/AT      (  486): RIL_URC2_READER Enter processLine
D/RIL     (  486): Nw URC:+ECSQ: 14, 99, -272, -307, -33
D/RIL     (  486): Reset rssi value to meet GSM signal level: 8
D/RILC    (  486): callForRilVersion new vendor RIL, version: 0
I/RILC    (  486): RIL_SOCKET_2 UNSOLICITED: UNSOL_SIGNAL_STRENGTH length:56
E/RILC    (  486): Send Response to RIL_SOCKET_2
D/DefaultPhoneNotifier(  946): notifySignalStrength: mRegistry=com.android.internal.telephony.ITelephonyRegistry$Stub$Proxy@10f11843 ss=SignalStrength: 8 99 -120 -160 -120 0 -1 99 2147483647 2147483647 2147483647 2147483647 gsm|lte sender=Handler (com.android.internal.telephony.gsm.GSMPhone) {390531c1}
D/AT      (  486): 
D/AT      (  486): +ECSQ: 14, 99, -268, -294, -25
D/AT      (  486): AT< +ECSQ: 14, 99, -268, -294, -25
D/AT      (  486): RIL_URC2_READER:+ECSQ: 14, 99, -268, -294, -25
D/AT      (  486): RIL_URC2_READER Enter processLine
D/RIL     (  486): Nw URC:+ECSQ: 14, 99, -268, -294, -25
D/RIL     (  486): Reset rssi value to meet GSM signal level: 8
D/RILC    (  486): callForRilVersion new vendor RIL, version: 0
I/RILC    (  486): RIL_SOCKET_2 UNSOLICITED: UNSOL_SIGNAL_STRENGTH length:56
E/RILC    (  486): Send Response to RIL_SOCKET_2
D/DefaultPhoneNotifier(  946): notifySignalStrength: mRegistry=com.android.internal.telephony.ITelephonyRegistry$Stub$Proxy@10f11843 ss=SignalStrength: 8 99 -120 -160 -120 0 -1 99 2147483647 2147483647 2147483647 2147483647 gsm|lte sender=Handler (com.android.internal.telephony.gsm.GSMPhone) {390531c1}
D/AT      (  486): 
D/AT      (  486): +ECSQ: 26, 99, -264, -289, -22
D/AT      (  486): AT< +ECSQ: 26, 99, -264, -289, -22
D/AT      (  486): RIL_URC2_READER:+ECSQ: 26, 99, -264, -289, -22
D/AT      (  486): RIL_URC2_READER Enter processLine
D/RIL     (  486): Nw URC:+ECSQ: 26, 99, -264, -289, -22
D/RIL     (  486): Reset rssi value to meet GSM signal level: 12
D/RILC    (  486): callForRilVersion new vendor RIL, version: 0
I/RILC    (  486): RIL_SOCKET_2 UNSOLICITED: UNSOL_SIGNAL_STRENGTH length:56
E/RILC    (  486): Send Response to RIL_SOCKET_2
D/DefaultPhoneNotifier(  946): notifySignalStrength: mRegistry=com.android.internal.telephony.ITelephonyRegistry$Stub$Proxy@10f11843 ss=SignalStrength: 12 99 -120 -160 -120 0 -1 99 2147483647 2147483647 2147483647 2147483647 gsm|lte sender=Handler (com.android.internal.telephony.gsm.GSMPhone) {390531c1}
D/PhoneFactory(  946): getPhone:- phoneId != DEFAULT_PHONE_ID return sProxyPhones[phoneId] phoneId=1 phone=Handler (com.android.internal.telephony.PhoneProxy) {22a972a8}
D/RILJ    (  946): [4045]> RIL_REQUEST_GET_CELL_INFO_LIST [SUB1]
D/RILC    (  486): SOCKET RIL_SOCKET_2 REQUEST: GET_CELL_INFO_LIST length:8
I/RILC-MTK(  486): create request 109
D/RILC-MTK(  486): GET_CELL_INFO_LIST dispatched to RIL_CMD2_PROXY_2
I/RILC-MTK(  486): RIL_URC_PROXY wakeup
I/RILC-MTK(  486): RIL_URC_PROXY sleep
I/RILC-MTK(  486): RIL_CMD_PROXY_1 wakeup
I/RILC-MTK(  486): RIL_CMD_PROXY_1 sleep
I/RILC-MTK(  486): RIL_ATCI2_PROXY wakeup
I/RILC-MTK(  486): RIL_URC2_PROXY wakeup
I/RILC-MTK(  486): RIL_ATCI_PROXY wakeup
I/RILC-MTK(  486): RIL_ATCI2_PROXY sleep
I/RILC-MTK(  486): RIL_CMD2_PROXY_1 wakeup
I/RILC-MTK(  486): RIL_CMD2_PROXY_3 wakeup
I/RILC-MTK(  486): RIL_CMD2_PROXY_1 sleep
I/RILC-MTK(  486): RIL_CMD2_PROXY_2 wakeup
I/RILC-MTK(  486): RIL_CMD_PROXY_4 wakeup
I/RILC-MTK(  486): RIL_CMD_PROXY_4 sleep
D/RILC-MTK(  486): GET_CELL_INFO_LIST execute on RIL_CMD2_PROXY_2 using channel 8
D/RILC    (  486): callOnRequest for new vendor ril
I/RILC-MTK(  486): RIL_CMD_PROXY_2 wakeup
D/RIL     (  486): onRequest: GET_CELL_INFO_LIST, datalen = 0
I/RILC-MTK(  486): RIL_CMD_PROXY_2 sleep
D/RIL     (  486): radioState:10
I/RILC-MTK(  486): RIL_CMD2_PROXY_3 sleep
D/AT      (  486): AT send on RIL_CMD2_READER_2, tid:3086179608
D/AT      (  486): AT> AT+ECELL
I/RILC-MTK(  486): RIL_CMD_PROXY_3 wakeup
D/AT      (  486): AT+ECELL
I/RILC-MTK(  486): RIL_CMD_PROXY_3 sleep
I/RILC-MTK(  486): RIL_CMD2_PROXY_4 wakeup
I/RILC-MTK(  486): RIL_CMD2_PROXY_4 sleep
I/RILC-MTK(  486): RIL_URC2_PROXY sleep
I/RILC-MTK(  486): RIL_ATCI_PROXY sleep
D/AT      (  486): 
D/AT      (  486): +ECELL: 2,2,"025977E0","8CB1",404,7,268,42,34,-316,-30,268435455,268435455,268435455,2,"025977E0","8CB1",404,7,268,42,34,-316,-30,268435455,268435455,268435455
D/AT      (  486): AT< +ECELL: 2,2,"025977E0","8CB1",404,7,268,42,34,-316,-30,268435455,268435455,268435455,2,"025977E0","8CB1",404,7,268,42,34,-316,-30,268435455,268435455,268435455
D/AT      (  486): RIL_CMD2_READER_2:+ECELL: 2,2,"025977E0","8CB1",404,7,268,42,34,-316,-30,268435455,268435455,268435455,2,"025977E0","8CB1",404,7,268,42,34,-316,-30,268435455,268435455,268435455
D/AT      (  486): RIL_CMD2_READER_2 Enter processLine
D/AT      (  486): 
D/AT      (  486): OK
D/AT      (  486): AT< OK
D/AT      (  486): RIL_CMD2_READER_2:OK
D/AT      (  486): RIL_CMD2_READER_2 Enter processLine
D/AT      (  486): response received on RIL_CMD2_READER_2, tid:3086179608
D/RIL     (  486): Cell info listed, number=2
D/RIL     (  486): act=2,cid=39417824,mcc=404,mnc=7,lacTac=36017,pscPci=268,sig1=42,sig2=34,sig1_dbm=-316,sig1_dbm=-30,ta=268435455,ext1(rssnr)=268435455,ext2(cqi)=268435455
D/RIL     (  486): RIL_CELL_INFO_TYPE_WCDMA act=2
D/RIL     (  486): act=2,cid=39417824,mcc=404,mnc=7,lacTac=36017,pscPci=268,sig1=42,sig2=34,sig1_dbm=-316,sig1_dbm=-30,ta=268435455,ext1(rssnr)=268435455,ext2(cqi)=268435455
D/RIL     (  486): RIL_CELL_INFO_TYPE_WCDMA act=2
D/RILC    (  486): RequestComplete, RIL_SOCKET_2
E/RILC    (  486): Send Response to RIL_SOCKET_2
I/RILC-MTK(  486): RIL_CMD2_PROXY_2 sleep
D/RILJ    (  946): [4045]< RIL_REQUEST_GET_CELL_INFO_LIST [CellInfoWcdma:{mRegistered=YES mTimeStampType=oem_ril mTimeStamp=1773654000000ns CellIdentityWcdma:{ mMcc=404 mMnc=7 mLac=36017 mCid=39417824 mPsc=268} CellSignalStrengthWcdma: ss=42 ber=34}, CellInfoWcdma:{mRegistered=NO mTimeStampType=oem_ril mTimeStamp=1773654000000ns CellIdentityWcdma:{ mMcc=404 mMnc=7 mLac=36017 mCid=39417824 mPsc=268} CellSignalStrengthWcdma: ss=42 ber=34}] [SUB1]
D/GsmSST  (  946): [GsmSST] SST.getAllCellInfo(): X size=2 list=[CellInfoWcdma:{mRegistered=YES mTimeStampType=oem_ril mTimeStamp=1773654000000ns CellIdentityWcdma:{ mMcc=404 mMnc=7 mLac=36017 mCid=39417824 mPsc=268} CellSignalStrengthWcdma: ss=42 ber=34}, CellInfoWcdma:{mRegistered=NO mTimeStampType=oem_ril mTimeStamp=1773654000000ns CellIdentityWcdma:{ mMcc=404 mMnc=7 mLac=36017 mCid=39417824 mPsc=268} CellSignalStrengthWcdma: ss=42 ber=34}]
D/GsmSST  (  946): [GsmSST] getCellLocation(): X ret WCDMA info=[36017,39417824,268]
D/PhoneFactory(  946): getPhone:- phoneId != DEFAULT_PHONE_ID return sProxyPhones[phoneId] phoneId=1 phone=Handler (com.android.internal.telephony.PhoneProxy) {22a972a8}
D/TelephonyManager( 1303): getSimOperatorNumeric(): default subId=5
D/TelephonyManager( 1303): getTelephonyProperty: return propVal='40449' phoneId=1 property='gsm.sim.operator.numeric' defaultVal='' prop=,40449
D/PhoneFactory(  946): getPhone:- phoneId != DEFAULT_PHONE_ID return sProxyPhones[phoneId] phoneId=1 phone=Handler (com.android.internal.telephony.PhoneProxy) {22a972a8}
D/TelephonyManager( 1303): getTelephonyProperty: return propVal='null' phoneId=1 property='gsm.operator.numeric' defaultVal='' prop=,
D/RILJ    (  946): [4046]> REQUEST_GET_NEIGHBORING_CELL_IDS [SUB0]
D/RILC    (  486): SOCKET RIL_SOCKET_1 REQUEST: GET_NEIGHBORING_CELL_IDS length:8
I/RILC-MTK(  486): create request 75
D/RILC-MTK(  486): GET_NEIGHBORING_CELL_IDS dispatched to RIL_URC_PROXY
I/RILC-MTK(  486): RIL_CMD2_PROXY_4 wakeup
I/RILC-MTK(  486): RIL_CMD2_PROXY_2 wakeup
I/RILC-MTK(  486): RIL_CMD2_PROXY_4 sleep
I/RILC-MTK(  486): RIL_CMD_PROXY_1 wakeup
I/RILC-MTK(  486): RIL_ATCI2_PROXY wakeup
I/RILC-MTK(  486): RIL_CMD_PROXY_1 sleep
I/RILC-MTK(  486): RIL_ATCI2_PROXY sleep
I/RILC-MTK(  486): RIL_ATCI_PROXY wakeup
I/RILC-MTK(  486): RIL_CMD_PROXY_3 wakeup
I/RILC-MTK(  486): RIL_ATCI_PROXY sleep
I/RILC-MTK(  486): RIL_CMD_PROXY_2 wakeup
I/RILC-MTK(  486): RIL_URC2_PROXY wakeup
I/RILC-MTK(  486): RIL_CMD_PROXY_2 sleep
I/RILC-MTK(  486): RIL_URC_PROXY wakeup
I/RILC-MTK(  486): RIL_CMD2_PROXY_2 sleep
I/RILC-MTK(  486): RIL_CMD2_PROXY_3 wakeup
I/RILC-MTK(  486): RIL_CMD_PROXY_3 sleep
I/RILC-MTK(  486): RIL_CMD_PROXY_4 wakeup
D/RILC-MTK(  486): GET_NEIGHBORING_CELL_IDS execute on RIL_URC_PROXY using channel 0
I/RILC-MTK(  486): RIL_URC2_PROXY sleep
D/RILC    (  486): callOnRequest for new vendor ril
D/RIL     (  486): onRequest: GET_NEIGHBORING_CELL_IDS, datalen = 0
I/RILC-MTK(  486): RIL_CMD2_PROXY_3 sleep
D/RIL     (  486): radioState:10
I/RILC-MTK(  486): RIL_CMD_PROXY_4 sleep
D/AT      (  486): AT send on RIL_URC_READER, tid:3086174936
D/AT      (  486): AT> AT+ENBR
D/AT      (  486): AT+ENBR
I/RILC-MTK(  486): RIL_CMD2_PROXY_1 wakeup
I/RILC-MTK(  486): RIL_CMD2_PROXY_1 sleep
D/AT      (  486): 
D/AT      (  486): OK
D/AT      (  486): AT< OK
D/AT      (  486): RIL_URC_READER:OK
D/AT      (  486): RIL_URC_READER Enter processLine
D/AT      (  486): response received on RIL_URC_READER, tid:3086174936
D/RILC    (  486): RequestComplete, RIL_SOCKET_1
E/RILC    (  486): Send Response to RIL_SOCKET_1
I/RILC-MTK(  486): RIL_URC_PROXY sleep
D/SubscriptionController(  946): [getSubId]- numSubIds == 0, return DummySubIds slotIdx=0
D/SubscriptionController(  946): getDummySubIds: slotIdx=0 return 2 DummySubIds with each subId=-2
D/SubscriptionController(  946): [getPhoneId]- invalid subId return=-1
D/PhoneFactory(  946): getPhone:- phoneId != DEFAULT_PHONE_ID return sProxyPhones[phoneId] phoneId=-1 phone=null
D/RILJ    (  946): [4046]< REQUEST_GET_NEIGHBORING_CELL_IDS   [SUB0]
D/RILJ    (  946): [4047]> RIL_REQUEST_GET_CELL_INFO_LIST [SUB0]
D/RILC    (  486): SOCKET RIL_SOCKET_1 REQUEST: GET_CELL_INFO_LIST length:8
I/RILC-MTK(  486): create request 109
D/RILC-MTK(  486): GET_CELL_INFO_LIST dispatched to RIL_CMD_PROXY_2
I/RILC-MTK(  486): RIL_CMD_PROXY_4 wakeup
I/RILC-MTK(  486): RIL_CMD_PROXY_3 wakeup
I/RILC-MTK(  486): RIL_ATCI2_PROXY wakeup
I/RILC-MTK(  486): RIL_CMD_PROXY_4 sleep
I/RILC-MTK(  486): RIL_CMD_PROXY_1 wakeup
I/RILC-MTK(  486): RIL_CMD2_PROXY_1 wakeup
I/RILC-MTK(  486): RIL_ATCI_PROXY wakeup
I/RILC-MTK(  486): RIL_CMD_PROXY_1 sleep
I/RILC-MTK(  486): RIL_ATCI_PROXY sleep
I/RILC-MTK(  486): RIL_URC2_PROXY wakeup
I/RILC-MTK(  486): RIL_CMD2_PROXY_2 wakeup
I/RILC-MTK(  486): RIL_URC2_PROXY sleep
I/RILC-MTK(  486): RIL_URC_PROXY wakeup
I/RILC-MTK(  486): RIL_CMD2_PROXY_1 sleep
I/RILC-MTK(  486): RIL_CMD_PROXY_3 sleep
I/RILC-MTK(  486): RIL_CMD_PROXY_2 wakeup
I/RILC-MTK(  486): RIL_ATCI2_PROXY sleep
I/RILC-MTK(  486): RIL_URC_PROXY sleep
I/RILC-MTK(  486): RIL_CMD2_PROXY_3 wakeup
I/RILC-MTK(  486): RIL_CMD2_PROXY_4 wakeup
I/RILC-MTK(  486): RIL_CMD2_PROXY_2 sleep
I/RILC-MTK(  486): RIL_CMD2_PROXY_3 sleep
D/RILC-MTK(  486): GET_CELL_INFO_LIST execute on RIL_CMD_PROXY_2 using channel 2
D/RILC    (  486): callOnRequest for new vendor ril
D/RIL     (  486): onRequest: GET_CELL_INFO_LIST, datalen = 0
D/RIL     (  486): radioState:10
D/AT      (  486): AT send on RIL_CMD_READER_2, tid:3086176104
D/AT      (  486): AT> AT+ECELL
D/AT      (  486): AT+ECELL
I/RILC-MTK(  486): RIL_CMD2_PROXY_4 sleep
D/AT      (  486): 
D/AT      (  486): +ECELL: 0
D/AT      (  486): AT< +ECELL: 0
D/AT      (  486): RIL_CMD_READER_2:+ECELL: 0
D/AT      (  486): RIL_CMD_READER_2 Enter processLine
D/AT      (  486): 
D/AT      (  486): OK
D/AT      (  486): AT< OK
D/AT      (  486): RIL_CMD_READER_2:OK
D/AT      (  486): RIL_CMD_READER_2 Enter processLine
D/AT      (  486): response received on RIL_CMD_READER_2, tid:3086176104
D/RIL     (  486): No cell info listed, num=0
E/RIL     (  486): requestGetCellInfoList must never return error when radio is on
D/RILC    (  486): RequestComplete, RIL_SOCKET_1
E/RILC    (  486): Send Response to RIL_SOCKET_1
I/RILC-MTK(  486): RIL_CMD_PROXY_2 sleep
D/RilRequest(  946): [4047]< RIL_REQUEST_GET_CELL_INFO_LIST error: com.android.internal.telephony.CommandException: GENERIC_FAILURE ret=
D/GsmSST  (  946): [GsmSST] EVENT_GET_CELL_INFO_LIST: error ret null, e=com.android.internal.telephony.CommandException: GENERIC_FAILURE
D/GsmSST  (  946): [GsmSST] SST.getAllCellInfo(): X size=0 list=null
D/PhoneFactory(  946): getPhone:- phoneId != DEFAULT_PHONE_ID return sProxyPhones[phoneId] phoneId=1 phone=Handler (com.android.internal.telephony.PhoneProxy) {22a972a8}
D/GsmSST  (  946): [GsmSST] SST.getAllCellInfo(): return last, back to back calls
D/GsmSST  (  946): [GsmSST] SST.getAllCellInfo(): X size=2 list=[CellInfoWcdma:{mRegistered=YES mTimeStampType=oem_ril mTimeStamp=1773654000000ns CellIdentityWcdma:{ mMcc=404 mMnc=7 mLac=36017 mCid=39417824 mPsc=268} CellSignalStrengthWcdma: ss=42 ber=34}, CellInfoWcdma:{mRegistered=NO mTimeStampType=oem_ril mTimeStamp=1773654000000ns CellIdentityWcdma:{ mMcc=404 mMnc=7 mLac=36017 mCid=39417824 mPsc=268} CellSignalStrengthWcdma: ss=42 ber=34}]
D/GsmSST  (  946): [GsmSST] getCellLocation(): X ret WCDMA info=[36017,39417824,268]
D/PhoneFactory(  946): getPhone:- phoneId != DEFAULT_PHONE_ID return sProxyPhones[phoneId] phoneId=1 phone=Handler (com.android.internal.telephony.PhoneProxy) {22a972a8}
D/TelephonyManager( 1303): getTelephonyProperty: return propVal='in' phoneId=1 property='gsm.sim.operator.iso-country' defaultVal='' prop=,in
D/TelephonyManager( 1303): getTelephonyProperty: return propVal='null' phoneId=1 property='gsm.operator.iso-country' defaultVal='' prop=,
D/AT      (  486): 
D/AT      (  486): +ECSQ: 22, 99, -244, -283, -37
D/AT      (  486): AT< +ECSQ: 22, 99, -244, -283, -37
D/AT      (  486): RIL_URC2_READER:+ECSQ: 22, 99, -244, -283, -37
D/AT      (  486): RIL_URC2_READER Enter processLine
D/RIL     (  486): Nw URC:+ECSQ: 22, 99, -244, -283, -37
D/RIL     (  486): Reset rssi value to meet GSM signal level: 12
D/RILC    (  486): callForRilVersion new vendor RIL, version: 0
I/RILC    (  486): RIL_SOCKET_2 UNSOLICITED: UNSOL_SIGNAL_STRENGTH length:56
E/RILC    (  486): Send Response to RIL_SOCKET_2
D/DefaultPhoneNotifier(  946): notifySignalStrength: mRegistry=com.android.internal.telephony.ITelephonyRegistry$Stub$Proxy@10f11843 ss=SignalStrength: 12 99 -120 -160 -120 0 -1 99 2147483647 2147483647 2147483647 2147483647 gsm|lte sender=Handler (com.android.internal.telephony.gsm.GSMPhone) {390531c1}
D/AT      (  486): 
D/AT      (  486): +ECSQ: 26, 99, -252, -278, -23
D/AT      (  486): AT< +ECSQ: 26, 99, -252, -278, -23
D/AT      (  486): RIL_URC2_READER:+ECSQ: 26, 99, -252, -278, -23
D/AT      (  486): RIL_URC2_READER Enter processLine
D/RIL     (  486): Nw URC:+ECSQ: 26, 99, -252, -278, -23
D/RIL     (  486): Reset rssi value to meet GSM signal level: 12
D/RILC    (  486): callForRilVersion new vendor RIL, version: 0
I/RILC    (  486): RIL_SOCKET_2 UNSOLICITED: UNSOL_SIGNAL_STRENGTH length:56
E/RILC    (  486): Send Response to RIL_SOCKET_2
D/DefaultPhoneNotifier(  946): notifySignalStrength: mRegistry=com.android.internal.telephony.ITelephonyRegistry$Stub$Proxy@10f11843 ss=SignalStrength: 12 99 -120 -160 -120 0 -1 99 2147483647 2147483647 2147483647 2147483647 gsm|lte sender=Handler (com.android.internal.telephony.gsm.GSMPhone) {390531c1}
D/AT      (  486): 
D/AT      (  486): +ECSQ: 25, 99, -256, -282, -24
D/AT      (  486): AT< +ECSQ: 25, 99, -256, -282, -24
D/AT      (  486): RIL_URC2_READER:+ECSQ: 25, 99, -256, -282, -24
D/AT      (  486): RIL_URC2_READER Enter processLine
D/RIL     (  486): Nw URC:+ECSQ: 25, 99, -256, -282, -24
D/RIL     (  486): Reset rssi value to meet GSM signal level: 12
D/RILC    (  486): callForRilVersion new vendor RIL, version: 0
I/RILC    (  486): RIL_SOCKET_2 UNSOLICITED: UNSOL_SIGNAL_STRENGTH length:56
E/RILC    (  486): Send Response to RIL_SOCKET_2
D/DefaultPhoneNotifier(  946): notifySignalStrength: mRegistry=com.android.internal.telephony.ITelephonyRegistry$Stub$Proxy@10f11843 ss=SignalStrength: 12 99 -120 -160 -120 0 -1 99 2147483647 2147483647 2147483647 2147483647 gsm|lte sender=Handler (com.android.internal.telephony.gsm.GSMPhone) {390531c1}
D/AT      (  486): 
D/AT      (  486): +ECSQ: 25, 99, -252, -280, -26
D/AT      (  486): AT< +ECSQ: 25, 99, -252, -280, -26
D/AT      (  486): RIL_URC2_READER:+ECSQ: 25, 99, -252, -280, -26
D/AT      (  486): RIL_URC2_READER Enter processLine
D/RIL     (  486): Nw URC:+ECSQ: 25, 99, -252, -280, -26
D/RIL     (  486): Reset rssi value to meet GSM signal level: 12
D/RILC    (  486): callForRilVersion new vendor RIL, version: 0
I/RILC    (  486): RIL_SOCKET_2 UNSOLICITED: UNSOL_SIGNAL_STRENGTH length:56
E/RILC    (  486): Send Response to RIL_SOCKET_2
D/DefaultPhoneNotifier(  946): notifySignalStrength: mRegistry=com.android.internal.telephony.ITelephonyRegistry$Stub$Proxy@10f11843 ss=SignalStrength: 12 99 -120 -160 -120 0 -1 99 2147483647 2147483647 2147483647 2147483647 gsm|lte sender=Handler (com.android.internal.telephony.gsm.GSMPhone) {390531c1}
D/AT      (  486): 
D/AT      (  486): +ECSQ: 23, 99, -248, -283, -35
D/AT      (  486): AT< +ECSQ: 23, 99, -248, -283, -35
D/AT      (  486): RIL_URC2_READER:+ECSQ: 23, 99, -248, -283, -35
D/AT      (  486): RIL_URC2_READER Enter processLine
D/RIL     (  486): Nw URC:+ECSQ: 23, 99, -248, -283, -35
D/RIL     (  486): Reset rssi value to meet GSM signal level: 12
D/RILC    (  486): callForRilVersion new vendor RIL, version: 0
I/RILC    (  486): RIL_SOCKET_2 UNSOLICITED: UNSOL_SIGNAL_STRENGTH length:56
E/RILC    (  486): Send Response to RIL_SOCKET_2
D/DefaultPhoneNotifier(  946): notifySignalStrength: mRegistry=com.android.internal.telephony.ITelephonyRegistry$Stub$Proxy@10f11843 ss=SignalStrength: 12 99 -120 -160 -120 0 -1 99 2147483647 2147483647 2147483647 2147483647 gsm|lte sender=Handler (com.android.internal.telephony.gsm.GSMPhone) {390531c1}
D/TelephonyManager( 1303): getTelephonyProperty: return propVal='null' phoneId=1 property='gsm.operator.numeric' defaultVal='' prop=,
D/AT      (  486): 
D/AT      (  486): +ECSQ: 25, 99, -256, -283, -24
D/AT      (  486): AT< +ECSQ: 25, 99, -256, -283, -24
D/AT      (  486): RIL_URC2_READER:+ECSQ: 25, 99, -256, -283, -24
D/AT      (  486): RIL_URC2_READER Enter processLine
D/RIL     (  486): Nw URC:+ECSQ: 25, 99, -256, -283, -24
D/RIL     (  486): Reset rssi value to meet GSM signal level: 12
D/RILC    (  486): callForRilVersion new vendor RIL, version: 0
I/RILC    (  486): RIL_SOCKET_2 UNSOLICITED: UNSOL_SIGNAL_STRENGTH length:56
E/RILC    (  486): Send Response to RIL_SOCKET_2
D/DefaultPhoneNotifier(  946): notifySignalStrength: mRegistry=com.android.internal.telephony.ITelephonyRegistry$Stub$Proxy@10f11843 ss=SignalStrength: 12 99 -120 -160 -120 0 -1 99 2147483647 2147483647 2147483647 2147483647 gsm|lte sender=Handler (com.android.internal.telephony.gsm.GSMPhone) {390531c1}
D/AT      (  486): 
D/AT      (  486): +ECSQ: 27, 99, -264, -285, -18
D/AT      (  486): AT< +ECSQ: 27, 99, -264, -285, -18
D/AT      (  486): RIL_URC2_READER:+ECSQ: 27, 99, -264, -285, -18
D/AT      (  486): RIL_URC2_READER Enter processLine
D/RIL     (  486): Nw URC:+ECSQ: 27, 99, -264, -285, -18
D/RIL     (  486): Reset rssi value to meet GSM signal level: 12
D/RILC    (  486): callForRilVersion new vendor RIL, version: 0
I/RILC    (  486): RIL_SOCKET_2 UNSOLICITED: UNSOL_SIGNAL_STRENGTH length:56
E/RILC    (  486): Send Response to RIL_SOCKET_2
D/DefaultPhoneNotifier(  946): notifySignalStrength: mRegistry=com.android.internal.telephony.ITelephonyRegistry$Stub$Proxy@10f11843 ss=SignalStrength: 12 99 -120 -160 -120 0 -1 99 2147483647 2147483647 2147483647 2147483647 gsm|lte sender=Handler (com.android.internal.telephony.gsm.GSMPhone) {390531c1}
D/AT      (  486): 
D/AT      (  486): +ECSQ: 25, 99, -260, -290, -27
D/AT      (  486): AT< +ECSQ: 25, 99, -260, -290, -27
D/AT      (  486): RIL_URC2_READER:+ECSQ: 25, 99, -260, -290, -27
D/AT      (  486): RIL_URC2_READER Enter processLine
D/RIL     (  486): Nw URC:+ECSQ: 25, 99, -260, -290, -27
D/RIL     (  486): Reset rssi value to meet GSM signal level: 12
D/RILC    (  486): callForRilVersion new vendor RIL, version: 0
I/RILC    (  486): RIL_SOCKET_2 UNSOLICITED: UNSOL_SIGNAL_STRENGTH length:56
E/RILC    (  486): Send Response to RIL_SOCKET_2
D/DefaultPhoneNotifier(  946): notifySignalStrength: mRegistry=com.android.internal.telephony.ITelephonyRegistry$Stub$Proxy@10f11843 ss=SignalStrength: 12 99 -120 -160 -120 0 -1 99 2147483647 2147483647 2147483647 2147483647 gsm|lte sender=Handler (com.android.internal.telephony.gsm.GSMPhone) {390531c1}
D/AT      (  486): 
D/AT      (  486): +ECSQ: 26, 99, -260, -286, -23
D/AT      (  486): AT< +ECSQ: 26, 99, -260, -286, -23
D/AT      (  486): RIL_URC2_READER:+ECSQ: 26, 99, -260, -286, -23
D/AT      (  486): RIL_URC2_READER Enter processLine
D/RIL     (  486): Nw URC:+ECSQ: 26, 99, -260, -286, -23
D/RIL     (  486): Reset rssi value to meet GSM signal level: 12
D/RILC    (  486): callForRilVersion new vendor RIL, version: 0
I/RILC    (  486): RIL_SOCKET_2 UNSOLICITED: UNSOL_SIGNAL_STRENGTH length:56
E/RILC    (  486): Send Response to RIL_SOCKET_2
D/DefaultPhoneNotifier(  946): notifySignalStrength: mRegistry=com.android.internal.telephony.ITelephonyRegistry$Stub$Proxy@10f11843 ss=SignalStrength: 12 99 -120 -160 -120 0 -1 99 2147483647 2147483647 2147483647 2147483647 gsm|lte sender=Handler (com.android.internal.telephony.gsm.GSMPhone) {390531c1}
D/AT      (  486): 
D/AT      (  486): +ECSQ: 27, 99, -256, -275, -19
D/AT      (  486): AT< +ECSQ: 27, 99, -256, -275, -19
D/AT      (  486): RIL_URC2_READER:+ECSQ: 27, 99, -256, -275, -19
D/AT      (  486): RIL_URC2_READER Enter processLine
D/RIL     (  486): Nw URC:+ECSQ: 27, 99, -256, -275, -19
D/RIL     (  486): Reset rssi value to meet GSM signal level: 12
D/RILC    (  486): callForRilVersion new vendor RIL, version: 0
I/RILC    (  486): RIL_SOCKET_2 UNSOLICITED: UNSOL_SIGNAL_STRENGTH length:56
E/RILC    (  486): Send Response to RIL_SOCKET_2
D/DefaultPhoneNotifier(  946): notifySignalStrength: mRegistry=com.android.internal.telephony.ITelephonyRegistry$Stub$Proxy@10f11843 ss=SignalStrength: 12 99 -120 -160 -120 0 -1 99 2147483647 2147483647 2147483647 2147483647 gsm|lte sender=Handler (com.android.internal.telephony.gsm.GSMPhone) {390531c1}
D/AT      (  486): 
D/AT      (  486): +ECSQ: 27, 99, -256, -276, -18
D/AT      (  486): AT< +ECSQ: 27, 99, -256, -276, -18
D/AT      (  486): RIL_URC2_READER:+ECSQ: 27, 99, -256, -276, -18
D/AT      (  486): RIL_URC2_READER Enter processLine
D/RIL     (  486): Nw URC:+ECSQ: 27, 99, -256, -276, -18
D/RIL     (  486): Reset rssi value to meet GSM signal level: 12
D/RILC    (  486): callForRilVersion new vendor RIL, version: 0
I/RILC    (  486): RIL_SOCKET_2 UNSOLICITED: UNSOL_SIGNAL_STRENGTH length:56
E/RILC    (  486): Send Response to RIL_SOCKET_2
D/DefaultPhoneNotifier(  946): notifySignalStrength: mRegistry=com.android.internal.telephony.ITelephonyRegistry$Stub$Proxy@10f11843 ss=SignalStrength: 12 99 -120 -160 -120 0 -1 99 2147483647 2147483647 2147483647 2147483647 gsm|lte sender=Handler (com.android.internal.telephony.gsm.GSMPhone) {390531c1}
D/AT      (  486): 
D/AT      (  486): +ECSQ: 26, 99, -252, -277, -22
D/AT      (  486): AT< +ECSQ: 26, 99, -252, -277, -22
D/AT      (  486): RIL_URC2_READER:+ECSQ: 26, 99, -252, -277, -22
D/AT      (  486): RIL_URC2_READER Enter processLine
D/RIL     (  486): Nw URC:+ECSQ: 26, 99, -252, -277, -22
D/RIL     (  486): Reset rssi value to meet GSM signal level: 12
D/RILC    (  486): callForRilVersion new vendor RIL, version: 0
I/RILC    (  486): RIL_SOCKET_2 UNSOLICITED: UNSOL_SIGNAL_STRENGTH length:56
E/RILC    (  486): Send Response to RIL_SOCKET_2
D/DefaultPhoneNotifier(  946): notifySignalStrength: mRegistry=com.android.internal.telephony.ITelephonyRegistry$Stub$Proxy@10f11843 ss=SignalStrength: 12 99 -120 -160 -120 0 -1 99 2147483647 2147483647 2147483647 2147483647 gsm|lte sender=Handler (com.android.internal.telephony.gsm.GSMPhone) {390531c1}
D/AT      (  486): 
D/AT      (  486): +ECSQ: 27, 99, -244, -266, -19
D/AT      (  486): AT< +ECSQ: 27, 99, -244, -266, -19
D/AT      (  486): RIL_URC2_READER:+ECSQ: 27, 99, -244, -266, -19
D/AT      (  486): RIL_URC2_READER Enter processLine
D/RIL     (  486): Nw URC:+ECSQ: 27, 99, -244, -266, -19
D/RIL     (  486): Reset rssi value to meet GSM signal level: 12
D/RILC    (  486): callForRilVersion new vendor RIL, version: 0
I/RILC    (  486): RIL_SOCKET_2 UNSOLICITED: UNSOL_SIGNAL_STRENGTH length:56
E/RILC    (  486): Send Response to RIL_SOCKET_2
D/DefaultPhoneNotifier(  946): notifySignalStrength: mRegistry=com.android.internal.telephony.ITelephonyRegistry$Stub$Proxy@10f11843 ss=SignalStrength: 12 99 -120 -160 -120 0 -1 99 2147483647 2147483647 2147483647 2147483647 gsm|lte sender=Handler (com.android.internal.telephony.gsm.GSMPhone) {390531c1}
D/AT      (  486): 
D/AT      (  486): +ECSQ: 25, 99, -248, -275, -24
D/AT      (  486): AT< +ECSQ: 25, 99, -248, -275, -24
D/AT      (  486): RIL_URC2_READER:+ECSQ: 25, 99, -248, -275, -24
D/AT      (  486): RIL_URC2_READER Enter processLine
D/RIL     (  486): Nw URC:+ECSQ: 25, 99, -248, -275, -24
D/RIL     (  486): Reset rssi value to meet GSM signal level: 12
D/RILC    (  486): callForRilVersion new vendor RIL, version: 0
I/RILC    (  486): RIL_SOCKET_2 UNSOLICITED: UNSOL_SIGNAL_STRENGTH length:56
E/RILC    (  486): Send Response to RIL_SOCKET_2
D/DefaultPhoneNotifier(  946): notifySignalStrength: mRegistry=com.android.internal.telephony.ITelephonyRegistry$Stub$Proxy@10f11843 ss=SignalStrength: 12 99 -120 -160 -120 0 -1 99 2147483647 2147483647 2147483647 2147483647 gsm|lte sender=Handler (com.android.internal.telephony.gsm.GSMPhone) {390531c1}
D/AT      (  486): 
D/AT      (  486): +ECSQ: 26, 99, -252, -276, -22
D/AT      (  486): AT< +ECSQ: 26, 99, -252, -276, -22
D/AT      (  486): RIL_URC2_READER:+ECSQ: 26, 99, -252, -276, -22
D/AT      (  486): RIL_URC2_READER Enter processLine
D/RIL     (  486): Nw URC:+ECSQ: 26, 99, -252, -276, -22
D/RIL     (  486): Reset rssi value to meet GSM signal level: 12
D/RILC    (  486): callForRilVersion new vendor RIL, version: 0
I/RILC    (  486): RIL_SOCKET_2 UNSOLICITED: UNSOL_SIGNAL_STRENGTH length:56
E/RILC    (  486): Send Response to RIL_SOCKET_2
D/DefaultPhoneNotifier(  946): notifySignalStrength: mRegistry=com.android.internal.telephony.ITelephonyRegistry$Stub$Proxy@10f11843 ss=SignalStrength: 12 99 -120 -160 -120 0 -1 99 2147483647 2147483647 2147483647 2147483647 gsm|lte sender=Handler (com.android.internal.telephony.gsm.GSMPhone) {390531c1}
D/AT      (  486): 
D/AT      (  486): +ECSQ: 25, 99, -256, -286, -27
D/AT      (  486): AT< +ECSQ: 25, 99, -256, -286, -27
D/AT      (  486): RIL_URC2_READER:+ECSQ: 25, 99, -256, -286, -27
D/AT      (  486): RIL_URC2_READER Enter processLine
D/RIL     (  486): Nw URC:+ECSQ: 25, 99, -256, -286, -27
D/RIL     (  486): Reset rssi value to meet GSM signal level: 12
D/RILC    (  486): callForRilVersion new vendor RIL, version: 0
I/RILC    (  486): RIL_SOCKET_2 UNSOLICITED: UNSOL_SIGNAL_STRENGTH length:56
E/RILC    (  486): Send Response to RIL_SOCKET_2
D/DefaultPhoneNotifier(  946): notifySignalStrength: mRegistry=com.android.internal.telephony.ITelephonyRegistry$Stub$Proxy@10f11843 ss=SignalStrength: 12 99 -120 -160 -120 0 -1 99 2147483647 2147483647 2147483647 2147483647 gsm|lte sender=Handler (com.android.internal.telephony.gsm.GSMPhone) {390531c1}
D/AT      (  486): 
D/AT      (  486): +ECSQ: 27, 99, -252, -274, -19
D/AT      (  486): AT< +ECSQ: 27, 99, -252, -274, -19
D/AT      (  486): RIL_URC2_READER:+ECSQ: 27, 99, -252, -274, -19
D/AT      (  486): RIL_URC2_READER Enter processLine
D/RIL     (  486): Nw URC:+ECSQ: 27, 99, -252, -274, -19
D/RIL     (  486): Reset rssi value to meet GSM signal level: 12
D/RILC    (  486): callForRilVersion new vendor RIL, version: 0
I/RILC    (  486): RIL_SOCKET_2 UNSOLICITED: UNSOL_SIGNAL_STRENGTH length:56
E/RILC    (  486): Send Response to RIL_SOCKET_2
D/DefaultPhoneNotifier(  946): notifySignalStrength: mRegistry=com.android.internal.telephony.ITelephonyRegistry$Stub$Proxy@10f11843 ss=SignalStrength: 12 99 -120 -160 -120 0 -1 99 2147483647 2147483647 2147483647 2147483647 gsm|lte sender=Handler (com.android.internal.telephony.gsm.GSMPhone) {390531c1}
D/AT      (  486): 
D/AT      (  486): +ECSQ: 26, 99, -260, -283, -23
D/AT      (  486): AT< +ECSQ: 26, 99, -260, -283, -23
D/AT      (  486): RIL_URC2_READER:+ECSQ: 26, 99, -260, -283, -23
D/AT      (  486): RIL_URC2_READER Enter processLine
D/RIL     (  486): Nw URC:+ECSQ: 26, 99, -260, -283, -23
D/RIL     (  486): Reset rssi value to meet GSM signal level: 12
D/RILC    (  486): callForRilVersion new vendor RIL, version: 0
I/RILC    (  486): RIL_SOCKET_2 UNSOLICITED: UNSOL_SIGNAL_STRENGTH length:56
E/RILC    (  486): Send Response to RIL_SOCKET_2
D/DefaultPhoneNotifier(  946): notifySignalStrength: mRegistry=com.android.internal.telephony.ITelephonyRegistry$Stub$Proxy@10f11843 ss=SignalStrength: 12 99 -120 -160 -120 0 -1 99 2147483647 2147483647 2147483647 2147483647 gsm|lte sender=Handler (com.android.internal.telephony.gsm.GSMPhone) {390531c1}
D/AT      (  486): 
D/AT      (  486): +ECSQ: 26, 99, -256, -278, -21
D/AT      (  486): AT< +ECSQ: 26, 99, -256, -278, -21
D/AT      (  486): RIL_URC2_READER:+ECSQ: 26, 99, -256, -278, -21
D/AT      (  486): RIL_URC2_READER Enter processLine
D/RIL     (  486): Nw URC:+ECSQ: 26, 99, -256, -278, -21
D/RIL     (  486): Reset rssi value to meet GSM signal level: 12
D/RILC    (  486): callForRilVersion new vendor RIL, version: 0
I/RILC    (  486): RIL_SOCKET_2 UNSOLICITED: UNSOL_SIGNAL_STRENGTH length:56
E/RILC    (  486): Send Response to RIL_SOCKET_2
D/DefaultPhoneNotifier(  946): notifySignalStrength: mRegistry=com.android.internal.telephony.ITelephonyRegistry$Stub$Proxy@10f11843 ss=SignalStrength: 12 99 -120 -160 -120 0 -1 99 2147483647 2147483647 2147483647 2147483647 gsm|lte sender=Handler (com.android.internal.telephony.gsm.GSMPhone) {390531c1}
D/AT      (  486): 
D/AT      (  486): +ECSQ: 26, 99, -260, -283, -22
D/AT      (  486): AT< +ECSQ: 26, 99, -260, -283, -22
D/AT      (  486): RIL_URC2_READER:+ECSQ: 26, 99, -260, -283, -22
D/AT      (  486): RIL_URC2_READER Enter processLine
D/RIL     (  486): Nw URC:+ECSQ: 26, 99, -260, -283, -22
D/RIL     (  486): Reset rssi value to meet GSM signal level: 12
D/RILC    (  486): callForRilVersion new vendor RIL, version: 0
I/RILC    (  486): RIL_SOCKET_2 UNSOLICITED: UNSOL_SIGNAL_STRENGTH length:56
E/RILC    (  486): Send Response to RIL_SOCKET_2
D/DefaultPhoneNotifier(  946): notifySignalStrength: mRegistry=com.android.internal.telephony.ITelephonyRegistry$Stub$Proxy@10f11843 ss=SignalStrength: 12 99 -120 -160 -120 0 -1 99 2147483647 2147483647 2147483647 2147483647 gsm|lte sender=Handler (com.android.internal.telephony.gsm.GSMPhone) {390531c1}
D/AT      (  486): 
D/AT      (  486): +ECSQ: 26, 99, -256, -280, -22
D/AT      (  486): AT< +ECSQ: 26, 99, -256, -280, -22
